[12:08:48][W][pdx_gui_factory.cpp:1297]: gui/hud_notification_templates.gui:1843 - Type 'notifications_message_feed' already registered at 'gui/clear_notifications.gui'(4)

[12:08:50][W][pdx_gui_factory.cpp:1297]: gui/DI_cultural_editor_templates/DI_innovation_types.gui:3 - Type 'DI_innovation_flowcontainer' already registered at 'gui/DI_cultural_editor_templates/DI_innovation_main.gui'(13)

[12:08:51][W][pdx_gui_factory.cpp:1297]: gui/shared/buttons_icons.gui:388 - Type 'button_feudalize_holding' already registered at 'gui/shared/agot_buttons_icons.gui'(53)

[12:08:51][W][pdx_gui_factory.cpp:1297]: gui/shared/interaction_declare_war.gui:877 - Type 'declare_war_cost' already registered at 'gui/interaction_declare_war.gui'(916)

[12:08:51][W][pdx_gui_factory.cpp:1297]: gui/shared/interaction_declare_war.gui:990 - Type 'widget_progressbar_declare_war' already registered at 'gui/interaction_declare_war.gui'(1029)

[12:08:51][W][pdx_gui_factory.cpp:1297]: gui/shared/interaction_declare_war.gui:1036 - Type 'declare_war_progressbar' already registered at 'gui/interaction_declare_war.gui'(1075)

[12:08:51][W][pdx_gui_factory.cpp:1297]: gui/shared/interaction_declare_war.gui:1087 - Type 'declare_war_character_portrait' already registered at 'gui/interaction_declare_war.gui'(1126)

[12:08:51][W][pdx_gui_factory.cpp:1297]: gui/shared/interaction_declare_war.gui:1135 - Type 'declare_war_casus_belli_item' already registered at 'gui/interaction_declare_war.gui'(1174)

[12:08:51][W][pdx_gui_factory.cpp:1297]: gui/shared/interaction_declare_war.gui:1169 - Type 'character_gold' already registered at 'gui/interaction_declare_war.gui'(1208)

[12:08:59][W][pdx_gui_factory.cpp:731]: gui/DI_title_manager_templates/DI_title_manager_building_list_template.gui:58 - Could not find template 'tooltip_w'

[12:08:59][W][pdx_gui_factory.cpp:731]: gui/DI_title_manager_templates/DI_title_manager_building_list_template.gui:78 - Could not find template 'tooltip_w'

[12:08:59][W][pdx_gui_factory.cpp:731]: gui/DI_title_manager_templates/DI_title_manager_building_list_template.gui:98 - Could not find template 'tooltip_w'

[12:08:59][W][pdx_gui_factory.cpp:731]: gui/DI_title_manager_templates/DI_title_manager_building_list_template.gui:118 - Could not find template 'tooltip_w'

[12:08:59][W][pdx_gui_factory.cpp:731]: gui/DI_title_manager_templates/DI_title_manager_building_list_template.gui:138 - Could not find template 'tooltip_w'

[12:08:59][W][pdx_gui_factory.cpp:731]: gui/DI_title_manager_templates/DI_title_manager_building_list_template.gui:158 - Could not find template 'tooltip_w'

[12:08:59][W][pdx_gui_factory.cpp:731]: gui/DI_title_manager_templates/DI_title_manager_building_list_template.gui:178 - Could not find template 'tooltip_w'

[12:08:59][W][pdx_gui_factory.cpp:731]: gui/DI_title_manager_templates/DI_title_manager_building_list_template.gui:198 - Could not find template 'tooltip_w'

[12:08:59][W][pdx_gui_factory.cpp:731]: gui/DI_title_manager_templates/DI_title_manager_building_list_template.gui:265 - Could not find template 'tooltip_w'

[12:08:59][W][pdx_gui_factory.cpp:731]: gui/DI_title_manager_templates/DI_title_manager_building_list_template.gui:285 - Could not find template 'tooltip_w'

[12:08:59][W][pdx_gui_factory.cpp:731]: gui/DI_title_manager_templates/DI_title_manager_building_list_template.gui:352 - Could not find template 'tooltip_w'

[12:08:59][W][pdx_gui_factory.cpp:731]: gui/DI_title_manager_templates/DI_title_manager_building_list_template.gui:419 - Could not find template 'tooltip_w'

[12:08:59][W][pdx_gui_factory.cpp:731]: gui/DI_title_manager_templates/DI_title_manager_building_list_template.gui:439 - Could not find template 'tooltip_w'

[12:08:59][W][pdx_gui_factory.cpp:731]: gui/DI_title_manager_templates/DI_title_manager_building_list_template.gui:459 - Could not find template 'tooltip_w'

[12:08:59][W][pdx_gui_factory.cpp:731]: gui/DI_title_manager_templates/DI_title_manager_building_list_template.gui:479 - Could not find template 'tooltip_w'

[12:08:59][W][pdx_gui_factory.cpp:731]: gui/DI_title_manager_templates/DI_title_manager_building_list_template.gui:499 - Could not find template 'tooltip_w'

[12:08:59][W][pdx_gui_factory.cpp:731]: gui/DI_title_manager_templates/DI_title_manager_building_list_template.gui:519 - Could not find template 'tooltip_w'

[12:08:59][W][pdx_gui_factory.cpp:731]: gui/DI_title_manager_templates/DI_title_manager_building_list_template.gui:539 - Could not find template 'tooltip_w'

[12:08:59][W][pdx_gui_factory.cpp:731]: gui/DI_title_manager_templates/DI_title_manager_building_list_template.gui:559 - Could not find template 'tooltip_w'

[12:08:59][W][pdx_gui_factory.cpp:731]: gui/DI_title_manager_templates/DI_title_manager_building_list_template.gui:579 - Could not find template 'tooltip_w'

[12:08:59][W][pdx_gui_factory.cpp:731]: gui/DI_title_manager_templates/DI_title_manager_building_list_template.gui:599 - Could not find template 'tooltip_w'

[12:08:59][W][pdx_gui_factory.cpp:731]: gui/DI_title_manager_templates/DI_title_manager_building_list_template.gui:666 - Could not find template 'tooltip_w'

[12:08:59][W][pdx_gui_factory.cpp:731]: gui/DI_title_manager_templates/DI_title_manager_building_list_template.gui:733 - Could not find template 'tooltip_w'

[12:08:59][W][pdx_gui_factory.cpp:731]: gui/DI_title_manager_templates/DI_title_manager_building_list_template.gui:800 - Could not find template 'tooltip_w'

[12:08:59][W][pdx_gui_factory.cpp:731]: gui/DI_title_manager_templates/DI_title_manager_building_list_template.gui:867 - Could not find template 'tooltip_w'

[12:08:59][W][pdx_gui_factory.cpp:731]: gui/DI_title_manager_templates/DI_title_manager_building_list_template.gui:887 - Could not find template 'tooltip_w'

[12:08:59][W][pdx_gui_factory.cpp:731]: gui/DI_title_manager_templates/DI_title_manager_building_list_template.gui:907 - Could not find template 'tooltip_w'

[12:08:59][W][pdx_gui_factory.cpp:731]: gui/DI_title_manager_templates/DI_title_manager_building_list_template.gui:927 - Could not find template 'tooltip_w'

[12:08:59][W][pdx_gui_factory.cpp:731]: gui/DI_title_manager_templates/DI_title_manager_building_list_template.gui:947 - Could not find template 'tooltip_w'

[12:08:59][W][pdx_gui_factory.cpp:731]: gui/DI_title_manager_templates/DI_title_manager_building_list_template.gui:967 - Could not find template 'tooltip_w'

[12:08:59][W][pdx_gui_factory.cpp:731]: gui/DI_title_manager_templates/DI_title_manager_building_list_template.gui:987 - Could not find template 'tooltip_w'

[12:08:59][W][pdx_gui_factory.cpp:731]: gui/DI_title_manager_templates/DI_title_manager_building_list_template.gui:1054 - Could not find template 'tooltip_w'

[12:08:59][W][pdx_gui_factory.cpp:731]: gui/DI_title_manager_templates/DI_title_manager_building_list_template.gui:1074 - Could not find template 'tooltip_w'

[12:08:59][W][pdx_gui_factory.cpp:731]: gui/DI_title_manager_templates/DI_title_manager_building_list_template.gui:1094 - Could not find template 'tooltip_w'

[12:08:59][W][pdx_gui_factory.cpp:731]: gui/DI_title_manager_templates/DI_title_manager_building_list_template.gui:1114 - Could not find template 'tooltip_w'

[12:08:59][W][pdx_gui_factory.cpp:731]: gui/DI_title_manager_templates/DI_title_manager_building_list_template.gui:1134 - Could not find template 'tooltip_w'

[12:08:59][W][pdx_gui_factory.cpp:731]: gui/DI_title_manager_templates/DI_title_manager_building_list_template.gui:1154 - Could not find template 'tooltip_w'

[12:08:59][W][pdx_gui_factory.cpp:731]: gui/DI_title_manager_templates/DI_title_manager_building_list_template.gui:1174 - Could not find template 'tooltip_w'

[12:08:59][W][pdx_gui_factory.cpp:731]: gui/DI_title_manager_templates/DI_title_manager_building_list_template.gui:1194 - Could not find template 'tooltip_w'

[12:08:59][W][pdx_gui_factory.cpp:731]: gui/DI_title_manager_templates/DI_title_manager_building_list_template.gui:1214 - Could not find template 'tooltip_w'

[12:08:59][W][pdx_gui_factory.cpp:731]: gui/DI_title_manager_templates/DI_title_manager_building_list_template.gui:1234 - Could not find template 'tooltip_w'

[12:08:59][W][pdx_gui_factory.cpp:731]: gui/DI_title_manager_templates/DI_title_manager_building_list_template.gui:1301 - Could not find template 'tooltip_w'

[12:08:59][W][pdx_gui_factory.cpp:731]: gui/DI_title_manager_templates/DI_title_manager_building_list_template.gui:1321 - Could not find template 'tooltip_w'

[12:08:59][W][pdx_gui_factory.cpp:731]: gui/DI_title_manager_templates/DI_title_manager_building_list_template.gui:1341 - Could not find template 'tooltip_w'

[12:08:59][W][pdx_gui_factory.cpp:731]: gui/DI_title_manager_templates/DI_title_manager_building_list_template.gui:1361 - Could not find template 'tooltip_w'

[12:08:59][W][pdx_gui_factory.cpp:731]: gui/DI_title_manager_templates/DI_title_manager_building_list_template.gui:1381 - Could not find template 'tooltip_w'

[12:08:59][W][pdx_gui_factory.cpp:731]: gui/DI_title_manager_templates/DI_title_manager_building_list_template.gui:1401 - Could not find template 'tooltip_w'

[12:08:59][W][pdx_gui_factory.cpp:731]: gui/DI_title_manager_templates/DI_title_manager_building_list_template.gui:1421 - Could not find template 'tooltip_w'

[12:08:59][W][pdx_gui_factory.cpp:731]: gui/DI_title_manager_templates/DI_title_manager_building_list_template.gui:1441 - Could not find template 'tooltip_w'

[12:08:59][W][pdx_gui_factory.cpp:731]: gui/DI_title_manager_templates/DI_title_manager_building_list_template.gui:1461 - Could not find template 'tooltip_w'

[12:08:59][W][pdx_gui_factory.cpp:731]: gui/DI_title_manager_templates/DI_title_manager_building_list_template.gui:1481 - Could not find template 'tooltip_w'

[12:08:59][W][pdx_gui_factory.cpp:731]: gui/DI_title_manager_templates/DI_title_manager_building_list_template.gui:1548 - Could not find template 'tooltip_w'

[12:08:59][W][pdx_gui_factory.cpp:731]: gui/DI_title_manager_templates/DI_title_manager_building_list_template.gui:1568 - Could not find template 'tooltip_w'

[12:08:59][W][pdx_gui_factory.cpp:731]: gui/DI_title_manager_templates/DI_title_manager_building_list_template.gui:1588 - Could not find template 'tooltip_w'

[12:08:59][W][pdx_gui_factory.cpp:731]: gui/DI_title_manager_templates/DI_title_manager_building_list_template.gui:1608 - Could not find template 'tooltip_w'

[12:08:59][W][pdx_gui_factory.cpp:731]: gui/DI_title_manager_templates/DI_title_manager_building_list_template.gui:1628 - Could not find template 'tooltip_w'

[12:08:59][W][pdx_gui_factory.cpp:731]: gui/DI_title_manager_templates/DI_title_manager_building_list_template.gui:1695 - Could not find template 'tooltip_w'

[12:08:59][W][pdx_gui_factory.cpp:731]: gui/DI_title_manager_templates/DI_title_manager_building_list_template.gui:1762 - Could not find template 'tooltip_w'

[12:08:59][W][pdx_gui_factory.cpp:731]: gui/DI_title_manager_templates/DI_title_manager_building_list_template.gui:1829 - Could not find template 'tooltip_w'

[12:08:59][W][pdx_gui_factory.cpp:731]: gui/DI_title_manager_templates/DI_title_manager_building_list_template.gui:1896 - Could not find template 'tooltip_w'

[12:08:59][W][pdx_gui_factory.cpp:731]: gui/DI_title_manager_templates/DI_title_manager_building_list_template.gui:1963 - Could not find template 'tooltip_w'

[12:08:59][W][pdx_gui_factory.cpp:731]: gui/DI_title_manager_templates/DI_title_manager_building_list_template.gui:1983 - Could not find template 'tooltip_w'

[12:08:59][W][pdx_gui_factory.cpp:731]: gui/DI_title_manager_templates/DI_title_manager_building_list_template.gui:2003 - Could not find template 'tooltip_w'

[12:08:59][W][pdx_gui_factory.cpp:731]: gui/DI_title_manager_templates/DI_title_manager_building_list_template.gui:2023 - Could not find template 'tooltip_w'

[12:08:59][W][pdx_gui_factory.cpp:731]: gui/DI_title_manager_templates/DI_title_manager_building_list_template.gui:2043 - Could not find template 'tooltip_w'

[12:08:59][W][pdx_gui_factory.cpp:731]: gui/DI_title_manager_templates/DI_title_manager_building_list_template.gui:2063 - Could not find template 'tooltip_w'

[12:08:59][W][pdx_gui_factory.cpp:731]: gui/DI_title_manager_templates/DI_title_manager_building_list_template.gui:2083 - Could not find template 'tooltip_w'

[12:08:59][W][pdx_gui_factory.cpp:731]: gui/DI_title_manager_templates/DI_title_manager_building_list_template.gui:2103 - Could not find template 'tooltip_w'

[12:08:59][W][pdx_gui_factory.cpp:731]: gui/DI_title_manager_templates/DI_title_manager_building_list_template.gui:2123 - Could not find template 'tooltip_w'

[12:08:59][W][pdx_gui_factory.cpp:731]: gui/DI_title_manager_templates/DI_title_manager_building_list_template.gui:2190 - Could not find template 'tooltip_w'

[12:08:59][W][pdx_gui_factory.cpp:731]: gui/DI_title_manager_templates/DI_title_manager_building_list_template.gui:2257 - Could not find template 'tooltip_w'

[12:08:59][W][pdx_gui_factory.cpp:731]: gui/DI_title_manager_templates/DI_title_manager_building_list_template.gui:2324 - Could not find template 'tooltip_w'

[12:08:59][W][pdx_gui_factory.cpp:731]: gui/DI_title_manager_templates/DI_title_manager_building_list_template.gui:2344 - Could not find template 'tooltip_w'

[12:08:59][W][pdx_gui_factory.cpp:731]: gui/DI_title_manager_templates/DI_title_manager_building_list_template.gui:2364 - Could not find template 'tooltip_w'

[12:08:59][W][pdx_gui_factory.cpp:731]: gui/DI_title_manager_templates/DI_title_manager_building_list_template.gui:2384 - Could not find template 'tooltip_w'

[12:08:59][W][pdx_gui_factory.cpp:731]: gui/DI_title_manager_templates/DI_title_manager_building_list_template.gui:2404 - Could not find template 'tooltip_w'

[12:08:59][W][pdx_gui_factory.cpp:731]: gui/DI_title_manager_templates/DI_title_manager_building_list_template.gui:2424 - Could not find template 'tooltip_w'

[12:08:59][W][pdx_gui_factory.cpp:731]: gui/DI_title_manager_templates/DI_title_manager_building_list_template.gui:2444 - Could not find template 'tooltip_w'

[12:08:59][W][pdx_gui_factory.cpp:731]: gui/DI_title_manager_templates/DI_title_manager_building_list_template.gui:2464 - Could not find template 'tooltip_w'

[12:08:59][W][pdx_gui_factory.cpp:731]: gui/DI_title_manager_templates/DI_title_manager_building_list_template.gui:2484 - Could not find template 'tooltip_w'

[12:08:59][W][pdx_gui_factory.cpp:731]: gui/DI_title_manager_templates/DI_title_manager_building_list_template.gui:2504 - Could not find template 'tooltip_w'

[12:08:59][W][pdx_gui_factory.cpp:731]: gui/DI_title_manager_templates/DI_title_manager_building_list_template.gui:2524 - Could not find template 'tooltip_w'

[12:08:59][W][pdx_gui_factory.cpp:731]: gui/DI_title_manager_templates/DI_title_manager_building_list_template.gui:2544 - Could not find template 'tooltip_w'

[12:08:59][W][pdx_gui_factory.cpp:731]: gui/DI_title_manager_templates/DI_title_manager_building_list_template.gui:2564 - Could not find template 'tooltip_w'

[12:08:59][W][pdx_gui_factory.cpp:731]: gui/DI_title_manager_templates/DI_title_manager_building_list_template.gui:2584 - Could not find template 'tooltip_w'

[12:08:59][W][pdx_gui_factory.cpp:731]: gui/DI_title_manager_templates/DI_title_manager_building_list_template.gui:2604 - Could not find template 'tooltip_w'

[12:08:59][W][pdx_gui_factory.cpp:731]: gui/DI_title_manager_templates/DI_title_manager_building_list_template.gui:2624 - Could not find template 'tooltip_w'

[12:08:59][W][pdx_gui_factory.cpp:731]: gui/DI_title_manager_templates/DI_title_manager_building_list_template.gui:2644 - Could not find template 'tooltip_w'

[12:08:59][W][pdx_gui_factory.cpp:731]: gui/DI_title_manager_templates/DI_title_manager_building_list_template.gui:2664 - Could not find template 'tooltip_w'

[12:08:59][W][pdx_gui_factory.cpp:731]: gui/DI_title_manager_templates/DI_title_manager_building_list_template.gui:2684 - Could not find template 'tooltip_w'

[12:08:59][W][pdx_gui_factory.cpp:731]: gui/DI_title_manager_templates/DI_title_manager_building_list_template.gui:2704 - Could not find template 'tooltip_w'

[12:08:59][W][pdx_gui_factory.cpp:731]: gui/DI_title_manager_templates/DI_title_manager_building_list_template.gui:2724 - Could not find template 'tooltip_w'

[12:08:59][W][pdx_gui_factory.cpp:731]: gui/DI_title_manager_templates/DI_title_manager_building_list_template.gui:2744 - Could not find template 'tooltip_w'

[12:08:59][W][pdx_gui_factory.cpp:731]: gui/DI_title_manager_templates/DI_title_manager_building_list_template.gui:2764 - Could not find template 'tooltip_w'

[12:08:59][W][pdx_gui_factory.cpp:731]: gui/DI_title_manager_templates/DI_title_manager_building_list_template.gui:2784 - Could not find template 'tooltip_w'

[12:08:59][W][pdx_gui_factory.cpp:731]: gui/DI_title_manager_templates/DI_title_manager_building_list_template.gui:2804 - Could not find template 'tooltip_w'

[12:08:59][W][pdx_gui_factory.cpp:731]: gui/DI_title_manager_templates/DI_title_manager_building_list_template.gui:2824 - Could not find template 'tooltip_w'

[12:08:59][W][pdx_gui_factory.cpp:731]: gui/DI_title_manager_templates/DI_title_manager_building_list_template.gui:2844 - Could not find template 'tooltip_w'

[12:08:59][W][pdx_gui_factory.cpp:731]: gui/DI_title_manager_templates/DI_title_manager_building_list_template.gui:2911 - Could not find template 'tooltip_w'

[12:08:59][W][pdx_gui_factory.cpp:731]: gui/DI_title_manager_templates/DI_title_manager_building_list_template.gui:2931 - Could not find template 'tooltip_w'

[12:08:59][W][pdx_gui_factory.cpp:731]: gui/DI_title_manager_templates/DI_title_manager_building_list_template.gui:2951 - Could not find template 'tooltip_w'

[12:08:59][W][pdx_gui_factory.cpp:731]: gui/DI_title_manager_templates/DI_title_manager_building_list_template.gui:2971 - Could not find template 'tooltip_w'

[12:08:59][W][pdx_gui_factory.cpp:731]: gui/DI_title_manager_templates/DI_title_manager_building_list_template.gui:2991 - Could not find template 'tooltip_w'

[12:08:59][W][pdx_gui_factory.cpp:731]: gui/DI_title_manager_templates/DI_title_manager_building_list_template.gui:3011 - Could not find template 'tooltip_w'

[12:08:59][W][pdx_gui_factory.cpp:731]: gui/DI_title_manager_templates/DI_title_manager_building_list_template.gui:3031 - Could not find template 'tooltip_w'

[12:08:59][W][pdx_gui_factory.cpp:731]: gui/DI_title_manager_templates/DI_title_manager_building_list_template.gui:3051 - Could not find template 'tooltip_w'

[12:08:59][W][pdx_gui_factory.cpp:731]: gui/DI_title_manager_templates/DI_title_manager_building_list_template.gui:3071 - Could not find template 'tooltip_w'

[12:08:59][W][pdx_gui_factory.cpp:731]: gui/DI_title_manager_templates/DI_title_manager_building_list_template.gui:3091 - Could not find template 'tooltip_w'

[12:08:59][W][pdx_gui_factory.cpp:731]: gui/DI_title_manager_templates/DI_title_manager_building_list_template.gui:3111 - Could not find template 'tooltip_w'

[12:08:59][W][pdx_gui_factory.cpp:731]: gui/DI_title_manager_templates/DI_title_manager_building_list_template.gui:3131 - Could not find template 'tooltip_w'

[12:08:59][W][pdx_gui_factory.cpp:731]: gui/DI_title_manager_templates/DI_title_manager_building_list_template.gui:3151 - Could not find template 'tooltip_w'

[12:08:59][W][pdx_gui_factory.cpp:731]: gui/DI_title_manager_templates/DI_title_manager_building_list_template.gui:3171 - Could not find template 'tooltip_w'

[12:08:59][W][pdx_gui_factory.cpp:731]: gui/DI_title_manager_templates/DI_title_manager_building_list_template.gui:3191 - Could not find template 'tooltip_w'

[12:08:59][W][pdx_gui_factory.cpp:731]: gui/DI_title_manager_templates/DI_title_manager_building_list_template.gui:3211 - Could not find template 'tooltip_w'

[12:08:59][W][pdx_gui_factory.cpp:731]: gui/DI_title_manager_templates/DI_title_manager_building_list_template.gui:3231 - Could not find template 'tooltip_w'

[12:08:59][W][pdx_gui_factory.cpp:731]: gui/DI_title_manager_templates/DI_title_manager_building_list_template.gui:3251 - Could not find template 'tooltip_w'

[12:08:59][W][pdx_gui_factory.cpp:731]: gui/DI_title_manager_templates/DI_title_manager_building_list_template.gui:3271 - Could not find template 'tooltip_w'

[12:08:59][W][pdx_gui_factory.cpp:731]: gui/DI_title_manager_templates/DI_title_manager_building_list_template.gui:3291 - Could not find template 'tooltip_w'

[12:08:59][W][pdx_gui_factory.cpp:731]: gui/DI_title_manager_templates/DI_title_manager_building_list_template.gui:3311 - Could not find template 'tooltip_w'

[12:08:59][W][pdx_gui_factory.cpp:731]: gui/DI_title_manager_templates/DI_title_manager_building_list_template.gui:3331 - Could not find template 'tooltip_w'

[12:08:59][W][pdx_gui_factory.cpp:731]: gui/DI_title_manager_templates/DI_title_manager_building_list_template.gui:3351 - Could not find template 'tooltip_w'

[12:08:59][W][pdx_gui_factory.cpp:731]: gui/DI_title_manager_templates/DI_title_manager_building_list_template.gui:3371 - Could not find template 'tooltip_w'

[12:08:59][W][pdx_gui_factory.cpp:731]: gui/DI_title_manager_templates/DI_title_manager_building_list_template.gui:3391 - Could not find template 'tooltip_w'

[12:08:59][W][pdx_gui_factory.cpp:731]: gui/DI_title_manager_templates/DI_title_manager_building_list_template.gui:3411 - Could not find template 'tooltip_w'

[12:08:59][W][pdx_gui_factory.cpp:731]: gui/DI_title_manager_templates/DI_title_manager_building_list_template.gui:3431 - Could not find template 'tooltip_w'

[12:08:59][W][pdx_gui_factory.cpp:731]: gui/DI_title_manager_templates/DI_title_manager_building_list_template.gui:3498 - Could not find template 'tooltip_w'

[12:08:59][W][pdx_gui_factory.cpp:731]: gui/DI_title_manager_templates/DI_title_manager_building_list_template.gui:3518 - Could not find template 'tooltip_w'

[12:08:59][W][pdx_gui_factory.cpp:731]: gui/DI_title_manager_templates/DI_title_manager_building_list_template.gui:3538 - Could not find template 'tooltip_w'

[12:08:59][W][pdx_gui_factory.cpp:731]: gui/DI_title_manager_templates/DI_title_manager_building_list_template.gui:3558 - Could not find template 'tooltip_w'

[12:08:59][W][pdx_gui_factory.cpp:731]: gui/DI_title_manager_templates/DI_title_manager_building_list_template.gui:3578 - Could not find template 'tooltip_w'

[12:08:59][W][pdx_gui_factory.cpp:731]: gui/DI_title_manager_templates/DI_title_manager_building_list_template.gui:3598 - Could not find template 'tooltip_w'

[12:08:59][W][pdx_gui_factory.cpp:731]: gui/DI_title_manager_templates/DI_title_manager_building_list_template.gui:3618 - Could not find template 'tooltip_w'

[12:08:59][W][pdx_gui_factory.cpp:731]: gui/DI_title_manager_templates/DI_title_manager_building_list_template.gui:3638 - Could not find template 'tooltip_w'

[12:08:59][W][pdx_gui_factory.cpp:731]: gui/DI_title_manager_templates/DI_title_manager_building_list_template.gui:3658 - Could not find template 'tooltip_w'

[12:08:59][W][pdx_gui_factory.cpp:731]: gui/DI_title_manager_templates/DI_title_manager_building_list_template.gui:3678 - Could not find template 'tooltip_w'

[12:08:59][W][pdx_gui_factory.cpp:731]: gui/DI_title_manager_templates/DI_title_manager_building_list_template.gui:3698 - Could not find template 'tooltip_w'

[12:08:59][W][pdx_gui_factory.cpp:731]: gui/DI_title_manager_templates/DI_title_manager_building_list_template.gui:3718 - Could not find template 'tooltip_w'

[12:08:59][W][pdx_gui_factory.cpp:731]: gui/DI_title_manager_templates/DI_title_manager_building_list_template.gui:3738 - Could not find template 'tooltip_w'

[12:08:59][W][pdx_gui_factory.cpp:731]: gui/DI_title_manager_templates/DI_title_manager_building_list_template.gui:3758 - Could not find template 'tooltip_w'

[12:08:59][W][pdx_gui_factory.cpp:731]: gui/DI_title_manager_templates/DI_title_manager_building_list_template.gui:3778 - Could not find template 'tooltip_w'

[12:08:59][W][pdx_gui_factory.cpp:731]: gui/DI_title_manager_templates/DI_title_manager_building_list_template.gui:3798 - Could not find template 'tooltip_w'

[12:08:59][W][pdx_gui_factory.cpp:731]: gui/DI_title_manager_templates/DI_title_manager_building_list_template.gui:3818 - Could not find template 'tooltip_w'

[12:08:59][W][pdx_gui_factory.cpp:731]: gui/DI_title_manager_templates/DI_title_manager_building_list_template.gui:3838 - Could not find template 'tooltip_w'

[12:08:59][W][pdx_gui_factory.cpp:731]: gui/DI_title_manager_templates/DI_title_manager_building_list_template.gui:3858 - Could not find template 'tooltip_w'

[12:08:59][W][pdx_gui_factory.cpp:731]: gui/DI_title_manager_templates/DI_title_manager_building_list_template.gui:3878 - Could not find template 'tooltip_w'

[12:08:59][W][pdx_gui_factory.cpp:731]: gui/DI_title_manager_templates/DI_title_manager_building_list_template.gui:3898 - Could not find template 'tooltip_w'

[12:08:59][W][pdx_gui_factory.cpp:731]: gui/DI_title_manager_templates/DI_title_manager_building_list_template.gui:3918 - Could not find template 'tooltip_w'

[12:08:59][W][pdx_gui_factory.cpp:731]: gui/DI_title_manager_templates/DI_title_manager_building_list_template.gui:3938 - Could not find template 'tooltip_w'

[12:08:59][W][pdx_gui_factory.cpp:731]: gui/DI_title_manager_templates/DI_title_manager_building_list_template.gui:3958 - Could not find template 'tooltip_w'

[12:08:59][W][pdx_gui_factory.cpp:731]: gui/DI_title_manager_templates/DI_title_manager_building_list_template.gui:3978 - Could not find template 'tooltip_w'

[12:08:59][W][pdx_gui_factory.cpp:731]: gui/DI_title_manager_templates/DI_title_manager_building_list_template.gui:3998 - Could not find template 'tooltip_w'

[12:08:59][W][pdx_gui_factory.cpp:731]: gui/DI_title_manager_templates/DI_title_manager_building_list_template.gui:4018 - Could not find template 'tooltip_w'

[12:08:59][W][pdx_gui_factory.cpp:731]: gui/DI_title_manager_templates/DI_title_manager_building_list_template.gui:4038 - Could not find template 'tooltip_w'

[12:08:59][W][pdx_gui_factory.cpp:731]: gui/DI_title_manager_templates/DI_title_manager_building_list_template.gui:4058 - Could not find template 'tooltip_w'

[12:08:59][W][pdx_gui_factory.cpp:731]: gui/DI_title_manager_templates/DI_title_manager_building_list_template.gui:4078 - Could not find template 'tooltip_w'

[12:08:59][W][pdx_gui_factory.cpp:731]: gui/DI_title_manager_templates/DI_title_manager_building_list_template.gui:4098 - Could not find template 'tooltip_w'

[12:08:59][W][pdx_gui_factory.cpp:731]: gui/DI_title_manager_templates/DI_title_manager_building_list_template.gui:4118 - Could not find template 'tooltip_w'

[12:08:59][W][pdx_gui_factory.cpp:731]: gui/DI_title_manager_templates/DI_title_manager_building_list_template.gui:4138 - Could not find template 'tooltip_w'

[12:08:59][W][pdx_gui_factory.cpp:731]: gui/DI_title_manager_templates/DI_title_manager_building_list_template.gui:4158 - Could not find template 'tooltip_w'

[12:08:59][W][pdx_gui_factory.cpp:731]: gui/DI_title_manager_templates/DI_title_manager_building_list_template.gui:4178 - Could not find template 'tooltip_w'

[12:08:59][W][pdx_gui_factory.cpp:731]: gui/DI_title_manager_templates/DI_title_manager_building_list_template.gui:4198 - Could not find template 'tooltip_w'

[12:08:59][W][pdx_gui_factory.cpp:731]: gui/DI_title_manager_templates/DI_title_manager_building_list_template.gui:4218 - Could not find template 'tooltip_w'

[12:08:59][W][pdx_gui_factory.cpp:731]: gui/DI_title_manager_templates/DI_title_manager_building_list_template.gui:4238 - Could not find template 'tooltip_w'

[12:08:59][W][pdx_gui_factory.cpp:731]: gui/DI_title_manager_templates/DI_title_manager_building_list_template.gui:4258 - Could not find template 'tooltip_w'

[12:08:59][W][pdx_gui_factory.cpp:731]: gui/DI_title_manager_templates/DI_title_manager_building_list_template.gui:4278 - Could not find template 'tooltip_w'

[12:08:59][W][pdx_gui_factory.cpp:731]: gui/DI_title_manager_templates/DI_title_manager_building_list_template.gui:4298 - Could not find template 'tooltip_w'

[12:08:59][W][pdx_gui_factory.cpp:731]: gui/DI_title_manager_templates/DI_title_manager_building_list_template.gui:4318 - Could not find template 'tooltip_w'

[12:08:59][W][pdx_gui_factory.cpp:731]: gui/DI_title_manager_templates/DI_title_manager_building_list_template.gui:4338 - Could not find template 'tooltip_w'

[12:08:59][W][pdx_gui_factory.cpp:731]: gui/DI_title_manager_templates/DI_title_manager_building_list_template.gui:4358 - Could not find template 'tooltip_w'

[12:08:59][W][pdx_gui_factory.cpp:731]: gui/DI_title_manager_templates/DI_title_manager_building_list_template.gui:4378 - Could not find template 'tooltip_w'

[12:08:59][W][pdx_gui_factory.cpp:731]: gui/DI_title_manager_templates/DI_title_manager_building_list_template.gui:4398 - Could not find template 'tooltip_w'

[12:08:59][W][pdx_gui_factory.cpp:731]: gui/DI_title_manager_templates/DI_title_manager_building_list_template.gui:4418 - Could not find template 'tooltip_w'

[12:08:59][W][pdx_gui_factory.cpp:731]: gui/DI_title_manager_templates/DI_title_manager_building_list_template.gui:4438 - Could not find template 'tooltip_w'

[12:08:59][W][pdx_gui_factory.cpp:731]: gui/DI_title_manager_templates/DI_title_manager_building_list_template.gui:4458 - Could not find template 'tooltip_w'

[12:08:59][W][pdx_gui_factory.cpp:731]: gui/DI_title_manager_templates/DI_title_manager_building_list_template.gui:4478 - Could not find template 'tooltip_w'

[12:08:59][W][pdx_gui_factory.cpp:731]: gui/DI_title_manager_templates/DI_title_manager_building_list_template.gui:4498 - Could not find template 'tooltip_w'

[12:08:59][W][pdx_gui_factory.cpp:731]: gui/DI_title_manager_templates/DI_title_manager_building_list_template.gui:4518 - Could not find template 'tooltip_w'

[12:08:59][W][pdx_gui_factory.cpp:731]: gui/DI_title_manager_templates/DI_title_manager_building_list_template.gui:4538 - Could not find template 'tooltip_w'

[12:08:59][W][pdx_gui_factory.cpp:731]: gui/DI_title_manager_templates/DI_title_manager_building_list_template.gui:4558 - Could not find template 'tooltip_w'

[12:08:59][W][pdx_gui_factory.cpp:731]: gui/DI_title_manager_templates/DI_title_manager_building_list_template.gui:4578 - Could not find template 'tooltip_w'

[12:08:59][W][pdx_gui_factory.cpp:731]: gui/DI_title_manager_templates/DI_title_manager_building_list_template.gui:4598 - Could not find template 'tooltip_w'

[12:08:59][W][pdx_gui_factory.cpp:731]: gui/DI_title_manager_templates/DI_title_manager_building_list_template.gui:4618 - Could not find template 'tooltip_w'

[12:08:59][W][pdx_gui_factory.cpp:731]: gui/DI_title_manager_templates/DI_title_manager_building_list_template.gui:4685 - Could not find template 'tooltip_w'

[12:08:59][W][pdx_gui_factory.cpp:731]: gui/DI_title_manager_templates/DI_title_manager_building_list_template.gui:4705 - Could not find template 'tooltip_w'

[12:08:59][W][pdx_gui_factory.cpp:731]: gui/DI_title_manager_templates/DI_title_manager_building_list_template.gui:4725 - Could not find template 'tooltip_w'

[12:08:59][W][pdx_gui_factory.cpp:731]: gui/DI_title_manager_templates/DI_title_manager_building_list_template.gui:4745 - Could not find template 'tooltip_w'

[12:08:59][W][pdx_gui_factory.cpp:731]: gui/DI_title_manager_templates/DI_title_manager_building_list_template.gui:4765 - Could not find template 'tooltip_w'

[12:08:59][W][pdx_gui_factory.cpp:731]: gui/DI_title_manager_templates/DI_title_manager_building_list_template.gui:4832 - Could not find template 'tooltip_w'

[12:08:59][W][pdx_gui_factory.cpp:731]: gui/DI_title_manager_templates/DI_title_manager_building_list_template.gui:4852 - Could not find template 'tooltip_w'

[12:08:59][W][pdx_gui_factory.cpp:731]: gui/DI_title_manager_templates/DI_title_manager_building_list_template.gui:4872 - Could not find template 'tooltip_w'

[12:08:59][W][pdx_gui_factory.cpp:731]: gui/DI_title_manager_templates/DI_title_manager_building_list_template.gui:4892 - Could not find template 'tooltip_w'

[12:08:59][W][pdx_gui_factory.cpp:731]: gui/DI_title_manager_templates/DI_title_manager_building_list_template.gui:4912 - Could not find template 'tooltip_w'

[12:08:59][W][pdx_gui_factory.cpp:731]: gui/DI_title_manager_templates/DI_title_manager_building_list_template.gui:4932 - Could not find template 'tooltip_w'

[12:08:59][W][pdx_gui_factory.cpp:731]: gui/DI_title_manager_templates/DI_title_manager_building_list_template.gui:4952 - Could not find template 'tooltip_w'

[12:08:59][W][pdx_gui_factory.cpp:731]: gui/DI_title_manager_templates/DI_title_manager_building_list_template.gui:4972 - Could not find template 'tooltip_w'

[12:08:59][W][pdx_gui_factory.cpp:731]: gui/DI_title_manager_templates/DI_title_manager_building_list_template.gui:4992 - Could not find template 'tooltip_w'

[12:08:59][W][pdx_gui_factory.cpp:731]: gui/DI_title_manager_templates/DI_title_manager_building_list_template.gui:5012 - Could not find template 'tooltip_w'

[12:08:59][W][pdx_gui_factory.cpp:731]: gui/DI_title_manager_templates/DI_title_manager_building_list_template.gui:5032 - Could not find template 'tooltip_w'

[12:08:59][W][pdx_gui_factory.cpp:731]: gui/DI_title_manager_templates/DI_title_manager_building_list_template.gui:5052 - Could not find template 'tooltip_w'

[12:08:59][W][pdx_gui_factory.cpp:731]: gui/DI_title_manager_templates/DI_title_manager_building_list_template.gui:5072 - Could not find template 'tooltip_w'

[12:08:59][W][pdx_gui_factory.cpp:731]: gui/DI_title_manager_templates/DI_title_manager_building_list_template.gui:5092 - Could not find template 'tooltip_w'

[12:08:59][W][pdx_gui_factory.cpp:731]: gui/DI_title_manager_templates/DI_title_manager_building_list_template.gui:5112 - Could not find template 'tooltip_w'

[12:08:59][W][pdx_gui_factory.cpp:731]: gui/DI_title_manager_templates/DI_title_manager_building_list_template.gui:5132 - Could not find template 'tooltip_w'

[12:08:59][W][pdx_gui_factory.cpp:731]: gui/DI_title_manager_templates/DI_title_manager_building_list_template.gui:5152 - Could not find template 'tooltip_w'

[12:08:59][W][pdx_gui_factory.cpp:731]: gui/DI_title_manager_templates/DI_title_manager_building_list_template.gui:5172 - Could not find template 'tooltip_w'

[12:08:59][W][pdx_gui_factory.cpp:731]: gui/DI_title_manager_templates/DI_title_manager_building_list_template.gui:5192 - Could not find template 'tooltip_w'

[12:08:59][W][pdx_gui_factory.cpp:731]: gui/DI_title_manager_templates/DI_title_manager_building_list_template.gui:5212 - Could not find template 'tooltip_w'

[12:08:59][W][pdx_gui_factory.cpp:731]: gui/DI_title_manager_templates/DI_title_manager_building_list_template.gui:5232 - Could not find template 'tooltip_w'

[12:08:59][W][pdx_gui_factory.cpp:731]: gui/DI_title_manager_templates/DI_title_manager_building_list_template.gui:5252 - Could not find template 'tooltip_w'

[12:08:59][W][pdx_gui_factory.cpp:731]: gui/DI_title_manager_templates/DI_title_manager_building_list_template.gui:5272 - Could not find template 'tooltip_w'

[12:08:59][W][pdx_gui_factory.cpp:731]: gui/DI_title_manager_templates/DI_title_manager_building_list_template.gui:5292 - Could not find template 'tooltip_w'

[12:08:59][W][pdx_gui_factory.cpp:731]: gui/DI_title_manager_templates/DI_title_manager_building_list_template.gui:5312 - Could not find template 'tooltip_w'

[12:08:59][W][pdx_gui_factory.cpp:731]: gui/DI_title_manager_templates/DI_title_manager_building_list_template.gui:5332 - Could not find template 'tooltip_w'

[12:08:59][W][pdx_gui_factory.cpp:731]: gui/DI_title_manager_templates/DI_title_manager_building_list_template.gui:5352 - Could not find template 'tooltip_w'

[12:08:59][W][pdx_gui_factory.cpp:731]: gui/DI_title_manager_templates/DI_title_manager_building_list_template.gui:5372 - Could not find template 'tooltip_w'

[12:08:59][W][pdx_gui_factory.cpp:731]: gui/DI_title_manager_templates/DI_title_manager_building_list_template.gui:5392 - Could not find template 'tooltip_w'

[12:08:59][W][pdx_gui_factory.cpp:731]: gui/DI_title_manager_templates/DI_title_manager_building_list_template.gui:5412 - Could not find template 'tooltip_w'

[12:08:59][W][pdx_gui_factory.cpp:731]: gui/DI_title_manager_templates/DI_title_manager_building_list_template.gui:5432 - Could not find template 'tooltip_w'

[12:08:59][W][pdx_gui_factory.cpp:731]: gui/DI_title_manager_templates/DI_title_manager_building_list_template.gui:5452 - Could not find template 'tooltip_w'

[12:08:59][W][pdx_gui_factory.cpp:731]: gui/DI_title_manager_templates/DI_title_manager_building_list_template.gui:5472 - Could not find template 'tooltip_w'

[12:08:59][W][pdx_gui_factory.cpp:731]: gui/DI_title_manager_templates/DI_title_manager_building_list_template.gui:5492 - Could not find template 'tooltip_w'

[12:08:59][W][pdx_gui_factory.cpp:731]: gui/DI_title_manager_templates/DI_title_manager_building_list_template.gui:5512 - Could not find template 'tooltip_w'

[12:08:59][W][pdx_gui_factory.cpp:731]: gui/DI_title_manager_templates/DI_title_manager_building_list_template.gui:5532 - Could not find template 'tooltip_w'

[12:08:59][W][pdx_gui_factory.cpp:731]: gui/DI_title_manager_templates/DI_title_manager_building_list_template.gui:5552 - Could not find template 'tooltip_w'

[12:08:59][W][pdx_gui_factory.cpp:731]: gui/DI_title_manager_templates/DI_title_manager_building_list_template.gui:5572 - Could not find template 'tooltip_w'

[12:08:59][W][pdx_gui_factory.cpp:731]: gui/DI_title_manager_templates/DI_title_manager_building_list_template.gui:5592 - Could not find template 'tooltip_w'

[12:08:59][W][pdx_gui_factory.cpp:731]: gui/DI_title_manager_templates/DI_title_manager_building_list_template.gui:5612 - Could not find template 'tooltip_w'

[12:08:59][W][pdx_gui_factory.cpp:731]: gui/DI_title_manager_templates/DI_title_manager_building_list_template.gui:5632 - Could not find template 'tooltip_w'

[12:08:59][W][pdx_gui_factory.cpp:731]: gui/DI_title_manager_templates/DI_title_manager_building_list_template.gui:5652 - Could not find template 'tooltip_w'

[12:08:59][W][pdx_gui_factory.cpp:731]: gui/DI_title_manager_templates/DI_title_manager_building_list_template.gui:5672 - Could not find template 'tooltip_w'

[12:08:59][W][pdx_gui_factory.cpp:731]: gui/DI_title_manager_templates/DI_title_manager_building_list_template.gui:5692 - Could not find template 'tooltip_w'

[12:08:59][W][pdx_gui_factory.cpp:731]: gui/DI_title_manager_templates/DI_title_manager_building_list_template.gui:5712 - Could not find template 'tooltip_w'

[12:08:59][W][pdx_gui_factory.cpp:731]: gui/DI_title_manager_templates/DI_title_manager_building_list_template.gui:5732 - Could not find template 'tooltip_w'

[12:08:59][W][pdx_gui_factory.cpp:731]: gui/DI_title_manager_templates/DI_title_manager_building_list_template.gui:5752 - Could not find template 'tooltip_w'

[12:08:59][W][pdx_gui_factory.cpp:731]: gui/DI_title_manager_templates/DI_title_manager_building_list_template.gui:5772 - Could not find template 'tooltip_w'

[12:08:59][W][pdx_gui_factory.cpp:731]: gui/DI_title_manager_templates/DI_title_manager_building_list_template.gui:5792 - Could not find template 'tooltip_w'

[12:08:59][W][pdx_gui_factory.cpp:731]: gui/DI_title_manager_templates/DI_title_manager_building_list_template.gui:5812 - Could not find template 'tooltip_w'

[12:08:59][W][pdx_gui_factory.cpp:731]: gui/DI_title_manager_templates/DI_title_manager_building_list_template.gui:5832 - Could not find template 'tooltip_w'

[12:08:59][W][pdx_gui_factory.cpp:731]: gui/DI_title_manager_templates/DI_title_manager_building_list_template.gui:5852 - Could not find template 'tooltip_w'

[12:08:59][W][pdx_gui_factory.cpp:731]: gui/DI_title_manager_templates/DI_title_manager_building_list_template.gui:5872 - Could not find template 'tooltip_w'

[12:08:59][W][pdx_gui_factory.cpp:731]: gui/DI_title_manager_templates/DI_title_manager_building_list_template.gui:5892 - Could not find template 'tooltip_w'

[12:08:59][W][pdx_gui_factory.cpp:731]: gui/DI_title_manager_templates/DI_title_manager_building_list_template.gui:5912 - Could not find template 'tooltip_w'

[12:08:59][W][pdx_gui_factory.cpp:731]: gui/DI_title_manager_templates/DI_title_manager_building_list_template.gui:5932 - Could not find template 'tooltip_w'

[12:08:59][W][pdx_gui_factory.cpp:731]: gui/DI_title_manager_templates/DI_title_manager_building_list_template.gui:5952 - Could not find template 'tooltip_w'

[12:08:59][W][pdx_gui_factory.cpp:731]: gui/DI_title_manager_templates/DI_title_manager_building_list_template.gui:5972 - Could not find template 'tooltip_w'

[12:08:59][W][pdx_gui_factory.cpp:731]: gui/DI_title_manager_templates/DI_title_manager_building_list_template.gui:5992 - Could not find template 'tooltip_w'

[12:08:59][W][pdx_gui_factory.cpp:731]: gui/DI_title_manager_templates/DI_title_manager_building_list_template.gui:6012 - Could not find template 'tooltip_w'

[12:08:59][W][pdx_gui_factory.cpp:731]: gui/DI_title_manager_templates/DI_title_manager_building_list_template.gui:6032 - Could not find template 'tooltip_w'

[12:08:59][W][pdx_gui_factory.cpp:731]: gui/DI_title_manager_templates/DI_title_manager_building_list_template.gui:6052 - Could not find template 'tooltip_w'

[12:08:59][W][pdx_gui_factory.cpp:731]: gui/DI_title_manager_templates/DI_title_manager_building_list_template.gui:6072 - Could not find template 'tooltip_w'

[12:08:59][W][pdx_gui_factory.cpp:731]: gui/DI_title_manager_templates/DI_title_manager_building_list_template.gui:6092 - Could not find template 'tooltip_w'

[12:08:59][W][pdx_gui_factory.cpp:731]: gui/DI_title_manager_templates/DI_title_manager_building_list_template.gui:6112 - Could not find template 'tooltip_w'

[12:08:59][W][pdx_gui_factory.cpp:731]: gui/DI_title_manager_templates/DI_title_manager_building_list_template.gui:6132 - Could not find template 'tooltip_w'

[12:08:59][W][pdx_gui_factory.cpp:731]: gui/DI_title_manager_templates/DI_title_manager_building_list_template.gui:6152 - Could not find template 'tooltip_w'

[12:08:59][W][pdx_gui_factory.cpp:731]: gui/DI_title_manager_templates/DI_title_manager_building_list_template.gui:6172 - Could not find template 'tooltip_w'

[12:08:59][W][pdx_gui_factory.cpp:731]: gui/DI_title_manager_templates/DI_title_manager_building_list_template.gui:6192 - Could not find template 'tooltip_w'

[12:08:59][W][pdx_gui_factory.cpp:731]: gui/DI_title_manager_templates/DI_title_manager_building_list_template.gui:6212 - Could not find template 'tooltip_w'

[12:08:59][W][pdx_gui_factory.cpp:731]: gui/DI_title_manager_templates/DI_title_manager_building_list_template.gui:6232 - Could not find template 'tooltip_w'

[12:08:59][W][pdx_gui_factory.cpp:731]: gui/DI_title_manager_templates/DI_title_manager_building_list_template.gui:6252 - Could not find template 'tooltip_w'

[12:08:59][W][pdx_gui_factory.cpp:731]: gui/DI_title_manager_templates/DI_title_manager_building_list_template.gui:6272 - Could not find template 'tooltip_w'

[12:08:59][W][pdx_gui_factory.cpp:731]: gui/DI_title_manager_templates/DI_title_manager_building_list_template.gui:6292 - Could not find template 'tooltip_w'

[12:08:59][W][pdx_gui_factory.cpp:731]: gui/DI_title_manager_templates/DI_title_manager_building_list_template.gui:6312 - Could not find template 'tooltip_w'

[12:08:59][W][pdx_gui_factory.cpp:731]: gui/DI_title_manager_templates/DI_title_manager_building_list_template.gui:6332 - Could not find template 'tooltip_w'

[12:08:59][W][pdx_gui_factory.cpp:731]: gui/DI_title_manager_templates/DI_title_manager_building_list_template.gui:6352 - Could not find template 'tooltip_w'

[12:08:59][W][pdx_gui_factory.cpp:731]: gui/DI_title_manager_templates/DI_title_manager_building_list_template.gui:6372 - Could not find template 'tooltip_w'

[12:08:59][W][pdx_gui_factory.cpp:731]: gui/DI_title_manager_templates/DI_title_manager_building_list_template.gui:6392 - Could not find template 'tooltip_w'

[12:08:59][W][pdx_gui_factory.cpp:731]: gui/DI_title_manager_templates/DI_title_manager_building_list_template.gui:6412 - Could not find template 'tooltip_w'

[12:08:59][W][pdx_gui_factory.cpp:731]: gui/DI_title_manager_templates/DI_title_manager_building_list_template.gui:6432 - Could not find template 'tooltip_w'

[12:08:59][W][pdx_gui_factory.cpp:731]: gui/DI_title_manager_templates/DI_title_manager_building_list_template.gui:6452 - Could not find template 'tooltip_w'

[12:08:59][W][pdx_gui_factory.cpp:731]: gui/DI_title_manager_templates/DI_title_manager_building_list_template.gui:6472 - Could not find template 'tooltip_w'

[12:08:59][W][pdx_gui_factory.cpp:731]: gui/DI_title_manager_templates/DI_title_manager_building_list_template.gui:6492 - Could not find template 'tooltip_w'

[12:08:59][W][pdx_gui_factory.cpp:731]: gui/DI_title_manager_templates/DI_title_manager_building_list_template.gui:6512 - Could not find template 'tooltip_w'

[12:08:59][W][pdx_gui_factory.cpp:731]: gui/DI_title_manager_templates/DI_title_manager_building_list_template.gui:6532 - Could not find template 'tooltip_w'

[12:08:59][W][pdx_gui_factory.cpp:731]: gui/DI_title_manager_templates/DI_title_manager_building_list_template.gui:6552 - Could not find template 'tooltip_w'

[12:08:59][W][pdx_gui_factory.cpp:731]: gui/DI_title_manager_templates/DI_title_manager_building_list_template.gui:6572 - Could not find template 'tooltip_w'

[12:08:59][W][pdx_gui_factory.cpp:731]: gui/DI_title_manager_templates/DI_title_manager_building_list_template.gui:6592 - Could not find template 'tooltip_w'

[12:08:59][W][pdx_gui_factory.cpp:731]: gui/DI_title_manager_templates/DI_title_manager_building_list_template.gui:6612 - Could not find template 'tooltip_w'

[12:08:59][W][pdx_gui_factory.cpp:731]: gui/DI_title_manager_templates/DI_title_manager_building_list_template.gui:6632 - Could not find template 'tooltip_w'

[12:08:59][W][pdx_gui_factory.cpp:731]: gui/DI_title_manager_templates/DI_title_manager_building_list_template.gui:6652 - Could not find template 'tooltip_w'

[12:08:59][W][pdx_gui_factory.cpp:731]: gui/DI_title_manager_templates/DI_title_manager_building_list_template.gui:6672 - Could not find template 'tooltip_w'

[12:08:59][W][pdx_gui_factory.cpp:731]: gui/DI_title_manager_templates/DI_title_manager_building_list_template.gui:6692 - Could not find template 'tooltip_w'

[12:08:59][W][pdx_gui_factory.cpp:731]: gui/DI_title_manager_templates/DI_title_manager_building_list_template.gui:6712 - Could not find template 'tooltip_w'

[12:08:59][W][pdx_gui_factory.cpp:731]: gui/DI_title_manager_templates/DI_title_manager_building_list_template.gui:6732 - Could not find template 'tooltip_w'

[12:08:59][W][pdx_gui_factory.cpp:731]: gui/DI_title_manager_templates/DI_title_manager_building_list_template.gui:6752 - Could not find template 'tooltip_w'

[12:08:59][W][pdx_gui_factory.cpp:731]: gui/DI_title_manager_templates/DI_title_manager_building_list_template.gui:6772 - Could not find template 'tooltip_w'

[12:08:59][W][pdx_gui_factory.cpp:731]: gui/DI_title_manager_templates/DI_title_manager_building_list_template.gui:6792 - Could not find template 'tooltip_w'

[12:08:59][W][pdx_gui_factory.cpp:731]: gui/DI_title_manager_templates/DI_title_manager_building_list_template.gui:6812 - Could not find template 'tooltip_w'

[12:08:59][W][pdx_gui_factory.cpp:731]: gui/DI_title_manager_templates/DI_title_manager_building_list_template.gui:6832 - Could not find template 'tooltip_w'

[12:08:59][W][pdx_gui_factory.cpp:731]: gui/DI_title_manager_templates/DI_title_manager_building_list_template.gui:6852 - Could not find template 'tooltip_w'

[12:08:59][W][pdx_gui_factory.cpp:731]: gui/DI_title_manager_templates/DI_title_manager_building_list_template.gui:6872 - Could not find template 'tooltip_w'

[12:08:59][W][pdx_gui_factory.cpp:731]: gui/DI_title_manager_templates/DI_title_manager_building_list_template.gui:6892 - Could not find template 'tooltip_w'

[12:08:59][W][pdx_gui_factory.cpp:731]: gui/DI_title_manager_templates/DI_title_manager_building_list_template.gui:6912 - Could not find template 'tooltip_w'

[12:08:59][W][pdx_gui_factory.cpp:731]: gui/DI_title_manager_templates/DI_title_manager_building_list_template.gui:6932 - Could not find template 'tooltip_w'

[12:08:59][W][pdx_gui_factory.cpp:731]: gui/DI_title_manager_templates/DI_title_manager_building_list_template.gui:6952 - Could not find template 'tooltip_w'

[12:08:59][W][pdx_gui_factory.cpp:731]: gui/DI_title_manager_templates/DI_title_manager_building_list_template.gui:6972 - Could not find template 'tooltip_w'

[12:08:59][W][pdx_gui_factory.cpp:731]: gui/DI_title_manager_templates/DI_title_manager_building_list_template.gui:6992 - Could not find template 'tooltip_w'

[12:08:59][W][pdx_gui_factory.cpp:731]: gui/DI_title_manager_templates/DI_title_manager_building_list_template.gui:7012 - Could not find template 'tooltip_w'

[12:08:59][W][pdx_gui_factory.cpp:731]: gui/DI_title_manager_templates/DI_title_manager_building_list_template.gui:7032 - Could not find template 'tooltip_w'

[12:08:59][W][pdx_gui_factory.cpp:731]: gui/DI_title_manager_templates/DI_title_manager_building_list_template.gui:7052 - Could not find template 'tooltip_w'

[12:08:59][W][pdx_gui_factory.cpp:731]: gui/DI_title_manager_templates/DI_title_manager_building_list_template.gui:7072 - Could not find template 'tooltip_w'

[12:08:59][W][pdx_gui_factory.cpp:731]: gui/DI_title_manager_templates/DI_title_manager_building_list_template.gui:7092 - Could not find template 'tooltip_w'

[12:08:59][W][pdx_gui_factory.cpp:731]: gui/DI_title_manager_templates/DI_title_manager_building_list_template.gui:7112 - Could not find template 'tooltip_w'

[12:08:59][W][pdx_gui_factory.cpp:731]: gui/DI_title_manager_templates/DI_title_manager_building_list_template.gui:7132 - Could not find template 'tooltip_w'

[12:08:59][W][pdx_gui_factory.cpp:731]: gui/DI_title_manager_templates/DI_title_manager_building_list_template.gui:7152 - Could not find template 'tooltip_w'

[12:08:59][W][pdx_gui_factory.cpp:731]: gui/DI_title_manager_templates/DI_title_manager_building_list_template.gui:7172 - Could not find template 'tooltip_w'

[12:08:59][W][pdx_gui_factory.cpp:731]: gui/DI_title_manager_templates/DI_title_manager_building_list_template.gui:7192 - Could not find template 'tooltip_w'

[12:08:59][W][pdx_gui_factory.cpp:731]: gui/DI_title_manager_templates/DI_title_manager_building_list_template.gui:7212 - Could not find template 'tooltip_w'

[12:08:59][W][pdx_gui_factory.cpp:731]: gui/DI_title_manager_templates/DI_title_manager_building_list_template.gui:7232 - Could not find template 'tooltip_w'

[12:08:59][W][pdx_gui_factory.cpp:731]: gui/DI_title_manager_templates/DI_title_manager_building_list_template.gui:7252 - Could not find template 'tooltip_w'

[12:08:59][W][pdx_gui_factory.cpp:731]: gui/DI_title_manager_templates/DI_title_manager_building_list_template.gui:7272 - Could not find template 'tooltip_w'

[12:08:59][W][pdx_gui_factory.cpp:731]: gui/DI_title_manager_templates/DI_title_manager_building_list_template.gui:7292 - Could not find template 'tooltip_w'

[12:08:59][W][pdx_gui_factory.cpp:731]: gui/DI_title_manager_templates/DI_title_manager_building_list_template.gui:7312 - Could not find template 'tooltip_w'

[12:08:59][W][pdx_gui_factory.cpp:731]: gui/DI_title_manager_templates/DI_title_manager_building_list_template.gui:7332 - Could not find template 'tooltip_w'

[12:08:59][W][pdx_gui_factory.cpp:731]: gui/DI_title_manager_templates/DI_title_manager_building_list_template.gui:7352 - Could not find template 'tooltip_w'

[12:08:59][W][pdx_gui_factory.cpp:731]: gui/DI_title_manager_templates/DI_title_manager_building_list_template.gui:7372 - Could not find template 'tooltip_w'

[12:08:59][W][pdx_gui_factory.cpp:731]: gui/DI_title_manager_templates/DI_title_manager_building_list_template.gui:7392 - Could not find template 'tooltip_w'

[12:08:59][W][pdx_gui_factory.cpp:731]: gui/DI_title_manager_templates/DI_title_manager_building_list_template.gui:7412 - Could not find template 'tooltip_w'

[12:08:59][W][pdx_gui_factory.cpp:731]: gui/DI_title_manager_templates/DI_title_manager_building_list_template.gui:7432 - Could not find template 'tooltip_w'

[12:08:59][W][pdx_gui_factory.cpp:731]: gui/DI_title_manager_templates/DI_title_manager_building_list_template.gui:7452 - Could not find template 'tooltip_w'

[12:08:59][W][pdx_gui_factory.cpp:731]: gui/DI_title_manager_templates/DI_title_manager_building_list_template.gui:7472 - Could not find template 'tooltip_w'

[12:08:59][W][pdx_gui_factory.cpp:731]: gui/DI_title_manager_templates/DI_title_manager_building_list_template.gui:7492 - Could not find template 'tooltip_w'

[12:08:59][W][pdx_gui_factory.cpp:731]: gui/DI_title_manager_templates/DI_title_manager_building_list_template.gui:7512 - Could not find template 'tooltip_w'

[12:08:59][W][pdx_gui_factory.cpp:731]: gui/DI_title_manager_templates/DI_title_manager_building_list_template.gui:7532 - Could not find template 'tooltip_w'

[12:08:59][W][pdx_gui_factory.cpp:731]: gui/DI_title_manager_templates/DI_title_manager_building_list_template.gui:7552 - Could not find template 'tooltip_w'

[12:08:59][W][pdx_gui_factory.cpp:731]: gui/DI_title_manager_templates/DI_title_manager_building_list_template.gui:7572 - Could not find template 'tooltip_w'

[12:08:59][W][pdx_gui_factory.cpp:731]: gui/DI_title_manager_templates/DI_title_manager_building_list_template.gui:7592 - Could not find template 'tooltip_w'

[12:08:59][W][pdx_gui_factory.cpp:731]: gui/DI_title_manager_templates/DI_title_manager_building_list_template.gui:7612 - Could not find template 'tooltip_w'

[12:08:59][W][pdx_gui_factory.cpp:731]: gui/DI_title_manager_templates/DI_title_manager_building_list_template.gui:7632 - Could not find template 'tooltip_w'

[12:08:59][W][pdx_gui_factory.cpp:731]: gui/DI_title_manager_templates/DI_title_manager_building_list_template.gui:7652 - Could not find template 'tooltip_w'

[12:08:59][W][pdx_gui_factory.cpp:731]: gui/DI_title_manager_templates/DI_title_manager_building_list_template.gui:7672 - Could not find template 'tooltip_w'

[12:08:59][W][pdx_gui_factory.cpp:731]: gui/DI_title_manager_templates/DI_title_manager_building_list_template.gui:7692 - Could not find template 'tooltip_w'

[12:08:59][W][pdx_gui_factory.cpp:731]: gui/DI_title_manager_templates/DI_title_manager_building_list_template.gui:7712 - Could not find template 'tooltip_w'

[12:08:59][W][pdx_gui_factory.cpp:731]: gui/DI_title_manager_templates/DI_title_manager_building_list_template.gui:7732 - Could not find template 'tooltip_w'

[12:08:59][W][pdx_gui_factory.cpp:731]: gui/DI_title_manager_templates/DI_title_manager_building_list_template.gui:7752 - Could not find template 'tooltip_w'

[12:08:59][W][pdx_gui_factory.cpp:731]: gui/DI_title_manager_templates/DI_title_manager_building_list_template.gui:7772 - Could not find template 'tooltip_w'

[12:08:59][W][pdx_gui_factory.cpp:731]: gui/DI_title_manager_templates/DI_title_manager_building_list_template.gui:7792 - Could not find template 'tooltip_w'

[12:08:59][W][pdx_gui_factory.cpp:731]: gui/DI_title_manager_templates/DI_title_manager_building_list_template.gui:7812 - Could not find template 'tooltip_w'

[12:08:59][W][pdx_gui_factory.cpp:731]: gui/DI_title_manager_templates/DI_title_manager_building_list_template.gui:7832 - Could not find template 'tooltip_w'

[12:08:59][W][pdx_gui_factory.cpp:731]: gui/DI_title_manager_templates/DI_title_manager_building_list_template.gui:7852 - Could not find template 'tooltip_w'

[12:08:59][W][pdx_gui_factory.cpp:731]: gui/DI_title_manager_templates/DI_title_manager_building_list_template.gui:7872 - Could not find template 'tooltip_w'

[12:08:59][W][pdx_gui_factory.cpp:731]: gui/DI_title_manager_templates/DI_title_manager_building_list_template.gui:7892 - Could not find template 'tooltip_w'

[12:08:59][W][pdx_gui_factory.cpp:731]: gui/DI_title_manager_templates/DI_title_manager_building_list_template.gui:7912 - Could not find template 'tooltip_w'

[12:08:59][W][pdx_gui_factory.cpp:731]: gui/DI_title_manager_templates/DI_title_manager_building_list_template.gui:7932 - Could not find template 'tooltip_w'

[12:08:59][W][pdx_gui_factory.cpp:731]: gui/DI_title_manager_templates/DI_title_manager_building_list_template.gui:7952 - Could not find template 'tooltip_w'

[12:08:59][W][pdx_gui_factory.cpp:731]: gui/DI_title_manager_templates/DI_title_manager_building_list_template.gui:7972 - Could not find template 'tooltip_w'

[12:08:59][W][pdx_gui_factory.cpp:731]: gui/DI_title_manager_templates/DI_title_manager_building_list_template.gui:7992 - Could not find template 'tooltip_w'

[12:08:59][W][pdx_gui_factory.cpp:731]: gui/DI_title_manager_templates/DI_title_manager_building_list_template.gui:8012 - Could not find template 'tooltip_w'

[12:08:59][W][pdx_gui_factory.cpp:731]: gui/DI_title_manager_templates/DI_title_manager_building_list_template.gui:8032 - Could not find template 'tooltip_w'

[12:08:59][W][pdx_gui_factory.cpp:731]: gui/DI_title_manager_templates/DI_title_manager_building_list_template.gui:8099 - Could not find template 'tooltip_w'

[12:08:59][W][pdx_gui_factory.cpp:731]: gui/DI_title_manager_templates/DI_title_manager_building_list_template.gui:8119 - Could not find template 'tooltip_w'

[12:08:59][W][pdx_gui_factory.cpp:731]: gui/DI_title_manager_templates/DI_title_manager_building_list_template.gui:8139 - Could not find template 'tooltip_w'

[12:08:59][W][pdx_gui_factory.cpp:731]: gui/DI_title_manager_templates/DI_title_manager_building_list_template.gui:8206 - Could not find template 'tooltip_w'

[12:08:59][W][pdx_gui_factory.cpp:731]: gui/DI_title_manager_templates/DI_title_manager_building_list_template.gui:8273 - Could not find template 'tooltip_w'

[12:08:59][W][pdx_gui_factory.cpp:731]: gui/DI_title_manager_templates/DI_title_manager_building_list_template.gui:8293 - Could not find template 'tooltip_w'

[12:08:59][W][pdx_gui_factory.cpp:731]: gui/DI_title_manager_templates/DI_title_manager_building_list_template.gui:8313 - Could not find template 'tooltip_w'

[12:08:59][W][pdx_gui_factory.cpp:731]: gui/DI_title_manager_templates/DI_title_manager_building_list_template.gui:8333 - Could not find template 'tooltip_w'

[12:08:59][W][pdx_gui_factory.cpp:731]: gui/DI_title_manager_templates/DI_title_manager_building_list_template.gui:8353 - Could not find template 'tooltip_w'

[12:08:59][W][pdx_gui_factory.cpp:731]: gui/DI_title_manager_templates/DI_title_manager_building_list_template.gui:8420 - Could not find template 'tooltip_w'

[12:08:59][W][pdx_gui_factory.cpp:731]: gui/DI_title_manager_templates/DI_title_manager_building_list_template.gui:8440 - Could not find template 'tooltip_w'

[12:08:59][W][pdx_gui_factory.cpp:731]: gui/DI_title_manager_templates/DI_title_manager_building_list_template.gui:8460 - Could not find template 'tooltip_w'

[12:08:59][W][pdx_gui_factory.cpp:731]: gui/DI_title_manager_templates/DI_title_manager_building_list_template.gui:8480 - Could not find template 'tooltip_w'

[12:08:59][W][pdx_gui_factory.cpp:731]: gui/DI_title_manager_templates/DI_title_manager_building_list_template.gui:8500 - Could not find template 'tooltip_w'

[12:08:59][W][pdx_gui_factory.cpp:731]: gui/DI_title_manager_templates/DI_title_manager_building_list_template.gui:8520 - Could not find template 'tooltip_w'

[12:08:59][W][pdx_gui_factory.cpp:731]: gui/DI_title_manager_templates/DI_title_manager_building_list_template.gui:8587 - Could not find template 'tooltip_w'

[12:08:59][W][pdx_gui_factory.cpp:731]: gui/DI_title_manager_templates/DI_title_manager_building_list_template.gui:8654 - Could not find template 'tooltip_w'

[12:08:59][W][pdx_gui_factory.cpp:731]: gui/DI_title_manager_templates/DI_title_manager_building_list_template.gui:8721 - Could not find template 'tooltip_w'

[12:08:59][W][pdx_gui_factory.cpp:731]: gui/DI_title_manager_templates/DI_title_manager_building_list_template.gui:8741 - Could not find template 'tooltip_w'

[12:08:59][W][pdx_gui_factory.cpp:731]: gui/DI_title_manager_templates/DI_title_manager_building_list_template.gui:8761 - Could not find template 'tooltip_w'

[12:08:59][W][pdx_gui_factory.cpp:731]: gui/DI_title_manager_templates/DI_title_manager_building_list_template.gui:8781 - Could not find template 'tooltip_w'

[12:08:59][W][pdx_gui_factory.cpp:731]: gui/DI_title_manager_templates/DI_title_manager_building_list_template.gui:8801 - Could not find template 'tooltip_w'

[12:08:59][W][pdx_gui_factory.cpp:731]: gui/DI_title_manager_templates/DI_title_manager_building_list_template.gui:8821 - Could not find template 'tooltip_w'

[12:08:59][W][pdx_gui_factory.cpp:731]: gui/DI_title_manager_templates/DI_title_manager_building_list_template.gui:8841 - Could not find template 'tooltip_w'

[12:08:59][W][pdx_gui_factory.cpp:731]: gui/DI_title_manager_templates/DI_title_manager_building_list_template.gui:8861 - Could not find template 'tooltip_w'

[12:08:59][W][pdx_gui_factory.cpp:731]: gui/DI_title_manager_templates/DI_title_manager_building_list_template.gui:8881 - Could not find template 'tooltip_w'

[12:08:59][W][pdx_gui_factory.cpp:731]: gui/DI_title_manager_templates/DI_title_manager_building_list_template.gui:8901 - Could not find template 'tooltip_w'

[12:08:59][W][pdx_gui_factory.cpp:731]: gui/DI_title_manager_templates/DI_title_manager_building_list_template.gui:8921 - Could not find template 'tooltip_w'

[12:08:59][W][pdx_gui_factory.cpp:731]: gui/DI_title_manager_templates/DI_title_manager_building_list_template.gui:8941 - Could not find template 'tooltip_w'

[12:08:59][W][pdx_gui_factory.cpp:731]: gui/DI_title_manager_templates/DI_title_manager_building_list_template.gui:8961 - Could not find template 'tooltip_w'

[12:08:59][W][pdx_gui_factory.cpp:731]: gui/DI_title_manager_templates/DI_title_manager_building_list_template.gui:8981 - Could not find template 'tooltip_w'

[12:08:59][W][pdx_gui_factory.cpp:731]: gui/DI_title_manager_templates/DI_title_manager_building_list_template.gui:9001 - Could not find template 'tooltip_w'

[12:08:59][W][pdx_gui_factory.cpp:731]: gui/DI_title_manager_templates/DI_title_manager_building_list_template.gui:9021 - Could not find template 'tooltip_w'

[12:08:59][W][pdx_gui_factory.cpp:731]: gui/DI_title_manager_templates/DI_title_manager_building_list_template.gui:9041 - Could not find template 'tooltip_w'

[12:08:59][W][pdx_gui_factory.cpp:731]: gui/DI_title_manager_templates/DI_title_manager_building_list_template.gui:9108 - Could not find template 'tooltip_w'

[12:08:59][W][pdx_gui_factory.cpp:731]: gui/DI_title_manager_templates/DI_title_manager_building_list_template.gui:9128 - Could not find template 'tooltip_w'

[12:08:59][W][pdx_gui_factory.cpp:731]: gui/DI_title_manager_templates/DI_title_manager_building_list_template.gui:9148 - Could not find template 'tooltip_w'

[12:08:59][W][pdx_gui_factory.cpp:731]: gui/DI_title_manager_templates/DI_title_manager_building_list_template.gui:9168 - Could not find template 'tooltip_w'

[12:08:59][W][pdx_gui_factory.cpp:731]: gui/DI_title_manager_templates/DI_title_manager_building_list_template.gui:9188 - Could not find template 'tooltip_w'

[12:08:59][W][pdx_gui_factory.cpp:731]: gui/DI_title_manager_templates/DI_title_manager_building_list_template.gui:9255 - Could not find template 'tooltip_w'

[12:08:59][W][pdx_gui_factory.cpp:731]: gui/DI_title_manager_templates/DI_title_manager_building_list_template.gui:9275 - Could not find template 'tooltip_w'

[12:08:59][W][pdx_gui_factory.cpp:731]: gui/DI_title_manager_templates/DI_title_manager_building_list_template.gui:9295 - Could not find template 'tooltip_w'

[12:08:59][W][pdx_gui_factory.cpp:731]: gui/DI_title_manager_templates/DI_title_manager_building_list_template.gui:9315 - Could not find template 'tooltip_w'

[12:08:59][W][pdx_gui_factory.cpp:731]: gui/DI_title_manager_templates/DI_title_manager_building_list_template.gui:9335 - Could not find template 'tooltip_w'

[12:08:59][W][pdx_gui_factory.cpp:731]: gui/DI_title_manager_templates/DI_title_manager_building_list_template.gui:9355 - Could not find template 'tooltip_w'

[12:08:59][W][pdx_gui_factory.cpp:731]: gui/DI_title_manager_templates/DI_title_manager_building_list_template.gui:9375 - Could not find template 'tooltip_w'

[12:08:59][W][pdx_gui_factory.cpp:731]: gui/DI_title_manager_templates/DI_title_manager_building_list_template.gui:9395 - Could not find template 'tooltip_w'

[12:08:59][W][pdx_gui_factory.cpp:731]: gui/DI_title_manager_templates/DI_title_manager_building_list_template.gui:9415 - Could not find template 'tooltip_w'

[12:08:59][W][pdx_gui_factory.cpp:731]: gui/DI_title_manager_templates/DI_title_manager_building_list_template.gui:9435 - Could not find template 'tooltip_w'

[12:08:59][W][pdx_gui_factory.cpp:731]: gui/DI_title_manager_templates/DI_title_manager_building_list_template.gui:9455 - Could not find template 'tooltip_w'

[12:08:59][W][pdx_gui_factory.cpp:731]: gui/DI_title_manager_templates/DI_title_manager_building_list_template.gui:9475 - Could not find template 'tooltip_w'

[12:08:59][W][pdx_gui_factory.cpp:731]: gui/DI_title_manager_templates/DI_title_manager_building_list_template.gui:9495 - Could not find template 'tooltip_w'

[12:08:59][W][pdx_gui_factory.cpp:731]: gui/DI_title_manager_templates/DI_title_manager_building_list_template.gui:9562 - Could not find template 'tooltip_w'

[12:08:59][W][pdx_gui_factory.cpp:731]: gui/DI_title_manager_templates/DI_title_manager_building_list_template.gui:9582 - Could not find template 'tooltip_w'

[12:08:59][W][pdx_gui_factory.cpp:731]: gui/DI_title_manager_templates/DI_title_manager_building_list_template.gui:9602 - Could not find template 'tooltip_w'

[12:08:59][W][pdx_gui_factory.cpp:731]: gui/DI_title_manager_templates/DI_title_manager_building_list_template.gui:9669 - Could not find template 'tooltip_w'

[12:08:59][W][pdx_gui_factory.cpp:731]: gui/DI_title_manager_templates/DI_title_manager_building_list_template.gui:9689 - Could not find template 'tooltip_w'

[12:08:59][W][pdx_gui_factory.cpp:731]: gui/DI_title_manager_templates/DI_title_manager_building_list_template.gui:9709 - Could not find template 'tooltip_w'

[12:08:59][W][pdx_gui_factory.cpp:731]: gui/DI_title_manager_templates/DI_title_manager_building_list_template.gui:9729 - Could not find template 'tooltip_w'

[12:08:59][W][pdx_gui_factory.cpp:731]: gui/DI_title_manager_templates/DI_title_manager_building_list_template.gui:9749 - Could not find template 'tooltip_w'

[12:08:59][W][pdx_gui_factory.cpp:731]: gui/DI_title_manager_templates/DI_title_manager_building_list_template.gui:9769 - Could not find template 'tooltip_w'

[12:08:59][W][pdx_gui_factory.cpp:731]: gui/DI_title_manager_templates/DI_title_manager_building_list_template.gui:9789 - Could not find template 'tooltip_w'

[12:08:59][W][pdx_gui_factory.cpp:731]: gui/DI_title_manager_templates/DI_title_manager_building_list_template.gui:9809 - Could not find template 'tooltip_w'

[12:08:59][W][pdx_gui_factory.cpp:731]: gui/DI_title_manager_templates/DI_title_manager_building_list_template.gui:9829 - Could not find template 'tooltip_w'

[12:08:59][W][pdx_gui_factory.cpp:731]: gui/DI_title_manager_templates/DI_title_manager_building_list_template.gui:9849 - Could not find template 'tooltip_w'

[12:08:59][W][pdx_gui_factory.cpp:731]: gui/DI_title_manager_templates/DI_title_manager_building_list_template.gui:9869 - Could not find template 'tooltip_w'

[12:08:59][W][pdx_gui_factory.cpp:731]: gui/DI_title_manager_templates/DI_title_manager_building_list_template.gui:9889 - Could not find template 'tooltip_w'

[12:08:59][W][pdx_gui_factory.cpp:731]: gui/DI_title_manager_templates/DI_title_manager_building_list_template.gui:9909 - Could not find template 'tooltip_w'

[12:08:59][W][pdx_gui_factory.cpp:731]: gui/DI_title_manager_templates/DI_title_manager_building_list_template.gui:9929 - Could not find template 'tooltip_w'

[12:08:59][W][pdx_gui_factory.cpp:731]: gui/DI_title_manager_templates/DI_title_manager_building_list_template.gui:9949 - Could not find template 'tooltip_w'

[12:08:59][W][pdx_gui_factory.cpp:731]: gui/DI_title_manager_templates/DI_title_manager_building_list_template.gui:9969 - Could not find template 'tooltip_w'

[12:08:59][W][pdx_gui_factory.cpp:731]: gui/DI_title_manager_templates/DI_title_manager_building_list_template.gui:9989 - Could not find template 'tooltip_w'

[12:08:59][W][pdx_gui_factory.cpp:731]: gui/DI_title_manager_templates/DI_title_manager_building_list_template.gui:10009 - Could not find template 'tooltip_w'

[12:08:59][W][pdx_gui_factory.cpp:731]: gui/DI_title_manager_templates/DI_title_manager_building_list_template.gui:10029 - Could not find template 'tooltip_w'

[12:08:59][W][pdx_gui_factory.cpp:731]: gui/DI_title_manager_templates/DI_title_manager_building_list_template.gui:10049 - Could not find template 'tooltip_w'

[12:08:59][W][pdx_gui_factory.cpp:731]: gui/DI_title_manager_templates/DI_title_manager_building_list_template.gui:10116 - Could not find template 'tooltip_w'

[12:08:59][W][pdx_gui_factory.cpp:731]: gui/DI_title_manager_templates/DI_title_manager_building_list_template.gui:10136 - Could not find template 'tooltip_w'

[12:08:59][W][pdx_gui_factory.cpp:731]: gui/DI_title_manager_templates/DI_title_manager_building_list_template.gui:10156 - Could not find template 'tooltip_w'

[12:08:59][W][pdx_gui_factory.cpp:731]: gui/DI_title_manager_templates/DI_title_manager_building_list_template.gui:10176 - Could not find template 'tooltip_w'

[12:08:59][W][pdx_gui_factory.cpp:731]: gui/DI_title_manager_templates/DI_title_manager_building_list_template.gui:10196 - Could not find template 'tooltip_w'

[12:08:59][W][pdx_gui_factory.cpp:731]: gui/DI_title_manager_templates/DI_title_manager_building_list_template.gui:10216 - Could not find template 'tooltip_w'

[12:08:59][W][pdx_gui_factory.cpp:731]: gui/DI_title_manager_templates/DI_title_manager_building_list_template.gui:10236 - Could not find template 'tooltip_w'

[12:08:59][W][pdx_gui_factory.cpp:731]: gui/DI_title_manager_templates/DI_title_manager_building_list_template.gui:10256 - Could not find template 'tooltip_w'

[12:08:59][W][pdx_gui_factory.cpp:731]: gui/DI_title_manager_templates/DI_title_manager_building_list_template.gui:10276 - Could not find template 'tooltip_w'

[12:08:59][W][pdx_gui_factory.cpp:731]: gui/DI_title_manager_templates/DI_title_manager_building_list_template.gui:10296 - Could not find template 'tooltip_w'

[12:08:59][W][pdx_gui_factory.cpp:731]: gui/DI_title_manager_templates/DI_title_manager_building_list_template.gui:10316 - Could not find template 'tooltip_w'

[12:08:59][W][pdx_gui_factory.cpp:731]: gui/DI_title_manager_templates/DI_title_manager_building_list_template.gui:10336 - Could not find template 'tooltip_w'

[12:08:59][W][pdx_gui_factory.cpp:731]: gui/DI_title_manager_templates/DI_title_manager_building_list_template.gui:10403 - Could not find template 'tooltip_w'

[12:08:59][W][pdx_gui_factory.cpp:731]: gui/DI_title_manager_templates/DI_title_manager_building_list_template.gui:10423 - Could not find template 'tooltip_w'

[12:08:59][W][pdx_gui_factory.cpp:731]: gui/DI_title_manager_templates/DI_title_manager_building_list_template.gui:10443 - Could not find template 'tooltip_w'

[12:08:59][W][pdx_gui_factory.cpp:731]: gui/DI_title_manager_templates/DI_title_manager_building_list_template.gui:10510 - Could not find template 'tooltip_w'

[12:08:59][W][pdx_gui_factory.cpp:731]: gui/DI_title_manager_templates/DI_title_manager_building_list_template.gui:10530 - Could not find template 'tooltip_w'

[12:08:59][W][pdx_gui_factory.cpp:731]: gui/DI_title_manager_templates/DI_title_manager_building_list_template.gui:10550 - Could not find template 'tooltip_w'

[12:08:59][W][pdx_gui_factory.cpp:731]: gui/DI_title_manager_templates/DI_title_manager_building_list_template.gui:10570 - Could not find template 'tooltip_w'

[12:08:59][W][pdx_gui_factory.cpp:731]: gui/DI_title_manager_templates/DI_title_manager_building_list_template.gui:10590 - Could not find template 'tooltip_w'

[12:08:59][W][pdx_gui_factory.cpp:731]: gui/DI_title_manager_templates/DI_title_manager_building_list_template.gui:10610 - Could not find template 'tooltip_w'

[12:08:59][W][pdx_gui_factory.cpp:731]: gui/DI_title_manager_templates/DI_title_manager_building_list_template.gui:10630 - Could not find template 'tooltip_w'

[12:08:59][W][pdx_gui_factory.cpp:731]: gui/DI_title_manager_templates/DI_title_manager_building_list_template.gui:10650 - Could not find template 'tooltip_w'

[12:08:59][W][pdx_gui_factory.cpp:731]: gui/DI_title_manager_templates/DI_title_manager_building_list_template.gui:10670 - Could not find template 'tooltip_w'

[12:08:59][W][pdx_gui_factory.cpp:731]: gui/DI_title_manager_templates/DI_title_manager_building_list_template.gui:10737 - Could not find template 'tooltip_w'

[12:08:59][W][pdx_gui_factory.cpp:731]: gui/DI_title_manager_templates/DI_title_manager_building_list_template.gui:10757 - Could not find template 'tooltip_w'

[12:08:59][W][pdx_gui_factory.cpp:731]: gui/DI_title_manager_templates/DI_title_manager_building_list_template.gui:10777 - Could not find template 'tooltip_w'

[12:08:59][W][pdx_gui_factory.cpp:731]: gui/DI_title_manager_templates/DI_title_manager_building_list_template.gui:10844 - Could not find template 'tooltip_w'

[12:08:59][W][pdx_gui_factory.cpp:731]: gui/DI_title_manager_templates/DI_title_manager_building_list_template.gui:10864 - Could not find template 'tooltip_w'

[12:08:59][W][pdx_gui_factory.cpp:731]: gui/DI_title_manager_templates/DI_title_manager_building_list_template.gui:10931 - Could not find template 'tooltip_w'

[12:08:59][W][pdx_gui_factory.cpp:731]: gui/DI_title_manager_templates/DI_title_manager_building_list_template.gui:10951 - Could not find template 'tooltip_w'

[12:08:59][W][pdx_gui_factory.cpp:731]: gui/DI_title_manager_templates/DI_title_manager_building_list_template.gui:10971 - Could not find template 'tooltip_w'

[12:08:59][W][pdx_gui_factory.cpp:731]: gui/DI_title_manager_templates/DI_title_manager_building_list_template.gui:10991 - Could not find template 'tooltip_w'

[12:08:59][W][pdx_gui_factory.cpp:731]: gui/DI_title_manager_templates/DI_title_manager_building_list_template.gui:11011 - Could not find template 'tooltip_w'

[12:08:59][W][pdx_gui_factory.cpp:731]: gui/custom_gui/mde_gui/dragonpits_viewer.gui:164 - Could not find template 'Font_Size_Huge'

[12:08:59][W][pdx_gui_factory.cpp:731]: gui/custom_gui/mde_gui/dragonpits_viewer.gui:173 - Could not find template 'Font_Size_Huge'

[12:08:59][W][pdx_gui_factory.cpp:731]: gui/custom_gui/mde_gui/dragonpits_viewer.gui:189 - Could not find template 'Font_Size_Huge'

[12:08:59][W][pdx_gui_factory.cpp:731]: gui/custom_gui/mde_gui/dragonpits_viewer.gui:197 - Could not find template 'Font_Size_Huge'

[12:08:59][W][pdx_gui_factory.cpp:731]: gui/custom_gui/mde_gui/dragonpits_viewer.gui:263 - Could not find template 'Font_Size_Huge'

[12:08:59][W][pdx_gui_factory.cpp:731]: gui/custom_gui/mde_gui/dragonpits_viewer.gui:273 - Could not find template 'Font_Size_Huge'

[12:08:59][W][pdx_gui_factory.cpp:731]: gui/custom_gui/mde_gui/dragonpits_viewer.gui:289 - Could not find template 'Font_Size_Huge'

[12:08:59][W][pdx_gui_factory.cpp:731]: gui/custom_gui/mde_gui/dragonpits_viewer.gui:297 - Could not find template 'Font_Size_Huge'

[12:08:59][W][pdx_gui_factory.cpp:731]: gui/custom_gui/mde_gui/dragonpits_viewer.gui:469 - Could not find template 'Font_Size_Huge'

[12:08:59][W][pdx_gui_factory.cpp:731]: gui/custom_gui/mde_gui/dragonpits_viewer.gui:478 - Could not find template 'Font_Size_Huge'

[12:08:59][W][pdx_gui_factory.cpp:731]: gui/custom_gui/mde_gui/dragonpits_viewer.gui:487 - Could not find template 'Font_Size_Huge'

[12:08:59][W][pdx_gui_factory.cpp:731]: gui/custom_gui/mde_gui/dragonpits_viewer.gui:555 - Could not find template 'Font_Size_Huge'

[12:08:59][W][pdx_gui_factory.cpp:731]: gui/custom_gui/mde_gui/dragonpit_single_viewer.gui:274 - Could not find template 'Font_Size_Huge'

[12:08:59][W][pdx_gui_factory.cpp:731]: gui/custom_gui/mde_gui/dragonpit_single_viewer.gui:463 - Could not find template 'Font_Size_Huge'

[12:08:59][W][pdx_gui_factory.cpp:731]: gui/custom_gui/mde_gui/dragonpit_single_viewer.gui:470 - Could not find template 'Font_Size_Huge'

[12:08:59][W][pdx_gui_factory.cpp:731]: gui/custom_gui/mde_gui/dragonpit_single_viewer.gui:716 - Could not find template 'Font_Size_Huge'

[12:08:59][W][pdx_gui_factory.cpp:731]: gui/shared/cooltip.gui:3989 - Could not find template 'army_tooltip'

