[13:17:48][jomini_dynamicdescription.cpp:66] [original line 9767] Unrecognized loc key show_notifications_decision_tooltip. show_notifications_decision
[13:17:51][jomini_dynamicdescription.cpp:66] [original line 10068] Unrecognized loc key trait_asoiaf_Targaryen_12_trait. asoiaf_Targaryen_12_trait
[13:17:51][jomini_dynamicdescription.cpp:66] [original line 10069] Unrecognized loc key trait_asoiaf_Targaryen_13_trait. asoiaf_Targaryen_13_trait
[13:17:51][jomini_dynamicdescription.cpp:66] [original line 10070] Unrecognized loc key trait_asoiaf_Targaryen_14_trait. asoiaf_Targaryen_14_trait
[13:17:51][jomini_dynamicdescription.cpp:66] [original line 10071] Unrecognized loc key trait_asoiaf_Targaryen_15_trait. asoiaf_Targaryen_15_trait
[13:17:51][jomini_dynamicdescription.cpp:66] [original line 10072] Unrecognized loc key trait_asoiaf_Targaryen_16_trait. asoiaf_Targaryen_16_trait
[13:17:51][jomini_dynamicdescription.cpp:66] [original line 10073] Unrecognized loc key trait_asoiaf_Targaryen_17_trait. asoiaf_Targaryen_17_trait
[13:17:51][jomini_dynamicdescription.cpp:66] [original line 10074] Unrecognized loc key trait_asoiaf_Targaryen_20_trait. asoiaf_Targaryen_20_trait
[13:17:51][jomini_dynamicdescription.cpp:66] [original line 10075] Unrecognized loc key trait_asoiaf_Targaryen_21_trait. asoiaf_Targaryen_21_trait
[13:17:51][jomini_dynamicdescription.cpp:66] [original line 10076] Unrecognized loc key trait_asoiaf_Targaryen_22_trait. asoiaf_Targaryen_22_trait
[13:17:51][jomini_dynamicdescription.cpp:66] [original line 10077] Unrecognized loc key trait_asoiaf_Targaryen_23_trait. asoiaf_Targaryen_23_trait
[13:17:51][jomini_dynamicdescription.cpp:66] [original line 10078] Unrecognized loc key trait_asoiaf_Targaryen_24_trait. asoiaf_Targaryen_24_trait
[13:17:51][jomini_dynamicdescription.cpp:66] [original line 10079] Unrecognized loc key trait_asoiaf_Targaryen_25_trait. asoiaf_Targaryen_25_trait
[13:17:51][jomini_dynamicdescription.cpp:66] [original line 10080] Unrecognized loc key trait_asoiaf_Targaryen_26_trait. asoiaf_Targaryen_26_trait
[13:17:51][jomini_dynamicdescription.cpp:66] [original line 10081] Unrecognized loc key trait_asoiaf_Targaryen_28_trait. asoiaf_Targaryen_28_trait
[13:17:51][jomini_dynamicdescription.cpp:66] [original line 10082] Unrecognized loc key trait_asoiaf_Targaryen_27_trait. asoiaf_Targaryen_27_trait
[13:17:51][jomini_dynamicdescription.cpp:66] [original line 10083] Unrecognized loc key trait_asoiaf_Targaryen_29_trait. asoiaf_Targaryen_29_trait
[13:17:51][jomini_dynamicdescription.cpp:66] [original line 10084] Unrecognized loc key trait_asoiaf_Targaryen_30_trait. asoiaf_Targaryen_30_trait
[13:17:51][jomini_dynamicdescription.cpp:66] [original line 10085] Unrecognized loc key trait_asoiaf_Targaryen_31_trait. asoiaf_Targaryen_31_trait
[13:17:51][jomini_dynamicdescription.cpp:66] [original line 10086] Unrecognized loc key trait_asoiaf_Targaryen_32_trait. asoiaf_Targaryen_32_trait
[13:17:51][jomini_dynamicdescription.cpp:66] [original line 10087] Unrecognized loc key trait_asoiaf_Targaryen_33_trait. asoiaf_Targaryen_33_trait
[13:17:51][jomini_dynamicdescription.cpp:66] [original line 10088] Unrecognized loc key trait_asoiaf_Targaryen_34_trait. asoiaf_Targaryen_34_trait
[13:17:51][jomini_dynamicdescription.cpp:66] [original line 10089] Unrecognized loc key trait_asoiaf_Targaryen_35_trait. asoiaf_Targaryen_35_trait
[13:17:51][jomini_dynamicdescription.cpp:66] [original line 10090] Unrecognized loc key trait_asoiaf_Targaryen_36_trait. asoiaf_Targaryen_36_trait
[13:17:51][jomini_dynamicdescription.cpp:66] [original line 10091] Unrecognized loc key trait_asoiaf_Targaryen_37_trait. asoiaf_Targaryen_37_trait
[13:17:51][jomini_dynamicdescription.cpp:66] [original line 10092] Unrecognized loc key trait_asoiaf_Targaryen_38_trait. asoiaf_Targaryen_38_trait
[13:17:51][jomini_dynamicdescription.cpp:66] [original line 10093] Unrecognized loc key trait_asoiaf_Targaryen_40_trait. asoiaf_Targaryen_40_trait
[13:17:51][jomini_dynamicdescription.cpp:66] [original line 10094] Unrecognized loc key trait_asoiaf_Targaryen_39_trait. asoiaf_Targaryen_39_trait
[13:17:51][jomini_dynamicdescription.cpp:66] [original line 10095] Unrecognized loc key trait_asoiaf_Targaryen_41_trait. asoiaf_Targaryen_41_trait
[13:17:51][jomini_dynamicdescription.cpp:66] [original line 10096] Unrecognized loc key trait_asoiaf_Targaryen_42_trait. asoiaf_Targaryen_42_trait
[13:17:51][jomini_dynamicdescription.cpp:66] [original line 10097] Unrecognized loc key trait_asoiaf_Targaryen_43_trait. asoiaf_Targaryen_43_trait
[13:17:51][jomini_dynamicdescription.cpp:66] [original line 10098] Unrecognized loc key trait_asoiaf_Targaryen_44_trait. asoiaf_Targaryen_44_trait
[13:17:51][jomini_dynamicdescription.cpp:66] [original line 10099] Unrecognized loc key trait_asoiaf_Targaryen_45_trait. asoiaf_Targaryen_45_trait
[13:17:51][jomini_dynamicdescription.cpp:66] [original line 10100] Unrecognized loc key trait_asoiaf_Targaryen_46_trait. asoiaf_Targaryen_46_trait
[13:17:51][jomini_dynamicdescription.cpp:66] [original line 10101] Unrecognized loc key trait_asoiaf_Targaryen_47_trait. asoiaf_Targaryen_47_trait
[13:17:51][jomini_dynamicdescription.cpp:66] [original line 10102] Unrecognized loc key trait_asoiaf_Targaryen_48_trait. asoiaf_Targaryen_48_trait
[13:17:51][jomini_dynamicdescription.cpp:66] [original line 10103] Unrecognized loc key trait_asoiaf_Targaryen_49_trait. asoiaf_Targaryen_49_trait
[13:17:51][jomini_dynamicdescription.cpp:66] [original line 10104] Unrecognized loc key trait_asoiaf_Targaryen_50_trait. asoiaf_Targaryen_50_trait
[13:17:51][jomini_dynamicdescription.cpp:66] [original line 10105] Unrecognized loc key trait_asoiaf_Targaryen_51_trait. asoiaf_Targaryen_51_trait
[13:17:51][jomini_dynamicdescription.cpp:66] [original line 10106] Unrecognized loc key trait_asoiaf_Targaryen_52_trait. asoiaf_Targaryen_52_trait
[13:17:51][jomini_dynamicdescription.cpp:66] [original line 10107] Unrecognized loc key trait_asoiaf_Targaryen_53_trait. asoiaf_Targaryen_53_trait
[13:17:51][jomini_dynamicdescription.cpp:66] [original line 10108] Unrecognized loc key trait_asoiaf_Targaryen_54_trait. asoiaf_Targaryen_54_trait
[13:17:51][jomini_dynamicdescription.cpp:66] [original line 10109] Unrecognized loc key trait_asoiaf_Targaryen_55_trait. asoiaf_Targaryen_55_trait
[13:17:51][jomini_dynamicdescription.cpp:66] [original line 10110] Unrecognized loc key trait_asoiaf_Targaryen_55_1_trait. asoiaf_Targaryen_55_1_trait
[13:17:51][jomini_dynamicdescription.cpp:66] [original line 10111] Unrecognized loc key trait_asoiaf_Targaryen_56_trait. asoiaf_Targaryen_56_trait
[13:17:51][jomini_dynamicdescription.cpp:66] [original line 10112] Unrecognized loc key trait_asoiaf_Targaryen_57_trait. asoiaf_Targaryen_57_trait
[13:17:51][jomini_dynamicdescription.cpp:66] [original line 10113] Unrecognized loc key trait_asoiaf_Targaryen_58_trait. asoiaf_Targaryen_58_trait
[13:17:51][jomini_dynamicdescription.cpp:66] [original line 10114] Unrecognized loc key trait_asoiaf_Hammer_1_trait. asoiaf_Hammer_1_trait
[13:17:51][jomini_dynamicdescription.cpp:66] [original line 10115] Unrecognized loc key trait_asoiaf_Hammer_2_trait. asoiaf_Hammer_2_trait
[13:17:51][jomini_dynamicdescription.cpp:66] [original line 10116] Unrecognized loc key trait_asoiaf_White_1_trait. asoiaf_White_1_trait
[13:17:51][jomini_dynamicdescription.cpp:66] [original line 10117] Unrecognized loc key trait_asoiaf_Farseed_1_trait. asoiaf_Farseed_1_trait
[13:17:51][jomini_dynamicdescription.cpp:66] [original line 10118] Unrecognized loc key trait_asoiaf_Targaryen_59_trait. asoiaf_Targaryen_59_trait
[13:17:51][jomini_dynamicdescription.cpp:66] [original line 10119] Unrecognized loc key trait_asoiaf_Targaryen_60_trait. asoiaf_Targaryen_60_trait
[13:17:51][jomini_dynamicdescription.cpp:66] [original line 10120] Unrecognized loc key trait_asoiaf_Targaryen_61_trait. asoiaf_Targaryen_61_trait
[13:17:51][jomini_dynamicdescription.cpp:66] [original line 10121] Unrecognized loc key trait_asoiaf_Targaryen_62_trait. asoiaf_Targaryen_62_trait
[13:17:51][jomini_dynamicdescription.cpp:66] [original line 10122] Unrecognized loc key trait_asoiaf_Targaryen_131_trait. asoiaf_Targaryen_131_trait
[13:17:51][jomini_dynamicdescription.cpp:66] [original line 10123] Unrecognized loc key trait_asoiaf_Targaryen_63_trait. asoiaf_Targaryen_63_trait
[13:17:51][jomini_dynamicdescription.cpp:66] [original line 10124] Unrecognized loc key trait_asoiaf_Targaryen_64_trait. asoiaf_Targaryen_64_trait
[13:17:51][jomini_dynamicdescription.cpp:66] [original line 10125] Unrecognized loc key trait_asoiaf_Targaryen_65_trait. asoiaf_Targaryen_65_trait
[13:17:51][jomini_dynamicdescription.cpp:66] [original line 10126] Unrecognized loc key trait_asoiaf_Targaryen_66_trait. asoiaf_Targaryen_66_trait
[13:17:51][jomini_dynamicdescription.cpp:66] [original line 10127] Unrecognized loc key trait_asoiaf_Targaryen_67_trait. asoiaf_Targaryen_67_trait
[13:17:51][jomini_dynamicdescription.cpp:66] [original line 10128] Unrecognized loc key trait_asoiaf_Targaryen_68_trait. asoiaf_Targaryen_68_trait
[13:17:51][jomini_dynamicdescription.cpp:66] [original line 10129] Unrecognized loc key trait_asoiaf_Targaryen_69_trait. asoiaf_Targaryen_69_trait
[13:17:51][jomini_dynamicdescription.cpp:66] [original line 10130] Unrecognized loc key trait_asoiaf_Targaryen_70_trait. asoiaf_Targaryen_70_trait
[13:17:51][jomini_dynamicdescription.cpp:66] [original line 10131] Unrecognized loc key trait_asoiaf_Targaryen_61_1_trait. asoiaf_Targaryen_61_1_trait
[13:17:51][jomini_dynamicdescription.cpp:66] [original line 10132] Unrecognized loc key trait_asoiaf_Targaryen_71_trait. asoiaf_Targaryen_71_trait
[13:17:51][jomini_dynamicdescription.cpp:66] [original line 10133] Unrecognized loc key trait_asoiaf_Targaryen_72_trait. asoiaf_Targaryen_72_trait
[13:17:51][jomini_dynamicdescription.cpp:66] [original line 10134] Unrecognized loc key trait_asoiaf_Targaryen_73_trait. asoiaf_Targaryen_73_trait
[13:17:51][jomini_dynamicdescription.cpp:66] [original line 10135] Unrecognized loc key trait_asoiaf_Targaryen_74_trait. asoiaf_Targaryen_74_trait
[13:17:51][jomini_dynamicdescription.cpp:66] [original line 10136] Unrecognized loc key trait_asoiaf_Targaryen_75_trait. asoiaf_Targaryen_75_trait
[13:17:51][jomini_dynamicdescription.cpp:66] [original line 10137] Unrecognized loc key trait_asoiaf_Targaryen_76_trait. asoiaf_Targaryen_76_trait
[13:17:51][jomini_dynamicdescription.cpp:66] [original line 10138] Unrecognized loc key trait_asoiaf_Targaryen_77_trait. asoiaf_Targaryen_77_trait
[13:17:51][jomini_dynamicdescription.cpp:66] [original line 10139] Unrecognized loc key trait_asoiaf_Targaryen_78_trait. asoiaf_Targaryen_78_trait
[13:17:51][jomini_dynamicdescription.cpp:66] [original line 10140] Unrecognized loc key trait_asoiaf_Targaryen_79_trait. asoiaf_Targaryen_79_trait
[13:17:51][jomini_dynamicdescription.cpp:66] [original line 10141] Unrecognized loc key trait_asoiaf_Targaryen_80_trait. asoiaf_Targaryen_80_trait
[13:17:51][jomini_dynamicdescription.cpp:66] [original line 10142] Unrecognized loc key trait_asoiaf_Targaryen_81_trait. asoiaf_Targaryen_81_trait
[13:17:51][jomini_dynamicdescription.cpp:66] [original line 10143] Unrecognized loc key trait_asoiaf_Targaryen_82_trait. asoiaf_Targaryen_82_trait
[13:17:51][jomini_dynamicdescription.cpp:66] [original line 10144] Unrecognized loc key trait_asoiaf_Targaryen_83_trait. asoiaf_Targaryen_83_trait
[13:17:51][jomini_dynamicdescription.cpp:66] [original line 10145] Unrecognized loc key trait_asoiaf_Targaryen_84_trait. asoiaf_Targaryen_84_trait
[13:17:51][jomini_dynamicdescription.cpp:66] [original line 10146] Unrecognized loc key trait_asoiaf_Targaryen_85_trait. asoiaf_Targaryen_85_trait
[13:17:51][jomini_dynamicdescription.cpp:66] [original line 10147] Unrecognized loc key trait_asoiaf_Targaryen_88_trait. asoiaf_Targaryen_88_trait
[13:17:51][jomini_dynamicdescription.cpp:66] [original line 10148] Unrecognized loc key trait_asoiaf_Targaryen_89_trait. asoiaf_Targaryen_89_trait
[13:17:51][jomini_dynamicdescription.cpp:66] [original line 10149] Unrecognized loc key trait_asoiaf_Targaryen_90_trait. asoiaf_Targaryen_90_trait
[13:17:51][jomini_dynamicdescription.cpp:66] [original line 10150] Unrecognized loc key trait_asoiaf_Targaryen_91_trait. asoiaf_Targaryen_91_trait
[13:17:51][jomini_dynamicdescription.cpp:66] [original line 10151] Unrecognized loc key trait_asoiaf_Targaryen_134_trait. asoiaf_Targaryen_134_trait
[13:17:51][jomini_dynamicdescription.cpp:66] [original line 10152] Unrecognized loc key trait_asoiaf_Targaryen_132_trait. asoiaf_Targaryen_132_trait
[13:17:51][jomini_dynamicdescription.cpp:66] [original line 10153] Unrecognized loc key trait_asoiaf_Targaryen_133_trait. asoiaf_Targaryen_133_trait
[13:17:51][jomini_dynamicdescription.cpp:66] [original line 10154] Unrecognized loc key trait_asoiaf_Targaryen_92_trait. asoiaf_Targaryen_92_trait
[13:17:51][jomini_dynamicdescription.cpp:66] [original line 10155] Unrecognized loc key trait_asoiaf_Targaryen_93_trait. asoiaf_Targaryen_93_trait
[13:17:51][jomini_dynamicdescription.cpp:66] [original line 10156] Unrecognized loc key trait_asoiaf_Targaryen_135_trait. asoiaf_Targaryen_135_trait
[13:17:51][jomini_dynamicdescription.cpp:66] [original line 10157] Unrecognized loc key trait_asoiaf_Targaryen_94_trait. asoiaf_Targaryen_94_trait
[13:17:51][jomini_dynamicdescription.cpp:66] [original line 10158] Unrecognized loc key trait_asoiaf_Targaryen_95_trait. asoiaf_Targaryen_95_trait
[13:17:51][jomini_dynamicdescription.cpp:66] [original line 10159] Unrecognized loc key trait_asoiaf_Targaryen_96_trait. asoiaf_Targaryen_96_trait
[13:17:51][jomini_dynamicdescription.cpp:66] [original line 10160] Unrecognized loc key trait_asoiaf_Targaryen_97_trait. asoiaf_Targaryen_97_trait
[13:17:51][jomini_dynamicdescription.cpp:66] [original line 10161] Unrecognized loc key trait_asoiaf_Targaryen_98_trait. asoiaf_Targaryen_98_trait
[13:17:51][jomini_dynamicdescription.cpp:66] [original line 10162] Unrecognized loc key trait_asoiaf_Targaryen_99_trait. asoiaf_Targaryen_99_trait
[13:17:51][jomini_dynamicdescription.cpp:66] [original line 10163] Unrecognized loc key trait_asoiaf_Targaryen_100_trait. asoiaf_Targaryen_100_trait
[13:17:51][jomini_dynamicdescription.cpp:66] [original line 10164] Unrecognized loc key trait_asoiaf_Targaryen_101_trait. asoiaf_Targaryen_101_trait
[13:17:51][jomini_dynamicdescription.cpp:66] [original line 10165] Unrecognized loc key trait_asoiaf_Targaryen_102_trait. asoiaf_Targaryen_102_trait
[13:17:51][jomini_dynamicdescription.cpp:66] [original line 10166] Unrecognized loc key trait_asoiaf_Targaryen_103_trait. asoiaf_Targaryen_103_trait
[13:17:51][jomini_dynamicdescription.cpp:66] [original line 10167] Unrecognized loc key trait_asoiaf_Targaryen_104_trait. asoiaf_Targaryen_104_trait
[13:17:51][jomini_dynamicdescription.cpp:66] [original line 10168] Unrecognized loc key trait_asoiaf_Targaryen_105_trait. asoiaf_Targaryen_105_trait
[13:17:51][jomini_dynamicdescription.cpp:66] [original line 10169] Unrecognized loc key trait_asoiaf_Targaryen_106_trait. asoiaf_Targaryen_106_trait
[13:17:51][jomini_dynamicdescription.cpp:66] [original line 10170] Unrecognized loc key trait_asoiaf_Targaryen_107_trait. asoiaf_Targaryen_107_trait
[13:17:51][jomini_dynamicdescription.cpp:66] [original line 10171] Unrecognized loc key trait_asoiaf_Targaryen_108_trait. asoiaf_Targaryen_108_trait
[13:17:51][jomini_dynamicdescription.cpp:66] [original line 10172] Unrecognized loc key trait_asoiaf_Targaryen_109_trait. asoiaf_Targaryen_109_trait
[13:17:51][jomini_dynamicdescription.cpp:66] [original line 10173] Unrecognized loc key trait_asoiaf_Targaryen_110_trait. asoiaf_Targaryen_110_trait
[13:17:51][jomini_dynamicdescription.cpp:66] [original line 10174] Unrecognized loc key trait_asoiaf_Targaryen_111_trait. asoiaf_Targaryen_111_trait
[13:17:51][jomini_dynamicdescription.cpp:66] [original line 10175] Unrecognized loc key trait_asoiaf_Targaryen_112_trait. asoiaf_Targaryen_112_trait
[13:17:51][jomini_dynamicdescription.cpp:66] [original line 10176] Unrecognized loc key trait_asoiaf_Targaryen_113_trait. asoiaf_Targaryen_113_trait
[13:17:51][jomini_dynamicdescription.cpp:66] [original line 10177] Unrecognized loc key trait_asoiaf_Targaryen_114_trait. asoiaf_Targaryen_114_trait
[13:17:51][jomini_dynamicdescription.cpp:66] [original line 10178] Unrecognized loc key trait_asoiaf_Targaryen_115_trait. asoiaf_Targaryen_115_trait
[13:17:51][jomini_dynamicdescription.cpp:66] [original line 10179] Unrecognized loc key trait_asoiaf_Targaryen_116_trait. asoiaf_Targaryen_116_trait
[13:17:51][jomini_dynamicdescription.cpp:66] [original line 10180] Unrecognized loc key trait_asoiaf_Targaryen_117_trait. asoiaf_Targaryen_117_trait
[13:17:51][jomini_dynamicdescription.cpp:66] [original line 10181] Unrecognized loc key trait_asoiaf_Targaryen_118_trait. asoiaf_Targaryen_118_trait
[13:17:51][jomini_dynamicdescription.cpp:66] [original line 10182] Unrecognized loc key trait_asoiaf_Targaryen_119_trait. asoiaf_Targaryen_119_trait
[13:17:51][jomini_dynamicdescription.cpp:66] [original line 10183] Unrecognized loc key trait_asoiaf_Targaryen_120_trait. asoiaf_Targaryen_120_trait
[13:17:51][jomini_dynamicdescription.cpp:66] [original line 10184] Unrecognized loc key trait_asoiaf_Targaryen_121_trait. asoiaf_Targaryen_121_trait
[13:17:51][jomini_dynamicdescription.cpp:66] [original line 10185] Unrecognized loc key trait_asoiaf_Targaryen_122_trait. asoiaf_Targaryen_122_trait
[13:17:51][jomini_dynamicdescription.cpp:66] [original line 10186] Unrecognized loc key trait_asoiaf_Targaryen_123_trait. asoiaf_Targaryen_123_trait
[13:17:51][jomini_dynamicdescription.cpp:66] [original line 10187] Unrecognized loc key trait_asoiaf_Targaryen_124_trait. asoiaf_Targaryen_124_trait
[13:17:51][jomini_dynamicdescription.cpp:66] [original line 10188] Unrecognized loc key trait_asoiaf_Targaryen_125_trait. asoiaf_Targaryen_125_trait
[13:17:51][jomini_dynamicdescription.cpp:66] [original line 10189] Unrecognized loc key trait_asoiaf_Targaryen_126_trait. asoiaf_Targaryen_126_trait
[13:17:51][jomini_dynamicdescription.cpp:66] [original line 10190] Unrecognized loc key trait_asoiaf_Targaryen_127_trait. asoiaf_Targaryen_127_trait
[13:17:51][jomini_dynamicdescription.cpp:66] [original line 10191] Unrecognized loc key trait_asoiaf_Targaryen_128_trait. asoiaf_Targaryen_128_trait
[13:17:51][jomini_dynamicdescription.cpp:66] [original line 10192] Unrecognized loc key trait_asoiaf_Targaryen_129_trait. asoiaf_Targaryen_129_trait
[13:17:51][jomini_dynamicdescription.cpp:66] [original line 10193] Unrecognized loc key trait_asoiaf_Targaryen_130_trait. asoiaf_Targaryen_130_trait
[13:17:51][jomini_dynamicdescription.cpp:66] [original line 10194] Unrecognized loc key trait_asoiaf_Targaryen_1_trait. asoiaf_Targaryen_1_trait
[13:17:51][jomini_dynamicdescription.cpp:66] [original line 10195] Unrecognized loc key trait_asoiaf_Targaryen_2_trait. asoiaf_Targaryen_2_trait
[13:17:51][jomini_dynamicdescription.cpp:66] [original line 10196] Unrecognized loc key trait_asoiaf_Targaryen_3_trait. asoiaf_Targaryen_3_trait
[13:17:51][jomini_dynamicdescription.cpp:66] [original line 10197] Unrecognized loc key trait_asoiaf_Targaryen_4_trait. asoiaf_Targaryen_4_trait
[13:17:51][jomini_dynamicdescription.cpp:66] [original line 10198] Unrecognized loc key trait_asoiaf_Targaryen_5_trait. asoiaf_Targaryen_5_trait
[13:17:51][jomini_dynamicdescription.cpp:66] [original line 10199] Unrecognized loc key trait_asoiaf_Targaryen_6_trait. asoiaf_Targaryen_6_trait
[13:17:51][jomini_dynamicdescription.cpp:66] [original line 10200] Unrecognized loc key trait_asoiaf_Targaryen_7_trait. asoiaf_Targaryen_7_trait
[13:17:51][jomini_dynamicdescription.cpp:66] [original line 10201] Unrecognized loc key trait_asoiaf_Targaryen_8_trait. asoiaf_Targaryen_8_trait
[13:17:51][jomini_dynamicdescription.cpp:66] [original line 10202] Unrecognized loc key trait_asoiaf_Targaryen_9_trait. asoiaf_Targaryen_9_trait
[13:17:51][jomini_dynamicdescription.cpp:66] [original line 10203] Unrecognized loc key trait_asoiaf_Targaryen_10_trait. asoiaf_Targaryen_10_trait
[13:17:51][jomini_dynamicdescription.cpp:66] [original line 10204] Unrecognized loc key trait_asoiaf_Targaryen_11_trait. asoiaf_Targaryen_11_trait
[13:17:51][jomini_dynamicdescription.cpp:66] [original line 10205] Unrecognized loc key trait_asoiaf_Velaryon_10_trait. asoiaf_Velaryon_10_trait
[13:17:51][jomini_dynamicdescription.cpp:66] [original line 10206] Unrecognized loc key trait_asoiaf_Velaryon_11_trait. asoiaf_Velaryon_11_trait
[13:17:51][jomini_dynamicdescription.cpp:66] [original line 10207] Unrecognized loc key trait_asoiaf_Velaryon_12_trait. asoiaf_Velaryon_12_trait
[13:17:51][jomini_dynamicdescription.cpp:66] [original line 10208] Unrecognized loc key trait_asoiaf_Velaryon_13_trait. asoiaf_Velaryon_13_trait
[13:17:51][jomini_dynamicdescription.cpp:66] [original line 10209] Unrecognized loc key trait_asoiaf_Velaryon_14_trait. asoiaf_Velaryon_14_trait
[13:17:51][jomini_dynamicdescription.cpp:66] [original line 10210] Unrecognized loc key trait_asoiaf_Velaryon_15_trait. asoiaf_Velaryon_15_trait
[13:17:51][jomini_dynamicdescription.cpp:66] [original line 10211] Unrecognized loc key trait_asoiaf_Velaryon_16_trait. asoiaf_Velaryon_16_trait
[13:17:51][jomini_dynamicdescription.cpp:66] [original line 10212] Unrecognized loc key trait_asoiaf_Velaryon_20_trait. asoiaf_Velaryon_20_trait
[13:17:51][jomini_dynamicdescription.cpp:66] [original line 10213] Unrecognized loc key trait_asoiaf_Velaryon_21_trait. asoiaf_Velaryon_21_trait
[13:17:51][jomini_dynamicdescription.cpp:66] [original line 10214] Unrecognized loc key trait_asoiaf_Velaryon_23_trait. asoiaf_Velaryon_23_trait
[13:17:51][jomini_dynamicdescription.cpp:66] [original line 10215] Unrecognized loc key trait_asoiaf_Velaryon_24_trait. asoiaf_Velaryon_24_trait
[13:17:51][jomini_dynamicdescription.cpp:66] [original line 10216] Unrecognized loc key trait_asoiaf_Velaryon_25_trait. asoiaf_Velaryon_25_trait
[13:17:51][jomini_dynamicdescription.cpp:66] [original line 10217] Unrecognized loc key trait_asoiaf_Velaryon_26_trait. asoiaf_Velaryon_26_trait
[13:17:51][jomini_dynamicdescription.cpp:66] [original line 10218] Unrecognized loc key trait_asoiaf_Velaryon_31_trait. asoiaf_Velaryon_31_trait
[13:17:51][jomini_dynamicdescription.cpp:66] [original line 10219] Unrecognized loc key trait_asoiaf_Velaryon_34_trait. asoiaf_Velaryon_34_trait
[13:17:51][jomini_dynamicdescription.cpp:66] [original line 10220] Unrecognized loc key trait_asoiaf_Velaryon_35_trait. asoiaf_Velaryon_35_trait
[13:17:51][jomini_dynamicdescription.cpp:66] [original line 10221] Unrecognized loc key trait_asoiaf_Velaryon_43_trait. asoiaf_Velaryon_43_trait
[13:17:51][jomini_dynamicdescription.cpp:66] [original line 10222] Unrecognized loc key trait_asoiaf_Velaryon_44_trait. asoiaf_Velaryon_44_trait
[13:17:51][jomini_dynamicdescription.cpp:66] [original line 10223] Unrecognized loc key trait_asoiaf_Velaryon_45_trait. asoiaf_Velaryon_45_trait
[13:17:51][jomini_dynamicdescription.cpp:66] [original line 10224] Unrecognized loc key trait_asoiaf_Velaryon_53_trait. asoiaf_Velaryon_53_trait
[13:17:51][jomini_dynamicdescription.cpp:66] [original line 10225] Unrecognized loc key trait_asoiaf_Velaryon_54_trait. asoiaf_Velaryon_54_trait
[13:17:51][jomini_dynamicdescription.cpp:66] [original line 10226] Unrecognized loc key trait_asoiaf_Velaryon_56_trait. asoiaf_Velaryon_56_trait
[13:17:51][jomini_dynamicdescription.cpp:66] [original line 10227] Unrecognized loc key trait_asoiaf_Velaryon_57_trait. asoiaf_Velaryon_57_trait
[13:17:51][jomini_dynamicdescription.cpp:66] [original line 10228] Unrecognized loc key trait_asoiaf_Velaryon_58_trait. asoiaf_Velaryon_58_trait
[13:17:51][jomini_dynamicdescription.cpp:66] [original line 10229] Unrecognized loc key trait_asoiaf_Velaryon_59_trait. asoiaf_Velaryon_59_trait
[13:17:51][jomini_dynamicdescription.cpp:66] [original line 10230] Unrecognized loc key trait_asoiaf_Velaryon_60_trait. asoiaf_Velaryon_60_trait
[13:17:51][jomini_dynamicdescription.cpp:66] [original line 10231] Unrecognized loc key trait_asoiaf_Velaryon_61_trait. asoiaf_Velaryon_61_trait
[13:17:51][jomini_dynamicdescription.cpp:66] [original line 10232] Unrecognized loc key trait_asoiaf_Velaryon_62_trait. asoiaf_Velaryon_62_trait
[13:17:51][jomini_dynamicdescription.cpp:66] [original line 10233] Unrecognized loc key trait_asoiaf_Velaryon_63_trait. asoiaf_Velaryon_63_trait
[13:17:51][jomini_dynamicdescription.cpp:66] [original line 10234] Unrecognized loc key trait_asoiaf_Velaryon_1_trait. asoiaf_Velaryon_1_trait
[13:17:51][jomini_dynamicdescription.cpp:66] [original line 10235] Unrecognized loc key trait_asoiaf_Velaryon_2_trait. asoiaf_Velaryon_2_trait
[13:17:51][jomini_dynamicdescription.cpp:66] [original line 10236] Unrecognized loc key trait_asoiaf_Velaryon_3_trait. asoiaf_Velaryon_3_trait
[13:17:51][jomini_dynamicdescription.cpp:66] [original line 10237] Unrecognized loc key trait_asoiaf_Velaryon_4_trait. asoiaf_Velaryon_4_trait
[13:17:51][jomini_dynamicdescription.cpp:66] [original line 10238] Unrecognized loc key trait_asoiaf_Velaryon_5_trait. asoiaf_Velaryon_5_trait
[13:17:51][jomini_dynamicdescription.cpp:66] [original line 10239] Unrecognized loc key trait_asoiaf_Velaryon_6_trait. asoiaf_Velaryon_6_trait
[13:17:51][jomini_dynamicdescription.cpp:66] [original line 10240] Unrecognized loc key trait_asoiaf_Velaryon_7_trait. asoiaf_Velaryon_7_trait
[13:17:51][jomini_dynamicdescription.cpp:66] [original line 10241] Unrecognized loc key trait_asoiaf_Velaryon_7_b_trait. asoiaf_Velaryon_7_b_trait
[13:17:51][jomini_dynamicdescription.cpp:66] [original line 10242] Unrecognized loc key trait_asoiaf_Velaryon_8_trait. asoiaf_Velaryon_8_trait
[13:17:51][jomini_dynamicdescription.cpp:66] [original line 10243] Unrecognized loc key trait_asoiaf_Velaryon_9_trait. asoiaf_Velaryon_9_trait
[13:17:51][jomini_dynamicdescription.cpp:66] [original line 10244] Unrecognized loc key trait_asoiaf_Stark_84_trait. asoiaf_Stark_84_trait
[13:17:51][jomini_dynamicdescription.cpp:66] [original line 10245] Unrecognized loc key trait_asoiaf_Stark_86_trait. asoiaf_Stark_86_trait
[13:17:51][jomini_dynamicdescription.cpp:66] [original line 10246] Unrecognized loc key trait_asoiaf_Stark_87_trait. asoiaf_Stark_87_trait
[13:17:51][jomini_dynamicdescription.cpp:66] [original line 10247] Unrecognized loc key trait_asoiaf_Stark_88_trait. asoiaf_Stark_88_trait
[13:17:51][jomini_dynamicdescription.cpp:66] [original line 10248] Unrecognized loc key trait_asoiaf_Stark_94_trait. asoiaf_Stark_94_trait
[13:17:51][jomini_dynamicdescription.cpp:66] [original line 10249] Unrecognized loc key trait_asoiaf_Stark_95_trait. asoiaf_Stark_95_trait
[13:17:51][jomini_dynamicdescription.cpp:66] [original line 10250] Unrecognized loc key trait_asoiaf_Stark_96_trait. asoiaf_Stark_96_trait
[13:17:51][jomini_dynamicdescription.cpp:66] [original line 10251] Unrecognized loc key trait_asoiaf_Stark_97_trait. asoiaf_Stark_97_trait
[13:17:51][jomini_dynamicdescription.cpp:66] [original line 10252] Unrecognized loc key trait_asoiaf_Stark_98_trait. asoiaf_Stark_98_trait
[13:17:51][jomini_dynamicdescription.cpp:66] [original line 10253] Unrecognized loc key trait_asoiaf_Stark_99_trait. asoiaf_Stark_99_trait
[13:17:51][jomini_dynamicdescription.cpp:66] [original line 10254] Unrecognized loc key trait_asoiaf_Stark_100_trait. asoiaf_Stark_100_trait
[13:17:51][jomini_dynamicdescription.cpp:66] [original line 10255] Unrecognized loc key trait_asoiaf_Stark_101_trait. asoiaf_Stark_101_trait
[13:17:51][jomini_dynamicdescription.cpp:66] [original line 10256] Unrecognized loc key trait_asoiaf_Stark_102_trait. asoiaf_Stark_102_trait
[13:17:51][jomini_dynamicdescription.cpp:66] [original line 10257] Unrecognized loc key trait_asoiaf_Stark_103_trait. asoiaf_Stark_103_trait
[13:17:51][jomini_dynamicdescription.cpp:66] [original line 10258] Unrecognized loc key trait_asoiaf_Stark_1_trait. asoiaf_Stark_1_trait
[13:17:51][jomini_dynamicdescription.cpp:66] [original line 10259] Unrecognized loc key trait_asoiaf_Stark_2_trait. asoiaf_Stark_2_trait
[13:17:51][jomini_dynamicdescription.cpp:66] [original line 10260] Unrecognized loc key trait_asoiaf_Stark_3_trait. asoiaf_Stark_3_trait
[13:17:51][jomini_dynamicdescription.cpp:66] [original line 10261] Unrecognized loc key trait_asoiaf_Stark_5_trait. asoiaf_Stark_5_trait
[13:17:51][jomini_dynamicdescription.cpp:66] [original line 10262] Unrecognized loc key trait_asoiaf_Stark_4_trait. asoiaf_Stark_4_trait
[13:17:51][jomini_dynamicdescription.cpp:66] [original line 10263] Unrecognized loc key trait_asoiaf_Stark_6_trait. asoiaf_Stark_6_trait
[13:17:51][jomini_dynamicdescription.cpp:66] [original line 10264] Unrecognized loc key trait_asoiaf_Stark_7_trait. asoiaf_Stark_7_trait
[13:17:51][jomini_dynamicdescription.cpp:66] [original line 10265] Unrecognized loc key trait_asoiaf_Stark_8_trait. asoiaf_Stark_8_trait
[13:17:51][jomini_dynamicdescription.cpp:66] [original line 10266] Unrecognized loc key trait_asoiaf_Stark_9_trait. asoiaf_Stark_9_trait
[13:17:51][jomini_dynamicdescription.cpp:66] [original line 10267] Unrecognized loc key trait_asoiaf_Stark_10_trait. asoiaf_Stark_10_trait
[13:17:51][jomini_dynamicdescription.cpp:66] [original line 10268] Unrecognized loc key trait_asoiaf_Stark_11_trait. asoiaf_Stark_11_trait
[13:17:51][jomini_dynamicdescription.cpp:66] [original line 10269] Unrecognized loc key trait_asoiaf_Karstark_4_trait. asoiaf_Karstark_4_trait
[13:17:51][jomini_dynamicdescription.cpp:66] [original line 10270] Unrecognized loc key trait_asoiaf_Reed_1_trait. asoiaf_Reed_1_trait
[13:17:51][jomini_dynamicdescription.cpp:66] [original line 10271] Unrecognized loc key trait_asoiaf_Reed_2_trait. asoiaf_Reed_2_trait
[13:17:51][jomini_dynamicdescription.cpp:66] [original line 10272] Unrecognized loc key trait_asoiaf_Reed_3_trait. asoiaf_Reed_3_trait
[13:17:51][jomini_dynamicdescription.cpp:66] [original line 10273] Unrecognized loc key trait_asoiaf_Baratheon_71_trait. asoiaf_Baratheon_71_trait
[13:17:51][jomini_dynamicdescription.cpp:66] [original line 10274] Unrecognized loc key trait_asoiaf_Baratheon_75_trait. asoiaf_Baratheon_75_trait
[13:17:51][jomini_dynamicdescription.cpp:66] [original line 10275] Unrecognized loc key trait_asoiaf_Baratheon_1_trait. asoiaf_Baratheon_1_trait
[13:17:51][jomini_dynamicdescription.cpp:66] [original line 10276] Unrecognized loc key trait_asoiaf_Baratheon_2_trait. asoiaf_Baratheon_2_trait
[13:17:51][jomini_dynamicdescription.cpp:66] [original line 10277] Unrecognized loc key trait_asoiaf_Baratheon_3_trait. asoiaf_Baratheon_3_trait
[13:17:51][jomini_dynamicdescription.cpp:66] [original line 10278] Unrecognized loc key trait_asoiaf_Baratheon_4_trait. asoiaf_Baratheon_4_trait
[13:17:51][jomini_dynamicdescription.cpp:66] [original line 10279] Unrecognized loc key trait_asoiaf_Baratheon_2_1_trait. asoiaf_Baratheon_2_1_trait
[13:17:51][jomini_dynamicdescription.cpp:66] [original line 10280] Unrecognized loc key trait_asoiaf_Baratheon_5_trait. asoiaf_Baratheon_5_trait
[13:17:51][jomini_dynamicdescription.cpp:66] [original line 10281] Unrecognized loc key trait_asoiaf_Baratheon_6_trait. asoiaf_Baratheon_6_trait
[13:17:51][jomini_dynamicdescription.cpp:66] [original line 10282] Unrecognized loc key trait_asoiaf_Baratheon_7_trait. asoiaf_Baratheon_7_trait
[13:17:51][jomini_dynamicdescription.cpp:66] [original line 10283] Unrecognized loc key trait_asoiaf_Baratheon_3_1_trait. asoiaf_Baratheon_3_1_trait
[13:17:51][jomini_dynamicdescription.cpp:66] [original line 10284] Unrecognized loc key trait_asoiaf_Baratheon_3_2_trait. asoiaf_Baratheon_3_2_trait
[13:17:51][jomini_dynamicdescription.cpp:66] [original line 10285] Unrecognized loc key trait_asoiaf_Baratheon_3_3_trait. asoiaf_Baratheon_3_3_trait
[13:17:51][jomini_dynamicdescription.cpp:66] [original line 10286] Unrecognized loc key trait_asoiaf_Baratheon_13_trait. asoiaf_Baratheon_13_trait
[13:17:51][jomini_dynamicdescription.cpp:66] [original line 10287] Unrecognized loc key trait_asoiaf_Cole_11_trait. asoiaf_Cole_11_trait
[13:17:51][jomini_dynamicdescription.cpp:66] [original line 10288] Unrecognized loc key trait_asoiaf_Lannister_129_trait. asoiaf_Lannister_129_trait
[13:17:51][jomini_dynamicdescription.cpp:66] [original line 10289] Unrecognized loc key trait_asoiaf_Lannister_1_trait. asoiaf_Lannister_1_trait
[13:17:51][jomini_dynamicdescription.cpp:66] [original line 10290] Unrecognized loc key trait_asoiaf_Lannister_2_trait. asoiaf_Lannister_2_trait
[13:17:51][jomini_dynamicdescription.cpp:66] [original line 10291] Unrecognized loc key trait_asoiaf_Lannister_3_trait. asoiaf_Lannister_3_trait
[13:17:51][jomini_dynamicdescription.cpp:66] [original line 10292] Unrecognized loc key trait_asoiaf_Lannister_4_trait. asoiaf_Lannister_4_trait
[13:17:51][jomini_dynamicdescription.cpp:66] [original line 10293] Unrecognized loc key trait_asoiaf_Lannister_5_trait. asoiaf_Lannister_5_trait
[13:17:51][jomini_dynamicdescription.cpp:66] [original line 10294] Unrecognized loc key trait_asoiaf_Lannister_6_trait. asoiaf_Lannister_6_trait
[13:17:51][jomini_dynamicdescription.cpp:66] [original line 10295] Unrecognized loc key trait_asoiaf_Lannister_7_trait. asoiaf_Lannister_7_trait
[13:17:51][jomini_dynamicdescription.cpp:66] [original line 10296] Unrecognized loc key trait_asoiaf_Lannister_8_trait. asoiaf_Lannister_8_trait
[13:17:51][jomini_dynamicdescription.cpp:66] [original line 10297] Unrecognized loc key trait_asoiaf_Lannister_9_trait. asoiaf_Lannister_9_trait
[13:17:51][jomini_dynamicdescription.cpp:66] [original line 10298] Unrecognized loc key trait_asoiaf_Lannister_10_trait. asoiaf_Lannister_10_trait
[13:17:51][jomini_dynamicdescription.cpp:66] [original line 10299] Unrecognized loc key trait_asoiaf_Lannister_11_trait. asoiaf_Lannister_11_trait
[13:17:51][jomini_dynamicdescription.cpp:66] [original line 10300] Unrecognized loc key trait_asoiaf_Lannister_12_trait. asoiaf_Lannister_12_trait
[13:17:51][jomini_dynamicdescription.cpp:66] [original line 10301] Unrecognized loc key trait_asoiaf_Arryn_80_trait. asoiaf_Arryn_80_trait
[13:17:51][jomini_dynamicdescription.cpp:66] [original line 10302] Unrecognized loc key trait_asoiaf_Arryn_84_trait. asoiaf_Arryn_84_trait
[13:17:51][jomini_dynamicdescription.cpp:66] [original line 10303] Unrecognized loc key trait_asoiaf_Arryn_3_trait. asoiaf_Arryn_3_trait
[13:17:51][jomini_dynamicdescription.cpp:66] [original line 10304] Unrecognized loc key trait_asoiaf_Arryn_7_trait. asoiaf_Arryn_7_trait
[13:17:51][jomini_dynamicdescription.cpp:66] [original line 10305] Unrecognized loc key trait_asoiaf_Arryn_8_trait. asoiaf_Arryn_8_trait
[13:17:51][jomini_dynamicdescription.cpp:66] [original line 10306] Unrecognized loc key trait_asoiaf_Arryn_3_1_trait. asoiaf_Arryn_3_1_trait
[13:17:51][jomini_dynamicdescription.cpp:66] [original line 10307] Unrecognized loc key trait_asoiaf_Arryn_3_2_trait. asoiaf_Arryn_3_2_trait
[13:17:51][jomini_dynamicdescription.cpp:66] [original line 10308] Unrecognized loc key trait_asoiaf_Baelish_2_trait. asoiaf_Baelish_2_trait
[13:17:51][jomini_dynamicdescription.cpp:66] [original line 10309] Unrecognized loc key trait_asoiaf_Hightower_90_trait. asoiaf_Hightower_90_trait
[13:17:51][jomini_dynamicdescription.cpp:66] [original line 10310] Unrecognized loc key trait_asoiaf_Hightower_96_trait. asoiaf_Hightower_96_trait
[13:17:51][jomini_dynamicdescription.cpp:66] [original line 10311] Unrecognized loc key trait_asoiaf_Hightower_97_trait. asoiaf_Hightower_97_trait
[13:17:51][jomini_dynamicdescription.cpp:66] [original line 10312] Unrecognized loc key trait_asoiaf_Hightower_98_trait. asoiaf_Hightower_98_trait
[13:17:51][jomini_dynamicdescription.cpp:66] [original line 10313] Unrecognized loc key trait_asoiaf_Hightower_99_trait. asoiaf_Hightower_99_trait
[13:17:51][jomini_dynamicdescription.cpp:66] [original line 10314] Unrecognized loc key trait_asoiaf_Tyrell_4_trait. asoiaf_Tyrell_4_trait
[13:17:51][jomini_dynamicdescription.cpp:66] [original line 10315] Unrecognized loc key trait_asoiaf_Tyrell_8_trait. asoiaf_Tyrell_8_trait
[13:17:51][jomini_dynamicdescription.cpp:66] [original line 10316] Unrecognized loc key trait_asoiaf_Tyrell_9_trait. asoiaf_Tyrell_9_trait
[13:17:51][jomini_dynamicdescription.cpp:66] [original line 10317] Unrecognized loc key trait_asoiaf_Tyrell_10_trait. asoiaf_Tyrell_10_trait
[13:17:51][jomini_dynamicdescription.cpp:66] [original line 10318] Unrecognized loc key trait_asoiaf_Tyrell_11_trait. asoiaf_Tyrell_11_trait
[13:17:51][jomini_dynamicdescription.cpp:66] [original line 10319] Unrecognized loc key trait_asoiaf_Tyrell_12_trait. asoiaf_Tyrell_12_trait
[13:17:51][jomini_dynamicdescription.cpp:66] [original line 10320] Unrecognized loc key trait_asoiaf_Tyrell_13_trait. asoiaf_Tyrell_13_trait
[13:17:51][jomini_dynamicdescription.cpp:66] [original line 10321] Unrecognized loc key trait_asoiaf_Tyrell_14_trait. asoiaf_Tyrell_14_trait
[13:17:51][jomini_dynamicdescription.cpp:66] [original line 10322] Unrecognized loc key trait_asoiaf_Tarly_1_trait. asoiaf_Tarly_1_trait
[13:17:51][jomini_dynamicdescription.cpp:66] [original line 10323] Unrecognized loc key trait_asoiaf_Tarly_2_trait. asoiaf_Tarly_2_trait
[13:17:51][jomini_dynamicdescription.cpp:66] [original line 10324] Unrecognized loc key trait_asoiaf_Tarly_3_trait. asoiaf_Tarly_3_trait
[13:17:51][jomini_dynamicdescription.cpp:66] [original line 10325] Unrecognized loc key trait_asoiaf_Tarly_4_trait. asoiaf_Tarly_4_trait
[13:17:51][jomini_dynamicdescription.cpp:66] [original line 10326] Unrecognized loc key trait_asoiaf_Tarly_5_trait. asoiaf_Tarly_5_trait
[13:17:51][jomini_dynamicdescription.cpp:66] [original line 10327] Unrecognized loc key trait_asoiaf_Tarly_6_trait. asoiaf_Tarly_6_trait
[13:17:51][jomini_dynamicdescription.cpp:66] [original line 10328] Unrecognized loc key trait_asoiaf_Martell_4_trait. asoiaf_Martell_4_trait
[13:17:51][jomini_dynamicdescription.cpp:66] [original line 10329] Unrecognized loc key trait_asoiaf_Martell_9_trait. asoiaf_Martell_9_trait
[13:17:51][jomini_dynamicdescription.cpp:66] [original line 10330] Unrecognized loc key trait_asoiaf_Martell_10_trait. asoiaf_Martell_10_trait
[13:17:51][jomini_dynamicdescription.cpp:66] [original line 10331] Unrecognized loc key trait_asoiaf_Martell_11_trait. asoiaf_Martell_11_trait
[13:17:51][jomini_dynamicdescription.cpp:66] [original line 10332] Unrecognized loc key trait_asoiaf_Dayne_1_trait. asoiaf_Dayne_1_trait
[13:17:51][jomini_dynamicdescription.cpp:66] [original line 10333] Unrecognized loc key trait_asoiaf_Dayne_3_trait. asoiaf_Dayne_3_trait
[13:17:51][jomini_dynamicdescription.cpp:66] [original line 10334] Unrecognized loc key trait_asoiaf_Dayne_5_trait. asoiaf_Dayne_5_trait
[13:17:51][jomini_dynamicdescription.cpp:66] [original line 10335] Unrecognized loc key trait_asoiaf_Dayne_4_trait. asoiaf_Dayne_4_trait
[13:17:51][jomini_dynamicdescription.cpp:66] [original line 10336] Unrecognized loc key trait_asoiaf_Dayne_6_trait. asoiaf_Dayne_6_trait
[13:17:51][jomini_dynamicdescription.cpp:66] [original line 10337] Unrecognized loc key trait_asoiaf_Dayne_7_trait. asoiaf_Dayne_7_trait
[13:17:51][jomini_dynamicdescription.cpp:66] [original line 10338] Unrecognized loc key trait_asoiaf_Tully_1_trait. asoiaf_Tully_1_trait
[13:17:51][jomini_dynamicdescription.cpp:66] [original line 10339] Unrecognized loc key trait_asoiaf_Tully_9_trait. asoiaf_Tully_9_trait
[13:17:51][jomini_dynamicdescription.cpp:66] [original line 10340] Unrecognized loc key trait_asoiaf_Tully_2_trait. asoiaf_Tully_2_trait
[13:17:51][jomini_dynamicdescription.cpp:66] [original line 10341] Unrecognized loc key trait_asoiaf_Tully_3_trait. asoiaf_Tully_3_trait
[13:17:51][jomini_dynamicdescription.cpp:66] [original line 10342] Unrecognized loc key trait_asoiaf_Tully_4_trait. asoiaf_Tully_4_trait
[13:17:51][jomini_dynamicdescription.cpp:66] [original line 10343] Unrecognized loc key trait_asoiaf_Tully_5_trait. asoiaf_Tully_5_trait
[13:17:51][jomini_dynamicdescription.cpp:66] [original line 10344] Unrecognized loc key trait_asoiaf_Tully_6_trait. asoiaf_Tully_6_trait
[13:17:51][jomini_dynamicdescription.cpp:66] [original line 10345] Unrecognized loc key trait_asoiaf_Tully_7_trait. asoiaf_Tully_7_trait
[13:17:51][jomini_dynamicdescription.cpp:66] [original line 10346] Unrecognized loc key trait_asoiaf_Tully_8_trait. asoiaf_Tully_8_trait
[13:17:51][jomini_dynamicdescription.cpp:66] [original line 10347] Unrecognized loc key trait_asoiaf_Strong_28_trait. asoiaf_Strong_28_trait
[13:17:51][jomini_dynamicdescription.cpp:66] [original line 10348] Unrecognized loc key trait_asoiaf_Strong_29_trait. asoiaf_Strong_29_trait
[13:17:51][jomini_dynamicdescription.cpp:66] [original line 10349] Unrecognized loc key trait_asoiaf_Strong_34_trait. asoiaf_Strong_34_trait
[13:17:51][jomini_dynamicdescription.cpp:66] [original line 10350] Unrecognized loc key trait_asoiaf_Strong_30_trait. asoiaf_Strong_30_trait
[13:17:51][jomini_dynamicdescription.cpp:66] [original line 10351] Unrecognized loc key trait_asoiaf_Strong_31_trait. asoiaf_Strong_31_trait
[13:17:51][jomini_dynamicdescription.cpp:66] [original line 10352] Unrecognized loc key trait_asoiaf_Strong_32_trait. asoiaf_Strong_32_trait
[13:17:51][jomini_dynamicdescription.cpp:66] [original line 10353] Unrecognized loc key trait_asoiaf_Strong_33_trait. asoiaf_Strong_33_trait
[13:17:51][jomini_dynamicdescription.cpp:66] [original line 10354] Unrecognized loc key trait_asoiaf_Greyjoy_5_trait. asoiaf_Greyjoy_5_trait
[13:17:51][jomini_dynamicdescription.cpp:66] [original line 10355] Unrecognized loc key trait_asoiaf_Greyjoy_11_trait. asoiaf_Greyjoy_11_trait
[13:17:51][jomini_dynamicdescription.cpp:66] [original line 10356] Unrecognized loc key trait_asoiaf_Greyjoy_12_trait. asoiaf_Greyjoy_12_trait
[13:17:51][jomini_dynamicdescription.cpp:66] [original line 10357] Unrecognized loc key trait_asoiaf_Greyjoy_13_trait. asoiaf_Greyjoy_13_trait
[13:17:51][jomini_dynamicdescription.cpp:66] [original line 10358] Unrecognized loc key trait_asoiaf_Greyjoy_14_trait. asoiaf_Greyjoy_14_trait
[13:17:51][jomini_dynamicdescription.cpp:66] [original line 10359] Unrecognized loc key trait_asoiaf_aegon_I_crown_death_trait. asoiaf_aegon_I_crown_death_trait
[13:17:51][jomini_dynamicdescription.cpp:66] [original line 10360] Unrecognized loc key trait_asoiaf_aegon_I_crown_lotd_death_trait. asoiaf_aegon_I_crown_lotd_death_trait
[13:17:51][jomini_dynamicdescription.cpp:66] [original line 10361] Unrecognized loc key trait_asoiaf_visenya_crown_death_trait. asoiaf_visenya_crown_death_trait
[13:17:51][jomini_dynamicdescription.cpp:66] [original line 10362] Unrecognized loc key trait_asoiaf_rhaenys_crown_death_trait. asoiaf_rhaenys_crown_death_trait
[13:17:51][jomini_dynamicdescription.cpp:66] [original line 10363] Unrecognized loc key trait_asoiaf_aenys_I_crown_death_trait. asoiaf_aenys_I_crown_death_trait
[13:17:51][jomini_dynamicdescription.cpp:66] [original line 10364] Unrecognized loc key trait_asoiaf_jaehaerys_I_crown_death_trait. asoiaf_jaehaerys_I_crown_death_trait
[13:17:51][jomini_dynamicdescription.cpp:66] [original line 10365] Unrecognized loc key trait_asoiaf_alysanne_crown_death_trait. asoiaf_alysanne_crown_death_trait
[13:17:51][jomini_dynamicdescription.cpp:66] [original line 10366] Unrecognized loc key trait_asoiaf_daemon_stepstone_crown_death_trait. asoiaf_daemon_stepstone_crown_death_trait
[13:17:51][jomini_dynamicdescription.cpp:66] [original line 10367] Unrecognized loc key trait_asoiaf_daemon_queen_stepstone_crown_death_trait. asoiaf_daemon_queen_stepstone_crown_death_trait
[13:17:51][jomini_dynamicdescription.cpp:66] [original line 10368] Unrecognized loc key trait_asoiaf_aegon_III_crown_death_trait. asoiaf_aegon_III_crown_death_trait
[13:17:51][jomini_dynamicdescription.cpp:66] [original line 10369] Unrecognized loc key trait_asoiaf_baelor_I_crown_death_trait. asoiaf_baelor_I_crown_death_trait
[13:17:51][jomini_dynamicdescription.cpp:66] [original line 10370] Unrecognized loc key trait_asoiaf_aegon_IV_crown_death_trait. asoiaf_aegon_IV_crown_death_trait
[13:17:51][jomini_dynamicdescription.cpp:66] [original line 10371] Unrecognized loc key trait_asoiaf_daemonblackfyre_crown_death_trait. asoiaf_daemonblackfyre_crown_death_trait
[13:17:51][jomini_dynamicdescription.cpp:66] [original line 10372] Unrecognized loc key trait_asoiaf_necklace_shieraseastar_crown_death_trait. asoiaf_necklace_shieraseastar_crown_death_trait
[13:17:51][jomini_dynamicdescription.cpp:66] [original line 10373] Unrecognized loc key trait_asoiaf_maekar_crown_death_trait. asoiaf_maekar_crown_death_trait
[13:17:51][jomini_dynamicdescription.cpp:66] [original line 10374] Unrecognized loc key trait_asoiaf_aerys_II_crown_death_trait. asoiaf_aerys_II_crown_death_trait
[13:17:51][jomini_dynamicdescription.cpp:66] [original line 10375] Unrecognized loc key trait_asoiaf_rhaella_crown_death_trait. asoiaf_rhaella_crown_death_trait
[13:17:51][jomini_dynamicdescription.cpp:66] [original line 10376] Unrecognized loc key trait_asoiaf_robert_I_crown_death_trait. asoiaf_robert_I_crown_death_trait
[13:17:51][jomini_dynamicdescription.cpp:66] [original line 10377] Unrecognized loc key trait_asoiaf_robert_I_crown_vanilla_death_trait. asoiaf_robert_I_crown_vanilla_death_trait
[13:17:51][jomini_dynamicdescription.cpp:66] [original line 10378] Unrecognized loc key trait_asoiaf_joffrey_I_crown_death_trait. asoiaf_joffrey_I_crown_death_trait
[13:17:51][jomini_dynamicdescription.cpp:66] [original line 10379] Unrecognized loc key trait_asoiaf_joffrey_I_crown_vanilla_death_trait. asoiaf_joffrey_I_crown_vanilla_death_trait
[13:17:51][jomini_dynamicdescription.cpp:66] [original line 10380] Unrecognized loc key trait_asoiaf_stannis_crown_death_trait. asoiaf_stannis_crown_death_trait
[13:17:51][jomini_dynamicdescription.cpp:66] [original line 10381] Unrecognized loc key trait_asoiaf_renly_crown_death_trait. asoiaf_renly_crown_death_trait
[13:17:51][jomini_dynamicdescription.cpp:66] [original line 10382] Unrecognized loc key trait_asoiaf_renly_crown_vanilla_death_trait. asoiaf_renly_crown_vanilla_death_trait
[13:17:51][jomini_dynamicdescription.cpp:66] [original line 10383] Unrecognized loc key trait_asoiaf_daenerys_crown_death_trait. asoiaf_daenerys_crown_death_trait
[13:17:51][jomini_dynamicdescription.cpp:66] [original line 10384] Unrecognized loc key trait_asoiaf_driftwood_1_crown_death_trait. asoiaf_driftwood_1_crown_death_trait
[13:17:51][jomini_dynamicdescription.cpp:66] [original line 10385] Unrecognized loc key trait_asoiaf_valyrian_2_crown_death_trait. asoiaf_valyrian_2_crown_death_trait
[13:17:51][jomini_dynamicdescription.cpp:66] [original line 10386] Unrecognized loc key trait_asoiaf_westerosi_valyrian_1_crown_death_trait. asoiaf_westerosi_valyrian_1_crown_death_trait
[13:17:51][jomini_dynamicdescription.cpp:66] [original line 10387] Unrecognized loc key trait_asoiaf_westerosi_valyrian_2_crown_death_trait. asoiaf_westerosi_valyrian_2_crown_death_trait
[13:17:51][jomini_dynamicdescription.cpp:66] [original line 10388] Unrecognized loc key trait_asoiaf_beyondthewall_crown_death_trait. asoiaf_beyondthewall_crown_death_trait
[13:17:51][jomini_dynamicdescription.cpp:66] [original line 10389] Unrecognized loc key trait_asoiaf_iron_isles_crown_death_trait. asoiaf_iron_isles_crown_death_trait
[13:17:51][jomini_dynamicdescription.cpp:66] [original line 10390] Unrecognized loc key trait_asoiaf_riverlands_crown_death_trait. asoiaf_riverlands_crown_death_trait
[13:17:51][jomini_dynamicdescription.cpp:66] [original line 10391] Unrecognized loc key trait_asoiaf_blackwood_crown_death_trait. asoiaf_blackwood_crown_death_trait
[13:17:51][jomini_dynamicdescription.cpp:66] [original line 10392] Unrecognized loc key trait_asoiaf_bolton_crown_death_trait. asoiaf_bolton_crown_death_trait
[13:17:51][jomini_dynamicdescription.cpp:66] [original line 10393] Unrecognized loc key trait_asoiaf_cargyll_crown_death_trait. asoiaf_cargyll_crown_death_trait
[13:17:51][jomini_dynamicdescription.cpp:66] [original line 10394] Unrecognized loc key trait_asoiaf_crown_of_winter_crown_death_trait. asoiaf_crown_of_winter_crown_death_trait
[13:17:51][jomini_dynamicdescription.cpp:66] [original line 10395] Unrecognized loc key trait_asoiaf_crown_of_winter_crown_vanilla_death_trait. asoiaf_crown_of_winter_crown_vanilla_death_trait
[13:17:51][jomini_dynamicdescription.cpp:66] [original line 10396] Unrecognized loc key trait_asoiaf_dayne_crown_death_trait. asoiaf_dayne_crown_death_trait
[13:17:51][jomini_dynamicdescription.cpp:66] [original line 10397] Unrecognized loc key trait_asoiaf_dorne_crown_death_trait. asoiaf_dorne_crown_death_trait
[13:17:51][jomini_dynamicdescription.cpp:66] [original line 10398] Unrecognized loc key trait_asoiaf_dustin_crown_death_trait. asoiaf_dustin_crown_death_trait
[13:17:51][jomini_dynamicdescription.cpp:66] [original line 10399] Unrecognized loc key trait_asoiaf_falcon_crown_death_trait. asoiaf_falcon_crown_death_trait
[13:17:51][jomini_dynamicdescription.cpp:66] [original line 10400] Unrecognized loc key trait_asoiaf_florent_crown_death_trait. asoiaf_florent_crown_death_trait
[13:17:51][jomini_dynamicdescription.cpp:66] [original line 10401] Unrecognized loc key trait_asoiaf_frey_crown_death_trait. asoiaf_frey_crown_death_trait
[13:17:51][jomini_dynamicdescription.cpp:66] [original line 10402] Unrecognized loc key trait_asoiaf_greyjoy_crown_death_trait. asoiaf_greyjoy_crown_death_trait
[13:17:51][jomini_dynamicdescription.cpp:66] [original line 10403] Unrecognized loc key trait_asoiaf_harlaw_crown_death_trait. asoiaf_harlaw_crown_death_trait
[13:17:51][jomini_dynamicdescription.cpp:66] [original line 10404] Unrecognized loc key trait_asoiaf_hightower_crown_death_trait. asoiaf_hightower_crown_death_trait
[13:17:51][jomini_dynamicdescription.cpp:66] [original line 10405] Unrecognized loc key trait_asoiaf_iron_stag_crown_death_trait. asoiaf_iron_stag_crown_death_trait
[13:17:51][jomini_dynamicdescription.cpp:66] [original line 10406] Unrecognized loc key trait_asoiaf_manderly_crown_death_trait. asoiaf_manderly_crown_death_trait
[13:17:51][jomini_dynamicdescription.cpp:66] [original line 10407] Unrecognized loc key trait_asoiaf_reach_crown_death_trait. asoiaf_reach_crown_death_trait
[13:17:51][jomini_dynamicdescription.cpp:66] [original line 10408] Unrecognized loc key trait_asoiaf_redwyne_crown_death_trait. asoiaf_redwyne_crown_death_trait
[13:17:51][jomini_dynamicdescription.cpp:66] [original line 10409] Unrecognized loc key trait_asoiaf_reed_crown_death_trait. asoiaf_reed_crown_death_trait
[13:17:51][jomini_dynamicdescription.cpp:66] [original line 10410] Unrecognized loc key trait_asoiaf_royce_crown_death_trait. asoiaf_royce_crown_death_trait
[13:17:51][jomini_dynamicdescription.cpp:66] [original line 10411] Unrecognized loc key trait_asoiaf_stormlands_crown_death_trait. asoiaf_stormlands_crown_death_trait
[13:17:51][jomini_dynamicdescription.cpp:66] [original line 10412] Unrecognized loc key trait_asoiaf_tarly_crown_death_trait. asoiaf_tarly_crown_death_trait
[13:17:51][jomini_dynamicdescription.cpp:66] [original line 10413] Unrecognized loc key trait_asoiaf_tarth_crown_death_trait. asoiaf_tarth_crown_death_trait
[13:17:51][jomini_dynamicdescription.cpp:66] [original line 10414] Unrecognized loc key trait_asoiaf_tully_crown_death_trait. asoiaf_tully_crown_death_trait
[13:17:51][jomini_dynamicdescription.cpp:66] [original line 10415] Unrecognized loc key trait_asoiaf_umber_crown_death_trait. asoiaf_umber_crown_death_trait
[13:17:51][jomini_dynamicdescription.cpp:66] [original line 10416] Unrecognized loc key trait_asoiaf_westerlands_crown_death_trait. asoiaf_westerlands_crown_death_trait
[13:17:51][jomini_dynamicdescription.cpp:66] [original line 10417] Unrecognized loc key trait_asoiaf_westerlands_2_crown_death_trait. asoiaf_westerlands_2_crown_death_trait
[13:17:51][jomini_dynamicdescription.cpp:66] [original line 10418] Unrecognized loc key trait_asoiaf_wall_crown_death_trait. asoiaf_wall_crown_death_trait
[13:17:51][jomini_dynamicdescription.cpp:66] [original line 10419] Unrecognized loc key trait_asoiaf_westerling_crown_death_trait. asoiaf_westerling_crown_death_trait
[13:17:51][jomini_dynamicdescription.cpp:66] [original line 10420] Unrecognized loc key trait_asoiaf_tides_crown_death_trait. asoiaf_tides_crown_death_trait
[13:17:51][jomini_dynamicdescription.cpp:66] [original line 10421] Unrecognized loc key trait_asoiaf_gardener_peace_crown_death_trait. asoiaf_gardener_peace_crown_death_trait
[13:17:51][jomini_dynamicdescription.cpp:66] [original line 10422] Unrecognized loc key trait_asoiaf_gardener_war_iron_crown_death_trait. asoiaf_gardener_war_iron_crown_death_trait
[13:17:51][jomini_dynamicdescription.cpp:66] [original line 10423] Unrecognized loc key trait_asoiaf_mudd_crown_death_trait. asoiaf_mudd_crown_death_trait
[13:17:51][jomini_dynamicdescription.cpp:66] [original line 10424] Unrecognized loc key trait_asoiaf_grey_king_rusted_crown_death_trait. asoiaf_grey_king_rusted_crown_death_trait
[13:17:51][jomini_dynamicdescription.cpp:66] [original line 10425] Unrecognized loc key trait_asoiaf_nights_king_crown_death_trait. asoiaf_nights_king_crown_death_trait
[13:17:51][jomini_dynamicdescription.cpp:66] [original line 10426] Unrecognized loc key trait_asoiaf_nights_king_replica_crown_death_trait. asoiaf_nights_king_replica_crown_death_trait
[13:17:51][jomini_dynamicdescription.cpp:66] [original line 10427] Unrecognized loc key trait_asoiaf_true_winter_crown_death_trait. asoiaf_true_winter_crown_death_trait
[13:17:51][jomini_dynamicdescription.cpp:66] [original line 10428] Unrecognized loc key trait_asoiaf_crown_of_the_seven_crown_death_trait. asoiaf_crown_of_the_seven_crown_death_trait
[13:17:51][jomini_dynamicdescription.cpp:66] [original line 10429] Unrecognized loc key trait_asoiaf_old_gods_crown_death_trait. asoiaf_old_gods_crown_death_trait
[13:17:51][jomini_dynamicdescription.cpp:66] [original line 10430] Unrecognized loc key trait_asoiaf_rhllor_crown_death_trait. asoiaf_rhllor_crown_death_trait
[13:17:51][jomini_dynamicdescription.cpp:66] [original line 10431] Unrecognized loc key trait_asoiaf_circlet_of_rhllor_crown_death_trait. asoiaf_circlet_of_rhllor_crown_death_trait
[13:17:51][jomini_dynamicdescription.cpp:66] [original line 10432] Unrecognized loc key trait_asoiaf_hugor_crown_death_trait. asoiaf_hugor_crown_death_trait
[13:17:51][jomini_dynamicdescription.cpp:66] [original line 10433] Unrecognized loc key trait_asoiaf_jeyne_westerling_crown_death_trait. asoiaf_jeyne_westerling_crown_death_trait
[13:17:51][jomini_dynamicdescription.cpp:66] [original line 10434] Unrecognized loc key trait_asoiaf_winter_roses_crown_death_trait. asoiaf_winter_roses_crown_death_trait
[13:17:51][jomini_dynamicdescription.cpp:66] [original line 10435] Unrecognized loc key trait_asoiaf_qolab_generic_crown_death_trait. asoiaf_qolab_generic_crown_death_trait
[13:17:51][jomini_dynamicdescription.cpp:66] [original line 10436] Unrecognized loc key trait_asoiaf_qolab_baelor_crown_death_trait. asoiaf_qolab_baelor_crown_death_trait
[13:17:51][jomini_dynamicdescription.cpp:66] [original line 10437] Unrecognized loc key trait_asoiaf_qolab_gardener_crown_death_trait. asoiaf_qolab_gardener_crown_death_trait
[13:17:51][jomini_dynamicdescription.cpp:66] [original line 10438] Unrecognized loc key trait_asoiaf_qolab_03_crown_death_trait. asoiaf_qolab_03_crown_death_trait
[13:17:51][jomini_dynamicdescription.cpp:66] [original line 10439] Unrecognized loc key trait_asoiaf_qolab_04_crown_death_trait. asoiaf_qolab_04_crown_death_trait
[13:17:51][jomini_dynamicdescription.cpp:66] [original line 10440] Unrecognized loc key trait_asoiaf_qolab_05_crown_death_trait. asoiaf_qolab_05_crown_death_trait
[13:17:51][jomini_dynamicdescription.cpp:66] [original line 10441] Unrecognized loc key trait_asoiaf_qolab_06_crown_death_trait. asoiaf_qolab_06_crown_death_trait
[13:17:51][jomini_dynamicdescription.cpp:66] [original line 10442] Unrecognized loc key trait_asoiaf_qolab_winter_roses_crown_death_trait. asoiaf_qolab_winter_roses_crown_death_trait
[13:17:51][jomini_dynamicdescription.cpp:66] [original line 10443] Unrecognized loc key trait_asoiaf_deep_winter_roses_crown_death_trait. asoiaf_deep_winter_roses_crown_death_trait
[13:17:51][jomini_dynamicdescription.cpp:66] [original line 10444] Unrecognized loc key trait_asoiaf_crown_of_bear_island_crown_death_trait. asoiaf_crown_of_bear_island_crown_death_trait
[13:17:51][jomini_dynamicdescription.cpp:66] [original line 10445] Unrecognized loc key trait_asoiaf_crown_of_hearts_home_crown_death_trait. asoiaf_crown_of_hearts_home_crown_death_trait
[13:17:51][jomini_dynamicdescription.cpp:66] [original line 10446] Unrecognized loc key trait_asoiaf_crown_of_darklyn_crown_death_trait. asoiaf_crown_of_darklyn_crown_death_trait
[13:17:51][jomini_dynamicdescription.cpp:66] [original line 10447] Unrecognized loc key trait_asoiaf_crown_of_dondarrion_crown_death_trait. asoiaf_crown_of_dondarrion_crown_death_trait
[13:17:51][jomini_dynamicdescription.cpp:66] [original line 10448] Unrecognized loc key trait_asoiaf_crown_of_castamere_crown_death_trait. asoiaf_crown_of_castamere_crown_death_trait
[13:17:51][jomini_dynamicdescription.cpp:66] [original line 10449] Unrecognized loc key trait_asoiaf_crown_of_deep_den_crown_death_trait. asoiaf_crown_of_deep_den_crown_death_trait
[13:17:51][jomini_dynamicdescription.cpp:66] [original line 10450] Unrecognized loc key trait_asoiaf_crown_of_hellholt_crown_death_trait. asoiaf_crown_of_hellholt_crown_death_trait
[13:17:51][jomini_dynamicdescription.cpp:66] [original line 10451] Unrecognized loc key trait_asoiaf_crown_of_the_banefort_crown_death_trait. asoiaf_crown_of_the_banefort_crown_death_trait
[13:17:51][jomini_dynamicdescription.cpp:66] [original line 10452] Unrecognized loc key trait_asoiaf_crown_of_crakehall_crown_death_trait. asoiaf_crown_of_crakehall_crown_death_trait
[13:17:55][jomini_dynamicdescription.cpp:66] [original line 10486] Unrecognized loc key Alyrie. file: common/scripted_effects/asoiaf_setup_effects.txt line: 2665 (asoiaf_got_names_effect)
[13:17:55][pdx_locstring.cpp:93] [original line 10610] Key is missing localization: test_crush_desc
[13:17:55][pdx_locstring.cpp:93] [original line 10611] Key is missing localization: test_crush_desc
[13:17:56][pdx_locstring.cpp:93] [original line 10642] Key is missing localization: test_crush_desc
[13:17:56][pdx_locstring.cpp:93] [original line 10643] Key is missing localization: test_crush_desc
[13:17:56][pdx_locstring.cpp:93] [original line 10644] Key is missing localization: test_crush_desc
[13:17:56][pdx_locstring.cpp:93] [original line 10645] Key is missing localization: test_crush_desc