[15:51:54][W][gamedatabase.h:321]: Overriding entry 'nick_agot_the_white' for database 'common/nicknames' in 'file: common/nicknames/00_agot_generic_nicknames.txt line: 462'
[15:51:54][W][gamedatabase.h:321]: Overriding entry 'nick_agot_the_pale' for database 'common/nicknames' in 'file: common/nicknames/00_agot_generic_nicknames.txt line: 480'
[15:51:54][W][gamedatabase.h:321]: Overriding entry 'coa_designer_background_colors' for database 'gfx/coat_of_arms/color_palettes' in 'file: gfx/coat_of_arms/color_palettes/agot_coa_designer_palettes.txt line: 13'
[15:51:54][W][gamedatabase.h:321]: Overriding entry 'ce_bend_thin.dds' for database 'gfx/coat_of_arms/colored_emblems' in 'file: gfx/coat_of_arms/colored_emblems/50_coa_designer_emblems.txt line: 1649'
[15:51:54][W][gamedatabase.h:321]: Overriding entry 'ce_sun_01.dds' for database 'gfx/coat_of_arms/colored_emblems' in 'file: gfx/coat_of_arms/colored_emblems/50_coa_designer_emblems.txt line: 1864'
[15:51:54][W][gamedatabase.h:321]: Overriding entry 'ce_mena_pale.dds' for database 'gfx/coat_of_arms/colored_emblems' in 'file: gfx/coat_of_arms/colored_emblems/50_coa_designer_emblems.txt line: 2022'
[15:51:54][W][gamedatabase.h:321]: Overriding entry 'rl_bracken_bittersteel.dds' for database 'gfx/coat_of_arms/colored_emblems' in 'file: gfx/coat_of_arms/colored_emblems/50_coa_designer_emblems.txt line: 2347'
[15:51:54][W][gamedatabase.h:321]: Overriding entry 'rl_bracken_bittersteel_fire.dds' for database 'gfx/coat_of_arms/colored_emblems' in 'file: gfx/coat_of_arms/colored_emblems/50_coa_designer_emblems.txt line: 2348'
[15:51:54][W][gamedatabase.h:321]: Overriding entry 'vale_seldon_rayonne5.dds' for database 'gfx/coat_of_arms/colored_emblems' in 'file: gfx/coat_of_arms/colored_emblems/50_coa_designer_emblems.txt line: 2627'
[15:51:54][W][gamedatabase.h:321]: Overriding entry 'ce_sun_02.dds' for database 'gfx/coat_of_arms/colored_emblems' in 'file: gfx/coat_of_arms/colored_emblems/50_coa_designer_emblems.txt line: 2725'
[15:51:54][W][gamedatabase.h:321]: Overriding entry 'riverlands_barrett_gate.dds' for database 'gfx/coat_of_arms/colored_emblems' in 'file: gfx/coat_of_arms/colored_emblems/50_coa_designer_emblems.txt line: 2781'
[15:51:54][W][gamedatabase.h:321]: Overriding entry 'has_holding_type' for database 'common/trigger_localization' in 'file: common/trigger_localization/00_building_triggers.txt line: 21'
[15:51:54][W][gamedatabase.h:321]: Overriding entry 'camera_event_very_right' for database 'gfx/portraits/cameras' in 'file: gfx/portraits/cameras/zz_agot_coronation_cameras.txt line: 1'
[15:51:54][W][gamedatabase.h:321]: Overriding entry 'camera_dragon_event_center' for database 'gfx/portraits/cameras' in 'file: gfx/portraits/cameras/zz_agot_dragon_portrait_cameras.txt line: 500'
[15:51:54][W][gamedatabase.h:321]: Overriding entry 'camera_dragon_event_left' for database 'gfx/portraits/cameras' in 'file: gfx/portraits/cameras/zz_agot_dragon_portrait_cameras.txt line: 518'
[15:51:54][W][gamedatabase.h:321]: Overriding entry 'camera_dragon_event_right' for database 'gfx/portraits/cameras' in 'file: gfx/portraits/cameras/zz_agot_dragon_portrait_cameras.txt line: 572'
[15:51:54][W][gamedatabase.h:321]: Overriding entry 'dynn_Dalthor' for database 'common/dynasties' in 'file: common/dynasties/00_agot_dyn_lorathi.txt line: 130'
[15:51:54][W][gamedatabase.h:321]: Overriding entry 'any_county_province' for database 'common/trigger_localization' in 'file: common/trigger_localization/00_province_triggers.txt line: 101'
[15:51:54][W][genedatabase.cpp:280]: Overriding entry 'gene_age' for database gene database in 'file: common/genes/gene_age_override.txt line: 119'
[15:51:54][W][genedatabase.cpp:280]: Overriding entry 'special_accessories_jewelry' for database gene database in 'file: common/genes/smc_genes_accessories_jewellery.txt line: 3'
[15:51:54][W][gamedatabase.h:321]: Overriding entry 'daemonblackfyre_crown' for database 'gfx/portraits/accessories' in 'file: gfx/portraits/accessories/agot_custom_stuff.txt line: 348'
[15:51:54][W][gamedatabase.h:321]: Overriding entry 'female_daemonblackfyre_crown' for database 'gfx/portraits/accessories' in 'file: gfx/portraits/accessories/agot_custom_stuff.txt line: 736'
[15:51:54][W][gamedatabase.h:321]: Overriding entry 'male_headgear_secular_reach_war_coa_02' for database 'gfx/portraits/accessories' in 'file: gfx/portraits/accessories/agot_headgear.txt line: 163'
[15:51:54][W][gamedatabase.h:321]: Overriding entry 'female_eyes_normal' for database 'gfx/portraits/accessories' in 'file: gfx/portraits/accessories/epe_bodyparts.txt line: 6'
[15:51:54][W][gamedatabase.h:321]: Overriding entry 'female_eyes_normal_no_shadow' for database 'gfx/portraits/accessories' in 'file: gfx/portraits/accessories/epe_bodyparts.txt line: 10'
[15:51:54][W][gamedatabase.h:321]: Overriding entry 'female_eyes_normal_dark_iris' for database 'gfx/portraits/accessories' in 'file: gfx/portraits/accessories/epe_bodyparts.txt line: 14'
[15:51:54][W][gamedatabase.h:321]: Overriding entry 'female_eyes_normal_asian' for database 'gfx/portraits/accessories' in 'file: gfx/portraits/accessories/epe_bodyparts.txt line: 18'
[15:51:54][W][gamedatabase.h:321]: Overriding entry 'female_eyes_bloodshot' for database 'gfx/portraits/accessories' in 'file: gfx/portraits/accessories/epe_bodyparts.txt line: 22'
[15:51:54][W][gamedatabase.h:321]: Overriding entry 'female_eyes_blind' for database 'gfx/portraits/accessories' in 'file: gfx/portraits/accessories/epe_bodyparts.txt line: 26'
[15:51:54][W][gamedatabase.h:321]: Overriding entry 'female_teeth_normal' for database 'gfx/portraits/accessories' in 'file: gfx/portraits/accessories/epe_bodyparts.txt line: 34'
[15:51:54][W][gamedatabase.h:321]: Overriding entry 'female_eyelashes_normal' for database 'gfx/portraits/accessories' in 'file: gfx/portraits/accessories/epe_bodyparts.txt line: 38'
[15:51:54][W][gamedatabase.h:321]: Overriding entry 'male_eyes_normal' for database 'gfx/portraits/accessories' in 'file: gfx/portraits/accessories/epe_bodyparts.txt line: 65'
[15:51:54][W][gamedatabase.h:321]: Overriding entry 'male_eyes_normal_no_shadow' for database 'gfx/portraits/accessories' in 'file: gfx/portraits/accessories/epe_bodyparts.txt line: 69'
[15:51:54][W][gamedatabase.h:321]: Overriding entry 'male_eyes_normal_dark_iris' for database 'gfx/portraits/accessories' in 'file: gfx/portraits/accessories/epe_bodyparts.txt line: 73'
[15:51:54][W][gamedatabase.h:321]: Overriding entry 'male_eyes_normal_asian' for database 'gfx/portraits/accessories' in 'file: gfx/portraits/accessories/epe_bodyparts.txt line: 77'
[15:51:54][W][gamedatabase.h:321]: Overriding entry 'male_eyes_bloodshot' for database 'gfx/portraits/accessories' in 'file: gfx/portraits/accessories/epe_bodyparts.txt line: 81'
[15:51:54][W][gamedatabase.h:321]: Overriding entry 'male_eyes_blind' for database 'gfx/portraits/accessories' in 'file: gfx/portraits/accessories/epe_bodyparts.txt line: 85'
[15:51:54][W][gamedatabase.h:321]: Overriding entry 'male_teeth_normal' for database 'gfx/portraits/accessories' in 'file: gfx/portraits/accessories/epe_bodyparts.txt line: 97'
[15:51:54][W][gamedatabase.h:321]: Overriding entry 'male_eyelashes_normal' for database 'gfx/portraits/accessories' in 'file: gfx/portraits/accessories/epe_bodyparts.txt line: 101'
[15:51:54][W][gamedatabase.h:321]: Overriding entry 'boy_eyes_normal' for database 'gfx/portraits/accessories' in 'file: gfx/portraits/accessories/epe_bodyparts.txt line: 115'
[15:51:54][W][gamedatabase.h:321]: Overriding entry 'boy_teeth_normal' for database 'gfx/portraits/accessories' in 'file: gfx/portraits/accessories/epe_bodyparts.txt line: 119'
[15:51:54][W][gamedatabase.h:321]: Overriding entry 'girl_eyes_normal' for database 'gfx/portraits/accessories' in 'file: gfx/portraits/accessories/epe_bodyparts.txt line: 129'
[15:51:54][W][gamedatabase.h:321]: Overriding entry 'girl_teeth_normal' for database 'gfx/portraits/accessories' in 'file: gfx/portraits/accessories/epe_bodyparts.txt line: 133'
[15:51:54][W][gamedatabase.h:321]: Overriding entry 'agot_dragon_siege_attack_minor_modifier' for database 'common/scripted_modifiers' in 'file: common/scripted_modifiers/01_fab_dragon_siege_modifiers.txt line: 1'
[15:51:54][W][gamedatabase.h:321]: Overriding entry 'agot_dragon_siege_attack_medium_modifier' for database 'common/scripted_modifiers' in 'file: common/scripted_modifiers/01_fab_dragon_siege_modifiers.txt line: 20'
[15:51:54][W][gamedatabase.h:321]: Overriding entry 'agot_dragon_siege_attack_major_modifier' for database 'common/scripted_modifiers' in 'file: common/scripted_modifiers/01_fab_dragon_siege_modifiers.txt line: 75'
[15:51:54][W][gamedatabase.h:321]: Overriding entry 'agot_dragon_siege_attack_nuclear_modifier' for database 'common/scripted_modifiers' in 'file: common/scripted_modifiers/01_fab_dragon_siege_modifiers.txt line: 150'
[15:51:55][W][gamedatabase.h:321]: Overriding entry 'agot_dragon_siege_can_deal_more_damage_trigger' for database 'common/scripted_triggers' in 'file: common/scripted_triggers/01_fab_dragon_siege_overrides.txt line: 19'
[15:51:55][W][gamedatabase.h:321]: Overriding entry 'ruler_is_royal' for database 'common/scripted_triggers' in 'file: common/scripted_triggers/01_fab_royalty_overrides.txt line: 18'
[15:51:55][W][gamedatabase.h:321]: Overriding entry 'parent_is_royal' for database 'common/scripted_triggers' in 'file: common/scripted_triggers/01_fab_royalty_overrides.txt line: 74'
[15:51:55][W][gamedatabase.h:321]: Overriding entry 'grandparent_is_royal' for database 'common/scripted_triggers' in 'file: common/scripted_triggers/01_fab_royalty_overrides.txt line: 86'
[15:51:55][W][gamedatabase.h:321]: Overriding entry 'sibling_is_royal' for database 'common/scripted_triggers' in 'file: common/scripted_triggers/01_fab_royalty_overrides.txt line: 111'
[15:51:55][W][gamedatabase.h:321]: Overriding entry 'parent_sibling_is_royal' for database 'common/scripted_triggers' in 'file: common/scripted_triggers/01_fab_royalty_overrides.txt line: 135'
[15:51:55][W][gamedatabase.h:321]: Overriding entry 'great_grandparent_is_royal' for database 'common/scripted_triggers' in 'file: common/scripted_triggers/01_fab_royalty_overrides.txt line: 163'
[15:51:55][W][gamedatabase.h:321]: Overriding entry 'is_royal_scion' for database 'common/scripted_triggers' in 'file: common/scripted_triggers/01_fab_royalty_overrides.txt line: 197'
[15:51:55][W][gamedatabase.h:321]: Overriding entry 'building_quarries_requirement_terrain' for database 'common/scripted_triggers' in 'file: common/scripted_triggers/cowagot_building_requirement_triggers.txt line: 29'
[15:51:55][W][gamedatabase.h:321]: Overriding entry 'agot_remove_eye_gem_effect' for database 'common/scripted_effects' in 'file: common/scripted_effects/00_agot_appearance_effects.txt line: 13048'
[15:51:55][W][gamedatabase.h:321]: Overriding entry 'agot_create_artifact_aegon_i_crown_historical_effect' for database 'common/scripted_effects' in 'file: common/scripted_effects/00_agot_artifact_crowns_effects_override.txt line: 1'
[15:51:55][W][gamedatabase.h:321]: Overriding entry 'agot_create_artifact_jaehaerys_crown_historical_effect' for database 'common/scripted_effects' in 'file: common/scripted_effects/00_agot_artifact_crowns_effects_override.txt line: 128'
[15:51:55][W][gamedatabase.h:321]: Overriding entry 'agot_create_artifact_vs_blackfyre_effect' for database 'common/scripted_effects' in 'file: common/scripted_effects/00_agot_artifact_vs_sword_effects_override.txt line: 1'
[15:51:55][W][gamedatabase.h:321]: Overriding entry 'agot_create_artifact_vs_dark_sister_effect' for database 'common/scripted_effects' in 'file: common/scripted_effects/00_agot_artifact_vs_sword_effects_override.txt line: 280'
[15:51:55][W][gamedatabase.h:321]: Overriding entry 'agot_create_artifact_vs_seafoam_effect' for database 'common/scripted_effects' in 'file: common/scripted_effects/00_agot_artifact_vs_sword_effects_override.txt line: 446'
[15:51:55][W][gamedatabase.h:321]: Overriding entry 'agot_create_artifact_vs_pincer_effect' for database 'common/scripted_effects' in 'file: common/scripted_effects/00_agot_artifact_vs_sword_effects_override.txt line: 596'
[15:51:55][W][gamedatabase.h:321]: Overriding entry 'accolades_activity_complete_coronation_glory_effect' for database 'common/scripted_effects' in 'file: common/scripted_effects/00_agot_coronation_accolades_scripted_effects.txt line: 2'
[15:51:55][W][gamedatabase.h:321]: Overriding entry 'agot_canon_children_Targaryen_45_start_valid_pregnancy_effect' for database 'common/scripted_effects' in 'file: common/scripted_effects/00_agot_sotd_canon_lifeline.txt line: 2'
[15:51:55][W][gamedatabase.h:321]: Overriding entry 'agot_canon_children_Targaryen_46_start_valid_pregnancy_effect' for database 'common/scripted_effects' in 'file: common/scripted_effects/00_agot_sotd_canon_lifeline.txt line: 78'
[15:51:55][W][gamedatabase.h:321]: Overriding entry 'agot_canon_children_Targaryen_60_start_valid_pregnancy_effect' for database 'common/scripted_effects' in 'file: common/scripted_effects/00_agot_sotd_canon_lifeline.txt line: 158'
[15:51:55][W][gamedatabase.h:321]: Overriding entry 'agot_canon_children_Arryn_75_start_valid_pregnancy_effect' for database 'common/scripted_effects' in 'file: common/scripted_effects/00_agot_sotd_canon_lifeline.txt line: 269'
[15:51:55][W][gamedatabase.h:321]: Overriding entry 'agot_growing_dragon_cannibal_trait_chance' for database 'common/scripted_effects' in 'file: common/scripted_effects/00_mde_dragon_cannibal_effect_override.txt line: 1'
[15:51:55][W][gamedatabase.h:321]: Overriding entry 'mde_spawn_canon_dragon_from_egg_effect' for database 'common/scripted_effects' in 'file: common/scripted_effects/00_mde_dragon_canon_dragons_effects.txt line: 2'
[15:51:55][W][gamedatabase.h:321]: Overriding entry 'agot_dragon_tree_creation_effect' for database 'common/scripted_effects' in 'file: common/scripted_effects/00_mde_dragon_tree_effects_override.txt line: 1'
[15:51:55][W][gamedatabase.h:321]: Overriding entry 'agot_assign_starting_dragon_eggs_effect' for database 'common/scripted_effects' in 'file: common/scripted_effects/00_mde_scenario_dragon_artifacts_override.txt line: 1'
[15:51:55][W][gamedatabase.h:321]: Overriding entry 'secret_exposed_notification_effect' for database 'common/scripted_effects' in 'file: common/scripted_effects/00_secret_effects.txt line: 816'
[15:51:55][W][gamedatabase.h:321]: Overriding entry 'agot_8299_4_1_acok_scenario_setup' for database 'common/scripted_effects' in 'file: common/scripted_effects/usf_bookmarked_april_scenario.txt line: 2'
[15:51:55][W][gamedatabase.h:321]: Overriding entry 'agot_spawn_owned_hatchling_from_egg_effect' for database 'common/scripted_effects' in 'file: common/scripted_effects/zz_fab_dragon_spawning.txt line: 2'
[15:51:55][W][gamedatabase.h:321]: Overriding entry 'agot_canon_children_Targaryen_35_start_valid_pregnancy_effect' for database 'common/scripted_effects' in 'file: common/scripted_effects/zz_fab_sotd_canon_children_override.txt line: 1'
[15:51:55][W][gamedatabase.h:321]: Overriding entry 'sacrifice_bear_decision' for database 'common/decisions' in 'file: common/decisions/00_cultural_tradition_decisions.txt line: 677'
[15:51:55][W][gamedatabase.h:321]: Overriding entry 'mde_dragon_lock_all' for database 'common/scripted_guis' in 'file: common/scripted_guis/00_mde_lock_values_gui.txt line: 1'
[15:51:55][W][gamedatabase.h:321]: Overriding entry 'mde_dragon_unlock_all' for database 'common/scripted_guis' in 'file: common/scripted_guis/00_mde_lock_values_gui.txt line: 65'
[15:51:55][W][gamedatabase.h:321]: Overriding entry 'mde_dragon_primary_color_value_lock' for database 'common/scripted_guis' in 'file: common/scripted_guis/00_mde_lock_values_gui.txt line: 129'
[15:51:55][W][gamedatabase.h:321]: Overriding entry 'mde_dragon_primary_color_value_unlock' for database 'common/scripted_guis' in 'file: common/scripted_guis/00_mde_lock_values_gui.txt line: 159'
[15:51:55][W][gamedatabase.h:321]: Overriding entry 'mde_dragon_primary_color_hue_lock' for database 'common/scripted_guis' in 'file: common/scripted_guis/00_mde_lock_values_gui.txt line: 187'
[15:51:55][W][gamedatabase.h:321]: Overriding entry 'mde_dragon_primary_color_hue_unlock' for database 'common/scripted_guis' in 'file: common/scripted_guis/00_mde_lock_values_gui.txt line: 217'
[15:51:55][W][gamedatabase.h:321]: Overriding entry 'mde_dragon_secondary_color_value_lock' for database 'common/scripted_guis' in 'file: common/scripted_guis/00_mde_lock_values_gui.txt line: 245'
[15:51:55][W][gamedatabase.h:321]: Overriding entry 'mde_dragon_secondary_color_value_unlock' for database 'common/scripted_guis' in 'file: common/scripted_guis/00_mde_lock_values_gui.txt line: 275'
[15:51:55][W][gamedatabase.h:321]: Overriding entry 'mde_dragon_secondary_color_hue_lock' for database 'common/scripted_guis' in 'file: common/scripted_guis/00_mde_lock_values_gui.txt line: 303'
[15:51:55][W][gamedatabase.h:321]: Overriding entry 'mde_dragon_secondary_color_hue_unlock' for database 'common/scripted_guis' in 'file: common/scripted_guis/00_mde_lock_values_gui.txt line: 333'
[15:51:55][W][gamedatabase.h:321]: Overriding entry 'mde_dragon_tertiary_color_value_lock' for database 'common/scripted_guis' in 'file: common/scripted_guis/00_mde_lock_values_gui.txt line: 361'
[15:51:55][W][gamedatabase.h:321]: Overriding entry 'mde_dragon_tertiary_color_value_unlock' for database 'common/scripted_guis' in 'file: common/scripted_guis/00_mde_lock_values_gui.txt line: 391'
[15:51:55][W][gamedatabase.h:321]: Overriding entry 'mde_dragon_tertiary_color_hue_lock' for database 'common/scripted_guis' in 'file: common/scripted_guis/00_mde_lock_values_gui.txt line: 419'
[15:51:55][W][gamedatabase.h:321]: Overriding entry 'mde_dragon_tertiary_color_hue_unlock' for database 'common/scripted_guis' in 'file: common/scripted_guis/00_mde_lock_values_gui.txt line: 449'
[15:51:55][W][gamedatabase.h:321]: Overriding entry 'mde_dragon_horn_color_value_lock' for database 'common/scripted_guis' in 'file: common/scripted_guis/00_mde_lock_values_gui.txt line: 477'
[15:51:55][W][gamedatabase.h:321]: Overriding entry 'mde_dragon_horn_color_value_unlock' for database 'common/scripted_guis' in 'file: common/scripted_guis/00_mde_lock_values_gui.txt line: 507'
[15:51:55][W][gamedatabase.h:321]: Overriding entry 'mde_dragon_eye_color_value_lock' for database 'common/scripted_guis' in 'file: common/scripted_guis/00_mde_lock_values_gui.txt line: 534'
[15:51:55][W][gamedatabase.h:321]: Overriding entry 'mde_dragon_horn_color_hue_lock' for database 'common/scripted_guis' in 'file: common/scripted_guis/00_mde_lock_values_gui.txt line: 564'
[15:51:55][W][gamedatabase.h:321]: Overriding entry 'mde_dragon_horn_color_hue_unlock' for database 'common/scripted_guis' in 'file: common/scripted_guis/00_mde_lock_values_gui.txt line: 594'
[15:51:55][W][gamedatabase.h:321]: Overriding entry 'mde_dragon_eye_color_value_unlock' for database 'common/scripted_guis' in 'file: common/scripted_guis/00_mde_lock_values_gui.txt line: 622'
[15:51:55][W][gamedatabase.h:321]: Overriding entry 'mde_dragon_eye_color_hue_lock' for database 'common/scripted_guis' in 'file: common/scripted_guis/00_mde_lock_values_gui.txt line: 652'
[15:51:55][W][gamedatabase.h:321]: Overriding entry 'mde_dragon_eye_color_hue_unlock' for database 'common/scripted_guis' in 'file: common/scripted_guis/00_mde_lock_values_gui.txt line: 682'
[15:51:55][W][gamedatabase.h:321]: Overriding entry 'mde_dragon_main_horn_shape_template_lock' for database 'common/scripted_guis' in 'file: common/scripted_guis/00_mde_lock_values_gui.txt line: 710'
[15:51:55][W][gamedatabase.h:321]: Overriding entry 'mde_dragon_main_horn_shape_template_unlock' for database 'common/scripted_guis' in 'file: common/scripted_guis/00_mde_lock_values_gui.txt line: 740'
[15:51:55][W][gamedatabase.h:321]: Overriding entry 'mde_dragon_main_horn_shape_value_lock' for database 'common/scripted_guis' in 'file: common/scripted_guis/00_mde_lock_values_gui.txt line: 768'
[15:51:55][W][gamedatabase.h:321]: Overriding entry 'mde_dragon_main_horn_shape_value_unlock' for database 'common/scripted_guis' in 'file: common/scripted_guis/00_mde_lock_values_gui.txt line: 798'
[15:51:55][W][gamedatabase.h:321]: Overriding entry 'mde_dragon_body_shading_template_lock' for database 'common/scripted_guis' in 'file: common/scripted_guis/00_mde_lock_values_gui.txt line: 826'
[15:51:55][W][gamedatabase.h:321]: Overriding entry 'mde_dragon_body_shading_template_unlock' for database 'common/scripted_guis' in 'file: common/scripted_guis/00_mde_lock_values_gui.txt line: 856'
[15:51:55][W][gamedatabase.h:321]: Overriding entry 'mde_dragon_body_shading_value_lock' for database 'common/scripted_guis' in 'file: common/scripted_guis/00_mde_lock_values_gui.txt line: 884'
[15:51:55][W][gamedatabase.h:321]: Overriding entry 'mde_dragon_body_shading_value_unlock' for database 'common/scripted_guis' in 'file: common/scripted_guis/00_mde_lock_values_gui.txt line: 914'
[15:51:55][W][gamedatabase.h:321]: Overriding entry 'mde_dragon_wings_shading_template_lock' for database 'common/scripted_guis' in 'file: common/scripted_guis/00_mde_lock_values_gui.txt line: 942'
[15:51:55][W][gamedatabase.h:321]: Overriding entry 'mde_dragon_wings_shading_template_unlock' for database 'common/scripted_guis' in 'file: common/scripted_guis/00_mde_lock_values_gui.txt line: 972'
[15:51:55][W][gamedatabase.h:321]: Overriding entry 'mde_dragon_wings_shading_value_lock' for database 'common/scripted_guis' in 'file: common/scripted_guis/00_mde_lock_values_gui.txt line: 1000'
[15:51:55][W][gamedatabase.h:321]: Overriding entry 'mde_dragon_wings_shading_value_unlock' for database 'common/scripted_guis' in 'file: common/scripted_guis/00_mde_lock_values_gui.txt line: 1030'
[15:51:55][W][gamedatabase.h:321]: Overriding entry 'mde_dragon_neck_length_lock' for database 'common/scripted_guis' in 'file: common/scripted_guis/00_mde_lock_values_gui.txt line: 1058'
[15:51:55][W][gamedatabase.h:321]: Overriding entry 'mde_dragon_neck_length_unlock' for database 'common/scripted_guis' in 'file: common/scripted_guis/00_mde_lock_values_gui.txt line: 1088'
[15:51:55][W][gamedatabase.h:321]: Overriding entry 'mde_dragon_scales_effect_lock' for database 'common/scripted_guis' in 'file: common/scripted_guis/00_mde_lock_values_gui.txt line: 1116'
[15:51:55][W][gamedatabase.h:321]: Overriding entry 'mde_dragon_scales_effect_unlock' for database 'common/scripted_guis' in 'file: common/scripted_guis/00_mde_lock_values_gui.txt line: 1146'
[15:51:55][W][gamedatabase.h:321]: Overriding entry 'mde_dragon_old_neck_lock' for database 'common/scripted_guis' in 'file: common/scripted_guis/00_mde_lock_values_gui.txt line: 1174'
[15:51:55][W][gamedatabase.h:321]: Overriding entry 'mde_dragon_old_neck_unlock' for database 'common/scripted_guis' in 'file: common/scripted_guis/00_mde_lock_values_gui.txt line: 1204'
[15:51:55][W][gamedatabase.h:321]: Overriding entry 'mde_dragon_tail_length_lock' for database 'common/scripted_guis' in 'file: common/scripted_guis/00_mde_lock_values_gui.txt line: 1231'
[15:51:55][W][gamedatabase.h:321]: Overriding entry 'mde_dragon_tail_length_unlock' for database 'common/scripted_guis' in 'file: common/scripted_guis/00_mde_lock_values_gui.txt line: 1261'
[15:51:55][W][gamedatabase.h:321]: Overriding entry 'mde_dragon_center_fin_size_lock' for database 'common/scripted_guis' in 'file: common/scripted_guis/00_mde_lock_values_gui.txt line: 1289'
[15:51:55][W][gamedatabase.h:321]: Overriding entry 'mde_dragon_center_fin_size_unlock' for database 'common/scripted_guis' in 'file: common/scripted_guis/00_mde_lock_values_gui.txt line: 1319'
[15:51:55][W][gamedatabase.h:321]: Overriding entry 'mde_dragon_side_fin_size_lock' for database 'common/scripted_guis' in 'file: common/scripted_guis/00_mde_lock_values_gui.txt line: 1346'
[15:51:55][W][gamedatabase.h:321]: Overriding entry 'mde_dragon_side_fin_size_unlock' for database 'common/scripted_guis' in 'file: common/scripted_guis/00_mde_lock_values_gui.txt line: 1376'
[15:51:55][W][gamedatabase.h:321]: Overriding entry 'mde_dragon_crest_depth_lock' for database 'common/scripted_guis' in 'file: common/scripted_guis/00_mde_lock_values_gui.txt line: 1403'
[15:51:55][W][gamedatabase.h:321]: Overriding entry 'mde_dragon_crest_depth_unlock' for database 'common/scripted_guis' in 'file: common/scripted_guis/00_mde_lock_values_gui.txt line: 1433'
[15:51:55][W][gamedatabase.h:321]: Overriding entry 'mde_dragon_back_spike_size_lock' for database 'common/scripted_guis' in 'file: common/scripted_guis/00_mde_lock_values_gui.txt line: 1461'
[15:51:55][W][gamedatabase.h:321]: Overriding entry 'mde_dragon_back_spike_size_unlock' for database 'common/scripted_guis' in 'file: common/scripted_guis/00_mde_lock_values_gui.txt line: 1491'
[15:51:55][W][gamedatabase.h:321]: Overriding entry 'mde_dragon_neck_spike_size_lock' for database 'common/scripted_guis' in 'file: common/scripted_guis/00_mde_lock_values_gui.txt line: 1519'
[15:51:55][W][gamedatabase.h:321]: Overriding entry 'mde_dragon_neck_spike_size_unlock' for database 'common/scripted_guis' in 'file: common/scripted_guis/00_mde_lock_values_gui.txt line: 1549'
[15:51:55][W][gamedatabase.h:321]: Overriding entry 'mde_dragon_horns_eyebrow_length_lock' for database 'common/scripted_guis' in 'file: common/scripted_guis/00_mde_lock_values_gui.txt line: 1577'
[15:51:55][W][gamedatabase.h:321]: Overriding entry 'mde_dragon_horns_eyebrow_length_unlock' for database 'common/scripted_guis' in 'file: common/scripted_guis/00_mde_lock_values_gui.txt line: 1607'
[15:51:55][W][gamedatabase.h:321]: Overriding entry 'mde_dragon_horns_eyebrow_lock' for database 'common/scripted_guis' in 'file: common/scripted_guis/00_mde_lock_values_gui.txt line: 1635'
[15:51:55][W][gamedatabase.h:321]: Overriding entry 'mde_dragon_horns_eyebrow_unlock' for database 'common/scripted_guis' in 'file: common/scripted_guis/00_mde_lock_values_gui.txt line: 1665'
[15:51:55][W][gamedatabase.h:321]: Overriding entry 'mde_dragon_snout_length_lock' for database 'common/scripted_guis' in 'file: common/scripted_guis/00_mde_lock_values_gui.txt line: 1693'
[15:51:55][W][gamedatabase.h:321]: Overriding entry 'mde_dragon_snout_length_unlock' for database 'common/scripted_guis' in 'file: common/scripted_guis/00_mde_lock_values_gui.txt line: 1723'
[15:51:55][W][gamedatabase.h:321]: Overriding entry 'mde_dragon_snout_height_lock' for database 'common/scripted_guis' in 'file: common/scripted_guis/00_mde_lock_values_gui.txt line: 1751'
[15:51:55][W][gamedatabase.h:321]: Overriding entry 'mde_dragon_snout_height_unlock' for database 'common/scripted_guis' in 'file: common/scripted_guis/00_mde_lock_values_gui.txt line: 1781'
[15:51:55][W][gamedatabase.h:321]: Overriding entry 'mde_dragon_snout_width_lock' for database 'common/scripted_guis' in 'file: common/scripted_guis/00_mde_lock_values_gui.txt line: 1809'
[15:51:55][W][gamedatabase.h:321]: Overriding entry 'mde_dragon_snout_width_unlock' for database 'common/scripted_guis' in 'file: common/scripted_guis/00_mde_lock_values_gui.txt line: 1839'
[15:51:55][W][gamedatabase.h:321]: Overriding entry 'mde_dragon_snout_end_width_lock' for database 'common/scripted_guis' in 'file: common/scripted_guis/00_mde_lock_values_gui.txt line: 1867'
[15:51:55][W][gamedatabase.h:321]: Overriding entry 'mde_dragon_snout_end_width_unlock' for database 'common/scripted_guis' in 'file: common/scripted_guis/00_mde_lock_values_gui.txt line: 1897'
[15:51:55][W][gamedatabase.h:321]: Overriding entry 'mde_dragon_snout_profile_lock' for database 'common/scripted_guis' in 'file: common/scripted_guis/00_mde_lock_values_gui.txt line: 1925'
[15:51:55][W][gamedatabase.h:321]: Overriding entry 'mde_dragon_snout_profile_unlock' for database 'common/scripted_guis' in 'file: common/scripted_guis/00_mde_lock_values_gui.txt line: 1955'
[15:51:55][W][gamedatabase.h:321]: Overriding entry 'mde_dragon_chin_profile_lock' for database 'common/scripted_guis' in 'file: common/scripted_guis/00_mde_lock_values_gui.txt line: 1983'
[15:51:55][W][gamedatabase.h:321]: Overriding entry 'mde_dragon_chin_profile_unlock' for database 'common/scripted_guis' in 'file: common/scripted_guis/00_mde_lock_values_gui.txt line: 2013'
[15:51:55][W][gamedatabase.h:321]: Overriding entry 'mde_dragon_jaw_width_lock' for database 'common/scripted_guis' in 'file: common/scripted_guis/00_mde_lock_values_gui.txt line: 2041'
[15:51:55][W][gamedatabase.h:321]: Overriding entry 'mde_dragon_jaw_width_unlock' for database 'common/scripted_guis' in 'file: common/scripted_guis/00_mde_lock_values_gui.txt line: 2071'
[15:51:55][W][gamedatabase.h:321]: Overriding entry 'mde_dragon_upper_jaw_width_lock' for database 'common/scripted_guis' in 'file: common/scripted_guis/00_mde_lock_values_gui.txt line: 2099'
[15:51:55][W][gamedatabase.h:321]: Overriding entry 'mde_dragon_upper_jaw_width_unlock' for database 'common/scripted_guis' in 'file: common/scripted_guis/00_mde_lock_values_gui.txt line: 2129'
[15:51:55][W][gamedatabase.h:321]: Overriding entry 'mde_dragon_lower_jaw_width_lock' for database 'common/scripted_guis' in 'file: common/scripted_guis/00_mde_lock_values_gui.txt line: 2157'
[15:51:55][W][gamedatabase.h:321]: Overriding entry 'mde_dragon_lower_jaw_width_unlock' for database 'common/scripted_guis' in 'file: common/scripted_guis/00_mde_lock_values_gui.txt line: 2187'
[15:51:55][W][gamedatabase.h:321]: Overriding entry 'mde_dragon_lower_jaw_height_lock' for database 'common/scripted_guis' in 'file: common/scripted_guis/00_mde_lock_values_gui.txt line: 2215'
[15:51:55][W][gamedatabase.h:321]: Overriding entry 'mde_dragon_lower_jaw_height_unlock' for database 'common/scripted_guis' in 'file: common/scripted_guis/00_mde_lock_values_gui.txt line: 2245'
[15:51:55][W][gamedatabase.h:321]: Overriding entry 'mde_dragon_cheek_width_lock' for database 'common/scripted_guis' in 'file: common/scripted_guis/00_mde_lock_values_gui.txt line: 2273'
[15:51:55][W][gamedatabase.h:321]: Overriding entry 'mde_dragon_cheek_width_unlock' for database 'common/scripted_guis' in 'file: common/scripted_guis/00_mde_lock_values_gui.txt line: 2303'
[15:51:55][W][gamedatabase.h:321]: Overriding entry 'mde_dragon_head_roundness_lock' for database 'common/scripted_guis' in 'file: common/scripted_guis/00_mde_lock_values_gui.txt line: 2331'
[15:51:55][W][gamedatabase.h:321]: Overriding entry 'mde_dragon_head_roundness_unlock' for database 'common/scripted_guis' in 'file: common/scripted_guis/00_mde_lock_values_gui.txt line: 2361'
[15:51:55][W][gamedatabase.h:321]: Overriding entry 'mde_dragon_brow_width_lock' for database 'common/scripted_guis' in 'file: common/scripted_guis/00_mde_lock_values_gui.txt line: 2389'
[15:51:55][W][gamedatabase.h:321]: Overriding entry 'mde_dragon_brow_width_unlock' for database 'common/scripted_guis' in 'file: common/scripted_guis/00_mde_lock_values_gui.txt line: 2419'
[15:51:55][W][gamedatabase.h:321]: Overriding entry 'mde_dragon_outer_brow_height_lock' for database 'common/scripted_guis' in 'file: common/scripted_guis/00_mde_lock_values_gui.txt line: 2447'
[15:51:55][W][gamedatabase.h:321]: Overriding entry 'mde_dragon_outer_brow_height_unlock' for database 'common/scripted_guis' in 'file: common/scripted_guis/00_mde_lock_values_gui.txt line: 2477'
[15:51:55][W][gamedatabase.h:321]: Overriding entry 'mde_randomize_color_total' for database 'common/scripted_guis' in 'file: common/scripted_guis/00_mde_lock_values_gui.txt line: 2505'
[15:51:55][W][gamedatabase.h:321]: Overriding entry 'mde_randomize_color_by_egg_color' for database 'common/scripted_guis' in 'file: common/scripted_guis/00_mde_lock_values_gui.txt line: 2994'
[15:51:55][W][gamedatabase.h:321]: Overriding entry 'death_wild_animal' for database 'common/deathreasons' in 'file: common/deathreasons/00_agot_death_reasons.txt line: 343'
[15:51:55][W][gamedatabase.h:321]: Overriding entry 'bond_with_dragon_scheme' for database 'common/schemes/scheme_types' in 'file: common/schemes/scheme_types/bond_with_dragon_scheme.txt line: 1'
[15:51:55][W][gamedatabase.h:321]: Overriding entry 'DI_ce_remove_all_innovations' for database 'common/scripted_guis' in 'file: common/scripted_guis/DI_innovation_by_era_sgui.txt line: 4'
[15:51:55][W][gamedatabase.h:321]: Overriding entry 'DI_ce_add_all_innovations' for database 'common/scripted_guis' in 'file: common/scripted_guis/DI_innovation_by_era_sgui.txt line: 20'
[15:51:55][W][gamedatabase.h:321]: Overriding entry 'DI_ce_add_tribal_innovations' for database 'common/scripted_guis' in 'file: common/scripted_guis/DI_innovation_by_era_sgui.txt line: 36'
[15:51:55][W][gamedatabase.h:321]: Overriding entry 'DI_ce_remove_tribal_innovations' for database 'common/scripted_guis' in 'file: common/scripted_guis/DI_innovation_by_era_sgui.txt line: 48'
[15:51:55][W][gamedatabase.h:321]: Overriding entry 'DI_ce_add_early_medieval_innovations' for database 'common/scripted_guis' in 'file: common/scripted_guis/DI_innovation_by_era_sgui.txt line: 61'
[15:51:55][W][gamedatabase.h:321]: Overriding entry 'DI_ce_remove_early_medieval_innovations' for database 'common/scripted_guis' in 'file: common/scripted_guis/DI_innovation_by_era_sgui.txt line: 73'
[15:51:55][W][gamedatabase.h:321]: Overriding entry 'DI_ce_add_high_medieval_innovations' for database 'common/scripted_guis' in 'file: common/scripted_guis/DI_innovation_by_era_sgui.txt line: 86'
[15:51:55][W][gamedatabase.h:321]: Overriding entry 'DI_ce_remove_high_medieval_innovations' for database 'common/scripted_guis' in 'file: common/scripted_guis/DI_innovation_by_era_sgui.txt line: 98'
[15:51:55][W][gamedatabase.h:321]: Overriding entry 'DI_ce_add_late_medieval_innovations' for database 'common/scripted_guis' in 'file: common/scripted_guis/DI_innovation_by_era_sgui.txt line: 111'
[15:51:55][W][gamedatabase.h:321]: Overriding entry 'DI_ce_remove_late_medieval_innovations' for database 'common/scripted_guis' in 'file: common/scripted_guis/DI_innovation_by_era_sgui.txt line: 123'
[15:51:55][W][gamedatabase.h:321]: Overriding entry 'DI_remove_innovation_longboats' for database 'common/scripted_guis' in 'file: common/scripted_guis/DI_innovations_sgui.txt line: 2033'
[15:51:55][W][gamedatabase.h:321]: Overriding entry 'DI_add_innovation_longboats' for database 'common/scripted_guis' in 'file: common/scripted_guis/DI_innovations_sgui.txt line: 2042'
[15:51:55][W][gamedatabase.h:321]: Overriding entry 'DI_culture_has_innovation_longboats' for database 'common/scripted_guis' in 'file: common/scripted_guis/DI_innovations_sgui.txt line: 2051'
[15:51:55][W][gamedatabase.h:321]: Overriding entry 'dragon_horn_template' for database 'common/artifacts/templates' in 'file: common/artifacts/templates/01_custom_artifact_types.txt line: 1'
[15:51:55][W][gamedatabase.h:321]: Overriding entry 'DI_add_diplomacy_pp' for database 'common/scripted_guis' in 'file: common/scripted_guis/DI_skills_sgui.txt line: 649'
[15:51:55][W][gamedatabase.h:321]: Overriding entry 'DI_remove_diplomacy_pp' for database 'common/scripted_guis' in 'file: common/scripted_guis/DI_skills_sgui.txt line: 680'
[15:51:55][W][gamedatabase.h:321]: Overriding entry 'DI_add_martial_pp' for database 'common/scripted_guis' in 'file: common/scripted_guis/DI_skills_sgui.txt line: 711'
[15:51:55][W][gamedatabase.h:321]: Overriding entry 'DI_remove_martial_pp' for database 'common/scripted_guis' in 'file: common/scripted_guis/DI_skills_sgui.txt line: 742'
[15:51:55][W][gamedatabase.h:321]: Overriding entry 'DI_add_stewardship_pp' for database 'common/scripted_guis' in 'file: common/scripted_guis/DI_skills_sgui.txt line: 773'
[15:51:55][W][gamedatabase.h:321]: Overriding entry 'DI_remove_stewardship_pp' for database 'common/scripted_guis' in 'file: common/scripted_guis/DI_skills_sgui.txt line: 804'
[15:51:55][W][gamedatabase.h:321]: Overriding entry 'DI_add_intrigue_pp' for database 'common/scripted_guis' in 'file: common/scripted_guis/DI_skills_sgui.txt line: 835'
[15:51:55][W][gamedatabase.h:321]: Overriding entry 'DI_remove_intrigue_pp' for database 'common/scripted_guis' in 'file: common/scripted_guis/DI_skills_sgui.txt line: 866'
[15:51:55][W][gamedatabase.h:321]: Overriding entry 'DI_add_learning_pp' for database 'common/scripted_guis' in 'file: common/scripted_guis/DI_skills_sgui.txt line: 897'
[15:51:55][W][gamedatabase.h:321]: Overriding entry 'DI_remove_learning_pp' for database 'common/scripted_guis' in 'file: common/scripted_guis/DI_skills_sgui.txt line: 928'
[15:51:55][W][gamedatabase.h:321]: Overriding entry 'DI_add_wanderer_pp' for database 'common/scripted_guis' in 'file: common/scripted_guis/DI_skills_sgui.txt line: 959'
[15:51:55][W][gamedatabase.h:321]: Overriding entry 'DI_remove_wanderer_pp' for database 'common/scripted_guis' in 'file: common/scripted_guis/DI_skills_sgui.txt line: 967'
[15:51:55][W][gamedatabase.h:321]: Overriding entry 'retrieve_hidden_artifact_decision' for database 'common/decisions' in 'file: common/decisions/agot_decisions/00_more_dragon_eggs_decisions.txt line: 185'
[15:51:56][W][gamedatabase.h:321]: Overriding entry 'kingsguard_tab' for database 'common/scripted_guis' in 'file: common/scripted_guis/zz_fab_kingsguard_scripted_gui.txt line: 1'
[15:51:57][W][gamedatabase.h:321]: Overriding entry 'typhus' for database 'common/traits' in 'file: common/traits/02_fab_trait_overrides.txt line: 2'
[15:51:57][W][gamedatabase.h:321]: Overriding entry 'shivers' for database 'common/traits' in 'file: common/traits/02_fab_trait_overrides.txt line: 44'
[15:51:57][W][gamedatabase.h:321]: Overriding entry 'disfigured' for database 'common/traits' in 'file: common/traits/lotd_traits.txt line: 1'
[15:51:57][W][gamedatabase.h:321]: Overriding entry 'typhus' for database 'common/epidemics' in 'file: common/epidemics/zz_fab_shivers_typhus_override.txt line: 2'
[15:51:57][W][gamedatabase.h:321]: Overriding entry 'kingsguard_lord_commander' for database 'common/council_positions' in 'file: common/council_positions/zz_fab_council_kingsguard_override.txt line: 2'
[15:51:57][W][gamedatabase.h:321]: Overriding entry 'kingsguard_1' for database 'common/council_positions' in 'file: common/council_positions/zz_fab_council_kingsguard_override.txt line: 100'
[15:51:57][W][gamedatabase.h:321]: Overriding entry 'kingsguard_2' for database 'common/council_positions' in 'file: common/council_positions/zz_fab_council_kingsguard_override.txt line: 180'
[15:51:57][W][gamedatabase.h:321]: Overriding entry 'kingsguard_3' for database 'common/council_positions' in 'file: common/council_positions/zz_fab_council_kingsguard_override.txt line: 265'
[15:51:57][W][gamedatabase.h:321]: Overriding entry 'kingsguard_4' for database 'common/council_positions' in 'file: common/council_positions/zz_fab_council_kingsguard_override.txt line: 343'
[15:51:57][W][gamedatabase.h:321]: Overriding entry 'kingsguard_5' for database 'common/council_positions' in 'file: common/council_positions/zz_fab_council_kingsguard_override.txt line: 421'
[15:51:57][W][gamedatabase.h:321]: Overriding entry 'kingsguard_6' for database 'common/council_positions' in 'file: common/council_positions/zz_fab_council_kingsguard_override.txt line: 500'
[15:51:57][W][gamedatabase.h:321]: Overriding entry 'dragonpit_laws' for database 'common/laws' in 'file: common/laws/02_mde_realm_laws.txt line: 4'
[15:51:57][W][gamedatabase.h:321]: Overriding entry 'dragonpit_close_family_law' for database '' in 'file: common/laws/02_mde_realm_laws.txt line: 54'
[15:51:57][W][gamedatabase.h:321]: Overriding entry 'dragonpit_house_law' for database '' in 'file: common/laws/02_mde_realm_laws.txt line: 94'
[15:51:57][W][gamedatabase.h:321]: Overriding entry 'dragonpit_dynasty_law' for database '' in 'file: common/laws/02_mde_realm_laws.txt line: 137'
[15:51:57][W][gamedatabase.h:321]: Overriding entry 'dragonpit_everyone_law' for database '' in 'file: common/laws/02_mde_realm_laws.txt line: 180'
[15:51:57][W][gamedatabase.h:321]: Overriding entry 'dragon_horn_brown_to_court' for database 'common/artifacts/blueprints' in 'file: common/artifacts/blueprints/01_reforge_valyrian.txt line: 242'
[15:51:57][W][gamedatabase.h:321]: Overriding entry 'dragon_horn_red_to_court' for database 'common/artifacts/blueprints' in 'file: common/artifacts/blueprints/01_reforge_valyrian.txt line: 249'
[15:51:57][W][gamedatabase.h:321]: Overriding entry 'dragon_horn_silver_to_court' for database 'common/artifacts/blueprints' in 'file: common/artifacts/blueprints/01_reforge_valyrian.txt line: 256'
[15:51:57][W][gamedatabase.h:321]: Overriding entry 'dragon_horn_black_to_court' for database 'common/artifacts/blueprints' in 'file: common/artifacts/blueprints/01_reforge_valyrian.txt line: 263'
[15:51:57][W][gamedatabase.h:321]: Overriding entry 'dragon_horn_blackGold_to_court' for database 'common/artifacts/blueprints' in 'file: common/artifacts/blueprints/01_reforge_valyrian.txt line: 270'
[15:51:57][W][gamedatabase.h:321]: Overriding entry 'dragon_horn_tan_to_court' for database 'common/artifacts/blueprints' in 'file: common/artifacts/blueprints/01_reforge_valyrian.txt line: 277'
[15:51:57][W][gamedatabase.h:321]: Overriding entry 'head_dragonkeeper_court_position' for database 'common/court_positions/types' in 'file: common/court_positions/types/00_mde_court_position_override.txt line: 1'
[15:51:57][W][gamedatabase.h:321]: Overriding entry 'agot_ruins_spicetown_02' for database 'common/buildings' in 'file: common/buildings/00_mde_buildings_override.txt line: 1'
[15:51:57][W][gamedatabase.h:321]: Overriding entry 'agot_summerhall_ruins_02' for database 'common/buildings' in 'file: common/buildings/00_mde_buildings_override.txt line: 73'
[15:51:57][W][gamedatabase.h:321]: Overriding entry 'no_lifestyle_diplomacy' for database 'common/modifiers' in 'file: common/modifiers/DI_modifiers.txt line: 4169'
[15:51:57][W][gamedatabase.h:321]: Overriding entry 'no_lifestyle_martial' for database 'common/modifiers' in 'file: common/modifiers/DI_modifiers.txt line: 4174'
[15:51:57][W][gamedatabase.h:321]: Overriding entry 'no_lifestyle_stewardship' for database 'common/modifiers' in 'file: common/modifiers/DI_modifiers.txt line: 4179'
[15:51:57][W][gamedatabase.h:321]: Overriding entry 'no_lifestyle_intrigue' for database 'common/modifiers' in 'file: common/modifiers/DI_modifiers.txt line: 4184'
[15:51:57][W][gamedatabase.h:321]: Overriding entry 'no_lifestyle_learning' for database 'common/modifiers' in 'file: common/modifiers/DI_modifiers.txt line: 4189'
[15:51:57][W][gamedatabase.h:321]: Overriding entry 'no_stress_change' for database 'common/modifiers' in 'file: common/modifiers/DI_present_modifiers.txt line: 1'
[15:51:57][W][gamedatabase.h:321]: Overriding entry 'no_tyranny_change' for database 'common/modifiers' in 'file: common/modifiers/DI_present_modifiers.txt line: 7'
[15:51:57][W][gamedatabase.h:321]: Overriding entry 'no_dread_change' for database 'common/modifiers' in 'file: common/modifiers/DI_present_modifiers.txt line: 13'
[15:51:57][W][gamedatabase.h:321]: Overriding entry 'agot_hoare_castle_01' for database 'common/buildings' in 'file: common/buildings/yy_agotcities_special_buildings_westeros.txt line: 2'
[15:51:57][W][gamedatabase.h:321]: Overriding entry 'agot_hoare_castle_02' for database 'common/buildings' in 'file: common/buildings/yy_agotcities_special_buildings_westeros.txt line: 36'
[15:51:57][W][gamedatabase.h:321]: Overriding entry 'agot_maidenpool_01' for database 'common/buildings' in 'file: common/buildings/yy_agotcities_special_buildings_westeros.txt line: 86'
[15:51:57][W][gamedatabase.h:321]: Overriding entry 'agot_lonely_light_01' for database 'common/buildings' in 'file: common/buildings/yy_agotcities_special_buildings_westeros.txt line: 131'
[15:51:57][W][gamedatabase.h:321]: Overriding entry 'agot_ashemark_01' for database 'common/buildings' in 'file: common/buildings/yy_agotcities_special_buildings_westeros.txt line: 421'
[15:51:57][W][gamedatabase.h:321]: Overriding entry 'agot_lordsport_01' for database 'common/buildings' in 'file: common/buildings/yy_agotcities_special_buildings_westeros.txt line: 521'
[15:51:57][W][gamedatabase.h:321]: Overriding entry 'agot_deepwood_motte_01' for database 'common/buildings' in 'file: common/buildings/yy_agotcities_special_buildings_westeros.txt line: 658'
[15:51:57][W][gamedatabase.h:321]: Overriding entry 'agot_rodriks_gift_01' for database 'common/buildings' in 'file: common/buildings/yy_agotcities_special_buildings_westeros.txt line: 704'
[15:51:57][W][gamedatabase.h:321]: Overriding entry 'agot_blackhaven_01' for database 'common/buildings' in 'file: common/buildings/yy_agotcities_special_buildings_westeros.txt line: 804'
[15:51:57][W][gamedatabase.h:321]: Overriding entry 'agot_rooks_rest_01' for database 'common/buildings' in 'file: common/buildings/yy_agotcities_special_buildings_westeros.txt line: 896'
[15:51:57][W][gamedatabase.h:321]: Overriding entry 'agot_dunstonbury_01' for database 'common/buildings' in 'file: common/buildings/yy_agotcities_special_buildings_westeros.txt line: 986'
[15:51:57][W][gamedatabase.h:321]: Overriding entry 'agot_starpike_01' for database 'common/buildings' in 'file: common/buildings/yy_agotcities_special_buildings_westeros.txt line: 1027'
[15:51:57][W][gamedatabase.h:321]: Overriding entry 'agot_yronwood_01' for database 'common/buildings' in 'file: common/buildings/yy_agotcities_special_buildings_westeros.txt line: 1286'
[15:51:57][W][gamedatabase.h:321]: Overriding entry 'agot_griffins_roost_01' for database 'common/buildings' in 'file: common/buildings/yy_agotcities_special_buildings_westeros.txt line: 1395'
[15:51:57][W][gamedatabase.h:321]: Overriding entry 'agot_raventree_hall_01' for database 'common/buildings' in 'file: common/buildings/yy_agotcities_special_buildings_westeros.txt line: 1440'
[15:51:57][W][gamedatabase.h:321]: Overriding entry 'agot_duskendale_01' for database 'common/buildings' in 'file: common/buildings/yy_agotcities_special_buildings_westeros.txt line: 1487'
[15:51:57][W][gamedatabase.h:321]: Overriding entry 'agot_ten_towers_01' for database 'common/buildings' in 'file: common/buildings/yy_agotcities_special_buildings_westeros.txt line: 1603'
[15:51:57][W][gamedatabase.h:321]: Overriding entry 'agot_evenfall_hall_01' for database 'common/buildings' in 'file: common/buildings/yy_agotcities_special_buildings_westeros.txt line: 1691'
[15:51:57][W][gamedatabase.h:321]: Overriding entry 'agot_plankytown_01' for database 'common/buildings' in 'file: common/buildings/yy_agotcities_special_buildings_westeros.txt line: 1729'
[15:51:57][W][gamedatabase.h:321]: Overriding entry 'agot_castamere_01' for database 'common/buildings' in 'file: common/buildings/yy_agotcities_special_buildings_westeros.txt line: 1841'
[15:51:57][W][gamedatabase.h:321]: Overriding entry 'agot_castamere_ruins_01' for database 'common/buildings' in 'file: common/buildings/yy_agotcities_special_buildings_westeros.txt line: 2004'
[15:51:57][W][gamedatabase.h:321]: Overriding entry 'agot_castamere_ruins_02' for database 'common/buildings' in 'file: common/buildings/yy_agotcities_special_buildings_westeros.txt line: 2054'
[15:51:57][W][gamedatabase.h:321]: Overriding entry 'agot_hightide_01' for database 'common/buildings' in 'file: common/buildings/yy_agotcities_special_buildings_westeros.txt line: 2310'
[15:51:57][W][gamedatabase.h:321]: Overriding entry 'agot_ruins_hightide_02' for database 'common/buildings' in 'file: common/buildings/yy_agotcities_special_buildings_westeros.txt line: 2381'
[15:51:57][W][gamedatabase.h:321]: Overriding entry 'agot_karhold_01' for database 'common/buildings' in 'file: common/buildings/yy_agotcities_special_buildings_westeros.txt line: 2588'
[15:51:57][W][gamedatabase.h:321]: Overriding entry 'agot_ironrath_01' for database 'common/buildings' in 'file: common/buildings/yy_agotcities_special_buildings_westeros.txt line: 2746'
[15:51:57][W][gamedatabase.h:321]: Overriding entry 'agot_oldstones_01' for database 'common/buildings' in 'file: common/buildings/yy_agotcities_special_buildings_westeros.txt line: 2841'
[15:51:57][W][gamedatabase.h:321]: Overriding entry 'agot_oldstones_02' for database 'common/buildings' in 'file: common/buildings/yy_agotcities_special_buildings_westeros.txt line: 2886'
[15:51:57][W][gamedatabase.h:321]: Overriding entry 'agot_starfall_01' for database 'common/buildings' in 'file: common/buildings/yy_agotcities_special_buildings_westeros.txt line: 3109'
[15:51:57][W][gamedatabase.h:321]: Overriding entry 'agot_seagard_01' for database 'common/buildings' in 'file: common/buildings/yy_agotcities_special_buildings_westeros.txt line: 3210'
[15:51:57][W][gamedatabase.h:321]: Overriding entry 'agot_walls_of_seagard_01' for database 'common/buildings' in 'file: common/buildings/yy_agotcities_special_buildings_westeros.txt line: 3302'
[15:51:57][W][gamedatabase.h:321]: Overriding entry 'agot_runestone_01' for database 'common/buildings' in 'file: common/buildings/yy_agotcities_special_buildings_westeros.txt line: 3404'
[15:51:57][W][gamedatabase.h:321]: Overriding entry 'ruin_01' for database 'common/buildings' in 'file: common/buildings/zz_cowagot_ruin_buildings.txt line: 4'
[15:51:57][W][gamedatabase.h:321]: Overriding entry 'small_ruin_01' for database 'common/buildings' in 'file: common/buildings/zz_cowagot_ruin_buildings.txt line: 95'
[15:51:57][W][gamedatabase.h:321]: Overriding entry 'small_ruin_02' for database 'common/buildings' in 'file: common/buildings/zz_cowagot_ruin_buildings.txt line: 103'
[15:51:57][W][gamedatabase.h:321]: Overriding entry 'small_ruin_03' for database 'common/buildings' in 'file: common/buildings/zz_cowagot_ruin_buildings.txt line: 128'
[15:51:57][W][gamedatabase.h:321]: Overriding entry 'small_ruin_04' for database 'common/buildings' in 'file: common/buildings/zz_cowagot_ruin_buildings.txt line: 157'
[15:51:57][W][gamedatabase.h:321]: Overriding entry 'medium_ruin_01' for database 'common/buildings' in 'file: common/buildings/zz_cowagot_ruin_buildings.txt line: 192'
[15:51:57][W][gamedatabase.h:321]: Overriding entry 'medium_ruin_02' for database 'common/buildings' in 'file: common/buildings/zz_cowagot_ruin_buildings.txt line: 200'
[15:51:57][W][gamedatabase.h:321]: Overriding entry 'medium_ruin_03' for database 'common/buildings' in 'file: common/buildings/zz_cowagot_ruin_buildings.txt line: 228'
[15:51:57][W][gamedatabase.h:321]: Overriding entry 'medium_ruin_04' for database 'common/buildings' in 'file: common/buildings/zz_cowagot_ruin_buildings.txt line: 260'
[15:51:57][W][gamedatabase.h:321]: Overriding entry 'large_ruin_01' for database 'common/buildings' in 'file: common/buildings/zz_cowagot_ruin_buildings.txt line: 304'
[15:51:57][W][gamedatabase.h:321]: Overriding entry 'large_ruin_02' for database 'common/buildings' in 'file: common/buildings/zz_cowagot_ruin_buildings.txt line: 312'
[15:51:57][W][gamedatabase.h:321]: Overriding entry 'large_ruin_03' for database 'common/buildings' in 'file: common/buildings/zz_cowagot_ruin_buildings.txt line: 340'
[15:51:57][W][gamedatabase.h:321]: Overriding entry 'large_ruin_04' for database 'common/buildings' in 'file: common/buildings/zz_cowagot_ruin_buildings.txt line: 372'
[15:51:57][W][gamedatabase.h:321]: Overriding entry 'special_ruin_01' for database 'common/buildings' in 'file: common/buildings/zz_cowagot_ruin_buildings.txt line: 416'
[15:51:57][W][gamedatabase.h:321]: Overriding entry 'ruin_salted_earth_01' for database 'common/buildings' in 'file: common/buildings/zz_cowagot_ruin_buildings.txt line: 427'
[15:51:57][W][gamedatabase.h:321]: Overriding entry 'ruin_desolate_01' for database 'common/buildings' in 'file: common/buildings/zz_cowagot_ruin_buildings.txt line: 445'
[15:51:57][W][gamedatabase.h:321]: Overriding entry 'ruin_desolate_02' for database 'common/buildings' in 'file: common/buildings/zz_cowagot_ruin_buildings.txt line: 464'
[15:51:57][W][gamedatabase.h:321]: Overriding entry 'ruin_flooded_01' for database 'common/buildings' in 'file: common/buildings/zz_cowagot_ruin_buildings.txt line: 491'
[15:51:57][W][gamedatabase.h:321]: Overriding entry 'ruin_flooded_02' for database 'common/buildings' in 'file: common/buildings/zz_cowagot_ruin_buildings.txt line: 507'
[15:51:57][W][gamedatabase.h:321]: Overriding entry 'ruin_renowned_01' for database 'common/buildings' in 'file: common/buildings/zz_cowagot_ruin_buildings.txt line: 533'
[15:51:57][W][gamedatabase.h:321]: Overriding entry 'ruin_infamous_01' for database 'common/buildings' in 'file: common/buildings/zz_cowagot_ruin_buildings.txt line: 548'
[15:51:57][W][gamedatabase.h:321]: Overriding entry 'ruin_wildfire_01' for database 'common/buildings' in 'file: common/buildings/zz_cowagot_ruin_buildings.txt line: 563'
[15:51:57][W][gamedatabase.h:321]: Overriding entry 'ruin_wildfire_02' for database 'common/buildings' in 'file: common/buildings/zz_cowagot_ruin_buildings.txt line: 582'
[15:51:57][W][gamedatabase.h:321]: Overriding entry 'ruin_stone_men_01' for database 'common/buildings' in 'file: common/buildings/zz_cowagot_ruin_buildings.txt line: 608'
[15:51:57][W][gamedatabase.h:321]: Overriding entry 'ruin_stone_men_02' for database 'common/buildings' in 'file: common/buildings/zz_cowagot_ruin_buildings.txt line: 625'
[15:51:57][W][gamedatabase.h:321]: Overriding entry 'innovation_longboats' for database 'common/culture/innovations' in 'file: common/culture/innovations/00_tribal_innovations.txt line: 405'
[15:52:01][W][gamedatabase.h:321]: Overriding entry 'mood_castamere' for database 'music/in_game' in 'file: music/in_game/zzz_fab_interruptible_agot_tracks.txt line: 2'
[15:52:01][W][gamedatabase.h:321]: Overriding entry 'mood_rhaenyra' for database 'music/in_game' in 'file: music/in_game/zzz_fab_interruptible_agot_tracks.txt line: 24'
[15:52:01][W][gamedatabase.h:321]: Overriding entry 'mood_fireandblood' for database 'music/in_game' in 'file: music/in_game/zzz_fab_interruptible_agot_tracks.txt line: 40'
[15:52:01][W][gamedatabase.h:321]: Overriding entry 'mood_dragons_at_war' for database 'music/in_game' in 'file: music/in_game/zzz_fab_interruptible_agot_tracks.txt line: 56'
[15:52:01][W][gamedatabase.h:321]: Overriding entry 'mood_the_dragons_despair' for database 'music/in_game' in 'file: music/in_game/zzz_fab_interruptible_agot_tracks.txt line: 78'
[15:52:01][W][gamedatabase.h:321]: Overriding entry 'mood_king_viserys' for database 'music/in_game' in 'file: music/in_game/zzz_fab_interruptible_agot_tracks.txt line: 94'
[15:52:01][W][gamedatabase.h:321]: Overriding entry 'mood_the_golden_company' for database 'music/in_game' in 'file: music/in_game/zzz_fab_interruptible_agot_tracks.txt line: 113'
[15:52:01][W][gamedatabase.h:321]: Overriding entry 'mood_harrenhal_laughter' for database 'music/in_game' in 'file: music/in_game/zzz_fab_interruptible_agot_tracks.txt line: 131'
