[15:51:55][E][decision_type.cpp:224]: show_notifications_decision has 'ai_check_interval'/'ai_check_interval_by_tier' that's negative or unset. Setting to 0 instead
[15:52:00][E][jomini_eventtarget.cpp:692]: Failed to find a valid event target link 'house_Blackfyre' at file: common/scripted_triggers/tgc_loaded_trigger.txt line: 127 (tgc_blackfyre_equipment_trigger)
[15:52:01][E][title_links.cpp:214]: Failed to fetch a valid landed title 'e_hre' at location 'file: common/scripted_guis/DI_char_editor_present_sgui.txt line: 1589 (DI_ce_female_dominated:effect)'
[15:52:01][E][title_links.cpp:214]: Failed to fetch a valid landed title 'e_hre' at location 'file: common/character_interactions/DI_character_interaction.txt line: 4622 (DI_change_succession:on_accept)'
[15:52:01][E][title_links.cpp:214]: Failed to fetch a valid landed title 'e_hre' at location 'file: common/character_interactions/DI_character_interaction.txt line: 4624 (DI_change_succession:on_accept)'
[15:52:01][E][title_links.cpp:214]: Failed to fetch a valid landed title 'e_hre' at location 'file: common/character_interactions/DI_character_interaction.txt line: 4637 (DI_change_succession:on_accept)'
[15:52:01][E][title_links.cpp:214]: Failed to fetch a valid landed title 'e_hre' at location 'file: common/character_interactions/DI_character_interaction.txt line: 4639 (DI_change_succession:on_accept)'
[15:52:01][E][jomini_script_system.cpp:303]: Script system error!
  Error: add_innovation effect [ target: Not found in database class CCultureInnovationTypeDatabase ]
  Script location: file: common/character_interactions/DI_character_interaction.txt line: 4616 (DI_change_succession:on_accept)

[15:52:01][E][jomini_script_system.cpp:303]: Script system error!
  Error: add_innovation effect [ target: Not found in database class CCultureInnovationTypeDatabase ]
  Script location: file: common/character_interactions/DI_character_interaction.txt line: 4631 (DI_change_succession:on_accept)

[15:52:01][E][jomini_script_system.cpp:303]: Script system error!
  Error: has_game_rule trigger [ Invalid database object 'show_armor_enabled' ]
  Script location: file: gfx/portraits/portrait_modifiers/01_cloaks_base.txt line: 1333 (cloaks:weight)

[15:52:01][E][jomini_script_system.cpp:303]: Script system error!
  Error: has_game_rule trigger [ Invalid database object 'show_armor_enabled' ]
  Script location: file: gfx/portraits/portrait_modifiers/01_cloaks_base.txt line: 1338 (cloaks:weight)

[15:52:01][E][jomini_script_system.cpp:303]: Script system error!
  Error: has_game_rule trigger [ Invalid database object 'show_armor_enabled' ]
  Script location: file: gfx/portraits/portrait_modifiers/01_cloaks_base.txt line: 1642 (cloaks:weight)

[15:52:01][E][jomini_script_system.cpp:303]: Script system error!
  Error: has_game_rule trigger [ Invalid database object 'show_armor_enabled' ]
  Script location: file: gfx/portraits/portrait_modifiers/01_cloaks_base.txt line: 1684 (cloaks:weight)

[15:52:01][E][jomini_script_system.cpp:303]: Script system error!
  Error: has_game_rule trigger [ Invalid database object 'asoiaf_new_clothes_reach_rule_on' ]
  Script location: file: gfx/portraits/portrait_modifiers/01_clothes_base.txt line: 5061 (clothes_base:weight)

[15:52:01][E][jomini_script_system.cpp:303]: Script system error!
  Error: has_game_rule trigger [ Invalid database object 'asoiaf_new_clothes_reach_rule_on' ]
  Script location: file: gfx/portraits/portrait_modifiers/01_clothes_base.txt line: 5116 (clothes_base:weight)

[15:52:01][E][jomini_script_system.cpp:303]: Script system error!
  Error: has_game_rule trigger [ Invalid database object 'asoiaf_new_clothes_reach_rule_on' ]
  Script location: file: gfx/portraits/portrait_modifiers/01_clothes_base.txt line: 5165 (clothes_base:weight)

[15:52:01][E][jomini_script_system.cpp:303]: Script system error!
  Error: has_game_rule trigger [ Invalid database object 'asoiaf_new_clothes_reach_rule_on' ]
  Script location: file: gfx/portraits/portrait_modifiers/01_clothes_base.txt line: 5220 (clothes_base:weight)

[15:52:01][E][jomini_script_system.cpp:303]: Script system error!
  Error: has_game_rule trigger [ Invalid database object 'asoiaf_new_clothes_crownlands_rule_on' ]
  Script location: file: gfx/portraits/portrait_modifiers/01_clothes_base.txt line: 5277 (clothes_base:weight)

[15:52:01][E][jomini_script_system.cpp:303]: Script system error!
  Error: has_game_rule trigger [ Invalid database object 'asoiaf_new_clothes_crownlands_rule_on' ]
  Script location: file: gfx/portraits/portrait_modifiers/01_clothes_base.txt line: 5326 (clothes_base:weight)

[15:52:01][E][jomini_script_system.cpp:303]: Script system error!
  Error: has_game_rule trigger [ Invalid database object 'asoiaf_new_clothes_crownlands_rule_on' ]
  Script location: file: gfx/portraits/portrait_modifiers/01_clothes_base.txt line: 5381 (clothes_base:weight)

[15:52:01][E][jomini_script_system.cpp:303]: Script system error!
  Error: has_game_rule trigger [ Invalid database object 'asoiaf_new_clothes_crownlands_rule_on' ]
  Script location: file: gfx/portraits/portrait_modifiers/01_clothes_base.txt line: 5424 (clothes_base:weight)

[15:52:01][E][jomini_script_system.cpp:303]: Script system error!
  Error: has_game_rule trigger [ Invalid database object 'asoiaf_new_clothes_crownlands_rule_on' ]
  Script location: file: gfx/portraits/portrait_modifiers/01_clothes_base.txt line: 5473 (clothes_base:weight)

[15:52:01][E][jomini_script_system.cpp:303]: Script system error!
  Error: has_game_rule trigger [ Invalid database object 'asoiaf_new_clothes_crownlands_rule_on' ]
  Script location: file: gfx/portraits/portrait_modifiers/01_clothes_base.txt line: 5522 (clothes_base:weight)

[15:52:01][E][jomini_script_system.cpp:303]: Script system error!
  Error: has_game_rule trigger [ Invalid database object 'asoiaf_new_clothes_crownlands_rule_on' ]
  Script location: file: gfx/portraits/portrait_modifiers/01_clothes_base.txt line: 5577 (clothes_base:weight)

[15:52:01][E][jomini_script_system.cpp:303]: Script system error!
  Error: has_game_rule trigger [ Invalid database object 'asoiaf_new_clothes_crownlands_rule_on' ]
  Script location: file: gfx/portraits/portrait_modifiers/01_clothes_base.txt line: 5643 (clothes_base:weight)

[15:52:01][E][jomini_script_system.cpp:303]: Script system error!
  Error: has_game_rule trigger [ Invalid database object 'asoiaf_new_clothes_crownlands_rule_on' ]
  Script location: file: gfx/portraits/portrait_modifiers/01_clothes_base.txt line: 5705 (clothes_base:weight)

[15:52:01][E][jomini_script_system.cpp:303]: Script system error!
  Error: has_game_rule trigger [ Invalid database object 'asoiaf_new_clothes_crownlands_rule_on' ]
  Script location: file: gfx/portraits/portrait_modifiers/01_clothes_base.txt line: 5773 (clothes_base:weight)

[15:52:01][E][jomini_script_system.cpp:303]: Script system error!
  Error: has_game_rule trigger [ Invalid database object 'asoiaf_new_clothes_crownlands_rule_on' ]
  Script location: file: gfx/portraits/portrait_modifiers/01_clothes_base.txt line: 5836 (clothes_base:weight)

[15:52:01][E][jomini_script_system.cpp:303]: Script system error!
  Error: has_game_rule trigger [ Invalid database object 'asoiaf_new_clothes_crownlands_rule_on' ]
  Script location: file: gfx/portraits/portrait_modifiers/01_clothes_base.txt line: 5897 (clothes_base:weight)

[15:52:01][E][jomini_script_system.cpp:303]: Script system error!
  Error: has_game_rule trigger [ Invalid database object 'asoiaf_new_clothes_crownlands_rule_on' ]
  Script location: file: gfx/portraits/portrait_modifiers/01_clothes_base.txt line: 5958 (clothes_base:weight)

[15:52:01][E][jomini_script_system.cpp:303]: Script system error!
  Error: has_game_rule trigger [ Invalid database object 'asoiaf_new_clothes_crownlands_rule_on' ]
  Script location: file: gfx/portraits/portrait_modifiers/01_clothes_base.txt line: 6069 (clothes_base:weight)

[15:52:01][E][jomini_script_system.cpp:303]: Script system error!
  Error: has_game_rule trigger [ Invalid database object 'asoiaf_new_clothes_crownlands_rule_on' ]
  Script location: file: gfx/portraits/portrait_modifiers/01_clothes_base.txt line: 6157 (clothes_base:weight)

[15:52:01][E][jomini_script_system.cpp:303]: Script system error!
  Error: has_game_rule trigger [ Invalid database object 'asoiaf_new_clothes_crownlands_rule_on' ]
  Script location: file: gfx/portraits/portrait_modifiers/01_clothes_base.txt line: 6262 (clothes_base:weight)

[15:52:01][E][jomini_script_system.cpp:303]: Script system error!
  Error: has_game_rule trigger [ Invalid database object 'asoiaf_new_clothes_westerlands_rule_on' ]
  Script location: file: gfx/portraits/portrait_modifiers/01_clothes_base.txt line: 6383 (clothes_base:weight)

[15:52:01][E][jomini_script_system.cpp:303]: Script system error!
  Error: has_game_rule trigger [ Invalid database object 'asoiaf_new_clothes_stormlands_rule_on' ]
  Script location: file: gfx/portraits/portrait_modifiers/01_clothes_base.txt line: 6467 (clothes_base:weight)

[15:52:01][E][jomini_script_system.cpp:303]: Script system error!
  Error: has_game_rule trigger [ Invalid database object 'asoiaf_new_clothes_stormlands_rule_on' ]
  Script location: file: gfx/portraits/portrait_modifiers/01_clothes_base.txt line: 6536 (clothes_base:weight)

[15:52:01][E][jomini_script_system.cpp:303]: Script system error!
  Error: has_game_rule trigger [ Invalid database object 'asoiaf_new_clothes_stormlands_rule_on' ]
  Script location: file: gfx/portraits/portrait_modifiers/01_clothes_base.txt line: 6618 (clothes_base:weight)

[15:52:01][E][jomini_script_system.cpp:303]: Script system error!
  Error: has_game_rule trigger [ Invalid database object 'asoiaf_new_clothes_north_rule_on' ]
  Script location: file: gfx/portraits/portrait_modifiers/01_clothes_base.txt line: 6716 (clothes_base:weight)

[15:52:01][E][jomini_script_system.cpp:303]: Script system error!
  Error: has_game_rule trigger [ Invalid database object 'asoiaf_new_clothes_north_rule_on' ]
  Script location: file: gfx/portraits/portrait_modifiers/01_clothes_base.txt line: 6812 (clothes_base:weight)

[15:52:01][E][jomini_script_system.cpp:303]: Script system error!
  Error: has_game_rule trigger [ Invalid database object 'asoiaf_new_clothes_north_rule_on' ]
  Script location: file: gfx/portraits/portrait_modifiers/01_clothes_base.txt line: 6871 (clothes_base:weight)

[15:52:01][E][jomini_script_system.cpp:303]: Script system error!
  Error: has_game_rule trigger [ Invalid database object 'asoiaf_new_clothes_north_rule_on' ]
  Script location: file: gfx/portraits/portrait_modifiers/01_clothes_base.txt line: 6932 (clothes_base:weight)

[15:52:01][E][jomini_script_system.cpp:303]: Script system error!
  Error: has_game_rule trigger [ Invalid database object 'asoiaf_new_clothes_north_rule_on' ]
  Script location: file: gfx/portraits/portrait_modifiers/01_clothes_base.txt line: 7001 (clothes_base:weight)

[15:52:01][E][jomini_script_system.cpp:303]: Script system error!
  Error: has_game_rule trigger [ Invalid database object 'asoiaf_new_clothes_north_rule_on' ]
  Script location: file: gfx/portraits/portrait_modifiers/01_clothes_base.txt line: 7070 (clothes_base:weight)

[15:52:01][E][jomini_script_system.cpp:303]: Script system error!
  Error: has_game_rule trigger [ Invalid database object 'asoiaf_new_clothes_north_rule_on' ]
  Script location: file: gfx/portraits/portrait_modifiers/01_clothes_base.txt line: 7127 (clothes_base:weight)

[15:52:01][E][jomini_script_system.cpp:303]: Script system error!
  Error: has_game_rule trigger [ Invalid database object 'asoiaf_new_clothes_north_rule_on' ]
  Script location: file: gfx/portraits/portrait_modifiers/01_clothes_base.txt line: 7182 (clothes_base:weight)

[15:52:01][E][jomini_script_system.cpp:303]: Script system error!
  Error: has_game_rule trigger [ Invalid database object 'asoiaf_new_clothes_north_rule_on' ]
  Script location: file: gfx/portraits/portrait_modifiers/01_clothes_base.txt line: 7237 (clothes_base:weight)

[15:52:01][E][jomini_script_system.cpp:303]: Script system error!
  Error: has_game_rule trigger [ Invalid database object 'asoiaf_new_clothes_north_rule_on' ]
  Script location: file: gfx/portraits/portrait_modifiers/01_clothes_base.txt line: 7294 (clothes_base:weight)

[15:52:01][E][jomini_script_system.cpp:303]: Script system error!
  Error: has_game_rule trigger [ Invalid database object 'asoiaf_new_clothes_north_rule_on' ]
  Script location: file: gfx/portraits/portrait_modifiers/01_clothes_base.txt line: 7343 (clothes_base:weight)

[15:52:01][E][jomini_script_system.cpp:303]: Script system error!
  Error: has_game_rule trigger [ Invalid database object 'asoiaf_new_clothes_north_rule_on' ]
  Script location: file: gfx/portraits/portrait_modifiers/01_clothes_base.txt line: 7398 (clothes_base:weight)

[15:52:01][E][jomini_script_system.cpp:303]: Script system error!
  Error: has_game_rule trigger [ Invalid database object 'asoiaf_new_clothes_north_rule_on' ]
  Script location: file: gfx/portraits/portrait_modifiers/01_clothes_base.txt line: 7461 (clothes_base:weight)

[15:52:01][E][jomini_script_system.cpp:303]: Script system error!
  Error: has_game_rule trigger [ Invalid database object 'asoiaf_new_clothes_crownlands_rule_on' ]
  Script location: file: gfx/portraits/portrait_modifiers/01_clothes_base.txt line: 7518 (clothes_base:weight)

[15:52:01][E][jomini_script_system.cpp:303]: Script system error!
  Error: has_game_rule trigger [ Invalid database object 'asoiaf_new_clothes_crownlands_rule_on' ]
  Script location: file: gfx/portraits/portrait_modifiers/01_clothes_base.txt line: 7567 (clothes_base:weight)

[15:52:01][E][jomini_script_system.cpp:303]: Script system error!
  Error: has_game_rule trigger [ Invalid database object 'asoiaf_new_clothes_crownlands_rule_on' ]
  Script location: file: gfx/portraits/portrait_modifiers/01_clothes_base.txt line: 7622 (clothes_base:weight)

[15:52:01][E][jomini_script_system.cpp:303]: Script system error!
  Error: has_game_rule trigger [ Invalid database object 'show_dynamic_crowns_enabled' ]
  Script location: file: gfx/portraits/portrait_modifiers/01_headgear_base.txt line: 7146 (headgear_base:weight)

[15:52:01][E][jomini_script_system.cpp:303]: Script system error!
  Error: has_game_rule trigger [ Invalid database object 'show_dynamic_crowns_enabled' ]
  Script location: file: gfx/portraits/portrait_modifiers/01_headgear_base.txt line: 7174 (headgear_base:weight)

[15:52:01][E][jomini_script_system.cpp:303]: Script system error!
  Error: has_game_rule trigger [ Invalid database object 'show_dynamic_crowns_enabled' ]
  Script location: file: gfx/portraits/portrait_modifiers/01_headgear_base.txt line: 7258 (headgear_base:weight)

[15:52:01][E][jomini_script_system.cpp:303]: Script system error!
  Error: has_game_rule trigger [ Invalid database object 'show_dynamic_crowns_enabled' ]
  Script location: file: gfx/portraits/portrait_modifiers/01_headgear_base.txt line: 7310 (headgear_base:weight)

[15:52:01][E][jomini_script_system.cpp:303]: Script system error!
  Error: has_game_rule trigger [ Invalid database object 'show_dynamic_crowns_enabled' ]
  Script location: file: gfx/portraits/portrait_modifiers/01_headgear_base.txt line: 7445 (headgear_base:weight)

[15:52:01][E][jomini_script_system.cpp:303]: Script system error!
  Error: has_game_rule trigger [ Invalid database object 'show_dynamic_crowns_enabled' ]
  Script location: file: gfx/portraits/portrait_modifiers/01_headgear_base.txt line: 7476 (headgear_base:weight)

[15:52:01][E][jomini_script_system.cpp:303]: Script system error!
  Error: has_game_rule trigger [ Invalid database object 'show_dynamic_crowns_enabled' ]
  Script location: file: gfx/portraits/portrait_modifiers/01_headgear_base.txt line: 7539 (headgear_base:weight)

[15:52:01][E][jomini_script_system.cpp:303]: Script system error!
  Error: has_game_rule trigger [ Invalid database object 'show_dynamic_crowns_enabled' ]
  Script location: file: gfx/portraits/portrait_modifiers/01_headgear_base.txt line: 7561 (headgear_base:weight)

[15:52:01][E][jomini_script_system.cpp:303]: Script system error!
  Error: has_game_rule trigger [ Invalid database object 'show_dynamic_crowns_enabled' ]
  Script location: file: gfx/portraits/portrait_modifiers/01_headgear_base.txt line: 7583 (headgear_base:weight)

[15:52:01][E][jomini_script_system.cpp:303]: Script system error!
  Error: has_game_rule trigger [ Invalid database object 'show_dynamic_crowns_enabled' ]
  Script location: file: gfx/portraits/portrait_modifiers/01_headgear_base.txt line: 7605 (headgear_base:weight)

[15:52:01][E][jomini_script_system.cpp:303]: Script system error!
  Error: has_game_rule trigger [ Invalid database object 'show_dynamic_crowns_enabled' ]
  Script location: file: gfx/portraits/portrait_modifiers/01_headgear_base.txt line: 7627 (headgear_base:weight)

[15:52:01][E][jomini_script_system.cpp:303]: Script system error!
  Error: has_game_rule trigger [ Invalid database object 'show_dynamic_crowns_enabled' ]
  Script location: file: gfx/portraits/portrait_modifiers/01_headgear_base.txt line: 7649 (headgear_base:weight)

[15:52:01][E][jomini_script_system.cpp:303]: Script system error!
  Error: has_game_rule trigger [ Invalid database object 'show_dynamic_crowns_enabled' ]
  Script location: file: gfx/portraits/portrait_modifiers/01_headgear_base.txt line: 7671 (headgear_base:weight)

[15:52:01][E][jomini_script_system.cpp:303]: Script system error!
  Error: has_game_rule trigger [ Invalid database object 'show_dynamic_crowns_enabled' ]
  Script location: file: gfx/portraits/portrait_modifiers/01_headgear_base.txt line: 7704 (headgear_base:weight)

[15:52:01][E][jomini_script_system.cpp:303]: Script system error!
  Error: has_game_rule trigger [ Invalid database object 'show_dynamic_crowns_enabled' ]
  Script location: file: gfx/portraits/portrait_modifiers/01_headgear_base.txt line: 7726 (headgear_base:weight)

[15:52:01][E][jomini_script_system.cpp:303]: Script system error!
  Error: has_game_rule trigger [ Invalid database object 'show_dynamic_crowns_enabled' ]
  Script location: file: gfx/portraits/portrait_modifiers/01_headgear_base.txt line: 7748 (headgear_base:weight)

[15:52:01][E][jomini_script_system.cpp:303]: Script system error!
  Error: has_game_rule trigger [ Invalid database object 'show_dynamic_crowns_enabled' ]
  Script location: file: gfx/portraits/portrait_modifiers/01_headgear_base.txt line: 7770 (headgear_base:weight)

[15:52:01][E][jomini_script_system.cpp:303]: Script system error!
  Error: has_game_rule trigger [ Invalid database object 'show_dynamic_crowns_enabled' ]
  Script location: file: gfx/portraits/portrait_modifiers/01_headgear_base.txt line: 7792 (headgear_base:weight)

[15:52:01][E][jomini_script_system.cpp:303]: Script system error!
  Error: has_game_rule trigger [ Invalid database object 'show_dynamic_crowns_enabled' ]
  Script location: file: gfx/portraits/portrait_modifiers/01_headgear_base.txt line: 7814 (headgear_base:weight)

[15:52:01][E][jomini_script_system.cpp:303]: Script system error!
  Error: has_game_rule trigger [ Invalid database object 'show_dynamic_crowns_enabled' ]
  Script location: file: gfx/portraits/portrait_modifiers/01_headgear_base.txt line: 7839 (headgear_base:weight)

[15:52:01][E][jomini_script_system.cpp:303]: Script system error!
  Error: has_game_rule trigger [ Invalid database object 'show_dynamic_crowns_enabled' ]
  Script location: file: gfx/portraits/portrait_modifiers/01_headgear_base.txt line: 7870 (headgear_base:weight)

[15:52:01][E][jomini_script_system.cpp:303]: Script system error!
  Error: has_game_rule trigger [ Invalid database object 'show_dynamic_crowns_enabled' ]
  Script location: file: gfx/portraits/portrait_modifiers/01_headgear_base.txt line: 7913 (headgear_base:weight)

[15:52:01][E][jomini_script_system.cpp:303]: Script system error!
  Error: has_game_rule trigger [ Invalid database object 'show_dynamic_crowns_enabled' ]
  Script location: file: gfx/portraits/portrait_modifiers/01_headgear_base.txt line: 7939 (headgear_base:weight)

[15:52:01][E][jomini_script_system.cpp:303]: Script system error!
  Error: has_game_rule trigger [ Invalid database object 'show_dynamic_crowns_enabled' ]
  Script location: file: gfx/portraits/portrait_modifiers/01_headgear_base.txt line: 7961 (headgear_base:weight)

[15:52:01][E][jomini_script_system.cpp:303]: Script system error!
  Error: has_game_rule trigger [ Invalid database object 'show_dynamic_crowns_enabled' ]
  Script location: file: gfx/portraits/portrait_modifiers/01_headgear_base.txt line: 7983 (headgear_base:weight)

[15:52:01][E][jomini_script_system.cpp:303]: Script system error!
  Error: has_game_rule trigger [ Invalid database object 'show_dynamic_crowns_enabled' ]
  Script location: file: gfx/portraits/portrait_modifiers/01_headgear_base.txt line: 8005 (headgear_base:weight)

[15:52:01][E][jomini_script_system.cpp:303]: Script system error!
  Error: has_game_rule trigger [ Invalid database object 'show_dynamic_crowns_enabled' ]
  Script location: file: gfx/portraits/portrait_modifiers/01_headgear_base.txt line: 8027 (headgear_base:weight)

[15:52:01][E][jomini_script_system.cpp:303]: Script system error!
  Error: has_game_rule trigger [ Invalid database object 'show_dynamic_crowns_enabled' ]
  Script location: file: gfx/portraits/portrait_modifiers/01_headgear_base.txt line: 8049 (headgear_base:weight)

[15:52:01][E][jomini_script_system.cpp:303]: Script system error!
  Error: has_game_rule trigger [ Invalid database object 'show_dynamic_crowns_enabled' ]
  Script location: file: gfx/portraits/portrait_modifiers/01_headgear_base.txt line: 8071 (headgear_base:weight)

[15:52:01][E][jomini_script_system.cpp:303]: Script system error!
  Error: has_game_rule trigger [ Invalid database object 'show_dynamic_crowns_enabled' ]
  Script location: file: gfx/portraits/portrait_modifiers/01_headgear_base.txt line: 8093 (headgear_base:weight)

[15:52:01][E][jomini_script_system.cpp:303]: Script system error!
  Error: has_game_rule trigger [ Invalid database object 'show_dynamic_crowns_enabled' ]
  Script location: file: gfx/portraits/portrait_modifiers/01_headgear_base.txt line: 8115 (headgear_base:weight)

[15:52:01][E][jomini_script_system.cpp:303]: Script system error!
  Error: has_game_rule trigger [ Invalid database object 'show_dynamic_crowns_enabled' ]
  Script location: file: gfx/portraits/portrait_modifiers/01_headgear_base.txt line: 8137 (headgear_base:weight)

[15:52:01][E][jomini_script_system.cpp:303]: Script system error!
  Error: has_game_rule trigger [ Invalid database object 'show_dynamic_crowns_enabled' ]
  Script location: file: gfx/portraits/portrait_modifiers/01_headgear_base.txt line: 8180 (headgear_base:weight)

[15:52:01][E][jomini_script_system.cpp:303]: Script system error!
  Error: has_game_rule trigger [ Invalid database object 'show_dynamic_crowns_enabled' ]
  Script location: file: gfx/portraits/portrait_modifiers/01_headgear_base.txt line: 8202 (headgear_base:weight)

[15:52:01][E][jomini_script_system.cpp:303]: Script system error!
  Error: has_game_rule trigger [ Invalid database object 'show_dynamic_crowns_enabled' ]
  Script location: file: gfx/portraits/portrait_modifiers/01_headgear_base.txt line: 8224 (headgear_base:weight)

[15:52:01][E][jomini_script_system.cpp:303]: Script system error!
  Error: has_game_rule trigger [ Invalid database object 'show_dynamic_crowns_enabled' ]
  Script location: file: gfx/portraits/portrait_modifiers/01_headgear_base.txt line: 8246 (headgear_base:weight)

[15:52:01][E][jomini_script_system.cpp:303]: Script system error!
  Error: has_game_rule trigger [ Invalid database object 'show_dynamic_crowns_enabled' ]
  Script location: file: gfx/portraits/portrait_modifiers/01_headgear_base.txt line: 8268 (headgear_base:weight)

[15:52:01][E][jomini_script_system.cpp:303]: Script system error!
  Error: has_game_rule trigger [ Invalid database object 'show_dynamic_crowns_enabled' ]
  Script location: file: gfx/portraits/portrait_modifiers/01_headgear_base.txt line: 8290 (headgear_base:weight)

[15:52:01][E][jomini_script_system.cpp:303]: Script system error!
  Error: has_game_rule trigger [ Invalid database object 'show_dynamic_crowns_enabled' ]
  Script location: file: gfx/portraits/portrait_modifiers/01_headgear_base.txt line: 8312 (headgear_base:weight)

[15:52:01][E][jomini_script_system.cpp:303]: Script system error!
  Error: has_game_rule trigger [ Invalid database object 'show_dynamic_crowns_enabled' ]
  Script location: file: gfx/portraits/portrait_modifiers/01_headgear_base.txt line: 8335 (headgear_base:weight)

[15:52:01][E][jomini_script_system.cpp:303]: Script system error!
  Error: has_game_rule trigger [ Invalid database object 'show_dynamic_crowns_enabled' ]
  Script location: file: gfx/portraits/portrait_modifiers/01_headgear_base.txt line: 8357 (headgear_base:weight)

[15:52:01][E][jomini_script_system.cpp:303]: Script system error!
  Error: has_game_rule trigger [ Invalid database object 'show_dynamic_crowns_enabled' ]
  Script location: file: gfx/portraits/portrait_modifiers/01_headgear_base.txt line: 8388 (headgear_base:weight)

[15:52:01][E][jomini_script_system.cpp:303]: Script system error!
  Error: has_game_rule trigger [ Invalid database object 'show_dynamic_crowns_enabled' ]
  Script location: file: gfx/portraits/portrait_modifiers/01_headgear_base.txt line: 8410 (headgear_base:weight)

[15:52:01][E][jomini_script_system.cpp:303]: Script system error!
  Error: has_game_rule trigger [ Invalid database object 'show_dynamic_crowns_enabled' ]
  Script location: file: gfx/portraits/portrait_modifiers/01_headgear_base.txt line: 8432 (headgear_base:weight)

[15:52:01][E][jomini_script_system.cpp:303]: Script system error!
  Error: has_game_rule trigger [ Invalid database object 'show_dynamic_crowns_enabled' ]
  Script location: file: gfx/portraits/portrait_modifiers/01_headgear_base.txt line: 8454 (headgear_base:weight)

[15:52:01][E][jomini_script_system.cpp:303]: Script system error!
  Error: has_game_rule trigger [ Invalid database object 'show_dynamic_crowns_enabled' ]
  Script location: file: gfx/portraits/portrait_modifiers/01_headgear_base.txt line: 8476 (headgear_base:weight)

[15:52:01][E][jomini_script_system.cpp:303]: Script system error!
  Error: has_game_rule trigger [ Invalid database object 'show_dynamic_crowns_enabled' ]
  Script location: file: gfx/portraits/portrait_modifiers/01_headgear_base.txt line: 8498 (headgear_base:weight)

[15:52:01][E][jomini_script_system.cpp:303]: Script system error!
  Error: has_game_rule trigger [ Invalid database object 'show_dynamic_crowns_enabled' ]
  Script location: file: gfx/portraits/portrait_modifiers/01_headgear_base.txt line: 8520 (headgear_base:weight)

[15:52:01][E][jomini_script_system.cpp:303]: Script system error!
  Error: has_game_rule trigger [ Invalid database object 'show_dynamic_crowns_enabled' ]
  Script location: file: gfx/portraits/portrait_modifiers/01_headgear_base.txt line: 8542 (headgear_base:weight)

[15:52:01][E][jomini_script_system.cpp:303]: Script system error!
  Error: has_game_rule trigger [ Invalid database object 'show_dynamic_crowns_enabled' ]
  Script location: file: gfx/portraits/portrait_modifiers/01_headgear_base.txt line: 8564 (headgear_base:weight)

[15:52:01][E][jomini_script_system.cpp:303]: Script system error!
  Error: has_game_rule trigger [ Invalid database object 'show_dynamic_crowns_enabled' ]
  Script location: file: gfx/portraits/portrait_modifiers/01_headgear_base.txt line: 8622 (headgear_base:weight)

[15:52:01][E][jomini_script_system.cpp:303]: Script system error!
  Error: has_game_rule trigger [ Invalid database object 'show_dynamic_crowns_enabled' ]
  Script location: file: gfx/portraits/portrait_modifiers/01_headgear_base.txt line: 8684 (headgear_base:weight)

[15:52:01][E][jomini_script_system.cpp:303]: Script system error!
  Error: has_game_rule trigger [ Invalid database object 'show_dynamic_crowns_enabled' ]
  Script location: file: gfx/portraits/portrait_modifiers/01_headgear_base.txt line: 8728 (headgear_base:weight)

[15:52:01][E][jomini_script_system.cpp:303]: Script system error!
  Error: has_game_rule trigger [ Invalid database object 'show_dynamic_crowns_enabled' ]
  Script location: file: gfx/portraits/portrait_modifiers/01_headgear_base.txt line: 8780 (headgear_base:weight)

[15:52:01][E][jomini_script_system.cpp:303]: Script system error!
  Error: has_game_rule trigger [ Invalid database object 'show_dynamic_crowns_enabled' ]
  Script location: file: gfx/portraits/portrait_modifiers/01_headgear_base.txt line: 8836 (headgear_base:weight)

[15:52:01][E][jomini_script_system.cpp:303]: Script system error!
  Error: has_game_rule trigger [ Invalid database object 'show_dynamic_crowns_enabled' ]
  Script location: file: gfx/portraits/portrait_modifiers/01_headgear_base.txt line: 8989 (headgear_base:weight)

[15:52:01][E][jomini_script_system.cpp:303]: Script system error!
  Error: has_game_rule trigger [ Invalid database object 'show_dynamic_crowns_enabled' ]
  Script location: file: gfx/portraits/portrait_modifiers/01_headgear_base.txt line: 9035 (headgear_base:weight)

[15:52:01][E][jomini_script_system.cpp:303]: Script system error!
  Error: has_game_rule trigger [ Invalid database object 'show_dynamic_crowns_enabled' ]
  Script location: file: gfx/portraits/portrait_modifiers/01_headgear_base.txt line: 9218 (headgear_base:weight)

[15:52:01][E][jomini_script_system.cpp:303]: Script system error!
  Error: has_game_rule trigger [ Invalid database object 'show_dynamic_crowns_enabled' ]
  Script location: file: gfx/portraits/portrait_modifiers/01_headgear_base.txt line: 9240 (headgear_base:weight)

[15:52:01][E][jomini_script_system.cpp:303]: Script system error!
  Error: has_game_rule trigger [ Invalid database object 'show_dynamic_crowns_enabled' ]
  Script location: file: gfx/portraits/portrait_modifiers/01_headgear_base.txt line: 9262 (headgear_base:weight)

[15:52:01][E][jomini_script_system.cpp:303]: Script system error!
  Error: has_game_rule trigger [ Invalid database object 'show_dynamic_crowns_enabled' ]
  Script location: file: gfx/portraits/portrait_modifiers/01_headgear_base.txt line: 9284 (headgear_base:weight)

[15:52:01][E][jomini_script_system.cpp:303]: Script system error!
  Error: has_game_rule trigger [ Invalid database object 'show_armor_enabled' ]
  Script location: file: gfx/portraits/portrait_modifiers/01_legwear_base.txt line: 871 (legwear:weight)

[15:52:01][E][jomini_script_system.cpp:303]: Script system error!
  Error: has_game_rule trigger [ Invalid database object 'show_armor_enabled' ]
  Script location: file: gfx/portraits/portrait_modifiers/01_legwear_base.txt line: 898 (legwear:weight)

[15:52:01][E][jomini_script_system.cpp:303]: Script system error!
  Error: has_game_rule trigger [ Invalid database object 'show_armor_enabled' ]
  Script location: file: gfx/portraits/portrait_modifiers/01_legwear_base.txt line: 937 (legwear:weight)

[15:52:01][E][jomini_script_system.cpp:303]: Script system error!
  Error: has_game_rule trigger [ Invalid database object 'show_armor_enabled' ]
  Script location: file: gfx/portraits/portrait_modifiers/05_clothes_situational.txt line: 616 (clothes_situational:weight)

[15:52:01][E][jomini_script_system.cpp:303]: Script system error!
  Error: has_game_rule trigger [ Invalid database object 'show_armor_enabled' ]
  Script location: file: gfx/portraits/portrait_modifiers/05_clothes_situational.txt line: 1062 (clothes_situational:weight)

[15:52:01][E][jomini_script_system.cpp:303]: Script system error!
  Error: has_game_rule trigger [ Invalid database object 'show_armor_enabled' ]
  Script location: file: gfx/portraits/portrait_modifiers/05_clothes_situational.txt line: 1109 (clothes_situational:weight)

[15:52:01][E][jomini_script_system.cpp:303]: Script system error!
  Error: has_game_rule trigger [ Invalid database object 'show_armor_enabled' ]
  Script location: file: gfx/portraits/portrait_modifiers/05_clothes_situational.txt line: 1158 (clothes_situational:weight)

[15:52:01][E][jomini_script_system.cpp:303]: Script system error!
  Error: has_game_rule trigger [ Invalid database object 'show_armor_enabled' ]
  Script location: file: gfx/portraits/portrait_modifiers/05_clothes_situational.txt line: 1202 (clothes_situational:weight)

[15:52:01][E][jomini_script_system.cpp:303]: Script system error!
  Error: has_game_rule trigger [ Invalid database object 'show_armor_enabled' ]
  Script location: file: gfx/portraits/portrait_modifiers/05_clothes_situational.txt line: 1248 (clothes_situational:weight)

[15:52:01][E][jomini_script_system.cpp:303]: Script system error!
  Error: has_game_rule trigger [ Invalid database object 'show_armor_enabled' ]
  Script location: file: gfx/portraits/portrait_modifiers/05_clothes_situational.txt line: 1292 (clothes_situational:weight)

[15:52:01][E][jomini_script_system.cpp:303]: Script system error!
  Error: has_game_rule trigger [ Invalid database object 'show_armor_enabled' ]
  Script location: file: gfx/portraits/portrait_modifiers/05_clothes_situational.txt line: 1338 (clothes_situational:weight)

[15:52:01][E][jomini_script_system.cpp:303]: Script system error!
  Error: has_game_rule trigger [ Invalid database object 'show_armor_enabled' ]
  Script location: file: gfx/portraits/portrait_modifiers/05_clothes_situational.txt line: 1382 (clothes_situational:weight)

[15:52:01][E][jomini_script_system.cpp:303]: Script system error!
  Error: has_game_rule trigger [ Invalid database object 'show_armor_enabled' ]
  Script location: file: gfx/portraits/portrait_modifiers/05_clothes_situational.txt line: 1428 (clothes_situational:weight)

[15:52:01][E][jomini_script_system.cpp:303]: Script system error!
  Error: has_game_rule trigger [ Invalid database object 'show_armor_enabled' ]
  Script location: file: gfx/portraits/portrait_modifiers/05_clothes_situational.txt line: 1472 (clothes_situational:weight)

[15:52:01][E][jomini_script_system.cpp:303]: Script system error!
  Error: has_game_rule trigger [ Invalid database object 'show_armor_enabled' ]
  Script location: file: gfx/portraits/portrait_modifiers/05_clothes_situational.txt line: 1518 (clothes_situational:weight)

[15:52:01][E][jomini_script_system.cpp:303]: Script system error!
  Error: has_game_rule trigger [ Invalid database object 'show_armor_enabled' ]
  Script location: file: gfx/portraits/portrait_modifiers/05_clothes_situational.txt line: 1562 (clothes_situational:weight)

[15:52:01][E][jomini_script_system.cpp:303]: Script system error!
  Error: has_game_rule trigger [ Invalid database object 'show_armor_enabled' ]
  Script location: file: gfx/portraits/portrait_modifiers/05_headgear_situational.txt line: 338 (headgear_situational:weight)

[15:52:01][E][jomini_script_system.cpp:303]: Script system error!
  Error: has_game_rule trigger [ Invalid database object 'show_armor_enabled' ]
  Script location: file: gfx/portraits/portrait_modifiers/05_headgear_situational.txt line: 395 (headgear_situational:weight)

[15:52:01][E][jomini_script_system.cpp:303]: Script system error!
  Error: has_game_rule trigger [ Invalid database object 'show_armor_enabled' ]
  Script location: file: gfx/portraits/portrait_modifiers/05_headgear_situational.txt line: 3127 (headgear_situational:weight)

[15:52:01][E][jomini_script_system.cpp:303]: Script system error!
  Error: has_game_rule trigger [ Invalid database object 'show_armor_enabled' ]
  Script location: file: gfx/portraits/portrait_modifiers/05_headgear_situational.txt line: 3174 (headgear_situational:weight)

[15:52:01][E][jomini_script_system.cpp:303]: Script system error!
  Error: has_game_rule trigger [ Invalid database object 'show_armor_enabled' ]
  Script location: file: gfx/portraits/portrait_modifiers/05_headgear_situational.txt line: 3222 (headgear_situational:weight)

[15:52:01][E][jomini_script_system.cpp:303]: Script system error!
  Error: has_game_rule trigger [ Invalid database object 'show_armor_enabled' ]
  Script location: file: gfx/portraits/portrait_modifiers/05_headgear_situational.txt line: 3266 (headgear_situational:weight)

[15:52:01][E][jomini_script_system.cpp:303]: Script system error!
  Error: has_game_rule trigger [ Invalid database object 'show_armor_enabled' ]
  Script location: file: gfx/portraits/portrait_modifiers/05_headgear_situational.txt line: 3310 (headgear_situational:weight)

[15:52:01][E][jomini_script_system.cpp:303]: Script system error!
  Error: has_game_rule trigger [ Invalid database object 'show_armor_enabled' ]
  Script location: file: gfx/portraits/portrait_modifiers/05_headgear_situational.txt line: 3355 (headgear_situational:weight)

[15:52:01][E][jomini_script_system.cpp:303]: Script system error!
  Error: is_struggle_type trigger [ Invalid database object 'persian_struggle' ]
  Script location: file: common/character_interactions/DI_character_interaction.txt line: 1415 (DI_arrange_marriage_interaction:is_shown)

[15:52:01][E][jomini_script_system.cpp:303]: Script system error!
  Error: has_struggle_phase_parameter trigger [ Bool phase parameter 'can_trade_piety_for_marriage_acceptance' does not exist ]
  Script location: file: common/character_interactions/DI_character_interaction.txt line: 1416 (DI_arrange_marriage_interaction:is_shown)

[15:52:01][E][jomini_script_system.cpp:303]: Script system error!
  Error: is_struggle_type trigger [ Invalid database object 'persian_struggle' ]
  Script location: file: common/character_interactions/DI_character_interaction.txt line: 1424 (DI_arrange_marriage_interaction:is_valid)

[15:52:01][E][jomini_script_system.cpp:303]: Script system error!
  Error: is_struggle_type trigger [ Invalid database object 'persian_struggle' ]
  Script location: file: common/character_interactions/DI_character_interaction.txt line: 1430 (DI_arrange_marriage_interaction:is_valid)

[15:52:01][E][jomini_script_system.cpp:303]: Script system error!
  Error: is_in_family trigger [ Invalid database object 'rf_abrahamic' ]
  Script location: file: common/scripted_effects/DI_char_spawner_effects.txt line: 1464 (DI_char_spawner_resolve_origin_effect)

[15:52:01][E][jomini_script_system.cpp:303]: Script system error!
  Error: is_in_family trigger [ Invalid database object 'rf_abrahamic' ]
  Script location: file: common/scripted_effects/DI_char_spawner_effects.txt line: 1466 (DI_char_spawner_resolve_origin_effect)

[15:52:01][E][jomini_script_system.cpp:303]: Script system error!
  Error: is_in_family trigger [ Invalid database object 'rf_eastern' ]
  Script location: file: common/scripted_effects/DI_char_spawner_effects.txt line: 1470 (DI_char_spawner_resolve_origin_effect)

[15:52:01][E][jomini_script_system.cpp:303]: Script system error!
  Error: is_in_family trigger [ Invalid database object 'rf_eastern' ]
  Script location: file: common/scripted_effects/DI_char_spawner_effects.txt line: 1472 (DI_char_spawner_resolve_origin_effect)

[15:52:01][E][jomini_script_system.cpp:303]: Script system error!
  Error: is_in_family trigger [ Invalid database object 'rf_sinitic' ]
  Script location: file: common/scripted_effects/DI_char_spawner_effects.txt line: 1476 (DI_char_spawner_resolve_origin_effect)

[15:52:01][E][jomini_script_system.cpp:303]: Script system error!
  Error: is_in_family trigger [ Invalid database object 'rf_sinitic' ]
  Script location: file: common/scripted_effects/DI_char_spawner_effects.txt line: 1478 (DI_char_spawner_resolve_origin_effect)

[15:52:01][E][jomini_script_system.cpp:303]: Script system error!
  Error: is_in_family trigger [ Invalid database object 'rf_pagan' ]
  Script location: file: common/scripted_effects/DI_char_spawner_effects.txt line: 1482 (DI_char_spawner_resolve_origin_effect)

[15:52:01][E][jomini_script_system.cpp:303]: Script system error!
  Error: is_in_family trigger [ Invalid database object 'rf_pagan' ]
  Script location: file: common/scripted_effects/DI_char_spawner_effects.txt line: 1484 (DI_char_spawner_resolve_origin_effect)

[15:52:01][E][jomini_script_system.cpp:303]: Script system error!
  Error: has_game_rule trigger [ Invalid database object 'show_crowns_without_coronation_enabled' ]
  Script location: file: common/scripted_triggers/00_agot_crown_triggers.txt line: 145 (agot_default_wear_crown_trigger)

[15:52:01][E][jomini_script_system.cpp:303]: Script system error!
  Error: has_game_rule trigger [ Invalid database object 'show_crowns_without_coronation_enabled' ]
  Script location: file: common/scripted_triggers/00_agot_crown_triggers.txt line: 150 (agot_default_wear_crown_trigger)

[15:52:01][E][jomini_script_system.cpp:303]: Script system error!
  Error: has_game_rule trigger [ Invalid database object 'show_crowns_without_coronation_enabled' ]
  Script location: file: common/scripted_triggers/00_agot_crown_triggers.txt line: 187 (agot_default_wear_crown_trigger)

[15:52:01][E][jomini_script_system.cpp:303]: Script system error!
  Error: has_game_rule trigger [ Invalid database object 'show_crowns_without_coronation_enabled' ]
  Script location: file: common/scripted_triggers/00_agot_crown_triggers.txt line: 193 (agot_default_wear_crown_trigger)

[15:52:01][E][jomini_script_system.cpp:303]: Script system error!
  Error: has_game_rule trigger [ Invalid database object 'tgc_enabled_enabled' ]
  Script location: file: common/scripted_triggers/tgc_loaded_trigger.txt line: 11 (tgc_standard_equipment_trigger)

[15:52:01][E][jomini_script_system.cpp:303]: Script system error!
  Error: has_game_rule trigger [ Invalid database object 'tgc_enabled_enabled' ]
  Script location: file: common/scripted_triggers/tgc_loaded_trigger.txt line: 59 (tgc_captain_equipment_trigger)

[15:52:01][E][jomini_script_system.cpp:303]: Script system error!
  Error: has_game_rule trigger [ Invalid database object 'tgc_enabled_enabled' ]
  Script location: file: common/scripted_triggers/tgc_loaded_trigger.txt line: 94 (tgc_blackfyre_or_targ_equipment_trigger)

[15:52:01][E][jomini_script_system.cpp:303]: Script system error!
  Error: has_game_rule trigger [ Invalid database object 'tgc_blackfyre_enabled' ]
  Script location: file: common/scripted_triggers/tgc_loaded_trigger.txt line: 104 (tgc_blackfyre_equipment_trigger)

[15:52:01][E][jomini_script_system.cpp:303]: Script system error!
  Error: has_game_rule trigger [ Invalid database object 'tgc_faegon_enabled' ]
  Script location: file: common/scripted_triggers/tgc_loaded_trigger.txt line: 120 (tgc_blackfyre_equipment_trigger)

[15:52:01][E][jomini_script_system.cpp:303]: Script system error!
  Error: has_game_rule trigger [ Invalid database object 'tgc_faegon_enabled' ]
  Script location: file: common/scripted_triggers/tgc_loaded_trigger.txt line: 140 (tgc_targaryen_equipment_trigger)

[15:52:01][E][jomini_script_system.cpp:303]: Script system error!
  Error: has_game_rule trigger [ Invalid database object 'tgc_enabled_enabled' ]
  Script location: file: common/scripted_triggers/tgc_loaded_trigger.txt line: 163 (tgc_blackfyre_house_equipment_trigger)

[15:52:01][E][jomini_script_system.cpp:303]: Script system error!
  Error: has_game_rule trigger [ Invalid database object 'tgc_blackfyre_enabled' ]
  Script location: file: common/scripted_triggers/tgc_loaded_trigger.txt line: 164 (tgc_blackfyre_house_equipment_trigger)

[15:52:04][E][history.cpp:644]: Referencing non-existent character in script link character:fab_aurion
[15:52:04][E][history.cpp:644]: Referencing non-existent character in script link character:fab_aurion
