[13:57:51][E][dlc_descriptor.cpp:70]: Invalid supported_version in file: mod/ugc_2261468688.mod line: 6
[13:59:13][E][pdxassetutil.cpp:1009]: Duplicate texture 'ethiopian_atlas_diffuse.dds' found (current path 'gfx/models/buildings/special/Karhold/ethiopian_atlas_diffuse.dds', previous path 'gfx/models/buildings/holdings/atlas/ethiopian/ethiopian_atlas_diffuse.dds')
[13:59:13][E][pdxassetutil.cpp:1009]: Duplicate texture 'ethiopian_atlas_diffuse.dds' found (current path 'gfx/models/buildings/special/Runestone/ethiopian_atlas_diffuse.dds', previous path 'gfx/models/buildings/holdings/atlas/ethiopian/ethiopian_atlas_diffuse.dds')
[13:59:56][E][decision_type.cpp:224]: show_notifications_decision has 'ai_check_interval'/'ai_check_interval_by_tier' that's negative or unset. Setting to 0 instead
[14:00:01][E][pdx_persistent_reader.cpp:216]: Error: "Unexpected token: confucian_education_xp_gain_mult, near line: 4047" in file: "common/modifiers/DI_modifiers.txt" near line: 4047
[14:00:05][E][jomini_eventtarget.cpp:692]: Failed to find a valid event target link 'house_Blackfyre' at file: common/scripted_triggers/tgc_loaded_trigger.txt line: 127 (tgc_blackfyre_equipment_trigger)
[14:00:05][E][portraitaccessories.cpp:159]: accessory group [headgear:tgc_helmets] has an invalid accessory "male_headgear_tgc_helm_blackfyre_01"
[14:00:05][E][portraitaccessories.cpp:159]: accessory group [headgear:tgc_helmets] has an invalid accessory "male_headgear_tgc_helm_blackfyreAlt_01"
[14:00:05][E][portraitaccessories.cpp:159]: accessory group [headgear:tgc_helmets] has an invalid accessory "male_headgear_tgc_helm_blackfyre_02"
[14:00:05][E][portraitaccessories.cpp:159]: accessory group [headgear:tgc_helmets] has an invalid accessory "male_headgear_tgc_helm_blackfyreAlt_02"
[14:00:05][E][portraitaccessories.cpp:159]: accessory group [headgear:tgc_helmets] has an invalid accessory "male_headgear_tgc_helm_blackfyre_03"
[14:00:05][E][portraitaccessories.cpp:159]: accessory group [headgear:tgc_helmets] has an invalid accessory "male_headgear_tgc_helm_blackfyreAlt_03"
[14:00:05][E][portraitaccessories.cpp:159]: accessory group [headgear:tgc_helmets] has an invalid accessory "male_headgear_tgc_helm_blackfyre_01"
[14:00:05][E][portraitaccessories.cpp:159]: accessory group [headgear:tgc_helmets] has an invalid accessory "male_headgear_tgc_helm_blackfyreAlt_01"
[14:00:05][E][portraitaccessories.cpp:159]: accessory group [headgear:tgc_helmets] has an invalid accessory "male_headgear_tgc_helm_blackfyre_02"
[14:00:05][E][portraitaccessories.cpp:159]: accessory group [headgear:tgc_helmets] has an invalid accessory "male_headgear_tgc_helm_blackfyreAlt_02"
[14:00:05][E][portraitaccessories.cpp:159]: accessory group [headgear:tgc_helmets] has an invalid accessory "male_headgear_tgc_helm_blackfyre_03"
[14:00:05][E][portraitaccessories.cpp:159]: accessory group [headgear:tgc_helmets] has an invalid accessory "male_headgear_tgc_helm_blackfyreAlt_03"
[14:00:05][E][portraitaccessories.cpp:159]: accessory group [legwear:tgc_pants_blackfyre] has an invalid accessory "male_legwear_captainsPants_blackfyreAlt_01"
[14:00:05][E][portraitaccessories.cpp:159]: accessory group [legwear:tgc_pants_blackfyre] has an invalid accessory "male_legwear_standardPants_blackfyreAlt_01"
[14:00:05][E][portraitaccessories.cpp:159]: accessory group [legwear:tgc_pants_blackfyre] has an invalid accessory "male_legwear_twoSwordsPants_blackfyreAlt_01"
[14:00:05][E][portraitaccessories.cpp:159]: accessory group [legwear:tgc_pants_blackfyre] has an invalid accessory "male_legwear_captainsPants_blackfyreAlt_01"
[14:00:05][E][portraitaccessories.cpp:159]: accessory group [legwear:tgc_pants_blackfyre] has an invalid accessory "male_legwear_standardPants_blackfyreAlt_01"
[14:00:05][E][portraitaccessories.cpp:159]: accessory group [legwear:tgc_pants_blackfyre] has an invalid accessory "male_legwear_twoSwordsPants_blackfyreAlt_01"
[14:00:05][E][portraitaccessories.cpp:159]: accessory group [clothes:brightboar_swordsman_armour] has an invalid accessory "male_clothes_secular_brightboar_swordsman"
[14:00:05][E][portraitaccessories.cpp:159]: accessory group [clothes:brightboar_swordsman_armour] has an invalid accessory "female_clothes_secular_brightboar_swordsman"
[14:00:05][E][portraitaccessories.cpp:159]: accessory group [clothes:brightboar_swordsman_armour] has an invalid accessory "male_clothes_secular_brightboar_swordsman"
[14:00:05][E][portraitaccessories.cpp:159]: accessory group [clothes:brightboar_swordsman_armour] has an invalid accessory "female_clothes_secular_brightboar_swordsman"
[14:00:05][E][portraitaccessories.cpp:159]: accessory group [clothes:golden_company_armor_blackfyre] has an invalid accessory "male_clothes_captainsArmor_blackfyreAlt_01"
[14:00:05][E][portraitaccessories.cpp:159]: accessory group [clothes:golden_company_armor_blackfyre] has an invalid accessory "male_clothes_captainsArmorMetal_blackfyreAlt_01"
[14:00:05][E][portraitaccessories.cpp:159]: accessory group [clothes:golden_company_armor_blackfyre] has an invalid accessory "male_clothes_ornateVest_blackfyreAlt_01"
[14:00:05][E][portraitaccessories.cpp:159]: accessory group [clothes:golden_company_armor_blackfyre] has an invalid accessory "male_clothes_standardVest_blackfyreAlt_01"
[14:00:05][E][portraitaccessories.cpp:159]: accessory group [clothes:golden_company_armor_blackfyre] has an invalid accessory "male_clothes_platedVest_blackfyreAlt_01"
[14:00:05][E][portraitaccessories.cpp:159]: accessory group [clothes:golden_company_armor_blackfyre] has an invalid accessory "male_clothes_captainsArmor_blackfyreAlt_01"
[14:00:05][E][portraitaccessories.cpp:159]: accessory group [clothes:golden_company_armor_blackfyre] has an invalid accessory "male_clothes_captainsArmorMetal_blackfyreAlt_01"
[14:00:05][E][portraitaccessories.cpp:159]: accessory group [clothes:golden_company_armor_blackfyre] has an invalid accessory "male_clothes_ornateVest_blackfyreAlt_01"
[14:00:05][E][portraitaccessories.cpp:159]: accessory group [clothes:golden_company_armor_blackfyre] has an invalid accessory "male_clothes_standardVest_blackfyreAlt_01"
[14:00:05][E][portraitaccessories.cpp:159]: accessory group [clothes:golden_company_armor_blackfyre] has an invalid accessory "male_clothes_platedVest_blackfyreAlt_01"
[14:00:05][E][pdx_persistent_reader.cpp:216]: Error: "Failed to read key reference: : , near line: 3
Failed to read key reference: : , near line: 3
Failed to read key reference: : , near line: 3
Failed to read key reference: : , near line: 3
Failed to read key reference: : , near line: 3
Failed to read key reference: : , near line: 3
Failed to read key reference: : , near line: 3
Failed to read key reference: : , near line: 3
Failed to read key reference: : , near line: 3
Failed to read key reference: : , near line: 3
Failed to read key reference: : , near line: 3
Failed to read key reference: : , near line: 3
Failed to read key reference: : , near line: 3
Failed to read key reference: : , near line: 3
Failed to read key reference: : , near line: 3
Failed to read key reference: : , near line: 3
Failed to read key reference: : , near line: 3
Failed to read key reference: : , near line: 3
Failed to read key reference: : , near line: 3
Failed to read key reference: : , near line: 3
Failed to read key reference: : , near line: 3
Failed to read key reference: : , near line: 3
Failed to read key reference: : , near line: 3
Failed to read key reference: : , near line: 3
Failed to read key reference: : , near line: 3
Failed to read key reference: : , near line: 3
Failed to read key reference: : , near line: 3
Failed to read key reference: : , near line: 3
Failed to read key reference: : , near line: 3
Failed to read key reference: : , near line: 3
Failed to read key reference: : , near line: 3
Failed to read key reference: : , near line: 3
Failed to read key reference: : , near line: 3
Failed to read key reference: : , near line: 3
Failed to read key reference: : , near line: 3
Failed to read key reference: : , near line: 3
Failed to read key reference: : , near line: 3
Failed to read key reference: : , near line: 3
Failed to read key reference: : , near line: 3
Failed to read key reference: : , near line: 3
Failed to read key reference: : , near line: 3
Failed to read key reference: : , near line: 3
Failed to read key reference: : , near line: 3
Failed to read key reference: : , near line: 3
Failed to read key reference: : , near line: 3
Failed to read key reference: : , near line: 3
Failed to read key reference: : , near line: 3
Failed to read key reference: : , near line: 3
Failed to read key reference: : , near line: 3
Failed to read key reference: : , near line: 3
Failed to read key reference: : , near line: 3
Failed to read key reference: : , near line: 3
Failed to read key reference: : , near line: 3
Failed to read key reference: : , near line: 3
Failed to read key reference: : , near line: 3" in file: "" near line: 3
[14:00:06][E][title_links.cpp:214]: Failed to fetch a valid landed title 'e_hre' at location 'file: common/scripted_guis/DI_char_editor_present_sgui.txt line: 1589 (DI_ce_female_dominated:effect)'
[14:00:06][E][title_links.cpp:214]: Failed to fetch a valid landed title 'e_hre' at location 'file: common/character_interactions/DI_character_interaction.txt line: 4622 (DI_change_succession:on_accept)'
[14:00:06][E][title_links.cpp:214]: Failed to fetch a valid landed title 'e_hre' at location 'file: common/character_interactions/DI_character_interaction.txt line: 4624 (DI_change_succession:on_accept)'
[14:00:06][E][title_links.cpp:214]: Failed to fetch a valid landed title 'e_hre' at location 'file: common/character_interactions/DI_character_interaction.txt line: 4637 (DI_change_succession:on_accept)'
[14:00:06][E][title_links.cpp:214]: Failed to fetch a valid landed title 'e_hre' at location 'file: common/character_interactions/DI_character_interaction.txt line: 4639 (DI_change_succession:on_accept)'
[14:00:06][E][jomini_eventtarget.h:291]: Failed to find 'varangian' from database for link 'trait' at file: common/scripted_effects/DI_char_spawner_effects.txt line: 1232 (DI_akolouthos_traits_effect)
[14:00:06][E][jomini_script_system.cpp:303]: Script system error!
  Error: add_innovation effect [ target: Not found in database class CCultureInnovationTypeDatabase ]
  Script location: file: common/character_interactions/DI_character_interaction.txt line: 4616 (DI_change_succession:on_accept)
[14:00:06][E][jomini_effect.cpp:139]: PostValidate of effect 'add_innovation' returned false at file: common/character_interactions/DI_character_interaction.txt line: 4616 (DI_change_succession:on_accept)
[14:00:06][E][jomini_script_system.cpp:303]: Script system error!
  Error: add_innovation effect [ target: Not found in database class CCultureInnovationTypeDatabase ]
  Script location: file: common/character_interactions/DI_character_interaction.txt line: 4631 (DI_change_succession:on_accept)
[14:00:06][E][jomini_effect.cpp:139]: PostValidate of effect 'add_innovation' returned false at file: common/character_interactions/DI_character_interaction.txt line: 4631 (DI_change_succession:on_accept)
[14:00:06][E][jomini_script_system.cpp:303]: Script system error!
  Error: has_game_rule trigger [ Invalid database object 'show_armor_enabled' ]
  Script location: file: gfx/portraits/portrait_modifiers/01_cloaks_base.txt line: 1333 (cloaks:weight)
[14:00:06][E][jomini_trigger.cpp:243]: PostValidate of trigger 'has_game_rule' returned false at file: gfx/portraits/portrait_modifiers/01_cloaks_base.txt line: 1333 (cloaks:weight)
[14:00:06][E][jomini_script_system.cpp:303]: Script system error!
  Error: has_game_rule trigger [ Invalid database object 'show_armor_enabled' ]
  Script location: file: gfx/portraits/portrait_modifiers/01_cloaks_base.txt line: 1338 (cloaks:weight)
[14:00:06][E][jomini_trigger.cpp:243]: PostValidate of trigger 'has_game_rule' returned false at file: gfx/portraits/portrait_modifiers/01_cloaks_base.txt line: 1338 (cloaks:weight)
[14:00:06][E][jomini_script_system.cpp:303]: Script system error!
  Error: has_game_rule trigger [ Invalid database object 'show_armor_enabled' ]
  Script location: file: gfx/portraits/portrait_modifiers/01_cloaks_base.txt line: 1642 (cloaks:weight)
[14:00:06][E][jomini_trigger.cpp:243]: PostValidate of trigger 'has_game_rule' returned false at file: gfx/portraits/portrait_modifiers/01_cloaks_base.txt line: 1642 (cloaks:weight)
[14:00:06][E][jomini_script_system.cpp:303]: Script system error!
  Error: has_game_rule trigger [ Invalid database object 'show_armor_enabled' ]
  Script location: file: gfx/portraits/portrait_modifiers/01_cloaks_base.txt line: 1684 (cloaks:weight)
[14:00:06][E][jomini_trigger.cpp:243]: PostValidate of trigger 'has_game_rule' returned false at file: gfx/portraits/portrait_modifiers/01_cloaks_base.txt line: 1684 (cloaks:weight)
[14:00:06][E][jomini_script_system.cpp:303]: Script system error!
  Error: has_game_rule trigger [ Invalid database object 'show_armor_enabled' ]
  Script location: file: gfx/portraits/portrait_modifiers/01_legwear_base.txt line: 871 (legwear:weight)
[14:00:06][E][jomini_trigger.cpp:243]: PostValidate of trigger 'has_game_rule' returned false at file: gfx/portraits/portrait_modifiers/01_legwear_base.txt line: 871 (legwear:weight)
[14:00:06][E][jomini_script_system.cpp:303]: Script system error!
  Error: has_game_rule trigger [ Invalid database object 'show_armor_enabled' ]
  Script location: file: gfx/portraits/portrait_modifiers/01_legwear_base.txt line: 898 (legwear:weight)
[14:00:06][E][jomini_trigger.cpp:243]: PostValidate of trigger 'has_game_rule' returned false at file: gfx/portraits/portrait_modifiers/01_legwear_base.txt line: 898 (legwear:weight)
[14:00:06][E][jomini_script_system.cpp:303]: Script system error!
  Error: has_game_rule trigger [ Invalid database object 'show_armor_enabled' ]
  Script location: file: gfx/portraits/portrait_modifiers/01_legwear_base.txt line: 937 (legwear:weight)
[14:00:06][E][jomini_trigger.cpp:243]: PostValidate of trigger 'has_game_rule' returned false at file: gfx/portraits/portrait_modifiers/01_legwear_base.txt line: 937 (legwear:weight)
[14:00:06][E][jomini_script_system.cpp:303]: Script system error!
  Error: has_game_rule trigger [ Invalid database object 'show_armor_enabled' ]
  Script location: file: gfx/portraits/portrait_modifiers/05_clothes_situational.txt line: 616 (clothes_situational:weight)
[14:00:06][E][jomini_trigger.cpp:243]: PostValidate of trigger 'has_game_rule' returned false at file: gfx/portraits/portrait_modifiers/05_clothes_situational.txt line: 616 (clothes_situational:weight)
[14:00:06][E][jomini_script_system.cpp:303]: Script system error!
  Error: has_game_rule trigger [ Invalid database object 'show_armor_enabled' ]
  Script location: file: gfx/portraits/portrait_modifiers/05_clothes_situational.txt line: 1062 (clothes_situational:weight)
[14:00:06][E][jomini_trigger.cpp:243]: PostValidate of trigger 'has_game_rule' returned false at file: gfx/portraits/portrait_modifiers/05_clothes_situational.txt line: 1062 (clothes_situational:weight)
[14:00:06][E][jomini_script_system.cpp:303]: Script system error!
  Error: has_game_rule trigger [ Invalid database object 'show_armor_enabled' ]
  Script location: file: gfx/portraits/portrait_modifiers/05_clothes_situational.txt line: 1109 (clothes_situational:weight)
[14:00:06][E][jomini_trigger.cpp:243]: PostValidate of trigger 'has_game_rule' returned false at file: gfx/portraits/portrait_modifiers/05_clothes_situational.txt line: 1109 (clothes_situational:weight)
[14:00:06][E][jomini_script_system.cpp:303]: Script system error!
  Error: has_game_rule trigger [ Invalid database object 'show_armor_enabled' ]
  Script location: file: gfx/portraits/portrait_modifiers/05_clothes_situational.txt line: 1158 (clothes_situational:weight)
[14:00:06][E][jomini_trigger.cpp:243]: PostValidate of trigger 'has_game_rule' returned false at file: gfx/portraits/portrait_modifiers/05_clothes_situational.txt line: 1158 (clothes_situational:weight)
[14:00:06][E][jomini_script_system.cpp:303]: Script system error!
  Error: has_game_rule trigger [ Invalid database object 'show_armor_enabled' ]
  Script location: file: gfx/portraits/portrait_modifiers/05_clothes_situational.txt line: 1202 (clothes_situational:weight)
[14:00:06][E][jomini_trigger.cpp:243]: PostValidate of trigger 'has_game_rule' returned false at file: gfx/portraits/portrait_modifiers/05_clothes_situational.txt line: 1202 (clothes_situational:weight)
[14:00:06][E][jomini_script_system.cpp:303]: Script system error!
  Error: has_game_rule trigger [ Invalid database object 'show_armor_enabled' ]
  Script location: file: gfx/portraits/portrait_modifiers/05_clothes_situational.txt line: 1248 (clothes_situational:weight)
[14:00:06][E][jomini_trigger.cpp:243]: PostValidate of trigger 'has_game_rule' returned false at file: gfx/portraits/portrait_modifiers/05_clothes_situational.txt line: 1248 (clothes_situational:weight)
[14:00:06][E][jomini_script_system.cpp:303]: Script system error!
  Error: has_game_rule trigger [ Invalid database object 'show_armor_enabled' ]
  Script location: file: gfx/portraits/portrait_modifiers/05_clothes_situational.txt line: 1292 (clothes_situational:weight)
[14:00:06][E][jomini_trigger.cpp:243]: PostValidate of trigger 'has_game_rule' returned false at file: gfx/portraits/portrait_modifiers/05_clothes_situational.txt line: 1292 (clothes_situational:weight)
[14:00:06][E][jomini_script_system.cpp:303]: Script system error!
  Error: has_game_rule trigger [ Invalid database object 'show_armor_enabled' ]
  Script location: file: gfx/portraits/portrait_modifiers/05_clothes_situational.txt line: 1338 (clothes_situational:weight)
[14:00:06][E][jomini_trigger.cpp:243]: PostValidate of trigger 'has_game_rule' returned false at file: gfx/portraits/portrait_modifiers/05_clothes_situational.txt line: 1338 (clothes_situational:weight)
[14:00:06][E][jomini_script_system.cpp:303]: Script system error!
  Error: has_game_rule trigger [ Invalid database object 'show_armor_enabled' ]
  Script location: file: gfx/portraits/portrait_modifiers/05_clothes_situational.txt line: 1382 (clothes_situational:weight)
[14:00:06][E][jomini_trigger.cpp:243]: PostValidate of trigger 'has_game_rule' returned false at file: gfx/portraits/portrait_modifiers/05_clothes_situational.txt line: 1382 (clothes_situational:weight)
[14:00:06][E][jomini_script_system.cpp:303]: Script system error!
  Error: has_game_rule trigger [ Invalid database object 'show_armor_enabled' ]
  Script location: file: gfx/portraits/portrait_modifiers/05_clothes_situational.txt line: 1428 (clothes_situational:weight)
[14:00:06][E][jomini_trigger.cpp:243]: PostValidate of trigger 'has_game_rule' returned false at file: gfx/portraits/portrait_modifiers/05_clothes_situational.txt line: 1428 (clothes_situational:weight)
[14:00:06][E][jomini_script_system.cpp:303]: Script system error!
  Error: has_game_rule trigger [ Invalid database object 'show_armor_enabled' ]
  Script location: file: gfx/portraits/portrait_modifiers/05_clothes_situational.txt line: 1472 (clothes_situational:weight)
[14:00:06][E][jomini_trigger.cpp:243]: PostValidate of trigger 'has_game_rule' returned false at file: gfx/portraits/portrait_modifiers/05_clothes_situational.txt line: 1472 (clothes_situational:weight)
[14:00:06][E][jomini_script_system.cpp:303]: Script system error!
  Error: has_game_rule trigger [ Invalid database object 'show_armor_enabled' ]
  Script location: file: gfx/portraits/portrait_modifiers/05_clothes_situational.txt line: 1518 (clothes_situational:weight)
[14:00:06][E][jomini_trigger.cpp:243]: PostValidate of trigger 'has_game_rule' returned false at file: gfx/portraits/portrait_modifiers/05_clothes_situational.txt line: 1518 (clothes_situational:weight)
[14:00:06][E][jomini_script_system.cpp:303]: Script system error!
  Error: has_game_rule trigger [ Invalid database object 'show_armor_enabled' ]
  Script location: file: gfx/portraits/portrait_modifiers/05_clothes_situational.txt line: 1562 (clothes_situational:weight)
[14:00:06][E][jomini_trigger.cpp:243]: PostValidate of trigger 'has_game_rule' returned false at file: gfx/portraits/portrait_modifiers/05_clothes_situational.txt line: 1562 (clothes_situational:weight)
[14:00:06][E][jomini_script_system.cpp:303]: Script system error!
  Error: has_game_rule trigger [ Invalid database object 'show_armor_enabled' ]
  Script location: file: gfx/portraits/portrait_modifiers/05_headgear_situational.txt line: 338 (headgear_situational:weight)
[14:00:06][E][jomini_trigger.cpp:243]: PostValidate of trigger 'has_game_rule' returned false at file: gfx/portraits/portrait_modifiers/05_headgear_situational.txt line: 338 (headgear_situational:weight)
[14:00:06][E][jomini_script_system.cpp:303]: Script system error!
  Error: has_game_rule trigger [ Invalid database object 'show_armor_enabled' ]
  Script location: file: gfx/portraits/portrait_modifiers/05_headgear_situational.txt line: 395 (headgear_situational:weight)
[14:00:06][E][jomini_trigger.cpp:243]: PostValidate of trigger 'has_game_rule' returned false at file: gfx/portraits/portrait_modifiers/05_headgear_situational.txt line: 395 (headgear_situational:weight)
[14:00:06][E][jomini_script_system.cpp:303]: Script system error!
  Error: has_game_rule trigger [ Invalid database object 'show_armor_enabled' ]
  Script location: file: gfx/portraits/portrait_modifiers/05_headgear_situational.txt line: 3127 (headgear_situational:weight)
[14:00:06][E][jomini_trigger.cpp:243]: PostValidate of trigger 'has_game_rule' returned false at file: gfx/portraits/portrait_modifiers/05_headgear_situational.txt line: 3127 (headgear_situational:weight)
[14:00:06][E][jomini_script_system.cpp:303]: Script system error!
  Error: has_game_rule trigger [ Invalid database object 'show_armor_enabled' ]
  Script location: file: gfx/portraits/portrait_modifiers/05_headgear_situational.txt line: 3174 (headgear_situational:weight)
[14:00:06][E][jomini_trigger.cpp:243]: PostValidate of trigger 'has_game_rule' returned false at file: gfx/portraits/portrait_modifiers/05_headgear_situational.txt line: 3174 (headgear_situational:weight)
[14:00:06][E][jomini_script_system.cpp:303]: Script system error!
  Error: has_game_rule trigger [ Invalid database object 'show_armor_enabled' ]
  Script location: file: gfx/portraits/portrait_modifiers/05_headgear_situational.txt line: 3222 (headgear_situational:weight)
[14:00:06][E][jomini_trigger.cpp:243]: PostValidate of trigger 'has_game_rule' returned false at file: gfx/portraits/portrait_modifiers/05_headgear_situational.txt line: 3222 (headgear_situational:weight)
[14:00:06][E][jomini_script_system.cpp:303]: Script system error!
  Error: has_game_rule trigger [ Invalid database object 'show_armor_enabled' ]
  Script location: file: gfx/portraits/portrait_modifiers/05_headgear_situational.txt line: 3266 (headgear_situational:weight)
[14:00:06][E][jomini_trigger.cpp:243]: PostValidate of trigger 'has_game_rule' returned false at file: gfx/portraits/portrait_modifiers/05_headgear_situational.txt line: 3266 (headgear_situational:weight)
[14:00:06][E][jomini_script_system.cpp:303]: Script system error!
  Error: has_game_rule trigger [ Invalid database object 'show_armor_enabled' ]
  Script location: file: gfx/portraits/portrait_modifiers/05_headgear_situational.txt line: 3310 (headgear_situational:weight)
[14:00:06][E][jomini_trigger.cpp:243]: PostValidate of trigger 'has_game_rule' returned false at file: gfx/portraits/portrait_modifiers/05_headgear_situational.txt line: 3310 (headgear_situational:weight)
[14:00:06][E][jomini_script_system.cpp:303]: Script system error!
  Error: has_game_rule trigger [ Invalid database object 'show_armor_enabled' ]
  Script location: file: gfx/portraits/portrait_modifiers/05_headgear_situational.txt line: 3355 (headgear_situational:weight)
[14:00:06][E][jomini_trigger.cpp:243]: PostValidate of trigger 'has_game_rule' returned false at file: gfx/portraits/portrait_modifiers/05_headgear_situational.txt line: 3355 (headgear_situational:weight)
[14:00:06][E][jomini_script_system.cpp:303]: Script system error!
  Error: is_struggle_type trigger [ Invalid database object 'persian_struggle' ]
  Script location: file: common/character_interactions/DI_character_interaction.txt line: 1415 (DI_arrange_marriage_interaction:is_shown)
[14:00:06][E][jomini_trigger.cpp:243]: PostValidate of trigger 'is_struggle_type' returned false at file: common/character_interactions/DI_character_interaction.txt line: 1415 (DI_arrange_marriage_interaction:is_shown)
[14:00:06][E][jomini_script_system.cpp:303]: Script system error!
  Error: has_struggle_phase_parameter trigger [ Bool phase parameter 'can_trade_piety_for_marriage_acceptance' does not exist ]
  Script location: file: common/character_interactions/DI_character_interaction.txt line: 1416 (DI_arrange_marriage_interaction:is_shown)
[14:00:06][E][jomini_trigger.cpp:243]: PostValidate of trigger 'has_struggle_phase_parameter' returned false at file: common/character_interactions/DI_character_interaction.txt line: 1416 (DI_arrange_marriage_interaction:is_shown)
[14:00:06][E][jomini_script_system.cpp:303]: Script system error!
  Error: is_struggle_type trigger [ Invalid database object 'persian_struggle' ]
  Script location: file: common/character_interactions/DI_character_interaction.txt line: 1424 (DI_arrange_marriage_interaction:is_valid)
[14:00:06][E][jomini_trigger.cpp:243]: PostValidate of trigger 'is_struggle_type' returned false at file: common/character_interactions/DI_character_interaction.txt line: 1424 (DI_arrange_marriage_interaction:is_valid)
[14:00:06][E][jomini_script_system.cpp:303]: Script system error!
  Error: is_struggle_type trigger [ Invalid database object 'persian_struggle' ]
  Script location: file: common/character_interactions/DI_character_interaction.txt line: 1430 (DI_arrange_marriage_interaction:is_valid)
[14:00:06][E][jomini_trigger.cpp:243]: PostValidate of trigger 'is_struggle_type' returned false at file: common/character_interactions/DI_character_interaction.txt line: 1430 (DI_arrange_marriage_interaction:is_valid)
[14:00:06][E][jomini_script_system.cpp:303]: Script system error!
  Error: is_in_family trigger [ Invalid database object 'rf_abrahamic' ]
  Script location: file: common/scripted_effects/DI_char_spawner_effects.txt line: 1464 (DI_char_spawner_resolve_origin_effect)
[14:00:06][E][jomini_trigger.cpp:243]: PostValidate of trigger 'is_in_family' returned false at file: common/scripted_effects/DI_char_spawner_effects.txt line: 1464 (DI_char_spawner_resolve_origin_effect)
[14:00:06][E][jomini_script_system.cpp:303]: Script system error!
  Error: is_in_family trigger [ Invalid database object 'rf_abrahamic' ]
  Script location: file: common/scripted_effects/DI_char_spawner_effects.txt line: 1466 (DI_char_spawner_resolve_origin_effect)
[14:00:06][E][jomini_trigger.cpp:243]: PostValidate of trigger 'is_in_family' returned false at file: common/scripted_effects/DI_char_spawner_effects.txt line: 1466 (DI_char_spawner_resolve_origin_effect)
[14:00:06][E][jomini_script_system.cpp:303]: Script system error!
  Error: is_in_family trigger [ Invalid database object 'rf_eastern' ]
  Script location: file: common/scripted_effects/DI_char_spawner_effects.txt line: 1470 (DI_char_spawner_resolve_origin_effect)
[14:00:06][E][jomini_trigger.cpp:243]: PostValidate of trigger 'is_in_family' returned false at file: common/scripted_effects/DI_char_spawner_effects.txt line: 1470 (DI_char_spawner_resolve_origin_effect)
[14:00:06][E][jomini_script_system.cpp:303]: Script system error!
  Error: is_in_family trigger [ Invalid database object 'rf_eastern' ]
  Script location: file: common/scripted_effects/DI_char_spawner_effects.txt line: 1472 (DI_char_spawner_resolve_origin_effect)
[14:00:06][E][jomini_trigger.cpp:243]: PostValidate of trigger 'is_in_family' returned false at file: common/scripted_effects/DI_char_spawner_effects.txt line: 1472 (DI_char_spawner_resolve_origin_effect)
[14:00:06][E][jomini_script_system.cpp:303]: Script system error!
  Error: is_in_family trigger [ Invalid database object 'rf_sinitic' ]
  Script location: file: common/scripted_effects/DI_char_spawner_effects.txt line: 1476 (DI_char_spawner_resolve_origin_effect)
[14:00:06][E][jomini_trigger.cpp:243]: PostValidate of trigger 'is_in_family' returned false at file: common/scripted_effects/DI_char_spawner_effects.txt line: 1476 (DI_char_spawner_resolve_origin_effect)
[14:00:06][E][jomini_script_system.cpp:303]: Script system error!
  Error: is_in_family trigger [ Invalid database object 'rf_sinitic' ]
  Script location: file: common/scripted_effects/DI_char_spawner_effects.txt line: 1478 (DI_char_spawner_resolve_origin_effect)
[14:00:06][E][jomini_trigger.cpp:243]: PostValidate of trigger 'is_in_family' returned false at file: common/scripted_effects/DI_char_spawner_effects.txt line: 1478 (DI_char_spawner_resolve_origin_effect)
[14:00:06][E][jomini_script_system.cpp:303]: Script system error!
  Error: is_in_family trigger [ Invalid database object 'rf_pagan' ]
  Script location: file: common/scripted_effects/DI_char_spawner_effects.txt line: 1482 (DI_char_spawner_resolve_origin_effect)
[14:00:06][E][jomini_trigger.cpp:243]: PostValidate of trigger 'is_in_family' returned false at file: common/scripted_effects/DI_char_spawner_effects.txt line: 1482 (DI_char_spawner_resolve_origin_effect)
[14:00:06][E][jomini_script_system.cpp:303]: Script system error!
  Error: is_in_family trigger [ Invalid database object 'rf_pagan' ]
  Script location: file: common/scripted_effects/DI_char_spawner_effects.txt line: 1484 (DI_char_spawner_resolve_origin_effect)
[14:00:06][E][jomini_trigger.cpp:243]: PostValidate of trigger 'is_in_family' returned false at file: common/scripted_effects/DI_char_spawner_effects.txt line: 1484 (DI_char_spawner_resolve_origin_effect)
[14:00:07][E][jomini_script_system.cpp:303]: Script system error!
  Error: has_game_rule trigger [ Invalid database object 'tgc_enabled_enabled' ]
  Script location: file: common/scripted_triggers/tgc_loaded_trigger.txt line: 11 (tgc_standard_equipment_trigger)
[14:00:07][E][jomini_trigger.cpp:243]: PostValidate of trigger 'has_game_rule' returned false at file: common/scripted_triggers/tgc_loaded_trigger.txt line: 11 (tgc_standard_equipment_trigger)
[14:00:07][E][jomini_script_system.cpp:303]: Script system error!
  Error: has_game_rule trigger [ Invalid database object 'tgc_enabled_enabled' ]
  Script location: file: common/scripted_triggers/tgc_loaded_trigger.txt line: 59 (tgc_captain_equipment_trigger)
[14:00:07][E][jomini_trigger.cpp:243]: PostValidate of trigger 'has_game_rule' returned false at file: common/scripted_triggers/tgc_loaded_trigger.txt line: 59 (tgc_captain_equipment_trigger)
[14:00:07][E][jomini_script_system.cpp:303]: Script system error!
  Error: has_game_rule trigger [ Invalid database object 'tgc_enabled_enabled' ]
  Script location: file: common/scripted_triggers/tgc_loaded_trigger.txt line: 94 (tgc_blackfyre_or_targ_equipment_trigger)
[14:00:07][E][jomini_trigger.cpp:243]: PostValidate of trigger 'has_game_rule' returned false at file: common/scripted_triggers/tgc_loaded_trigger.txt line: 94 (tgc_blackfyre_or_targ_equipment_trigger)
[14:00:07][E][jomini_script_system.cpp:303]: Script system error!
  Error: has_game_rule trigger [ Invalid database object 'tgc_blackfyre_enabled' ]
  Script location: file: common/scripted_triggers/tgc_loaded_trigger.txt line: 104 (tgc_blackfyre_equipment_trigger)
[14:00:07][E][jomini_trigger.cpp:243]: PostValidate of trigger 'has_game_rule' returned false at file: common/scripted_triggers/tgc_loaded_trigger.txt line: 104 (tgc_blackfyre_equipment_trigger)
[14:00:07][E][jomini_script_system.cpp:303]: Script system error!
  Error: has_game_rule trigger [ Invalid database object 'tgc_faegon_enabled' ]
  Script location: file: common/scripted_triggers/tgc_loaded_trigger.txt line: 120 (tgc_blackfyre_equipment_trigger)
[14:00:07][E][jomini_trigger.cpp:243]: PostValidate of trigger 'has_game_rule' returned false at file: common/scripted_triggers/tgc_loaded_trigger.txt line: 120 (tgc_blackfyre_equipment_trigger)
[14:00:07][E][jomini_script_system.cpp:303]: Script system error!
  Error: has_game_rule trigger [ Invalid database object 'tgc_faegon_enabled' ]
  Script location: file: common/scripted_triggers/tgc_loaded_trigger.txt line: 140 (tgc_targaryen_equipment_trigger)
[14:00:07][E][jomini_trigger.cpp:243]: PostValidate of trigger 'has_game_rule' returned false at file: common/scripted_triggers/tgc_loaded_trigger.txt line: 140 (tgc_targaryen_equipment_trigger)
[14:00:07][E][jomini_script_system.cpp:303]: Script system error!
  Error: has_game_rule trigger [ Invalid database object 'tgc_enabled_enabled' ]
  Script location: file: common/scripted_triggers/tgc_loaded_trigger.txt line: 163 (tgc_blackfyre_house_equipment_trigger)
[14:00:07][E][jomini_trigger.cpp:243]: PostValidate of trigger 'has_game_rule' returned false at file: common/scripted_triggers/tgc_loaded_trigger.txt line: 163 (tgc_blackfyre_house_equipment_trigger)
[14:00:07][E][jomini_script_system.cpp:303]: Script system error!
  Error: has_game_rule trigger [ Invalid database object 'tgc_blackfyre_enabled' ]
  Script location: file: common/scripted_triggers/tgc_loaded_trigger.txt line: 164 (tgc_blackfyre_house_equipment_trigger)
[14:00:07][E][jomini_trigger.cpp:243]: PostValidate of trigger 'has_game_rule' returned false at file: common/scripted_triggers/tgc_loaded_trigger.txt line: 164 (tgc_blackfyre_house_equipment_trigger)
[14:00:07][E][jomini_effect.cpp:1161]: Flag 'wilderness_holding' is used but is never set. Setting it in an unused scripted trigger or effect does not count
[14:00:07][E][jomini_effect.cpp:1161]: Flag 'settlement_holding' is used but is never set. Setting it in an unused scripted trigger or effect does not count
[14:00:07][E][jomini_effect.cpp:1161]: Flag 'unknown_holding' is used but is never set. Setting it in an unused scripted trigger or effect does not count
[14:00:07][E][jomini_effect.cpp:1161]: Flag 'ruin_holding' is used but is never set. Setting it in an unused scripted trigger or effect does not count
[14:00:07][E][jomini_effect.cpp:1161]: Flag 'pirate_den_holding' is used but is never set. Setting it in an unused scripted trigger or effect does not count
[14:00:07][E][jomini_effect.cpp:1161]: Flag 'monastery_holding' is used but is never set. Setting it in an unused scripted trigger or effect does not count
[14:00:07][E][jomini_effect.cpp:1145]: Flag 'shivers' is set but is never used. Note that use in localization doesn't count due to technical limitations. Use in unused scripted triggers and effects also does not count
[14:00:07][E][jomini_effect.cpp:1145]: Flag 'global' is set but is never used. Note that use in localization doesn't count due to technical limitations. Use in unused scripted triggers and effects also does not count
[14:00:07][E][jomini_effect.cpp:1145]: Flag 'DI_subtype_throne' is set but is never used. Note that use in localization doesn't count due to technical limitations. Use in unused scripted triggers and effects also does not count
[14:00:07][E][jomini_effect.cpp:1145]: Flag 'hold' is set but is never used. Note that use in localization doesn't count due to technical limitations. Use in unused scripted triggers and effects also does not count
[14:00:07][E][jomini_effect.cpp:1145]: Flag 'pact' is set but is never used. Note that use in localization doesn't count due to technical limitations. Use in unused scripted triggers and effects also does not count
[14:00:07][E][jomini_effect.cpp:1145]: Flag 'all_found' is set but is never used. Note that use in localization doesn't count due to technical limitations. Use in unused scripted triggers and effects also does not count
[14:00:07][E][jomini_effect.cpp:1161]: Variable 'swordman_armor_artifact' is used but is never set. Setting it in an unused scripted trigger or effect does not count
[14:00:07][E][jomini_effect.cpp:1161]: Variable 'kingsguard_choice' is used but is never set. Setting it in an unused scripted trigger or effect does not count
[14:00:07][E][jomini_effect.cpp:1161]: Variable 'brightboar_enabled' is used but is never set. Setting it in an unused scripted trigger or effect does not count
[14:00:07][E][jomini_effect.cpp:1161]: Variable 'tgc_enabled' is used but is never set. Setting it in an unused scripted trigger or effect does not count
[14:00:07][E][jomini_effect.cpp:1161]: Variable 'captains_sword' is used but is never set. Setting it in an unused scripted trigger or effect does not count
[14:00:07][E][jomini_effect.cpp:1161]: Variable 'fab_never_silent_sister' is used but is never set. Setting it in an unused scripted trigger or effect does not count
[14:00:07][E][jomini_effect.cpp:1161]: Variable 'app_enabled' is used but is never set. Setting it in an unused scripted trigger or effect does not count
[14:00:07][E][jomini_effect.cpp:1161]: Variable 'Aotk_enabled' is used but is never set. Setting it in an unused scripted trigger or effect does not count
[14:00:07][E][jomini_effect.cpp:1145]: Variable 'fab_ourfury_rainwood_route' is set but is never used. Note that use in localization doesn't count due to technical limitations. Use in unused scripted triggers and effects also does not count
[14:00:07][E][jomini_effect.cpp:1145]: Variable 'fab_ourfury_dragonstone_envoy' is set but is never used. Note that use in localization doesn't count due to technical limitations. Use in unused scripted triggers and effects also does not count
[14:00:07][E][jomini_effect.cpp:1145]: Variable 'fab_ourfury_reputation_spread' is set but is never used. Note that use in localization doesn't count due to technical limitations. Use in unused scripted triggers and effects also does not count
[14:00:07][E][jomini_effect.cpp:1145]: Variable 'DI_artifact_subtype_display' is set but is never used. Note that use in localization doesn't count due to technical limitations. Use in unused scripted triggers and effects also does not count
[14:00:07][E][jomini_effect.cpp:1145]: Variable 'fab_ourfury_orys_seized' is set but is never used. Note that use in localization doesn't count due to technical limitations. Use in unused scripted triggers and effects also does not count
[14:00:07][E][jomini_effect.cpp:1145]: Variable 'fab_ourfury_marchers_released' is set but is never used. Note that use in localization doesn't count due to technical limitations. Use in unused scripted triggers and effects also does not count
[14:00:07][E][jomini_effect.cpp:1145]: Variable 'fab_saera_reconciled_early' is set but is never used. Note that use in localization doesn't count due to technical limitations. Use in unused scripted triggers and effects also does not count
[14:00:07][E][jomini_effect.cpp:1145]: Variable 'DI_artifact_category_display' is set but is never used. Note that use in localization doesn't count due to technical limitations. Use in unused scripted triggers and effects also does not count
[14:00:07][E][jomini_effect.cpp:1145]: Variable 'fab_saera_roy_exiled' is set but is never used. Note that use in localization doesn't count due to technical limitations. Use in unused scripted triggers and effects also does not count
[14:00:07][E][jomini_effect.cpp:1145]: Variable 'fab_rego_killers_found' is set but is never used. Note that use in localization doesn't count due to technical limitations. Use in unused scripted triggers and effects also does not count
[14:00:07][E][jomini_effect.cpp:1145]: Variable 'fab_north_slain_dragon' is set but is never used. Note that use in localization doesn't count due to technical limitations. Use in unused scripted triggers and effects also does not count
[14:00:07][E][jomini_effect.cpp:1145]: Variable 'fab_saera_confined' is set but is never used. Note that use in localization doesn't count due to technical limitations. Use in unused scripted triggers and effects also does not count
[14:00:07][E][jomini_effect.cpp:1145]: Variable 'fab_viserra_ride_resolved' is set but is never used. Note that use in localization doesn't count due to technical limitations. Use in unused scripted triggers and effects also does not count
[14:00:07][E][jomini_effect.cpp:1145]: Variable 'fab_maegelle_joined_faith' is set but is never used. Note that use in localization doesn't count due to technical limitations. Use in unused scripted triggers and effects also does not count
[14:00:07][E][jomini_effect.cpp:1145]: Variable 'fab_ourfury_orys_sworn' is set but is never used. Note that use in localization doesn't count due to technical limitations. Use in unused scripted triggers and effects also does not count
[14:00:07][E][jomini_effect.cpp:1145]: Variable 'fab_saera_in_lys' is set but is never used. Note that use in localization doesn't count due to technical limitations. Use in unused scripted triggers and effects also does not count
[14:00:07][E][jomini_effect.cpp:1145]: Variable 'fab_rego_hunt_watch' is set but is never used. Note that use in localization doesn't count due to technical limitations. Use in unused scripted triggers and effects also does not count
[14:00:07][E][jomini_effect.cpp:1145]: Variable 'fab_ourfury_orys_sent_home' is set but is never used. Note that use in localization doesn't count due to technical limitations. Use in unused scripted triggers and effects also does not count
[14:00:07][E][jomini_effect.cpp:1145]: Variable 'DI_artifact_quality_display' is set but is never used. Note that use in localization doesn't count due to technical limitations. Use in unused scripted triggers and effects also does not count
[14:00:07][E][jomini_effect.cpp:1145]: Variable 'fab_dorne_war_of_knives' is set but is never used. Note that use in localization doesn't count due to technical limitations. Use in unused scripted triggers and effects also does not count
[14:00:07][E][jomini_effect.cpp:1145]: Variable 'fab_ourfury_king_withdrew' is set but is never used. Note that use in localization doesn't count due to technical limitations. Use in unused scripted triggers and effects also does not count
[14:00:07][E][jomini_effect.cpp:1145]: Variable 'fab_ourfury_duel_won' is set but is never used. Note that use in localization doesn't count due to technical limitations. Use in unused scripted triggers and effects also does not count
[14:00:07][E][jomini_effect.cpp:1145]: Variable 'fab_ourfury_argella_wed_orys' is set but is never used. Note that use in localization doesn't count due to technical limitations. Use in unused scripted triggers and effects also does not count
[14:00:07][E][jomini_effect.cpp:1145]: Variable 'fab_vaegon_sent_to_citadel' is set but is never used. Note that use in localization doesn't count due to technical limitations. Use in unused scripted triggers and effects also does not count
[14:00:07][E][jomini_effect.cpp:1145]: Variable 'fab_aemon_tarth_refused' is set but is never used. Note that use in localization doesn't count due to technical limitations. Use in unused scripted triggers and effects also does not count
[14:00:07][E][jomini_effect.cpp:1145]: Variable 'fab_rego_unavenged' is set but is never used. Note that use in localization doesn't count due to technical limitations. Use in unused scripted triggers and effects also does not count
[14:00:07][E][jomini_effect.cpp:1145]: Variable 'fab_baelon_never_remarries' is set but is never used. Note that use in localization doesn't count due to technical limitations. Use in unused scripted triggers and effects also does not count
[14:00:07][E][jomini_effect.cpp:1145]: Variable 'fab_ourfury_meraxes_slain' is set but is never used. Note that use in localization doesn't count due to technical limitations. Use in unused scripted triggers and effects also does not count
[14:00:07][E][jomini_effect.cpp:1145]: Variable 'COWAGOT_is_loaded' is set but is never used. Note that use in localization doesn't count due to technical limitations. Use in unused scripted triggers and effects also does not count
[14:00:07][E][jomini_effect.cpp:1145]: Variable 'fab_infant_aegon_fate_scheduled' is set but is never used. Note that use in localization doesn't count due to technical limitations. Use in unused scripted triggers and effects also does not count
[14:00:07][E][static_modifier.cpp:200]: Modifier 'lucerys_gun_modifier' was not used by the script or code but exists in the database, this is a waste
[14:00:07][E][static_modifier.cpp:200]: Modifier 'asoiaf_stark_throne_modifier' was not used by the script or code but exists in the database, this is a waste
[14:00:10][E][jomini_eventmanager.cpp:372]: Event buy_valyrian_mask.0001 is orphaned
[14:00:10][E][jomini_eventmanager.cpp:372]: Event asoiaf_young_griff_landing_events.2 is orphaned
[14:00:11][E][pdx_assert.cpp:619]: Assertion failed: Achievements not loaded correctly
[14:00:12][E][jomini_effect.cpp:1161]: Flag 'wilderness_holding' is used but is never set. Setting it in an unused scripted trigger or effect does not count
[14:00:12][E][jomini_effect.cpp:1161]: Flag 'settlement_holding' is used but is never set. Setting it in an unused scripted trigger or effect does not count
[14:00:12][E][jomini_effect.cpp:1161]: Flag 'unknown_holding' is used but is never set. Setting it in an unused scripted trigger or effect does not count
[14:00:12][E][jomini_effect.cpp:1161]: Flag 'ruin_holding' is used but is never set. Setting it in an unused scripted trigger or effect does not count
[14:00:12][E][jomini_effect.cpp:1161]: Flag 'pirate_den_holding' is used but is never set. Setting it in an unused scripted trigger or effect does not count
[14:00:12][E][jomini_effect.cpp:1161]: Flag 'monastery_holding' is used but is never set. Setting it in an unused scripted trigger or effect does not count
[14:00:12][E][jomini_effect.cpp:1145]: Flag 'shivers' is set but is never used. Note that use in localization doesn't count due to technical limitations. Use in unused scripted triggers and effects also does not count
[14:00:12][E][jomini_effect.cpp:1145]: Flag 'global' is set but is never used. Note that use in localization doesn't count due to technical limitations. Use in unused scripted triggers and effects also does not count
[14:00:12][E][jomini_effect.cpp:1145]: Flag 'DI_subtype_throne' is set but is never used. Note that use in localization doesn't count due to technical limitations. Use in unused scripted triggers and effects also does not count
[14:00:12][E][jomini_effect.cpp:1145]: Flag 'hold' is set but is never used. Note that use in localization doesn't count due to technical limitations. Use in unused scripted triggers and effects also does not count
[14:00:12][E][jomini_effect.cpp:1145]: Flag 'pact' is set but is never used. Note that use in localization doesn't count due to technical limitations. Use in unused scripted triggers and effects also does not count
[14:00:12][E][jomini_effect.cpp:1145]: Flag 'all_found' is set but is never used. Note that use in localization doesn't count due to technical limitations. Use in unused scripted triggers and effects also does not count
[14:00:12][E][jomini_effect.cpp:1161]: Variable 'swordman_armor_artifact' is used but is never set. Setting it in an unused scripted trigger or effect does not count
[14:00:12][E][jomini_effect.cpp:1161]: Variable 'kingsguard_choice' is used but is never set. Setting it in an unused scripted trigger or effect does not count
[14:00:12][E][jomini_effect.cpp:1161]: Variable 'brightboar_enabled' is used but is never set. Setting it in an unused scripted trigger or effect does not count
[14:00:12][E][jomini_effect.cpp:1161]: Variable 'tgc_enabled' is used but is never set. Setting it in an unused scripted trigger or effect does not count
[14:00:12][E][jomini_effect.cpp:1161]: Variable 'captains_sword' is used but is never set. Setting it in an unused scripted trigger or effect does not count
[14:00:12][E][jomini_effect.cpp:1161]: Variable 'fab_never_silent_sister' is used but is never set. Setting it in an unused scripted trigger or effect does not count
[14:00:12][E][jomini_effect.cpp:1161]: Variable 'app_enabled' is used but is never set. Setting it in an unused scripted trigger or effect does not count
[14:00:12][E][jomini_effect.cpp:1161]: Variable 'Aotk_enabled' is used but is never set. Setting it in an unused scripted trigger or effect does not count
[14:00:12][E][jomini_effect.cpp:1145]: Variable 'fab_ourfury_rainwood_route' is set but is never used. Note that use in localization doesn't count due to technical limitations. Use in unused scripted triggers and effects also does not count
[14:00:12][E][jomini_effect.cpp:1145]: Variable 'fab_ourfury_dragonstone_envoy' is set but is never used. Note that use in localization doesn't count due to technical limitations. Use in unused scripted triggers and effects also does not count
[14:00:12][E][jomini_effect.cpp:1145]: Variable 'fab_ourfury_reputation_spread' is set but is never used. Note that use in localization doesn't count due to technical limitations. Use in unused scripted triggers and effects also does not count
[14:00:12][E][jomini_effect.cpp:1145]: Variable 'DI_artifact_subtype_display' is set but is never used. Note that use in localization doesn't count due to technical limitations. Use in unused scripted triggers and effects also does not count
[14:00:12][E][jomini_effect.cpp:1145]: Variable 'fab_ourfury_orys_seized' is set but is never used. Note that use in localization doesn't count due to technical limitations. Use in unused scripted triggers and effects also does not count
[14:00:12][E][jomini_effect.cpp:1145]: Variable 'fab_ourfury_marchers_released' is set but is never used. Note that use in localization doesn't count due to technical limitations. Use in unused scripted triggers and effects also does not count
[14:00:12][E][jomini_effect.cpp:1145]: Variable 'fab_saera_reconciled_early' is set but is never used. Note that use in localization doesn't count due to technical limitations. Use in unused scripted triggers and effects also does not count
[14:00:12][E][jomini_effect.cpp:1145]: Variable 'DI_artifact_category_display' is set but is never used. Note that use in localization doesn't count due to technical limitations. Use in unused scripted triggers and effects also does not count
[14:00:12][E][jomini_effect.cpp:1145]: Variable 'fab_saera_roy_exiled' is set but is never used. Note that use in localization doesn't count due to technical limitations. Use in unused scripted triggers and effects also does not count
[14:00:12][E][jomini_effect.cpp:1145]: Variable 'fab_rego_killers_found' is set but is never used. Note that use in localization doesn't count due to technical limitations. Use in unused scripted triggers and effects also does not count
[14:00:12][E][jomini_effect.cpp:1145]: Variable 'fab_north_slain_dragon' is set but is never used. Note that use in localization doesn't count due to technical limitations. Use in unused scripted triggers and effects also does not count
[14:00:12][E][jomini_effect.cpp:1145]: Variable 'fab_saera_confined' is set but is never used. Note that use in localization doesn't count due to technical limitations. Use in unused scripted triggers and effects also does not count
[14:00:12][E][jomini_effect.cpp:1145]: Variable 'fab_viserra_ride_resolved' is set but is never used. Note that use in localization doesn't count due to technical limitations. Use in unused scripted triggers and effects also does not count
[14:00:12][E][jomini_effect.cpp:1145]: Variable 'fab_maegelle_joined_faith' is set but is never used. Note that use in localization doesn't count due to technical limitations. Use in unused scripted triggers and effects also does not count
[14:00:12][E][jomini_effect.cpp:1145]: Variable 'fab_ourfury_orys_sworn' is set but is never used. Note that use in localization doesn't count due to technical limitations. Use in unused scripted triggers and effects also does not count
[14:00:12][E][jomini_effect.cpp:1145]: Variable 'fab_saera_in_lys' is set but is never used. Note that use in localization doesn't count due to technical limitations. Use in unused scripted triggers and effects also does not count
[14:00:12][E][jomini_effect.cpp:1145]: Variable 'fab_rego_hunt_watch' is set but is never used. Note that use in localization doesn't count due to technical limitations. Use in unused scripted triggers and effects also does not count
[14:00:12][E][jomini_effect.cpp:1145]: Variable 'fab_ourfury_orys_sent_home' is set but is never used. Note that use in localization doesn't count due to technical limitations. Use in unused scripted triggers and effects also does not count
[14:00:12][E][jomini_effect.cpp:1145]: Variable 'DI_artifact_quality_display' is set but is never used. Note that use in localization doesn't count due to technical limitations. Use in unused scripted triggers and effects also does not count
[14:00:12][E][jomini_effect.cpp:1145]: Variable 'fab_dorne_war_of_knives' is set but is never used. Note that use in localization doesn't count due to technical limitations. Use in unused scripted triggers and effects also does not count
[14:00:12][E][jomini_effect.cpp:1145]: Variable 'fab_ourfury_king_withdrew' is set but is never used. Note that use in localization doesn't count due to technical limitations. Use in unused scripted triggers and effects also does not count
[14:00:12][E][jomini_effect.cpp:1145]: Variable 'fab_ourfury_duel_won' is set but is never used. Note that use in localization doesn't count due to technical limitations. Use in unused scripted triggers and effects also does not count
[14:00:12][E][jomini_effect.cpp:1145]: Variable 'fab_ourfury_argella_wed_orys' is set but is never used. Note that use in localization doesn't count due to technical limitations. Use in unused scripted triggers and effects also does not count
[14:00:12][E][jomini_effect.cpp:1145]: Variable 'fab_vaegon_sent_to_citadel' is set but is never used. Note that use in localization doesn't count due to technical limitations. Use in unused scripted triggers and effects also does not count
[14:00:12][E][jomini_effect.cpp:1145]: Variable 'fab_aemon_tarth_refused' is set but is never used. Note that use in localization doesn't count due to technical limitations. Use in unused scripted triggers and effects also does not count
[14:00:12][E][jomini_effect.cpp:1145]: Variable 'fab_rego_unavenged' is set but is never used. Note that use in localization doesn't count due to technical limitations. Use in unused scripted triggers and effects also does not count
[14:00:12][E][jomini_effect.cpp:1145]: Variable 'fab_baelon_never_remarries' is set but is never used. Note that use in localization doesn't count due to technical limitations. Use in unused scripted triggers and effects also does not count
[14:00:12][E][jomini_effect.cpp:1145]: Variable 'fab_ourfury_meraxes_slain' is set but is never used. Note that use in localization doesn't count due to technical limitations. Use in unused scripted triggers and effects also does not count
[14:00:12][E][jomini_effect.cpp:1145]: Variable 'COWAGOT_is_loaded' is set but is never used. Note that use in localization doesn't count due to technical limitations. Use in unused scripted triggers and effects also does not count
[14:00:12][E][jomini_effect.cpp:1145]: Variable 'fab_infant_aegon_fate_scheduled' is set but is never used. Note that use in localization doesn't count due to technical limitations. Use in unused scripted triggers and effects also does not count
[14:00:12][E][history.cpp:644]: Referencing non-existent character in script link character:fab_aurion
[14:00:12][E][history.cpp:644]: Referencing non-existent character in script link character:fab_aurion
