[14:31:08][E][decision_type.cpp:224]: asoiaf_greyjoy_cadets_decision has 'ai_check_interval'/'ai_check_interval_by_tier' that's negative or unset. Setting to 0 instead
[14:31:08][E][decision_type.cpp:224]: asoiaf_baelish_cadets_decision has 'ai_check_interval'/'ai_check_interval_by_tier' that's negative or unset. Setting to 0 instead
[14:31:08][E][decision_type.cpp:224]: asoiaf_harlaw_cadets_decision has 'ai_check_interval'/'ai_check_interval_by_tier' that's negative or unset. Setting to 0 instead
[14:31:08][E][decision_type.cpp:224]: asoiaf_jon_targ_cadet_branch_decision has 'ai_check_interval'/'ai_check_interval_by_tier' that's negative or unset. Setting to 0 instead
[14:31:08][E][decision_type.cpp:224]: asoiaf_aegon_II_greens_cadet_branch_decision has 'ai_check_interval'/'ai_check_interval_by_tier' that's negative or unset. Setting to 0 instead
[14:31:08][E][decision_type.cpp:224]: show_notifications_decision has 'ai_check_interval'/'ai_check_interval_by_tier' that's negative or unset. Setting to 0 instead
[14:31:09][E][jomini_eventtarget.cpp:692]: Failed to find a valid event target link 'has_religion' at file: gfx/portraits/portrait_modifiers/asoiaf_clothes.txt line: 1092 (asoiaf_drowned_man_clothes_modifiers:weight)
[14:31:09][E][jomini_eventtarget.cpp:692]: Failed to find a valid event target link 'has_religion' at file: gfx/portraits/portrait_modifiers/asoiaf_clothes.txt line: 1176 (asoiaf_drowned_man_clothes_modifiers:weight)
[14:31:09][E][character_currency_effects_impl.cpp:227]: Negative value in remove_short_term_gold: -450. file: events/decisions_events/buy_ruby_crown_events.txt line: 54 (buy_ruby_crown.0999:immediate)
[14:31:18][E][jomini_eventtarget.cpp:692]: Failed to find a valid event target link 'house_Blackfyre' at file: common/scripted_triggers/tgc_loaded_trigger.txt line: 127 (tgc_blackfyre_equipment_trigger)
[14:31:19][E][opinion_modifier.cpp:83]: Modifier 'funded_my_expedition' shouldn't have a duration and monthly_change at the same time!
[14:31:19][E][opinion_modifier.cpp:83]: Modifier 'sent_relative_to_valyria' shouldn't have a duration and monthly_change at the same time!
[14:31:19][E][artifact_feature.cpp:33]: Missing loc key 'feature_dragon_whip_black'
[14:31:19][E][artifact_feature.cpp:33]: Missing loc key 'feature_dragon_whip_silver'
[14:31:19][E][artifact_feature.cpp:33]: Missing loc key 'feature_dragon_whip_bronze'
[14:31:19][E][artifact_visual_type.cpp:31]: Artifact visual type 'asoiaf_hound_armour_visuals' has no defined assets
[14:31:19][E][title_links.cpp:214]: Failed to fetch a valid landed title 'e_hre' at location 'file: common/scripted_guis/DI_char_editor_present_sgui.txt line: 1589 (DI_ce_female_dominated:effect)'
[14:31:19][E][title_links.cpp:214]: Failed to fetch a valid landed title 'e_hre' at location 'file: common/character_interactions/DI_character_interaction.txt line: 4622 (DI_change_succession:on_accept)'
[14:31:19][E][title_links.cpp:214]: Failed to fetch a valid landed title 'e_hre' at location 'file: common/character_interactions/DI_character_interaction.txt line: 4624 (DI_change_succession:on_accept)'
[14:31:19][E][title_links.cpp:214]: Failed to fetch a valid landed title 'e_hre' at location 'file: common/character_interactions/DI_character_interaction.txt line: 4637 (DI_change_succession:on_accept)'
[14:31:19][E][title_links.cpp:214]: Failed to fetch a valid landed title 'e_hre' at location 'file: common/character_interactions/DI_character_interaction.txt line: 4639 (DI_change_succession:on_accept)'
[14:31:19][E][title_links.cpp:214]: Failed to fetch a valid landed title 'b_graced_castle' at location 'file: common/on_action/cowagot_province_on_actions.txt line: 242 (set_provinces_on_actions)'
[14:31:19][E][title_links.cpp:214]: Failed to fetch a valid landed title 'b_cheesemonger_manse' at location 'file: common/on_action/cowagot_province_on_actions.txt line: 246 (set_provinces_on_actions)'
[14:31:19][E][jomini_script_system.cpp:303]: Script system error!
  Error: start_scheme effect [ No targets are set. Did you mean to use 'targets_nothing = yes'? ]
  Script location: file: common/on_action/asoiaf_yearly_on_actions.txt line: 415 (asoiaf_canon_children_dragon_bonding_maintenance)

[14:31:19][E][jomini_script_system.cpp:303]: Script system error!
  Error: start_scheme effect [ Can't start a scheme with an incompatible target type ]
  Script location: file: common/on_action/asoiaf_yearly_on_actions.txt line: 415 (asoiaf_canon_children_dragon_bonding_maintenance)

[14:31:19][E][jomini_script_system.cpp:303]: Script system error!
  Error: start_scheme effect [ No targets are set. Did you mean to use 'targets_nothing = yes'? ]
  Script location: file: common/on_action/asoiaf_yearly_on_actions.txt line: 456 (asoiaf_canon_children_dragon_bonding_maintenance)

[14:31:19][E][jomini_script_system.cpp:303]: Script system error!
  Error: start_scheme effect [ Can't start a scheme with an incompatible target type ]
  Script location: file: common/on_action/asoiaf_yearly_on_actions.txt line: 456 (asoiaf_canon_children_dragon_bonding_maintenance)

[14:31:19][E][jomini_script_system.cpp:303]: Script system error!
  Error: start_scheme effect [ No targets are set. Did you mean to use 'targets_nothing = yes'? ]
  Script location: file: common/on_action/asoiaf_yearly_on_actions.txt line: 497 (asoiaf_canon_children_dragon_bonding_maintenance)

[14:31:19][E][jomini_script_system.cpp:303]: Script system error!
  Error: start_scheme effect [ Can't start a scheme with an incompatible target type ]
  Script location: file: common/on_action/asoiaf_yearly_on_actions.txt line: 497 (asoiaf_canon_children_dragon_bonding_maintenance)

[14:31:19][E][jomini_script_system.cpp:303]: Script system error!
  Error: start_scheme effect [ No targets are set. Did you mean to use 'targets_nothing = yes'? ]
  Script location: file: common/on_action/asoiaf_yearly_on_actions.txt line: 538 (asoiaf_canon_children_dragon_bonding_maintenance)

[14:31:19][E][jomini_script_system.cpp:303]: Script system error!
  Error: start_scheme effect [ Can't start a scheme with an incompatible target type ]
  Script location: file: common/on_action/asoiaf_yearly_on_actions.txt line: 538 (asoiaf_canon_children_dragon_bonding_maintenance)

[14:31:19][E][jomini_script_system.cpp:303]: Script system error!
  Error: start_scheme effect [ No targets are set. Did you mean to use 'targets_nothing = yes'? ]
  Script location: file: common/on_action/asoiaf_yearly_on_actions.txt line: 579 (asoiaf_canon_children_dragon_bonding_maintenance)

[14:31:19][E][jomini_script_system.cpp:303]: Script system error!
  Error: start_scheme effect [ Can't start a scheme with an incompatible target type ]
  Script location: file: common/on_action/asoiaf_yearly_on_actions.txt line: 579 (asoiaf_canon_children_dragon_bonding_maintenance)

[14:31:19][E][jomini_script_system.cpp:303]: Script system error!
  Error: start_scheme effect [ No targets are set. Did you mean to use 'targets_nothing = yes'? ]
  Script location: file: common/on_action/asoiaf_yearly_on_actions.txt line: 620 (asoiaf_canon_children_dragon_bonding_maintenance)

[14:31:19][E][jomini_script_system.cpp:303]: Script system error!
  Error: start_scheme effect [ Can't start a scheme with an incompatible target type ]
  Script location: file: common/on_action/asoiaf_yearly_on_actions.txt line: 620 (asoiaf_canon_children_dragon_bonding_maintenance)

[14:31:19][E][jomini_script_system.cpp:303]: Script system error!
  Error: start_scheme effect [ No targets are set. Did you mean to use 'targets_nothing = yes'? ]
  Script location: file: common/on_action/asoiaf_yearly_on_actions.txt line: 661 (asoiaf_canon_children_dragon_bonding_maintenance)

[14:31:19][E][jomini_script_system.cpp:303]: Script system error!
  Error: start_scheme effect [ Can't start a scheme with an incompatible target type ]
  Script location: file: common/on_action/asoiaf_yearly_on_actions.txt line: 661 (asoiaf_canon_children_dragon_bonding_maintenance)

[14:31:19][E][jomini_script_system.cpp:303]: Script system error!
  Error: start_scheme effect [ No targets are set. Did you mean to use 'targets_nothing = yes'? ]
  Script location: file: common/on_action/asoiaf_yearly_on_actions.txt line: 702 (asoiaf_canon_children_dragon_bonding_maintenance)

[14:31:19][E][jomini_script_system.cpp:303]: Script system error!
  Error: start_scheme effect [ Can't start a scheme with an incompatible target type ]
  Script location: file: common/on_action/asoiaf_yearly_on_actions.txt line: 702 (asoiaf_canon_children_dragon_bonding_maintenance)

[14:31:19][E][jomini_script_system.cpp:303]: Script system error!
  Error: start_scheme effect [ No targets are set. Did you mean to use 'targets_nothing = yes'? ]
  Script location: file: common/on_action/asoiaf_yearly_on_actions.txt line: 743 (asoiaf_canon_children_dragon_bonding_maintenance)

[14:31:19][E][jomini_script_system.cpp:303]: Script system error!
  Error: start_scheme effect [ Can't start a scheme with an incompatible target type ]
  Script location: file: common/on_action/asoiaf_yearly_on_actions.txt line: 743 (asoiaf_canon_children_dragon_bonding_maintenance)

[14:31:19][E][jomini_script_system.cpp:303]: Script system error!
  Error: start_scheme effect [ No targets are set. Did you mean to use 'targets_nothing = yes'? ]
  Script location: file: common/on_action/asoiaf_yearly_on_actions.txt line: 784 (asoiaf_canon_children_dragon_bonding_maintenance)

[14:31:19][E][jomini_script_system.cpp:303]: Script system error!
  Error: start_scheme effect [ Can't start a scheme with an incompatible target type ]
  Script location: file: common/on_action/asoiaf_yearly_on_actions.txt line: 784 (asoiaf_canon_children_dragon_bonding_maintenance)

[14:31:19][E][jomini_script_system.cpp:303]: Script system error!
  Error: trigger_event effect [ Event [agot_cities.5000] not found ]
  Script location: file: common/buildings/yy_agotcities_special_buildings_westeros.txt line: 1827 (planky_town_special:on_complete)

[14:31:19][E][jomini_script_system.cpp:303]: Script system error!
  Error: trigger_event effect [ Event [agot_cities.5000] not found ]
  Script location: file: common/buildings/yy_agotcities_special_buildings_westeros.txt line: 1993 (agot_castamere_03:on_complete)

[14:31:19][E][jomini_script_system.cpp:303]: Script system error!
  Error: trigger_event effect [ Event [agot_cities.5000] not found ]
  Script location: file: common/buildings/yy_agotcities_special_buildings_westeros.txt line: 2295 (24castamere_03:on_complete)

[14:31:19][E][jomini_script_system.cpp:303]: Script system error!
  Error: create_artifact effect [ Invalid artifact template 'vs_blackfyre_template' ]
  Script location: file: common/scripted_effects/00_agot_artifact_vs_sword_effects_override.txt line: 13 (agot_create_artifact_vs_blackfyre_effect[args#3618947653])

[14:31:19][E][jomini_script_system.cpp:303]: Script system error!
  Error: create_artifact effect [ Invalid artifact template 'vs_blackfyre_template' ]
  Script location: file: common/scripted_effects/00_agot_artifact_vs_sword_effects_override.txt line: 31 (agot_create_artifact_vs_blackfyre_effect[args#3618947653])

[14:31:19][E][jomini_script_system.cpp:303]: Script system error!
  Error: create_artifact effect [ Invalid artifact template 'vs_blackfyre_template' ]
  Script location: file: common/scripted_effects/00_agot_artifact_vs_sword_effects_override.txt line: 13 (agot_create_artifact_vs_blackfyre_effect[args#141906969])

[14:31:19][E][jomini_script_system.cpp:303]: Script system error!
  Error: create_artifact effect [ Invalid artifact template 'vs_blackfyre_template' ]
  Script location: file: common/scripted_effects/00_agot_artifact_vs_sword_effects_override.txt line: 31 (agot_create_artifact_vs_blackfyre_effect[args#141906969])

[14:31:19][E][jomini_script_system.cpp:303]: Script system error!
  Error: create_artifact effect [ Invalid artifact template 'vs_dark_sister_template' ]
  Script location: file: common/scripted_effects/asoiaf_scripted_effects_artifacts.txt line: 1233 (agot_create_artifact_vs_dark_sister_effect[args#3618947653])

[14:31:19][E][jomini_script_system.cpp:303]: Script system error!
  Error: create_artifact effect [ Invalid artifact template 'vs_dark_sister_template' ]
  Script location: file: common/scripted_effects/asoiaf_scripted_effects_artifacts.txt line: 1261 (agot_create_artifact_vs_dark_sister_effect[args#3618947653])

[14:31:19][E][jomini_script_system.cpp:303]: Script system error!
  Error: create_artifact effect [ Invalid artifact template 'vs_dark_sister_template' ]
  Script location: file: common/scripted_effects/asoiaf_scripted_effects_artifacts.txt line: 1291 (agot_create_artifact_vs_dark_sister_effect[args#3618947653])

[14:31:19][E][jomini_script_system.cpp:303]: Script system error!
  Error: create_artifact effect [ Invalid artifact template 'vs_dark_sister_template' ]
  Script location: file: common/scripted_effects/asoiaf_scripted_effects_artifacts.txt line: 1233 (agot_create_artifact_vs_dark_sister_effect[args#141906969])

[14:31:19][E][jomini_script_system.cpp:303]: Script system error!
  Error: create_artifact effect [ Invalid artifact template 'vs_dark_sister_template' ]
  Script location: file: common/scripted_effects/asoiaf_scripted_effects_artifacts.txt line: 1261 (agot_create_artifact_vs_dark_sister_effect[args#141906969])

[14:31:19][E][jomini_script_system.cpp:303]: Script system error!
  Error: create_artifact effect [ Invalid artifact template 'vs_dark_sister_template' ]
  Script location: file: common/scripted_effects/asoiaf_scripted_effects_artifacts.txt line: 1291 (agot_create_artifact_vs_dark_sister_effect[args#141906969])

[14:31:19][E][jomini_script_system.cpp:303]: Script system error!
  Error: create_artifact effect [ Invalid artifact template 'vs_heartsbane_template' ]
  Script location: file: common/scripted_effects/asoiaf_scripted_effects_artifacts.txt line: 235 (agot_create_artifact_vs_heartsbane_effect[args#3618947653])

[14:31:19][E][jomini_script_system.cpp:303]: Script system error!
  Error: create_artifact effect [ Invalid artifact template 'vs_heartsbane_template' ]
  Script location: file: common/scripted_effects/asoiaf_scripted_effects_artifacts.txt line: 253 (agot_create_artifact_vs_heartsbane_effect[args#3618947653])

[14:31:19][E][jomini_script_system.cpp:303]: Script system error!
  Error: create_artifact effect [ Invalid artifact template 'vs_ice_template' ]
  Script location: file: common/scripted_effects/asoiaf_scripted_effects_artifacts.txt line: 10 (agot_create_artifact_vs_ice_effect[args#3618947653])

[14:31:19][E][jomini_script_system.cpp:303]: Script system error!
  Error: create_artifact effect [ Invalid artifact template 'vs_ice_template' ]
  Script location: file: common/scripted_effects/asoiaf_scripted_effects_artifacts.txt line: 30 (agot_create_artifact_vs_ice_effect[args#3618947653])

[14:31:19][E][jomini_script_system.cpp:303]: Script system error!
  Error: create_artifact effect [ Invalid artifact template 'vs_longclaw_template' ]
  Script location: file: common/scripted_effects/asoiaf_scripted_effects_artifacts.txt line: 401 (agot_create_artifact_vs_longclaw_effect[args#3618947653])

[14:31:19][E][jomini_script_system.cpp:303]: Script system error!
  Error: create_artifact effect [ Invalid artifact template 'vs_longclaw_template' ]
  Script location: file: common/scripted_effects/asoiaf_scripted_effects_artifacts.txt line: 421 (agot_create_artifact_vs_longclaw_effect[args#3618947653])

[14:31:19][E][jomini_script_system.cpp:303]: Script system error!
  Error: create_artifact effect [ Invalid artifact template 'vs_pincer_template' ]
  Script location: file: common/scripted_effects/00_agot_artifact_vs_sword_effects_override.txt line: 604 (agot_create_artifact_vs_pincer_effect[args#3618947653])

[14:31:19][E][jomini_script_system.cpp:303]: Script system error!
  Error: create_artifact effect [ Invalid artifact template 'vs_pincer_template' ]
  Script location: file: common/scripted_effects/00_agot_artifact_vs_sword_effects_override.txt line: 630 (agot_create_artifact_vs_pincer_effect[args#3618947653])

[14:31:19][E][jomini_script_system.cpp:303]: Script system error!
  Error: create_artifact effect [ Invalid artifact template 'vs_seafoam_template' ]
  Script location: file: common/scripted_effects/00_agot_artifact_vs_sword_effects_override.txt line: 455 (agot_create_artifact_vs_seafoam_effect[args#3618947653])

[14:31:19][E][jomini_script_system.cpp:303]: Script system error!
  Error: create_artifact effect [ Invalid artifact template 'vs_seafoam_template' ]
  Script location: file: common/scripted_effects/00_agot_artifact_vs_sword_effects_override.txt line: 475 (agot_create_artifact_vs_seafoam_effect[args#3618947653])

[14:31:19][E][jomini_script_system.cpp:303]: Script system error!
  Error: create_artifact effect [ Invalid artifact template 'vs_widows_wail_template' ]
  Script location: file: common/scripted_effects/asoiaf_scripted_effects_artifacts.txt line: 866 (agot_create_artifact_vs_widows_wail_effect[args#2270358642])

[14:31:19][E][jomini_script_system.cpp:303]: Script system error!
  Error: create_artifact effect [ Invalid artifact template 'vs_widows_wail_template' ]
  Script location: file: common/scripted_effects/asoiaf_scripted_effects_artifacts.txt line: 881 (agot_create_artifact_vs_widows_wail_effect[args#2270358642])

[14:31:19][E][jomini_script_system.cpp:303]: Script system error!
  Error: create_artifact effect [ Invalid artifact template 'vs_widows_wail_template' ]
  Script location: file: common/scripted_effects/asoiaf_scripted_effects_artifacts.txt line: 866 (agot_create_artifact_vs_widows_wail_effect[args#2373236391])

[14:31:19][E][jomini_script_system.cpp:303]: Script system error!
  Error: create_artifact effect [ Invalid artifact template 'vs_widows_wail_template' ]
  Script location: file: common/scripted_effects/asoiaf_scripted_effects_artifacts.txt line: 881 (agot_create_artifact_vs_widows_wail_effect[args#2373236391])

[14:31:19][E][jomini_script_system.cpp:303]: Script system error!
  Error: create_artifact effect [ Invalid artifact template 'vs_oathkeeper_template' ]
  Script location: file: common/scripted_effects/asoiaf_scripted_effects_artifacts.txt line: 667 (agot_create_artifact_vs_oathkeeper_effect[args#2373236391])

[14:31:19][E][jomini_script_system.cpp:303]: Script system error!
  Error: create_artifact effect [ Invalid artifact template 'vs_oathkeeper_template' ]
  Script location: file: common/scripted_effects/asoiaf_scripted_effects_artifacts.txt line: 682 (agot_create_artifact_vs_oathkeeper_effect[args#2373236391])

[14:31:19][E][jomini_script_system.cpp:303]: Script system error!
  Error: create_artifact effect [ Invalid static modifier 'artifact_personal_scheme_power_add_5_modifier' ]
  Script location: file: common/scripted_effects/00_lotd_artifact_creation_effects.txt line: 8 (create_artifact_subterfuge_effect[args#141906969])

[14:31:19][E][jomini_script_system.cpp:303]: Script system error!
  Error: create_artifact effect [ Invalid artifact template 'vs_blackfyre_template' ]
  Script location: file: common/scripted_effects/00_agot_artifact_vs_sword_effects_override.txt line: 13 (agot_create_artifact_vs_blackfyre_effect[args#979117111])

[14:31:19][E][jomini_script_system.cpp:303]: Script system error!
  Error: create_artifact effect [ Invalid artifact template 'vs_blackfyre_template' ]
  Script location: file: common/scripted_effects/00_agot_artifact_vs_sword_effects_override.txt line: 31 (agot_create_artifact_vs_blackfyre_effect[args#979117111])

[14:31:19][E][jomini_script_system.cpp:303]: Script system error!
  Error: create_artifact effect [ Invalid artifact template 'vs_dark_sister_template' ]
  Script location: file: common/scripted_effects/asoiaf_scripted_effects_artifacts.txt line: 1233 (agot_create_artifact_vs_dark_sister_effect[args#979117111])

[14:31:19][E][jomini_script_system.cpp:303]: Script system error!
  Error: create_artifact effect [ Invalid artifact template 'vs_dark_sister_template' ]
  Script location: file: common/scripted_effects/asoiaf_scripted_effects_artifacts.txt line: 1261 (agot_create_artifact_vs_dark_sister_effect[args#979117111])

[14:31:19][E][jomini_script_system.cpp:303]: Script system error!
  Error: create_artifact effect [ Invalid artifact template 'vs_dark_sister_template' ]
  Script location: file: common/scripted_effects/asoiaf_scripted_effects_artifacts.txt line: 1291 (agot_create_artifact_vs_dark_sister_effect[args#979117111])

[14:31:19][E][jomini_script_system.cpp:303]: Script system error!
  Error: start_scheme effect [ No targets are set. Did you mean to use 'targets_nothing = yes'? ]
  Script location: file: common/scripted_effects/asoiaf_canon_children_effects.txt line: 4379 (asoiaf_canon_children_Targaryen_30_birth_effect:after_creation)

[14:31:19][E][jomini_script_system.cpp:303]: Script system error!
  Error: start_scheme effect [ Can't start a scheme with an incompatible target type ]
  Script location: file: common/scripted_effects/asoiaf_canon_children_effects.txt line: 4379 (asoiaf_canon_children_Targaryen_30_birth_effect:after_creation)

[14:31:19][E][jomini_script_system.cpp:303]: Script system error!
  Error: create_artifact effect [ Invalid artifact template 'vs_heartsbane_template' ]
  Script location: file: common/scripted_effects/asoiaf_scripted_effects_artifacts.txt line: 235 (agot_create_artifact_vs_heartsbane_effect[args#979117111])

[14:31:19][E][jomini_script_system.cpp:303]: Script system error!
  Error: create_artifact effect [ Invalid artifact template 'vs_heartsbane_template' ]
  Script location: file: common/scripted_effects/asoiaf_scripted_effects_artifacts.txt line: 253 (agot_create_artifact_vs_heartsbane_effect[args#979117111])

[14:31:19][E][jomini_script_system.cpp:303]: Script system error!
  Error: start_scheme effect [ No targets are set. Did you mean to use 'targets_nothing = yes'? ]
  Script location: file: common/scripted_effects/asoiaf_canon_children_effects.txt line: 4474 (asoiaf_canon_children_Targaryen_31_birth_effect:after_creation)

[14:31:19][E][jomini_script_system.cpp:303]: Script system error!
  Error: start_scheme effect [ Can't start a scheme with an incompatible target type ]
  Script location: file: common/scripted_effects/asoiaf_canon_children_effects.txt line: 4474 (asoiaf_canon_children_Targaryen_31_birth_effect:after_creation)

[14:31:19][E][jomini_script_system.cpp:303]: Script system error!
  Error: create_artifact effect [ Invalid artifact template 'vs_ice_template' ]
  Script location: file: common/scripted_effects/asoiaf_scripted_effects_artifacts.txt line: 10 (agot_create_artifact_vs_ice_effect[args#979117111])

[14:31:19][E][jomini_script_system.cpp:303]: Script system error!
  Error: start_scheme effect [ No targets are set. Did you mean to use 'targets_nothing = yes'? ]
  Script location: file: common/scripted_effects/asoiaf_canon_children_effects.txt line: 4628 (asoiaf_canon_children_Targaryen_33_birth_effect:after_creation)

[14:31:19][E][jomini_script_system.cpp:303]: Script system error!
  Error: start_scheme effect [ Can't start a scheme with an incompatible target type ]
  Script location: file: common/scripted_effects/asoiaf_canon_children_effects.txt line: 4628 (asoiaf_canon_children_Targaryen_33_birth_effect:after_creation)

[14:31:19][E][jomini_script_system.cpp:303]: Script system error!
  Error: create_artifact effect [ Invalid artifact template 'vs_ice_template' ]
  Script location: file: common/scripted_effects/asoiaf_scripted_effects_artifacts.txt line: 30 (agot_create_artifact_vs_ice_effect[args#979117111])

[14:31:19][E][jomini_script_system.cpp:303]: Script system error!
  Error: start_scheme effect [ No targets are set. Did you mean to use 'targets_nothing = yes'? ]
  Script location: file: common/scripted_effects/asoiaf_canon_children_effects.txt line: 4790 (asoiaf_canon_children_Targaryen_35_birth_effect:after_creation)

[14:31:19][E][jomini_script_system.cpp:303]: Script system error!
  Error: start_scheme effect [ Can't start a scheme with an incompatible target type ]
  Script location: file: common/scripted_effects/asoiaf_canon_children_effects.txt line: 4790 (asoiaf_canon_children_Targaryen_35_birth_effect:after_creation)

[14:31:19][E][jomini_script_system.cpp:303]: Script system error!
  Error: create_artifact effect [ Invalid artifact template 'vs_longclaw_template' ]
  Script location: file: common/scripted_effects/asoiaf_scripted_effects_artifacts.txt line: 401 (agot_create_artifact_vs_longclaw_effect[args#979117111])

[14:31:19][E][jomini_script_system.cpp:303]: Script system error!
  Error: create_artifact effect [ Invalid artifact template 'vs_longclaw_template' ]
  Script location: file: common/scripted_effects/asoiaf_scripted_effects_artifacts.txt line: 421 (agot_create_artifact_vs_longclaw_effect[args#979117111])

[14:31:19][E][jomini_script_system.cpp:303]: Script system error!
  Error: start_scheme effect [ No targets are set. Did you mean to use 'targets_nothing = yes'? ]
  Script location: file: common/scripted_effects/asoiaf_canon_children_effects.txt line: 4881 (asoiaf_canon_children_Targaryen_36_birth_effect:after_creation)

[14:31:19][E][jomini_script_system.cpp:303]: Script system error!
  Error: start_scheme effect [ Can't start a scheme with an incompatible target type ]
  Script location: file: common/scripted_effects/asoiaf_canon_children_effects.txt line: 4881 (asoiaf_canon_children_Targaryen_36_birth_effect:after_creation)

[14:31:19][E][jomini_script_system.cpp:303]: Script system error!
  Error: create_artifact effect [ Invalid artifact template 'vs_pincer_template' ]
  Script location: file: common/scripted_effects/00_agot_artifact_vs_sword_effects_override.txt line: 604 (agot_create_artifact_vs_pincer_effect[args#979117111])

[14:31:19][E][jomini_script_system.cpp:303]: Script system error!
  Error: create_artifact effect [ Invalid artifact template 'vs_pincer_template' ]
  Script location: file: common/scripted_effects/00_agot_artifact_vs_sword_effects_override.txt line: 630 (agot_create_artifact_vs_pincer_effect[args#979117111])

[14:31:19][E][jomini_script_system.cpp:303]: Script system error!
  Error: start_scheme effect [ No targets are set. Did you mean to use 'targets_nothing = yes'? ]
  Script location: file: common/scripted_effects/asoiaf_canon_children_effects.txt line: 5181 (asoiaf_canon_children_Targaryen_41_and_42_birth_effect:after_creation)

[14:31:19][E][jomini_script_system.cpp:303]: Script system error!
  Error: start_scheme effect [ Can't start a scheme with an incompatible target type ]
  Script location: file: common/scripted_effects/asoiaf_canon_children_effects.txt line: 5181 (asoiaf_canon_children_Targaryen_41_and_42_birth_effect:after_creation)

[14:31:19][E][jomini_script_system.cpp:303]: Script system error!
  Error: create_artifact effect [ Invalid artifact template 'vs_seafoam_template' ]
  Script location: file: common/scripted_effects/00_agot_artifact_vs_sword_effects_override.txt line: 455 (agot_create_artifact_vs_seafoam_effect[args#979117111])

[14:31:19][E][jomini_script_system.cpp:303]: Script system error!
  Error: create_artifact effect [ Invalid artifact template 'vs_seafoam_template' ]
  Script location: file: common/scripted_effects/00_agot_artifact_vs_sword_effects_override.txt line: 475 (agot_create_artifact_vs_seafoam_effect[args#979117111])

[14:31:19][E][jomini_script_system.cpp:303]: Script system error!
  Error: start_scheme effect [ No targets are set. Did you mean to use 'targets_nothing = yes'? ]
  Script location: file: common/scripted_effects/asoiaf_canon_children_effects.txt line: 5417 (asoiaf_canon_children_Targaryen_45_birth_effect:after_creation)

[14:31:19][E][jomini_script_system.cpp:303]: Script system error!
  Error: start_scheme effect [ Can't start a scheme with an incompatible target type ]
  Script location: file: common/scripted_effects/asoiaf_canon_children_effects.txt line: 5417 (asoiaf_canon_children_Targaryen_45_birth_effect:after_creation)

[14:31:19][E][jomini_script_system.cpp:303]: Script system error!
  Error: start_scheme effect [ No targets are set. Did you mean to use 'targets_nothing = yes'? ]
  Script location: file: common/scripted_effects/asoiaf_canon_children_effects.txt line: 5551 (asoiaf_canon_children_Targaryen_47_birth_effect:after_creation)

[14:31:19][E][jomini_script_system.cpp:303]: Script system error!
  Error: start_scheme effect [ Can't start a scheme with an incompatible target type ]
  Script location: file: common/scripted_effects/asoiaf_canon_children_effects.txt line: 5551 (asoiaf_canon_children_Targaryen_47_birth_effect:after_creation)

[14:31:19][E][jomini_script_system.cpp:303]: Script system error!
  Error: start_scheme effect [ No targets are set. Did you mean to use 'targets_nothing = yes'? ]
  Script location: file: common/scripted_effects/asoiaf_canon_children_effects.txt line: 6331 (asoiaf_canon_children_Targaryen_59_birth_effect:after_creation)

[14:31:19][E][jomini_script_system.cpp:303]: Script system error!
  Error: start_scheme effect [ Can't start a scheme with an incompatible target type ]
  Script location: file: common/scripted_effects/asoiaf_canon_children_effects.txt line: 6331 (asoiaf_canon_children_Targaryen_59_birth_effect:after_creation)

[14:31:19][E][jomini_script_system.cpp:303]: Script system error!
  Error: start_scheme effect [ No targets are set. Did you mean to use 'targets_nothing = yes'? ]
  Script location: file: common/scripted_effects/asoiaf_canon_children_effects.txt line: 6439 (asoiaf_canon_children_Targaryen_60_birth_effect:after_creation)

[14:31:19][E][jomini_script_system.cpp:303]: Script system error!
  Error: start_scheme effect [ Can't start a scheme with an incompatible target type ]
  Script location: file: common/scripted_effects/asoiaf_canon_children_effects.txt line: 6439 (asoiaf_canon_children_Targaryen_60_birth_effect:after_creation)

[14:31:19][E][jomini_script_system.cpp:303]: Script system error!
  Error: start_scheme effect [ No targets are set. Did you mean to use 'targets_nothing = yes'? ]
  Script location: file: common/scripted_effects/asoiaf_canon_children_effects.txt line: 6542 (asoiaf_canon_children_Targaryen_61_birth_effect:after_creation)

[14:31:19][E][jomini_script_system.cpp:303]: Script system error!
  Error: start_scheme effect [ Can't start a scheme with an incompatible target type ]
  Script location: file: common/scripted_effects/asoiaf_canon_children_effects.txt line: 6542 (asoiaf_canon_children_Targaryen_61_birth_effect:after_creation)

[14:31:19][E][jomini_script_system.cpp:303]: Script system error!
  Error: start_scheme effect [ No targets are set. Did you mean to use 'targets_nothing = yes'? ]
  Script location: file: common/scripted_effects/asoiaf_canon_children_effects.txt line: 6729 (asoiaf_canon_children_Targaryen_63_birth_effect:after_creation)

[14:31:19][E][jomini_script_system.cpp:303]: Script system error!
  Error: start_scheme effect [ Can't start a scheme with an incompatible target type ]
  Script location: file: common/scripted_effects/asoiaf_canon_children_effects.txt line: 6729 (asoiaf_canon_children_Targaryen_63_birth_effect:after_creation)

[14:31:19][E][jomini_script_system.cpp:303]: Script system error!
  Error: start_scheme effect [ No targets are set. Did you mean to use 'targets_nothing = yes'? ]
  Script location: file: common/scripted_effects/asoiaf_canon_children_effects.txt line: 6896 (asoiaf_canon_children_Targaryen_65_birth_effect:after_creation)

[14:31:19][E][jomini_script_system.cpp:303]: Script system error!
  Error: start_scheme effect [ Can't start a scheme with an incompatible target type ]
  Script location: file: common/scripted_effects/asoiaf_canon_children_effects.txt line: 6896 (asoiaf_canon_children_Targaryen_65_birth_effect:after_creation)

[14:31:19][E][jomini_script_system.cpp:303]: Script system error!
  Error: start_scheme effect [ No targets are set. Did you mean to use 'targets_nothing = yes'? ]
  Script location: file: common/scripted_effects/asoiaf_canon_children_effects.txt line: 7020 (asoiaf_canon_children_Targaryen_66_birth_effect:after_creation)

[14:31:19][E][jomini_script_system.cpp:303]: Script system error!
  Error: start_scheme effect [ Can't start a scheme with an incompatible target type ]
  Script location: file: common/scripted_effects/asoiaf_canon_children_effects.txt line: 7020 (asoiaf_canon_children_Targaryen_66_birth_effect:after_creation)

[14:31:19][E][jomini_script_system.cpp:303]: Script system error!
  Error: start_scheme effect [ No targets are set. Did you mean to use 'targets_nothing = yes'? ]
  Script location: file: common/scripted_effects/asoiaf_canon_children_effects.txt line: 7131 (asoiaf_canon_children_Targaryen_67_birth_effect:after_creation)

[14:31:19][E][jomini_script_system.cpp:303]: Script system error!
  Error: start_scheme effect [ Can't start a scheme with an incompatible target type ]
  Script location: file: common/scripted_effects/asoiaf_canon_children_effects.txt line: 7131 (asoiaf_canon_children_Targaryen_67_birth_effect:after_creation)

[14:31:19][E][jomini_script_system.cpp:303]: Script system error!
  Error: start_scheme effect [ No targets are set. Did you mean to use 'targets_nothing = yes'? ]
  Script location: file: common/scripted_effects/asoiaf_canon_children_effects.txt line: 7282 (asoiaf_canon_children_Targaryen_68_birth_effect:after_creation)

[14:31:19][E][jomini_script_system.cpp:303]: Script system error!
  Error: start_scheme effect [ Can't start a scheme with an incompatible target type ]
  Script location: file: common/scripted_effects/asoiaf_canon_children_effects.txt line: 7282 (asoiaf_canon_children_Targaryen_68_birth_effect:after_creation)

[14:31:19][E][jomini_script_system.cpp:303]: Script system error!
  Error: start_scheme effect [ No targets are set. Did you mean to use 'targets_nothing = yes'? ]
  Script location: file: common/scripted_effects/asoiaf_canon_children_effects.txt line: 7425 (asoiaf_canon_children_Targaryen_69_birth_effect:after_creation)

[14:31:19][E][jomini_script_system.cpp:303]: Script system error!
  Error: start_scheme effect [ Can't start a scheme with an incompatible target type ]
  Script location: file: common/scripted_effects/asoiaf_canon_children_effects.txt line: 7425 (asoiaf_canon_children_Targaryen_69_birth_effect:after_creation)

[14:31:19][E][jomini_script_system.cpp:303]: Script system error!
  Error: start_scheme effect [ No targets are set. Did you mean to use 'targets_nothing = yes'? ]
  Script location: file: common/scripted_effects/asoiaf_canon_children_effects.txt line: 7513 (asoiaf_canon_children_Targaryen_70_birth_effect:after_creation)

[14:31:19][E][jomini_script_system.cpp:303]: Script system error!
  Error: start_scheme effect [ Can't start a scheme with an incompatible target type ]
  Script location: file: common/scripted_effects/asoiaf_canon_children_effects.txt line: 7513 (asoiaf_canon_children_Targaryen_70_birth_effect:after_creation)

[14:31:19][E][jomini_script_system.cpp:303]: Script system error!
  Error: start_scheme effect [ No targets are set. Did you mean to use 'targets_nothing = yes'? ]
  Script location: file: common/scripted_effects/asoiaf_canon_children_effects.txt line: 7840 (asoiaf_canon_children_Targaryen_75_birth_effect:after_creation)

[14:31:19][E][jomini_script_system.cpp:303]: Script system error!
  Error: start_scheme effect [ Can't start a scheme with an incompatible target type ]
  Script location: file: common/scripted_effects/asoiaf_canon_children_effects.txt line: 7840 (asoiaf_canon_children_Targaryen_75_birth_effect:after_creation)

[14:31:19][E][jomini_script_system.cpp:303]: Script system error!
  Error: start_scheme effect [ No targets are set. Did you mean to use 'targets_nothing = yes'? ]
  Script location: file: common/scripted_effects/asoiaf_canon_children_effects.txt line: 7994 (asoiaf_canon_children_Targaryen_76_birth_effect:after_creation)

[14:31:19][E][jomini_script_system.cpp:303]: Script system error!
  Error: start_scheme effect [ Can't start a scheme with an incompatible target type ]
  Script location: file: common/scripted_effects/asoiaf_canon_children_effects.txt line: 7994 (asoiaf_canon_children_Targaryen_76_birth_effect:after_creation)

[14:31:19][E][jomini_script_system.cpp:303]: Script system error!
  Error: start_scheme effect [ No targets are set. Did you mean to use 'targets_nothing = yes'? ]
  Script location: file: common/scripted_effects/asoiaf_canon_children_effects.txt line: 8141 (asoiaf_canon_children_Targaryen_77_birth_effect:after_creation)

[14:31:19][E][jomini_script_system.cpp:303]: Script system error!
  Error: start_scheme effect [ Can't start a scheme with an incompatible target type ]
  Script location: file: common/scripted_effects/asoiaf_canon_children_effects.txt line: 8141 (asoiaf_canon_children_Targaryen_77_birth_effect:after_creation)

[14:31:19][E][jomini_script_system.cpp:303]: Script system error!
  Error: start_scheme effect [ No targets are set. Did you mean to use 'targets_nothing = yes'? ]
  Script location: file: common/scripted_effects/asoiaf_canon_children_effects.txt line: 8283 (asoiaf_canon_children_Targaryen_78_birth_effect:after_creation)

[14:31:19][E][jomini_script_system.cpp:303]: Script system error!
  Error: start_scheme effect [ Can't start a scheme with an incompatible target type ]
  Script location: file: common/scripted_effects/asoiaf_canon_children_effects.txt line: 8283 (asoiaf_canon_children_Targaryen_78_birth_effect:after_creation)

[14:31:19][E][jomini_script_system.cpp:303]: Script system error!
  Error: start_scheme effect [ No targets are set. Did you mean to use 'targets_nothing = yes'? ]
  Script location: file: common/scripted_effects/asoiaf_canon_children_effects.txt line: 11744 (asoiaf_canon_children_Velaryon_34_birth_effect:after_creation)

[14:31:19][E][jomini_script_system.cpp:303]: Script system error!
  Error: start_scheme effect [ Can't start a scheme with an incompatible target type ]
  Script location: file: common/scripted_effects/asoiaf_canon_children_effects.txt line: 11744 (asoiaf_canon_children_Velaryon_34_birth_effect:after_creation)

[14:31:19][E][jomini_script_system.cpp:303]: Script system error!
  Error: start_scheme effect [ No targets are set. Did you mean to use 'targets_nothing = yes'? ]
  Script location: file: common/scripted_effects/asoiaf_canon_children_effects.txt line: 11829 (asoiaf_canon_children_Velaryon_35_birth_effect:after_creation)

[14:31:19][E][jomini_script_system.cpp:303]: Script system error!
  Error: start_scheme effect [ Can't start a scheme with an incompatible target type ]
  Script location: file: common/scripted_effects/asoiaf_canon_children_effects.txt line: 11829 (asoiaf_canon_children_Velaryon_35_birth_effect:after_creation)

[14:31:19][E][jomini_script_system.cpp:303]: Script system error!
  Error: create_artifact effect [ Invalid artifact template 'vs_oathkeeper_template' ]
  Script location: file: common/scripted_effects/asoiaf_scripted_effects_artifacts.txt line: 717 (asoiaf_create_artifact_oathkeeper_effect_decision[args#1247474068])

[14:31:19][E][jomini_script_system.cpp:303]: Script system error!
  Error: create_artifact effect [ Invalid artifact template 'vs_oathkeeper_template' ]
  Script location: file: common/scripted_effects/asoiaf_scripted_effects_artifacts.txt line: 737 (asoiaf_create_artifact_oathkeeper_effect_decision[args#1247474068])

[14:31:19][E][jomini_script_system.cpp:303]: Script system error!
  Error: create_artifact effect [ Invalid artifact template 'vs_widows_wail_template' ]
  Script location: file: common/scripted_effects/asoiaf_scripted_effects_artifacts.txt line: 916 (asoiaf_create_artifact_widows_wail_effect_decision[args#1247474068])

[14:31:19][E][jomini_script_system.cpp:303]: Script system error!
  Error: create_artifact effect [ Invalid artifact template 'vs_widows_wail_template' ]
  Script location: file: common/scripted_effects/asoiaf_scripted_effects_artifacts.txt line: 936 (asoiaf_create_artifact_widows_wail_effect_decision[args#1247474068])

[14:31:19][E][jomini_script_system.cpp:303]: Script system error!
  Error: create_artifact effect [ Invalid artifact template 'vs_widows_wail_template' ]
  Script location: file: common/scripted_effects/asoiaf_scripted_effects_artifacts.txt line: 785 (agot_create_artifact_vs_widows_wail_historical_effect[args#2425720076])

[14:31:19][E][jomini_script_system.cpp:303]: Script system error!
  Error: create_artifact effect [ Invalid artifact template 'vs_widows_wail_template' ]
  Script location: file: common/scripted_effects/asoiaf_scripted_effects_artifacts.txt line: 805 (agot_create_artifact_vs_widows_wail_historical_effect[args#2425720076])

[14:31:19][E][jomini_script_system.cpp:303]: Script system error!
  Error: create_artifact effect [ Invalid artifact template 'vs_seafoam_template' ]
  Script location: file: common/scripted_effects/00_agot_artifact_vs_sword_effects_override.txt line: 455 (agot_create_artifact_vs_seafoam_effect[args#2425720076])

[14:31:19][E][jomini_script_system.cpp:303]: Script system error!
  Error: create_artifact effect [ Invalid artifact template 'vs_seafoam_template' ]
  Script location: file: common/scripted_effects/00_agot_artifact_vs_sword_effects_override.txt line: 475 (agot_create_artifact_vs_seafoam_effect[args#2425720076])

[14:31:19][E][jomini_script_system.cpp:303]: Script system error!
  Error: create_artifact effect [ Invalid artifact template 'vs_pincer_template' ]
  Script location: file: common/scripted_effects/00_agot_artifact_vs_sword_effects_override.txt line: 604 (agot_create_artifact_vs_pincer_effect[args#2425720076])

[14:31:19][E][jomini_script_system.cpp:303]: Script system error!
  Error: create_artifact effect [ Invalid artifact template 'vs_pincer_template' ]
  Script location: file: common/scripted_effects/00_agot_artifact_vs_sword_effects_override.txt line: 630 (agot_create_artifact_vs_pincer_effect[args#2425720076])

[14:31:19][E][jomini_script_system.cpp:303]: Script system error!
  Error: create_artifact effect [ Invalid artifact template 'vs_longclaw_template' ]
  Script location: file: common/scripted_effects/asoiaf_scripted_effects_artifacts.txt line: 401 (agot_create_artifact_vs_longclaw_effect[args#2425720076])

[14:31:19][E][jomini_script_system.cpp:303]: Script system error!
  Error: create_artifact effect [ Invalid artifact template 'vs_longclaw_template' ]
  Script location: file: common/scripted_effects/asoiaf_scripted_effects_artifacts.txt line: 421 (agot_create_artifact_vs_longclaw_effect[args#2425720076])

[14:31:19][E][jomini_script_system.cpp:303]: Script system error!
  Error: create_artifact effect [ Invalid artifact template 'vs_ice_template' ]
  Script location: file: common/scripted_effects/asoiaf_scripted_effects_artifacts.txt line: 10 (agot_create_artifact_vs_ice_effect[args#2425720076])

[14:31:19][E][jomini_script_system.cpp:303]: Script system error!
  Error: create_artifact effect [ Invalid artifact template 'vs_ice_template' ]
  Script location: file: common/scripted_effects/asoiaf_scripted_effects_artifacts.txt line: 30 (agot_create_artifact_vs_ice_effect[args#2425720076])

[14:31:19][E][jomini_script_system.cpp:303]: Script system error!
  Error: create_artifact effect [ Invalid artifact template 'vs_heartsbane_template' ]
  Script location: file: common/scripted_effects/asoiaf_scripted_effects_artifacts.txt line: 235 (agot_create_artifact_vs_heartsbane_effect[args#2425720076])

[14:31:19][E][jomini_script_system.cpp:303]: Script system error!
  Error: create_artifact effect [ Invalid artifact template 'vs_heartsbane_template' ]
  Script location: file: common/scripted_effects/asoiaf_scripted_effects_artifacts.txt line: 253 (agot_create_artifact_vs_heartsbane_effect[args#2425720076])

[14:31:19][E][jomini_script_system.cpp:303]: Script system error!
  Error: create_artifact effect [ Invalid artifact template 'vs_dark_sister_template' ]
  Script location: file: common/scripted_effects/asoiaf_scripted_effects_artifacts.txt line: 1233 (agot_create_artifact_vs_dark_sister_effect[args#2425720076])

[14:31:19][E][jomini_script_system.cpp:303]: Script system error!
  Error: create_artifact effect [ Invalid artifact template 'vs_dark_sister_template' ]
  Script location: file: common/scripted_effects/asoiaf_scripted_effects_artifacts.txt line: 1261 (agot_create_artifact_vs_dark_sister_effect[args#2425720076])

[14:31:19][E][jomini_script_system.cpp:303]: Script system error!
  Error: create_artifact effect [ Invalid artifact template 'vs_dark_sister_template' ]
  Script location: file: common/scripted_effects/asoiaf_scripted_effects_artifacts.txt line: 1291 (agot_create_artifact_vs_dark_sister_effect[args#2425720076])

[14:31:19][E][jomini_script_system.cpp:303]: Script system error!
  Error: create_artifact effect [ Invalid artifact template 'vs_blackfyre_template' ]
  Script location: file: common/scripted_effects/00_agot_artifact_vs_sword_effects_override.txt line: 13 (agot_create_artifact_vs_blackfyre_effect[args#2425720076])

[14:31:19][E][jomini_script_system.cpp:303]: Script system error!
  Error: create_artifact effect [ Invalid artifact template 'vs_blackfyre_template' ]
  Script location: file: common/scripted_effects/00_agot_artifact_vs_sword_effects_override.txt line: 31 (agot_create_artifact_vs_blackfyre_effect[args#2425720076])

[14:31:19][E][jomini_script_system.cpp:303]: Script system error!
  Error: set_culture_pillar effect [ Invalid database object 'language_agot_lhazaar' ]
  Script location: file: common/scripted_guis/DI_cultural_editor_pillars_sgui.txt line: 620 (DI_language_agot_lhazaar_sgui:effect)

[14:31:19][E][jomini_script_system.cpp:303]: Script system error!
  Error: add_innovation effect [ target: Not found in database class CCultureInnovationTypeDatabase ]
  Script location: file: common/character_interactions/DI_character_interaction.txt line: 4616 (DI_change_succession:on_accept)

[14:31:19][E][jomini_script_system.cpp:303]: Script system error!
  Error: add_innovation effect [ target: Not found in database class CCultureInnovationTypeDatabase ]
  Script location: file: common/character_interactions/DI_character_interaction.txt line: 4631 (DI_change_succession:on_accept)

[14:31:19][E][jomini_script_system.cpp:303]: Script system error!
  Error: add_building effect [ Invalid database object 'common_trade_03' ]
  Script location: file: common/on_action/cowagot_province_on_actions.txt line: 174 (set_provinces_on_actions)

[14:31:19][E][jomini_script_system.cpp:303]: Script system error!
  Error: remove_building effect [ Invalid database object 'ironwood_01' ]
  Script location: file: common/on_action/cowagot_province_on_actions.txt line: 214 (set_provinces_on_actions)

[14:31:19][E][jomini_script_system.cpp:303]: Script system error!
  Error: add_special_building_slot effect [ Invalid database object 'bearisland_01' ]
  Script location: file: common/on_action/cowagot_province_on_actions.txt line: 273 (set_provinces_on_actions)

[14:31:19][E][jomini_script_system.cpp:303]: Script system error!
  Error: add_special_building effect [ Invalid database object 'bearisland_01' ]
  Script location: file: common/on_action/cowagot_province_on_actions.txt line: 274 (set_provinces_on_actions)

[14:31:19][E][jomini_script_system.cpp:303]: Script system error!
  Error: add_special_building_slot effect [ Invalid database object 'harlaw_mines_01' ]
  Script location: file: common/on_action/cowagot_province_on_actions.txt line: 335 (harlaw_building_check_on_actions)

[14:31:19][E][jomini_script_system.cpp:303]: Script system error!
  Error: learn_language effect [ Invalid database object 'language_greek' ]
  Script location: file: common/scripted_effects/DI_court_position_spawner_overrides.txt line: 15 (DI_court_position_post_spawn_effect[args#2101251318])

[14:31:19][E][jomini_script_system.cpp:303]: Script system error!
  Error: learn_language effect [ Invalid database object 'language_arabic' ]
  Script location: file: common/scripted_effects/DI_court_position_spawner_overrides.txt line: 14 (DI_court_position_post_spawn_effect[args#2101251318])

[14:31:19][E][jomini_script_system.cpp:303]: Script system error!
  Error: learn_language effect [ Invalid database object 'language_latin' ]
  Script location: file: common/scripted_effects/DI_court_position_spawner_overrides.txt line: 16 (DI_court_position_post_spawn_effect[args#2101251318])

[14:31:19][E][jomini_script_system.cpp:303]: Script system error!
  Error: learn_language effect [ Invalid database object 'language_norse' ]
  Script location: file: common/scripted_effects/DI_court_position_spawner_overrides.txt line: 17 (DI_court_position_post_spawn_effect[args#2101251318])

[14:31:19][E][jomini_script_system.cpp:303]: Script system error!
  Error: learn_language effect [ Invalid database object 'language_latin' ]
  Script location: file: common/scripted_effects/DI_court_position_spawner_overrides.txt line: 28 (DI_court_position_post_spawn_effect[args#2101251318])

[14:31:19][E][jomini_script_system.cpp:303]: Script system error!
  Error: learn_language effect [ Invalid database object 'language_arabic' ]
  Script location: file: common/scripted_effects/DI_court_position_spawner_overrides.txt line: 26 (DI_court_position_post_spawn_effect[args#2101251318])

[14:31:19][E][jomini_script_system.cpp:303]: Script system error!
  Error: learn_language effect [ Invalid database object 'language_greek' ]
  Script location: file: common/scripted_effects/DI_court_position_spawner_overrides.txt line: 27 (DI_court_position_post_spawn_effect[args#2101251318])

[14:31:19][E][jomini_script_system.cpp:303]: Script system error!
  Error: learn_language effect [ Invalid database object 'language_norse' ]
  Script location: file: common/scripted_effects/DI_court_position_spawner_overrides.txt line: 29 (DI_court_position_post_spawn_effect[args#2101251318])

[14:31:19][E][jomini_script_system.cpp:303]: Script system error!
  Error: add_trait effect [ target: Not found in database class CTraitDatabase ]
  Script location: file: common/scripted_effects/DI_present_effects.txt line: 20 (DI_personality_trait_randomizer_effect)

[14:31:19][E][jomini_script_system.cpp:303]: Script system error!
  Error: add_trait effect [ target: Not found in database class CTraitDatabase ]
  Script location: file: common/scripted_effects/DI_present_effects.txt line: 21 (DI_personality_trait_randomizer_effect)

[14:31:19][E][jomini_script_system.cpp:303]: Script system error!
  Error: remove_trait effect [ target: Not found in database class CTraitDatabase ]
  Script location: file: common/scripted_effects/DI_present_effects.txt line: 85 (DI_clear_personality_traits_effect)

[14:31:19][E][jomini_script_system.cpp:303]: Script system error!
  Error: remove_trait effect [ target: Not found in database class CTraitDatabase ]
  Script location: file: common/scripted_effects/DI_present_effects.txt line: 86 (DI_clear_personality_traits_effect)

[14:31:19][E][jomini_script_system.cpp:303]: Script system error!
  Error: has_trait trigger [ Cannot find honorable in trait database ]
  Script location: file: common/scripted_effects/DI_present_effects.txt line: 85 (DI_clear_personality_traits_effect)

[14:31:19][E][jomini_script_system.cpp:303]: Script system error!
  Error: has_trait trigger [ Cannot find ruthless in trait database ]
  Script location: file: common/scripted_effects/DI_present_effects.txt line: 86 (DI_clear_personality_traits_effect)

[14:31:19][E][jomini_script_system.cpp:303]: Script system error!
  Error: has_game_rule trigger [ Invalid database object 'show_armor_enabled' ]
  Script location: file: gfx/portraits/portrait_modifiers/01_cloaks_base.txt line: 1333 (cloaks:weight)

[14:31:19][E][jomini_script_system.cpp:303]: Script system error!
  Error: has_game_rule trigger [ Invalid database object 'show_armor_enabled' ]
  Script location: file: gfx/portraits/portrait_modifiers/01_cloaks_base.txt line: 1338 (cloaks:weight)

[14:31:19][E][jomini_script_system.cpp:303]: Script system error!
  Error: has_game_rule trigger [ Invalid database object 'show_armor_enabled' ]
  Script location: file: gfx/portraits/portrait_modifiers/01_cloaks_base.txt line: 1642 (cloaks:weight)

[14:31:19][E][jomini_script_system.cpp:303]: Script system error!
  Error: has_game_rule trigger [ Invalid database object 'show_armor_enabled' ]
  Script location: file: gfx/portraits/portrait_modifiers/01_cloaks_base.txt line: 1684 (cloaks:weight)

[14:31:19][E][jomini_script_system.cpp:303]: Script system error!
  Error: has_game_rule trigger [ Invalid database object 'show_armor_enabled' ]
  Script location: file: gfx/portraits/portrait_modifiers/01_legwear_base.txt line: 871 (legwear:weight)

[14:31:19][E][jomini_script_system.cpp:303]: Script system error!
  Error: has_game_rule trigger [ Invalid database object 'show_armor_enabled' ]
  Script location: file: gfx/portraits/portrait_modifiers/01_legwear_base.txt line: 898 (legwear:weight)

[14:31:19][E][jomini_script_system.cpp:303]: Script system error!
  Error: has_game_rule trigger [ Invalid database object 'show_armor_enabled' ]
  Script location: file: gfx/portraits/portrait_modifiers/01_legwear_base.txt line: 937 (legwear:weight)

[14:31:19][E][jomini_script_system.cpp:303]: Script system error!
  Error: has_game_rule trigger [ Invalid database object 'show_armor_enabled' ]
  Script location: file: gfx/portraits/portrait_modifiers/05_clothes_situational.txt line: 616 (clothes_situational:weight)

[14:31:19][E][jomini_script_system.cpp:303]: Script system error!
  Error: has_game_rule trigger [ Invalid database object 'show_armor_enabled' ]
  Script location: file: gfx/portraits/portrait_modifiers/05_clothes_situational.txt line: 1062 (clothes_situational:weight)

[14:31:19][E][jomini_script_system.cpp:303]: Script system error!
  Error: has_game_rule trigger [ Invalid database object 'show_armor_enabled' ]
  Script location: file: gfx/portraits/portrait_modifiers/05_clothes_situational.txt line: 1109 (clothes_situational:weight)

[14:31:19][E][jomini_script_system.cpp:303]: Script system error!
  Error: has_game_rule trigger [ Invalid database object 'show_armor_enabled' ]
  Script location: file: gfx/portraits/portrait_modifiers/05_clothes_situational.txt line: 1158 (clothes_situational:weight)

[14:31:19][E][jomini_script_system.cpp:303]: Script system error!
  Error: has_game_rule trigger [ Invalid database object 'show_armor_enabled' ]
  Script location: file: gfx/portraits/portrait_modifiers/05_clothes_situational.txt line: 1202 (clothes_situational:weight)

[14:31:19][E][jomini_script_system.cpp:303]: Script system error!
  Error: has_game_rule trigger [ Invalid database object 'show_armor_enabled' ]
  Script location: file: gfx/portraits/portrait_modifiers/05_clothes_situational.txt line: 1248 (clothes_situational:weight)

[14:31:19][E][jomini_script_system.cpp:303]: Script system error!
  Error: has_game_rule trigger [ Invalid database object 'show_armor_enabled' ]
  Script location: file: gfx/portraits/portrait_modifiers/05_clothes_situational.txt line: 1292 (clothes_situational:weight)

[14:31:19][E][jomini_script_system.cpp:303]: Script system error!
  Error: has_game_rule trigger [ Invalid database object 'show_armor_enabled' ]
  Script location: file: gfx/portraits/portrait_modifiers/05_clothes_situational.txt line: 1338 (clothes_situational:weight)

[14:31:19][E][jomini_script_system.cpp:303]: Script system error!
  Error: has_game_rule trigger [ Invalid database object 'show_armor_enabled' ]
  Script location: file: gfx/portraits/portrait_modifiers/05_clothes_situational.txt line: 1382 (clothes_situational:weight)

[14:31:19][E][jomini_script_system.cpp:303]: Script system error!
  Error: has_game_rule trigger [ Invalid database object 'show_armor_enabled' ]
  Script location: file: gfx/portraits/portrait_modifiers/05_clothes_situational.txt line: 1428 (clothes_situational:weight)

[14:31:19][E][jomini_script_system.cpp:303]: Script system error!
  Error: has_game_rule trigger [ Invalid database object 'show_armor_enabled' ]
  Script location: file: gfx/portraits/portrait_modifiers/05_clothes_situational.txt line: 1472 (clothes_situational:weight)

[14:31:19][E][jomini_script_system.cpp:303]: Script system error!
  Error: has_game_rule trigger [ Invalid database object 'show_armor_enabled' ]
  Script location: file: gfx/portraits/portrait_modifiers/05_clothes_situational.txt line: 1518 (clothes_situational:weight)

[14:31:19][E][jomini_script_system.cpp:303]: Script system error!
  Error: has_game_rule trigger [ Invalid database object 'show_armor_enabled' ]
  Script location: file: gfx/portraits/portrait_modifiers/05_clothes_situational.txt line: 1562 (clothes_situational:weight)

[14:31:19][E][jomini_script_system.cpp:303]: Script system error!
  Error: has_game_rule trigger [ Invalid database object 'show_armor_enabled' ]
  Script location: file: gfx/portraits/portrait_modifiers/05_headgear_situational.txt line: 338 (headgear_situational:weight)

[14:31:19][E][jomini_script_system.cpp:303]: Script system error!
  Error: has_game_rule trigger [ Invalid database object 'show_armor_enabled' ]
  Script location: file: gfx/portraits/portrait_modifiers/05_headgear_situational.txt line: 395 (headgear_situational:weight)

[14:31:19][E][jomini_script_system.cpp:303]: Script system error!
  Error: has_game_rule trigger [ Invalid database object 'show_armor_enabled' ]
  Script location: file: gfx/portraits/portrait_modifiers/05_headgear_situational.txt line: 3127 (headgear_situational:weight)

[14:31:19][E][jomini_script_system.cpp:303]: Script system error!
  Error: has_game_rule trigger [ Invalid database object 'show_armor_enabled' ]
  Script location: file: gfx/portraits/portrait_modifiers/05_headgear_situational.txt line: 3174 (headgear_situational:weight)

[14:31:19][E][jomini_script_system.cpp:303]: Script system error!
  Error: has_game_rule trigger [ Invalid database object 'show_armor_enabled' ]
  Script location: file: gfx/portraits/portrait_modifiers/05_headgear_situational.txt line: 3222 (headgear_situational:weight)

[14:31:19][E][jomini_script_system.cpp:303]: Script system error!
  Error: has_game_rule trigger [ Invalid database object 'show_armor_enabled' ]
  Script location: file: gfx/portraits/portrait_modifiers/05_headgear_situational.txt line: 3266 (headgear_situational:weight)

[14:31:19][E][jomini_script_system.cpp:303]: Script system error!
  Error: has_game_rule trigger [ Invalid database object 'show_armor_enabled' ]
  Script location: file: gfx/portraits/portrait_modifiers/05_headgear_situational.txt line: 3310 (headgear_situational:weight)

[14:31:19][E][jomini_script_system.cpp:303]: Script system error!
  Error: has_game_rule trigger [ Invalid database object 'show_armor_enabled' ]
  Script location: file: gfx/portraits/portrait_modifiers/05_headgear_situational.txt line: 3355 (headgear_situational:weight)

[14:31:19][E][jomini_script_system.cpp:303]: Script system error!
  Error: is_struggle_type trigger [ Invalid database object 'persian_struggle' ]
  Script location: file: common/character_interactions/DI_character_interaction.txt line: 1415 (DI_arrange_marriage_interaction:is_shown)

[14:31:19][E][jomini_script_system.cpp:303]: Script system error!
  Error: has_struggle_phase_parameter trigger [ Bool phase parameter 'can_trade_piety_for_marriage_acceptance' does not exist ]
  Script location: file: common/character_interactions/DI_character_interaction.txt line: 1416 (DI_arrange_marriage_interaction:is_shown)

[14:31:19][E][jomini_script_system.cpp:303]: Script system error!
  Error: is_struggle_type trigger [ Invalid database object 'persian_struggle' ]
  Script location: file: common/character_interactions/DI_character_interaction.txt line: 1424 (DI_arrange_marriage_interaction:is_valid)

[14:31:19][E][jomini_script_system.cpp:303]: Script system error!
  Error: is_struggle_type trigger [ Invalid database object 'persian_struggle' ]
  Script location: file: common/character_interactions/DI_character_interaction.txt line: 1430 (DI_arrange_marriage_interaction:is_valid)

[14:31:19][E][jomini_script_system.cpp:303]: Script system error!
  Error: has_game_rule trigger [ Invalid database object 'agot_shatter_empires' ]
  Script location: file: common/on_action/ntc_artifacts_startdate.txt line: 128 (ntc_artifact_shattered_kingdoms)

[14:31:19][E][jomini_script_system.cpp:303]: Script system error!
  Error: is_in_family trigger [ Invalid database object 'rf_abrahamic' ]
  Script location: file: common/scripted_effects/DI_char_spawner_effects.txt line: 1464 (DI_char_spawner_resolve_origin_effect)

[14:31:19][E][jomini_script_system.cpp:303]: Script system error!
  Error: is_in_family trigger [ Invalid database object 'rf_abrahamic' ]
  Script location: file: common/scripted_effects/DI_char_spawner_effects.txt line: 1466 (DI_char_spawner_resolve_origin_effect)

[14:31:19][E][jomini_script_system.cpp:303]: Script system error!
  Error: is_in_family trigger [ Invalid database object 'rf_eastern' ]
  Script location: file: common/scripted_effects/DI_char_spawner_effects.txt line: 1470 (DI_char_spawner_resolve_origin_effect)

[14:31:19][E][jomini_script_system.cpp:303]: Script system error!
  Error: is_in_family trigger [ Invalid database object 'rf_eastern' ]
  Script location: file: common/scripted_effects/DI_char_spawner_effects.txt line: 1472 (DI_char_spawner_resolve_origin_effect)

[14:31:19][E][jomini_script_system.cpp:303]: Script system error!
  Error: is_in_family trigger [ Invalid database object 'rf_sinitic' ]
  Script location: file: common/scripted_effects/DI_char_spawner_effects.txt line: 1476 (DI_char_spawner_resolve_origin_effect)

[14:31:19][E][jomini_script_system.cpp:303]: Script system error!
  Error: is_in_family trigger [ Invalid database object 'rf_sinitic' ]
  Script location: file: common/scripted_effects/DI_char_spawner_effects.txt line: 1478 (DI_char_spawner_resolve_origin_effect)

[14:31:19][E][jomini_script_system.cpp:303]: Script system error!
  Error: is_in_family trigger [ Invalid database object 'rf_pagan' ]
  Script location: file: common/scripted_effects/DI_char_spawner_effects.txt line: 1482 (DI_char_spawner_resolve_origin_effect)

[14:31:19][E][jomini_script_system.cpp:303]: Script system error!
  Error: is_in_family trigger [ Invalid database object 'rf_pagan' ]
  Script location: file: common/scripted_effects/DI_char_spawner_effects.txt line: 1484 (DI_char_spawner_resolve_origin_effect)

[14:31:19][E][jomini_script_system.cpp:303]: Script system error!
  Error: has_cultural_parameter trigger [ Bool culture parameter 'can_build_quarries_in_hills' does not exist ]
  Script location: file: common/scripted_triggers/cowagot_building_requirement_triggers.txt line: 12 (building_quarries_requirement_terrain)

[14:31:19][E][jomini_script_system.cpp:303]: Script system error!
  Error: has_game_rule trigger [ Invalid database object 'tgc_enabled_enabled' ]
  Script location: file: common/scripted_triggers/tgc_loaded_trigger.txt line: 11 (tgc_standard_equipment_trigger)

[14:31:19][E][jomini_script_system.cpp:303]: Script system error!
  Error: has_game_rule trigger [ Invalid database object 'tgc_enabled_enabled' ]
  Script location: file: common/scripted_triggers/tgc_loaded_trigger.txt line: 59 (tgc_captain_equipment_trigger)

[14:31:19][E][jomini_script_system.cpp:303]: Script system error!
  Error: has_game_rule trigger [ Invalid database object 'tgc_enabled_enabled' ]
  Script location: file: common/scripted_triggers/tgc_loaded_trigger.txt line: 94 (tgc_blackfyre_or_targ_equipment_trigger)

[14:31:19][E][jomini_script_system.cpp:303]: Script system error!
  Error: has_game_rule trigger [ Invalid database object 'tgc_blackfyre_enabled' ]
  Script location: file: common/scripted_triggers/tgc_loaded_trigger.txt line: 104 (tgc_blackfyre_equipment_trigger)

[14:31:19][E][jomini_script_system.cpp:303]: Script system error!
  Error: has_game_rule trigger [ Invalid database object 'tgc_faegon_enabled' ]
  Script location: file: common/scripted_triggers/tgc_loaded_trigger.txt line: 120 (tgc_blackfyre_equipment_trigger)

[14:31:19][E][jomini_script_system.cpp:303]: Script system error!
  Error: has_game_rule trigger [ Invalid database object 'tgc_faegon_enabled' ]
  Script location: file: common/scripted_triggers/tgc_loaded_trigger.txt line: 140 (tgc_targaryen_equipment_trigger)

[14:31:19][E][jomini_script_system.cpp:303]: Script system error!
  Error: has_game_rule trigger [ Invalid database object 'tgc_enabled_enabled' ]
  Script location: file: common/scripted_triggers/tgc_loaded_trigger.txt line: 163 (tgc_blackfyre_house_equipment_trigger)

[14:31:19][E][jomini_script_system.cpp:303]: Script system error!
  Error: has_game_rule trigger [ Invalid database object 'tgc_blackfyre_enabled' ]
  Script location: file: common/scripted_triggers/tgc_loaded_trigger.txt line: 164 (tgc_blackfyre_house_equipment_trigger)

[14:31:19][E][static_modifier.cpp:200]: Modifier 'lucerys_gun_modifier' was not used by the script or code but exists in the database, this is a waste
[14:31:19][E][static_modifier.cpp:200]: Modifier 'artifact_monthly_piety_negative_1_modifier' was not used by the script or code but exists in the database, this is a waste
[14:31:19][E][static_modifier.cpp:200]: Modifier 'artifact_monthly_martial_lifestyle_xp_1_negative_modifier' was not used by the script or code but exists in the database, this is a waste
[14:31:19][E][static_modifier.cpp:200]: Modifier 'asoiaf_oathkeeper_modifier' was not used by the script or code but exists in the database, this is a waste
[14:31:19][E][static_modifier.cpp:200]: Modifier 'asoiaf_stark_throne_modifier' was not used by the script or code but exists in the database, this is a waste
[14:31:19][E][static_modifier.cpp:200]: Modifier 'asoiaf_Karstark_4_modifier' was not used by the script or code but exists in the database, this is a waste
[14:31:21][E][game_icons.cpp:746]: file gfx/interface/icons/building_types/icon_building_ten_towers.dds doesn't exist, referenced from building 'agot_ten_towers_01'
[14:31:21][E][game_icons.cpp:746]: file gfx/interface/icons/building_types/icon_riverrun.dds doesn't exist, referenced from building 'oldstones_old_final'
[14:31:21][E][game_icons.cpp:746]: file gfx/interface/icons/building_types/icon_riverrun.dds doesn't exist, referenced from building 'oldstones_old_new'
[14:31:21][E][game_icons.cpp:746]: file gfx/interface/icons/building_types/icon_riverrun.dds doesn't exist, referenced from building 'oldstones_restored_final'
[14:31:24][E][databases.h:36]: Key rf_valyrian not found at Database: common/religion/religion_family_types
[14:31:24][E][databases.h:36]: Key tgp_minister_recruit_courtiers_decision not found at Database: common/decisions
[14:31:25][E][history.cpp:1014]: No birth date for character at: file: history/characters/asoiaf_char_dummies.txt line: 6597
[14:31:25][E][jomini_script_system.cpp:303]: Script system error!
  Error: add_trait effect [ target: Not found in database class CTraitDatabase ]
  Script location: file: history/characters/asoiaf_char_stormlands.txt line: 152

[14:31:25][E][history.cpp:644]: Referencing non-existent character in script link character:Gardener_75
[14:31:25][E][history.cpp:644]: Referencing non-existent character in script link character:Gardener_75
[14:31:25][E][history.cpp:644]: Referencing non-existent character in script link character:Dormund_1
[14:31:25][E][history.cpp:644]: Referencing non-existent character in script link character:Dormund_1
[14:31:25][E][history.cpp:644]: Referencing non-existent character in script link character:Broome_rs_54
[14:31:25][E][history.cpp:644]: Referencing non-existent character in script link character:Dormund_1
[14:31:25][E][history.cpp:644]: Referencing non-existent character in script link character:Dormund_1
[14:31:25][E][history.cpp:644]: Referencing non-existent character in script link character:Hotah_rs_2
[14:31:25][E][history.cpp:644]: Referencing non-existent character in script link character:Hotah_rs_2
[14:31:25][E][history.cpp:644]: Referencing non-existent character in script link character:asoiaf_Targaryen_61_1
[14:31:25][E][history.cpp:644]: Referencing non-existent character in script link character:asoiaf_Targaryen_61_1
[14:31:25][E][history.cpp:644]: Referencing non-existent character in script link character:Stark_asoiaf_87
[14:31:25][E][history.cpp:644]: Referencing non-existent character in script link character:Stark_asoiaf_88
[14:31:25][E][history.cpp:644]: Referencing non-existent character in script link character:Stark_asoiaf_94
[14:31:25][E][history.cpp:644]: Referencing non-existent character in script link character:Stark_asoiaf_95
[14:31:25][E][history.cpp:644]: Referencing non-existent character in script link character:Stark_asoiaf_96
[14:31:25][E][history.cpp:644]: Referencing non-existent character in script link character:Stark_asoiaf_97
[14:31:25][E][history.cpp:644]: Referencing non-existent character in script link character:Stark_asoiaf_98
[14:31:25][E][history.cpp:644]: Referencing non-existent character in script link character:Stark_asoiaf_99
[14:31:25][E][history.cpp:644]: Referencing non-existent character in script link character:Stark_asoiaf_100
[14:31:25][E][history.cpp:644]: Referencing non-existent character in script link character:Stark_asoiaf_101
[14:31:25][E][history.cpp:644]: Referencing non-existent character in script link character:Stark_asoiaf_102
[14:31:25][E][history.cpp:644]: Referencing non-existent character in script link character:Stark_asoiaf_103
[14:31:25][E][history.cpp:644]: Referencing non-existent character in script link character:Arryn_asoiaf_7
[14:31:25][E][history.cpp:644]: Referencing non-existent character in script link character:Tyrell_asoiaf_9
[14:31:25][E][history.cpp:644]: Referencing non-existent character in script link character:Tyrell_asoiaf_10
[14:31:25][E][history.cpp:644]: Referencing non-existent character in script link character:Hightower_asoiaf_96
[14:31:25][E][history.cpp:644]: Referencing non-existent character in script link character:Hightower_asoiaf_98
[14:31:25][E][history.cpp:644]: Referencing non-existent character in script link character:Targaryen_asoiaf_30
[14:31:25][E][history.cpp:644]: Referencing non-existent character in script link character:Targaryen_asoiaf_31
[14:31:25][E][history.cpp:644]: Referencing non-existent character in script link character:Targaryen_asoiaf_32
[14:31:25][E][history.cpp:644]: Referencing non-existent character in script link character:Targaryen_asoiaf_33
[14:31:25][E][history.cpp:644]: Referencing non-existent character in script link character:Targaryen_asoiaf_34
[14:31:25][E][history.cpp:644]: Referencing non-existent character in script link character:Targaryen_asoiaf_37
[14:31:25][E][history.cpp:644]: Referencing non-existent character in script link character:Targaryen_asoiaf_38
[14:31:25][E][history.cpp:644]: Referencing non-existent character in script link character:Targaryen_asoiaf_40
[14:31:25][E][history.cpp:644]: Referencing non-existent character in script link character:Targaryen_asoiaf_39
[14:31:25][E][history.cpp:644]: Referencing non-existent character in script link character:Targaryen_asoiaf_41
[14:31:25][E][history.cpp:644]: Referencing non-existent character in script link character:Targaryen_asoiaf_42
[14:31:25][E][history.cpp:644]: Referencing non-existent character in script link character:Targaryen_asoiaf_43
[14:31:25][E][history.cpp:644]: Referencing non-existent character in script link character:Targaryen_asoiaf_44
[14:31:25][E][history.cpp:644]: Referencing non-existent character in script link character:Targaryen_asoiaf_49
[14:31:25][E][history.cpp:644]: Referencing non-existent character in script link character:Targaryen_asoiaf_52
[14:31:25][E][history.cpp:644]: Referencing non-existent character in script link character:Targaryen_asoiaf_53
[14:31:25][E][history.cpp:644]: Referencing non-existent character in script link character:Targaryen_asoiaf_54
[14:31:25][E][history.cpp:644]: Referencing non-existent character in script link character:Targaryen_asoiaf_55
[14:31:25][E][history.cpp:644]: Referencing non-existent character in script link character:Targaryen_asoiaf_55_1
[14:31:25][E][history.cpp:644]: Referencing non-existent character in script link character:Targaryen_asoiaf_56
[14:31:25][E][history.cpp:644]: Referencing non-existent character in script link character:Targaryen_asoiaf_57
[14:31:25][E][history.cpp:644]: Referencing non-existent character in script link character:Targaryen_asoiaf_58
[14:31:25][E][history.cpp:644]: Referencing non-existent character in script link character:Hammer_asoiaf_2
[14:31:25][E][history.cpp:644]: Referencing non-existent character in script link character:Targaryen_asoiaf_62
[14:31:25][E][history.cpp:644]: Referencing non-existent character in script link character:Targaryen_asoiaf_131
[14:31:25][E][history.cpp:644]: Referencing non-existent character in script link character:Targaryen_asoiaf_64
[14:31:25][E][history.cpp:644]: Referencing non-existent character in script link character:Targaryen_asoiaf_61_1
[14:31:25][E][history.cpp:644]: Referencing non-existent character in script link character:Targaryen_asoiaf_80
[14:31:25][E][history.cpp:644]: Referencing non-existent character in script link character:Targaryen_asoiaf_88
[14:31:25][E][history.cpp:644]: Referencing non-existent character in script link character:Targaryen_asoiaf_91
[14:31:25][E][history.cpp:644]: Referencing non-existent character in script link character:Targaryen_asoiaf_134
[14:31:25][E][history.cpp:644]: Referencing non-existent character in script link character:Targaryen_asoiaf_132
[14:31:25][E][history.cpp:644]: Referencing non-existent character in script link character:Targaryen_asoiaf_133
[14:31:25][E][history.cpp:644]: Referencing non-existent character in script link character:Targaryen_asoiaf_92
[14:31:25][E][history.cpp:644]: Referencing non-existent character in script link character:Targaryen_asoiaf_93
[14:31:25][E][history.cpp:644]: Referencing non-existent character in script link character:Targaryen_asoiaf_135
[14:31:25][E][history.cpp:644]: Referencing non-existent character in script link character:Targaryen_asoiaf_94
[14:31:25][E][history.cpp:644]: Referencing non-existent character in script link character:Targaryen_asoiaf_108
[14:31:25][E][history.cpp:644]: Referencing non-existent character in script link character:Targaryen_asoiaf_109
[14:31:25][E][history.cpp:644]: Referencing non-existent character in script link character:Targaryen_asoiaf_112
[14:31:25][E][history.cpp:644]: Referencing non-existent character in script link character:Targaryen_asoiaf_113
[14:31:25][E][history.cpp:644]: Referencing non-existent character in script link character:Targaryen_asoiaf_114
[14:31:25][E][history.cpp:644]: Referencing non-existent character in script link character:Targaryen_asoiaf_115
[14:31:25][E][history.cpp:644]: Referencing non-existent character in script link character:Targaryen_asoiaf_116
[14:31:25][E][history.cpp:644]: Referencing non-existent character in script link character:Targaryen_asoiaf_117
[14:31:25][E][history.cpp:644]: Referencing non-existent character in script link character:Targaryen_asoiaf_121
[14:31:25][E][history.cpp:644]: Referencing non-existent character in script link character:Targaryen_asoiaf_123
[14:31:25][E][history.cpp:644]: Referencing non-existent character in script link character:Targaryen_asoiaf_124
[14:31:25][E][history.cpp:644]: Referencing non-existent character in script link character:Targaryen_asoiaf_125
[14:31:25][E][history.cpp:644]: Referencing non-existent character in script link character:Targaryen_asoiaf_4
[14:31:25][E][history.cpp:644]: Referencing non-existent character in script link character:Targaryen_asoiaf_5
[14:31:25][E][history.cpp:644]: Referencing non-existent character in script link character:Targaryen_asoiaf_6
[14:31:25][E][history.cpp:644]: Referencing non-existent character in script link character:Targaryen_asoiaf_7
[14:31:25][E][history.cpp:644]: Referencing non-existent character in script link character:Dayne_asoiaf_3
[14:31:25][E][history.cpp:644]: Referencing non-existent character in script link character:Dayne_asoiaf_6
[14:31:25][E][history.cpp:644]: Referencing non-existent character in script link character:Dayne_asoiaf_7
[14:31:25][E][history.cpp:644]: Referencing non-existent character in script link character:Tully_asoiaf_2
[14:31:25][E][history.cpp:644]: Referencing non-existent character in script link character:Tully_asoiaf_3
[14:31:25][E][history.cpp:644]: Referencing non-existent character in script link character:Tully_asoiaf_8
[14:31:25][E][history.cpp:644]: Referencing non-existent character in script link character:Strong_asoiaf_32
[14:31:25][E][history.cpp:644]: Referencing non-existent character in script link character:Strong_asoiaf_33
[14:31:25][E][history.cpp:644]: Referencing non-existent character in script link character:Greyjoy_asoiaf_11
[14:31:25][E][history.cpp:644]: Referencing non-existent character in script link character:Greyjoy_asoiaf_12
[14:31:25][E][history.cpp:644]: Referencing non-existent character in script link character:Targaryen_61_1
[14:31:25][E][history.cpp:644]: Referencing non-existent character in script link character:Targaryen_61_1
[14:31:25][E][history.cpp:644]: Referencing non-existent character in script link character:Targaryen_61_1
[14:31:25][E][history.cpp:644]: Referencing non-existent character in script link character:Targaryen_61_1
