[original line 1512][portraitcontext.cpp:136] Unknown gene_dragon_main_horn_shape gene template dragon_horns_none at file: common/dna_data/test_dna_crownlands.txt line: 493 (Blackwater_asoiaf_1)

[original line 1513][portraitcontext.cpp:136] Unknown gene_dragon_main_horn_shape gene template dragon_horns_none at file: common/dna_data/test_dna_crownlands.txt line: 493 (Blackwater_asoiaf_1)

[original line 1726][portraitcontext.cpp:136] Unknown gene_dragon_main_horn_shape gene template dragon_horns_none at file: common/dna_data/test_dna_crownlands.txt line: 1933 (Stokeworth_asoiaf_6)

[original line 1727][portraitcontext.cpp:136] Unknown gene_dragon_main_horn_shape gene template dragon_horns_none at file: common/dna_data/test_dna_crownlands.txt line: 1933 (Stokeworth_asoiaf_6)

[original line 1817][portraitcontext.cpp:136] Unknown gene_dragon_main_horn_shape gene template dragon_horns_none at file: common/dna_data/test_dna_crownlands.txt line: 2471 (Thorne_asoiaf_17)

[original line 1818][portraitcontext.cpp:136] Unknown gene_dragon_main_horn_shape gene template dragon_horns_none at file: common/dna_data/test_dna_crownlands.txt line: 2471 (Thorne_asoiaf_17)

[original line 1844][portraitcontext.cpp:136] Unknown gene_dragon_main_horn_shape gene template dragon_horns_none at file: common/dna_data/test_dna_crownlands.txt line: 2651 (Thorne_asoiaf_3)

[original line 1845][portraitcontext.cpp:136] Unknown gene_dragon_main_horn_shape gene template dragon_horns_none at file: common/dna_data/test_dna_crownlands.txt line: 2651 (Thorne_asoiaf_3)

[original line 1984][portraitcontext.cpp:136] Unknown gene_dragon_main_horn_shape gene template dragon_horns_none at file: common/dna_data/test_dna_crownlands.txt line: 3366 (Tall_asoiaf_1)

[original line 1985][portraitcontext.cpp:136] Unknown gene_dragon_main_horn_shape gene template dragon_horns_none at file: common/dna_data/test_dna_crownlands.txt line: 3366 (Tall_asoiaf_1)

[original line 2320][portraitcontext.cpp:136] Unknown gene_dragon_main_horn_shape gene template dragon_horns_none at file: common/dna_data/test_dna_dornish.txt line: 1388 (Martell_asoiaf_14)

[original line 2321][portraitcontext.cpp:136] Unknown gene_dragon_main_horn_shape gene template dragon_horns_none at file: common/dna_data/test_dna_dornish.txt line: 1388 (Martell_asoiaf_14)

[original line 2938][portraitcontext.cpp:136] Unknown gene_dragon_main_horn_shape gene template dragon_horns_none at file: common/dna_data/test_dna_iron_isles.txt line: 862 (Greyjoy_asoiaf_14)

[original line 2939][portraitcontext.cpp:136] Unknown gene_dragon_main_horn_shape gene template dragon_horns_none at file: common/dna_data/test_dna_iron_isles.txt line: 862 (Greyjoy_asoiaf_14)

[original line 2972][portraitcontext.cpp:136] Unknown gene_dragon_main_horn_shape gene template dragon_horns_none at file: common/dna_data/test_dna_north.txt line: 129 (Stark_asoiaf_67)

[original line 2973][portraitcontext.cpp:136] Unknown gene_dragon_main_horn_shape gene template dragon_horns_none at file: common/dna_data/test_dna_north.txt line: 129 (Stark_asoiaf_67)

[original line 3272][portraitcontext.cpp:136] Unknown gene_dragon_main_horn_shape gene template dragon_horns_none at file: common/dna_data/test_dna_north.txt line: 1742 (Stark_asoiaf_7)

[original line 3273][portraitcontext.cpp:136] Unknown gene_dragon_main_horn_shape gene template dragon_horns_none at file: common/dna_data/test_dna_north.txt line: 1742 (Stark_asoiaf_7)

[original line 5310][portraitcontext.cpp:136] Unknown gene_dragon_main_horn_shape gene template dragon_horns_none at file: common/dna_data/test_dna_reach.txt line: 5947 (Beesbury_asoiaf_21)

[original line 5311][portraitcontext.cpp:136] Unknown gene_dragon_main_horn_shape gene template dragon_horns_none at file: common/dna_data/test_dna_reach.txt line: 5947 (Beesbury_asoiaf_21)

[original line 5700][portraitcontext.cpp:136] Unknown gene_dragon_main_horn_shape gene template dragon_horns_none at file: common/dna_data/test_dna_riverlands.txt line: 1560 (Strong_asoiaf_30)

[original line 5701][portraitcontext.cpp:136] Unknown gene_dragon_main_horn_shape gene template dragon_horns_none at file: common/dna_data/test_dna_riverlands.txt line: 1560 (Strong_asoiaf_30)

[original line 5830][portraitcontext.cpp:136] Unknown gene_dragon_main_horn_shape gene template dragon_horns_none at file: common/dna_data/test_dna_stormlands.txt line: 129 (Baratheon_asoiaf_34)

[original line 5831][portraitcontext.cpp:136] Unknown gene_dragon_main_horn_shape gene template dragon_horns_none at file: common/dna_data/test_dna_stormlands.txt line: 129 (Baratheon_asoiaf_34)

[original line 5849][portraitcontext.cpp:136] Unknown gene_dragon_main_horn_shape gene template dragon_horns_none at file: common/dna_data/test_dna_stormlands.txt line: 309 (Baratheon_asoiaf_36)

[original line 5850][portraitcontext.cpp:136] Unknown gene_dragon_main_horn_shape gene template dragon_horns_none at file: common/dna_data/test_dna_stormlands.txt line: 309 (Baratheon_asoiaf_36)

[original line 5868][portraitcontext.cpp:136] Unknown gene_dragon_main_horn_shape gene template dragon_horns_none at file: common/dna_data/test_dna_stormlands.txt line: 489 (Baratheon_asoiaf_50)

[original line 5869][portraitcontext.cpp:136] Unknown gene_dragon_main_horn_shape gene template dragon_horns_none at file: common/dna_data/test_dna_stormlands.txt line: 489 (Baratheon_asoiaf_50)

[original line 5887][portraitcontext.cpp:136] Unknown gene_dragon_main_horn_shape gene template dragon_horns_none at file: common/dna_data/test_dna_stormlands.txt line: 669 (Baratheon_asoiaf_52)

[original line 5888][portraitcontext.cpp:136] Unknown gene_dragon_main_horn_shape gene template dragon_horns_none at file: common/dna_data/test_dna_stormlands.txt line: 669 (Baratheon_asoiaf_52)

[original line 5934][portraitcontext.cpp:136] Unknown gene_dragon_main_horn_shape gene template dragon_horns_none at file: common/dna_data/test_dna_stormlands.txt line: 1219 (Baratheon_asoiaf_2)

[original line 5935][portraitcontext.cpp:136] Unknown gene_dragon_main_horn_shape gene template dragon_horns_none at file: common/dna_data/test_dna_stormlands.txt line: 1219 (Baratheon_asoiaf_2)

[original line 6175][portraitcontext.cpp:136] Unknown gene_dragon_main_horn_shape gene template dragon_horns_none at file: common/dna_data/test_dna_stormlands.txt line: 2846 (Wylde_asoiaf_27)

[original line 6176][portraitcontext.cpp:136] Unknown gene_dragon_main_horn_shape gene template dragon_horns_none at file: common/dna_data/test_dna_stormlands.txt line: 2846 (Wylde_asoiaf_27)

[original line 6194][portraitcontext.cpp:136] Unknown gene_dragon_main_horn_shape gene template dragon_horns_none at file: common/dna_data/test_dna_stormlands.txt line: 3026 (Estermont_asoiaf_44)

[original line 6195][portraitcontext.cpp:136] Unknown gene_dragon_main_horn_shape gene template dragon_horns_none at file: common/dna_data/test_dna_stormlands.txt line: 3026 (Estermont_asoiaf_44)

[original line 7032][portraitcontext.cpp:136] Unknown gene_dragon_main_horn_shape gene template dragon_horns_none at file: common/dna_data/test_dna_valyrian.txt line: 850 (Targaryen_asoiaf_36)

[original line 7033][portraitcontext.cpp:136] Unknown gene_dragon_main_horn_shape gene template dragon_horns_none at file: common/dna_data/test_dna_valyrian.txt line: 850 (Targaryen_asoiaf_36)

[original line 7141][portraitcontext.cpp:136] Unknown gene_dragon_main_horn_shape gene template dragon_horns_none at file: common/dna_data/test_dna_valyrian.txt line: 1947 (Targaryen_asoiaf_51)

[original line 7142][portraitcontext.cpp:136] Unknown gene_dragon_main_horn_shape gene template dragon_horns_none at file: common/dna_data/test_dna_valyrian.txt line: 1947 (Targaryen_asoiaf_51)

[original line 7167][portraitcontext.cpp:136] Unknown gene_dragon_main_horn_shape gene template dragon_horns_none at file: common/dna_data/test_dna_valyrian.txt line: 2126 (Hammer_asoiaf_1)

[original line 7168][portraitcontext.cpp:136] Unknown gene_dragon_main_horn_shape gene template dragon_horns_none at file: common/dna_data/test_dna_valyrian.txt line: 2126 (Hammer_asoiaf_1)

[original line 7736][portraitcontext.cpp:136] Unknown gene_dragon_main_horn_shape gene template dragon_horns_none at file: common/dna_data/test_dna_valyrian.txt line: 5548 (Targaryen_asoiaf_81)

[original line 7737][portraitcontext.cpp:136] Unknown gene_dragon_main_horn_shape gene template dragon_horns_none at file: common/dna_data/test_dna_valyrian.txt line: 5548 (Targaryen_asoiaf_81)

[original line 7820][portraitcontext.cpp:136] Unknown gene_dragon_main_horn_shape gene template dragon_horns_none at file: common/dna_data/test_dna_valyrian.txt line: 6652 (Targaryen_asoiaf_90)

[original line 7821][portraitcontext.cpp:136] Unknown gene_dragon_main_horn_shape gene template dragon_horns_none at file: common/dna_data/test_dna_valyrian.txt line: 6652 (Targaryen_asoiaf_90)

[original line 7854][portraitcontext.cpp:136] Unknown gene_dragon_main_horn_shape gene template dragon_horns_none at file: common/dna_data/test_dna_valyrian.txt line: 6831 (Targaryen_asoiaf_96)

[original line 7855][portraitcontext.cpp:136] Unknown gene_dragon_main_horn_shape gene template dragon_horns_none at file: common/dna_data/test_dna_valyrian.txt line: 6831 (Targaryen_asoiaf_96)

[original line 8298][portraitcontext.cpp:136] Unknown gene_dragon_main_horn_shape gene template dragon_horns_none at file: common/dna_data/test_dna_valyrian.txt line: 9917 (Targaryen_asoiaf_8)

[original line 8299][portraitcontext.cpp:136] Unknown gene_dragon_main_horn_shape gene template dragon_horns_none at file: common/dna_data/test_dna_valyrian.txt line: 9917 (Targaryen_asoiaf_8)

[original line 8332][portraitcontext.cpp:136] Unknown gene_dragon_main_horn_shape gene template dragon_horns_none at file: common/dna_data/test_dna_valyrian.txt line: 10096 (Targaryen_asoiaf_9)

[original line 8333][portraitcontext.cpp:136] Unknown gene_dragon_main_horn_shape gene template dragon_horns_none at file: common/dna_data/test_dna_valyrian.txt line: 10096 (Targaryen_asoiaf_9)

[original line 8518][portraitcontext.cpp:136] Unknown gene_hair_type gene template hair_afro_no_beard at file: common/dna_data/test_dna_valyrian.txt line: 11004 (Velaryon_asoiaf_31_HBO)

[original line 8519][portraitcontext.cpp:136] Unknown gene_hair_type gene template hair_afro_no_beard at file: common/dna_data/test_dna_valyrian.txt line: 11004 (Velaryon_asoiaf_31_HBO)

[original line 8662][portraitcontext.cpp:136] Unknown gene_hair_type gene template hair_afro_no_beard at file: common/dna_data/test_dna_valyrian.txt line: 11716 (Velaryon_asoiaf_35_HBO)

[original line 8663][portraitcontext.cpp:136] Unknown gene_hair_type gene template hair_afro_no_beard at file: common/dna_data/test_dna_valyrian.txt line: 11716 (Velaryon_asoiaf_35_HBO)

[original line 8817][portraitcontext.cpp:136] Unknown gene_dragon_main_horn_shape gene template dragon_horns_none at file: common/dna_data/test_dna_valyrian.txt line: 12783 (Targaryen_asoiaf_76)

[original line 8818][portraitcontext.cpp:136] Unknown gene_dragon_main_horn_shape gene template dragon_horns_none at file: common/dna_data/test_dna_valyrian.txt line: 12783 (Targaryen_asoiaf_76)

[original line 8980][portraitcontext.cpp:136] Unknown gene_dragon_main_horn_shape gene template dragon_horns_none at file: common/dna_data/test_dna_valyrian.txt line: 13870 (Celtigar_asoiaf_24)

[original line 8981][portraitcontext.cpp:136] Unknown gene_dragon_main_horn_shape gene template dragon_horns_none at file: common/dna_data/test_dna_valyrian.txt line: 13870 (Celtigar_asoiaf_24)

[original line 9007][portraitcontext.cpp:136] Unknown gene_dragon_main_horn_shape gene template dragon_horns_none at file: common/dna_data/test_dna_vanity.txt line: 129 (asoiaf_Svennis)

[original line 9008][portraitcontext.cpp:136] Unknown gene_dragon_main_horn_shape gene template dragon_horns_none at file: common/dna_data/test_dna_vanity.txt line: 129 (asoiaf_Svennis)

[original line 9551][portraitcontext.cpp:136] Unknown gene_dragon_main_horn_shape gene template dragon_horns_none at file: common/dna_data/test_dna_westerlands.txt line: 3750 (Reyne_asoiaf_63)

[original line 9552][portraitcontext.cpp:136] Unknown gene_dragon_main_horn_shape gene template dragon_horns_none at file: common/dna_data/test_dna_westerlands.txt line: 3750 (Reyne_asoiaf_63)

[original line 9994][portraitcontext.cpp:136] Unknown gene_dragon_main_horn_shape gene template dragon_horns_none at file: common/bookmark_portraits/bookmark_209_egg.txt line: 132 (bookmark_209_egg)

[original line 9995][portraitcontext.cpp:136] Unknown gene_dragon_main_horn_shape gene template dragon_horns_none at file: common/bookmark_portraits/bookmark_209_egg.txt line: 132 (bookmark_209_egg)

[original line 10009][portraitcontext.cpp:136] Unknown gene_dragon_main_horn_shape gene template dragon_horns_none at file: common/bookmark_portraits/bookmark_284_cressen.txt line: 132 (bookmark_284_cressen)

[original line 10010][portraitcontext.cpp:136] Unknown gene_dragon_main_horn_shape gene template dragon_horns_none at file: common/bookmark_portraits/bookmark_284_cressen.txt line: 132 (bookmark_284_cressen)
