[original line 9760][dnamodifier.cpp:24] could not find gene [secondary_headgear]. file: gfx/portraits/portrait_modifiers/asoiaf_character_custom_flags.txt line: 16 (asoiaf_no_crowns_modifiers)

[original line 9761][dnamodifier.cpp:46] gene is invalid at file: gfx/portraits/portrait_modifiers/asoiaf_character_custom_flags.txt line: 14 (asoiaf_no_crowns_modifiers)

[original line 9762][dnamodifier.cpp:455] Mismatch in gene type - only accessory is expected here, near file: gfx/portraits/portrait_modifiers/asoiaf_character_custom_flags.txt line: 14 (asoiaf_no_crowns_modifiers)

[original line 9763][dnamodifier.cpp:330] could not find template [no_headgear]. file: gfx/portraits/portrait_modifiers/asoiaf_character_custom_flags.txt line: 14 (asoiaf_no_crowns_modifiers)

[original line 9764][dnamodifier.cpp:330] could not find template [no_headgear]. file: gfx/portraits/portrait_modifiers/asoiaf_character_custom_flags.txt line: 20 (asoiaf_no_crowns_modifiers)

[original line 9765][dnamodifier.cpp:330] could not find template [none]. file: gfx/portraits/portrait_modifiers/asoiaf_character_custom_flags.txt line: 159 (asoiaf_red_priest_necklace_age_modifiers)

[original line 9766][dnamodifier.cpp:330] could not find template [none]. file: gfx/portraits/portrait_modifiers/asoiaf_character_custom_flags.txt line: 219 (asoiaf_immortality_visuals)

[original line 9767][dnamodifier.cpp:330] could not find template [one_eyed_gem_saphire]. file: gfx/portraits/portrait_modifiers/asoiaf_character_custom_flags.txt line: 348 (asoiaf_misc_dna)

[original line 9768][dnamodifier.cpp:330] could not find template [none]. file: gfx/portraits/portrait_modifiers/asoiaf_character_custom_flags.txt line: 1251 (asoiaf_custom_character_colourations)

[original line 9769][dnamodifier.cpp:330] could not find template [none]. file: gfx/portraits/portrait_modifiers/asoiaf_character_custom_flags.txt line: 1257 (asoiaf_custom_character_colourations)

[original line 9770][dnamodifier.cpp:330] could not find template [none]. file: gfx/portraits/portrait_modifiers/asoiaf_character_custom_flags.txt line: 1269 (asoiaf_custom_character_colourations)

[original line 9771][dnamodifier.cpp:330] could not find template [none]. file: gfx/portraits/portrait_modifiers/asoiaf_character_custom_flags.txt line: 1330 (asoiaf_custom_character_colourations)

[original line 9772][dnamodifier.cpp:330] could not find template [none]. file: gfx/portraits/portrait_modifiers/asoiaf_character_custom_flags.txt line: 1336 (asoiaf_custom_character_colourations)

[original line 9773][dnamodifier.cpp:330] could not find template [none]. file: gfx/portraits/portrait_modifiers/asoiaf_character_custom_flags.txt line: 1342 (asoiaf_custom_character_colourations)

[original line 9774][dnamodifier.cpp:330] could not find template [none]. file: gfx/portraits/portrait_modifiers/asoiaf_character_custom_flags.txt line: 1348 (asoiaf_custom_character_colourations)

[original line 9775][dnamodifier.cpp:330] could not find template [none]. file: gfx/portraits/portrait_modifiers/asoiaf_character_custom_flags.txt line: 1354 (asoiaf_custom_character_colourations)

[original line 9776][dnamodifier.cpp:330] could not find template [none]. file: gfx/portraits/portrait_modifiers/asoiaf_character_custom_flags.txt line: 1409 (asoiaf_custom_character_colourations)

[original line 9777][dnamodifier.cpp:330] could not find template [none]. file: gfx/portraits/portrait_modifiers/asoiaf_character_custom_flags.txt line: 1415 (asoiaf_custom_character_colourations)

[original line 9778][dnamodifier.cpp:330] could not find template [none]. file: gfx/portraits/portrait_modifiers/asoiaf_character_custom_flags.txt line: 1421 (asoiaf_custom_character_colourations)

[original line 9779][dnamodifier.cpp:330] could not find template [none]. file: gfx/portraits/portrait_modifiers/asoiaf_character_custom_flags.txt line: 1427 (asoiaf_custom_character_colourations)

[original line 9780][dnamodifier.cpp:330] could not find template [none]. file: gfx/portraits/portrait_modifiers/asoiaf_character_custom_flags.txt line: 1433 (asoiaf_custom_character_colourations)

[original line 9781][dnamodifier.cpp:330] could not find template [none]. file: gfx/portraits/portrait_modifiers/asoiaf_character_custom_flags.txt line: 1896 (asoiaf_custom_character_colourations)

[original line 9782][dnamodifier.cpp:330] could not find template [none]. file: gfx/portraits/portrait_modifiers/asoiaf_character_custom_flags.txt line: 1902 (asoiaf_custom_character_colourations)

[original line 9783][dnamodifier.cpp:330] could not find template [none]. file: gfx/portraits/portrait_modifiers/asoiaf_character_custom_flags.txt line: 1908 (asoiaf_custom_character_colourations)

[original line 9784][dnamodifier.cpp:330] could not find template [none]. file: gfx/portraits/portrait_modifiers/asoiaf_character_custom_flags.txt line: 1914 (asoiaf_custom_character_colourations)

[original line 9785][dnamodifier.cpp:330] could not find template [none]. file: gfx/portraits/portrait_modifiers/asoiaf_character_custom_flags.txt line: 1969 (asoiaf_custom_character_colourations)

[original line 9786][dnamodifier.cpp:330] could not find template [none]. file: gfx/portraits/portrait_modifiers/asoiaf_character_custom_flags.txt line: 1975 (asoiaf_custom_character_colourations)

[original line 9787][dnamodifier.cpp:330] could not find template [none]. file: gfx/portraits/portrait_modifiers/asoiaf_character_custom_flags.txt line: 1981 (asoiaf_custom_character_colourations)

[original line 9788][dnamodifier.cpp:330] could not find template [none]. file: gfx/portraits/portrait_modifiers/asoiaf_character_custom_flags.txt line: 1987 (asoiaf_custom_character_colourations)

[original line 9789][dnamodifier.cpp:330] could not find template [none]. file: gfx/portraits/portrait_modifiers/asoiaf_character_custom_flags.txt line: 1993 (asoiaf_custom_character_colourations)

[original line 9790][dnamodifier.cpp:330] could not find template [none]. file: gfx/portraits/portrait_modifiers/asoiaf_character_custom_flags.txt line: 2449 (asoiaf_custom_character_colourations)

[original line 9791][dnamodifier.cpp:330] could not find template [none]. file: gfx/portraits/portrait_modifiers/asoiaf_character_custom_flags.txt line: 2455 (asoiaf_custom_character_colourations)

[original line 9792][dnamodifier.cpp:330] could not find template [none]. file: gfx/portraits/portrait_modifiers/asoiaf_character_custom_flags.txt line: 2461 (asoiaf_custom_character_colourations)

[original line 9793][dnamodifier.cpp:330] could not find template [none]. file: gfx/portraits/portrait_modifiers/asoiaf_character_custom_flags.txt line: 2965 (asoiaf_custom_character_colourations)

[original line 9794][dnamodifier.cpp:330] could not find template [none]. file: gfx/portraits/portrait_modifiers/asoiaf_character_custom_flags.txt line: 2971 (asoiaf_custom_character_colourations)

[original line 9795][dnamodifier.cpp:330] could not find template [none]. file: gfx/portraits/portrait_modifiers/asoiaf_character_custom_flags.txt line: 2977 (asoiaf_custom_character_colourations)

[original line 9796][dnamodifier.cpp:330] could not find template [none]. file: gfx/portraits/portrait_modifiers/asoiaf_character_custom_flags.txt line: 2983 (asoiaf_custom_character_colourations)

[original line 9797][dnamodifier.cpp:330] could not find template [none]. file: gfx/portraits/portrait_modifiers/asoiaf_character_custom_flags.txt line: 2989 (asoiaf_custom_character_colourations)

[original line 9798][dnamodifier.cpp:330] could not find template [none]. file: gfx/portraits/portrait_modifiers/asoiaf_character_custom_flags.txt line: 3047 (asoiaf_custom_character_colourations)

[original line 9799][dnamodifier.cpp:330] could not find template [none]. file: gfx/portraits/portrait_modifiers/asoiaf_character_custom_flags.txt line: 3053 (asoiaf_custom_character_colourations)

[original line 9800][dnamodifier.cpp:330] could not find template [none]. file: gfx/portraits/portrait_modifiers/asoiaf_character_custom_flags.txt line: 3059 (asoiaf_custom_character_colourations)

[original line 9801][dnamodifier.cpp:330] could not find template [none]. file: gfx/portraits/portrait_modifiers/asoiaf_character_custom_flags.txt line: 3065 (asoiaf_custom_character_colourations)

[original line 9802][dnamodifier.cpp:330] could not find template [none]. file: gfx/portraits/portrait_modifiers/asoiaf_character_custom_flags.txt line: 3071 (asoiaf_custom_character_colourations)

[original line 9803][dnamodifier.cpp:330] could not find template [none]. file: gfx/portraits/portrait_modifiers/asoiaf_character_custom_flags.txt line: 3519 (asoiaf_custom_character_colourations)

[original line 9804][dnamodifier.cpp:330] could not find template [none]. file: gfx/portraits/portrait_modifiers/asoiaf_character_custom_flags.txt line: 3525 (asoiaf_custom_character_colourations)

[original line 9805][dnamodifier.cpp:330] could not find template [none]. file: gfx/portraits/portrait_modifiers/asoiaf_character_custom_flags.txt line: 3531 (asoiaf_custom_character_colourations)

[original line 9806][dnamodifier.cpp:330] could not find template [none]. file: gfx/portraits/portrait_modifiers/asoiaf_character_custom_flags.txt line: 3598 (asoiaf_custom_character_colourations)

[original line 9807][dnamodifier.cpp:330] could not find template [none]. file: gfx/portraits/portrait_modifiers/asoiaf_character_custom_flags.txt line: 3604 (asoiaf_custom_character_colourations)

[original line 9808][dnamodifier.cpp:330] could not find template [none]. file: gfx/portraits/portrait_modifiers/asoiaf_character_custom_flags.txt line: 3610 (asoiaf_custom_character_colourations)

[original line 9809][dnamodifier.cpp:330] could not find template [complexion_beauty_2]. file: gfx/portraits/portrait_modifiers/asoiaf_character_custom_flags.txt line: 3849 (asoiaf_custom_character_colourations)

[original line 9810][dnamodifier.cpp:330] could not find template [none]. file: gfx/portraits/portrait_modifiers/asoiaf_character_custom_flags.txt line: 3913 (asoiaf_custom_character_colourations)

[original line 9811][dnamodifier.cpp:330] could not find template [none]. file: gfx/portraits/portrait_modifiers/asoiaf_character_custom_flags.txt line: 3919 (asoiaf_custom_character_colourations)

[original line 9812][dnamodifier.cpp:330] could not find template [none]. file: gfx/portraits/portrait_modifiers/asoiaf_character_custom_flags.txt line: 3925 (asoiaf_custom_character_colourations)

[original line 9813][dnamodifier.cpp:330] could not find template [none]. file: gfx/portraits/portrait_modifiers/asoiaf_character_custom_flags.txt line: 3931 (asoiaf_custom_character_colourations)

[original line 9814][dnamodifier.cpp:330] could not find template [none]. file: gfx/portraits/portrait_modifiers/asoiaf_character_custom_flags.txt line: 3937 (asoiaf_custom_character_colourations)

[original line 9815][dnamodifier.cpp:330] could not find template [none]. file: gfx/portraits/portrait_modifiers/asoiaf_character_custom_flags.txt line: 4065 (asoiaf_custom_character_colourations)

[original line 9816][dnamodifier.cpp:330] could not find template [none]. file: gfx/portraits/portrait_modifiers/asoiaf_character_custom_flags.txt line: 4071 (asoiaf_custom_character_colourations)

[original line 9817][dnamodifier.cpp:330] could not find template [none]. file: gfx/portraits/portrait_modifiers/asoiaf_character_custom_flags.txt line: 4077 (asoiaf_custom_character_colourations)

[original line 9818][dnamodifier.cpp:330] could not find template [body_hair_average]. file: gfx/portraits/portrait_modifiers/asoiaf_character_custom_flags.txt line: 4179 (asoiaf_custom_character_colourations)

[original line 9819][dnamodifier.cpp:330] could not find template [none]. file: gfx/portraits/portrait_modifiers/asoiaf_character_custom_flags.txt line: 4427 (asoiaf_custom_character_colourations)

[original line 9820][dnamodifier.cpp:330] could not find template [none]. file: gfx/portraits/portrait_modifiers/asoiaf_character_custom_flags.txt line: 4433 (asoiaf_custom_character_colourations)

[original line 9821][dnamodifier.cpp:330] could not find template [none]. file: gfx/portraits/portrait_modifiers/asoiaf_character_custom_flags.txt line: 4439 (asoiaf_custom_character_colourations)

[original line 9822][dnamodifier.cpp:330] could not find template [none]. file: gfx/portraits/portrait_modifiers/asoiaf_character_custom_flags.txt line: 4671 (asoiaf_custom_character_colourations)

[original line 9823][dnamodifier.cpp:330] could not find template [none]. file: gfx/portraits/portrait_modifiers/asoiaf_character_custom_flags.txt line: 4677 (asoiaf_custom_character_colourations)

[original line 9824][dnamodifier.cpp:330] could not find template [none]. file: gfx/portraits/portrait_modifiers/asoiaf_character_custom_flags.txt line: 4683 (asoiaf_custom_character_colourations)

[original line 9825][dnamodifier.cpp:330] could not find template [none]. file: gfx/portraits/portrait_modifiers/asoiaf_character_custom_flags.txt line: 4689 (asoiaf_custom_character_colourations)

[original line 9826][dnamodifier.cpp:330] could not find template [none]. file: gfx/portraits/portrait_modifiers/asoiaf_character_custom_flags.txt line: 4695 (asoiaf_custom_character_colourations)

[original line 9827][dnamodifier.cpp:330] could not find template [none]. file: gfx/portraits/portrait_modifiers/asoiaf_character_custom_flags.txt line: 4765 (asoiaf_custom_character_colourations)

[original line 9828][dnamodifier.cpp:330] could not find template [none]. file: gfx/portraits/portrait_modifiers/asoiaf_character_custom_flags.txt line: 4777 (asoiaf_custom_character_colourations)

[original line 9829][dnamodifier.cpp:330] could not find template [none]. file: gfx/portraits/portrait_modifiers/asoiaf_character_custom_flags.txt line: 4783 (asoiaf_custom_character_colourations)

[original line 9830][dnamodifier.cpp:330] could not find template [none]. file: gfx/portraits/portrait_modifiers/asoiaf_character_custom_flags.txt line: 4859 (asoiaf_custom_character_colourations)

[original line 9831][dnamodifier.cpp:330] could not find template [none]. file: gfx/portraits/portrait_modifiers/asoiaf_character_custom_flags.txt line: 4865 (asoiaf_custom_character_colourations)

[original line 9832][dnamodifier.cpp:330] could not find template [none]. file: gfx/portraits/portrait_modifiers/asoiaf_character_custom_flags.txt line: 4871 (asoiaf_custom_character_colourations)

[original line 9833][dnamodifier.cpp:330] could not find template [none]. file: gfx/portraits/portrait_modifiers/asoiaf_character_custom_flags.txt line: 5036 (asoiaf_custom_character_colourations)

[original line 9834][dnamodifier.cpp:330] could not find template [none]. file: gfx/portraits/portrait_modifiers/asoiaf_character_custom_flags.txt line: 5042 (asoiaf_custom_character_colourations)

[original line 9835][dnamodifier.cpp:330] could not find template [none]. file: gfx/portraits/portrait_modifiers/asoiaf_character_custom_flags.txt line: 5048 (asoiaf_custom_character_colourations)

[original line 9836][dnamodifier.cpp:330] could not find template [none]. file: gfx/portraits/portrait_modifiers/asoiaf_character_custom_flags.txt line: 5054 (asoiaf_custom_character_colourations)

[original line 9837][dnamodifier.cpp:330] could not find template [none]. file: gfx/portraits/portrait_modifiers/asoiaf_character_custom_flags.txt line: 5060 (asoiaf_custom_character_colourations)

[original line 9838][dnamodifier.cpp:330] could not find template [none]. file: gfx/portraits/portrait_modifiers/asoiaf_character_custom_flags.txt line: 5234 (asoiaf_custom_character_colourations)

[original line 9839][dnamodifier.cpp:330] could not find template [none]. file: gfx/portraits/portrait_modifiers/asoiaf_character_custom_flags.txt line: 5240 (asoiaf_custom_character_colourations)

[original line 9840][dnamodifier.cpp:330] could not find template [none]. file: gfx/portraits/portrait_modifiers/asoiaf_character_custom_flags.txt line: 5246 (asoiaf_custom_character_colourations)

[original line 9841][dnamodifier.cpp:330] could not find template [none]. file: gfx/portraits/portrait_modifiers/asoiaf_character_custom_flags.txt line: 5252 (asoiaf_custom_character_colourations)

[original line 9842][dnamodifier.cpp:330] could not find template [none]. file: gfx/portraits/portrait_modifiers/asoiaf_character_custom_flags.txt line: 5258 (asoiaf_custom_character_colourations)

[original line 9843][dnamodifier.cpp:330] could not find template [none]. file: gfx/portraits/portrait_modifiers/asoiaf_character_custom_flags.txt line: 5362 (asoiaf_custom_character_colourations)

[original line 9844][dnamodifier.cpp:330] could not find template [none]. file: gfx/portraits/portrait_modifiers/asoiaf_character_custom_flags.txt line: 5368 (asoiaf_custom_character_colourations)

[original line 9845][dnamodifier.cpp:330] could not find template [none]. file: gfx/portraits/portrait_modifiers/asoiaf_character_custom_flags.txt line: 5374 (asoiaf_custom_character_colourations)

[original line 9846][dnamodifier.cpp:330] could not find template [none]. file: gfx/portraits/portrait_modifiers/asoiaf_character_custom_flags.txt line: 5380 (asoiaf_custom_character_colourations)

[original line 9847][dnamodifier.cpp:330] could not find template [none]. file: gfx/portraits/portrait_modifiers/asoiaf_character_custom_flags.txt line: 5386 (asoiaf_custom_character_colourations)

[original line 9848][dnamodifier.cpp:330] could not find template [none]. file: gfx/portraits/portrait_modifiers/asoiaf_character_custom_flags.txt line: 6158 (asoiaf_custom_character_colourations)

[original line 9849][dnamodifier.cpp:330] could not find template [none]. file: gfx/portraits/portrait_modifiers/asoiaf_character_custom_flags.txt line: 6164 (asoiaf_custom_character_colourations)

[original line 9850][dnamodifier.cpp:330] could not find template [none]. file: gfx/portraits/portrait_modifiers/asoiaf_character_custom_flags.txt line: 6176 (asoiaf_custom_character_colourations)

[original line 9851][dnamodifier.cpp:330] could not find template [none]. file: gfx/portraits/portrait_modifiers/asoiaf_character_custom_flags.txt line: 6182 (asoiaf_custom_character_colourations)

[original line 9852][dnamodifier.cpp:330] could not find template [none]. file: gfx/portraits/portrait_modifiers/asoiaf_character_custom_flags.txt line: 6252 (asoiaf_custom_character_colourations)

[original line 9853][dnamodifier.cpp:330] could not find template [none]. file: gfx/portraits/portrait_modifiers/asoiaf_character_custom_flags.txt line: 6258 (asoiaf_custom_character_colourations)

[original line 9854][dnamodifier.cpp:330] could not find template [none]. file: gfx/portraits/portrait_modifiers/asoiaf_character_custom_flags.txt line: 6264 (asoiaf_custom_character_colourations)

[original line 9855][dnamodifier.cpp:330] could not find template [none]. file: gfx/portraits/portrait_modifiers/asoiaf_character_custom_flags.txt line: 6270 (asoiaf_custom_character_colourations)

[original line 9856][dnamodifier.cpp:330] could not find template [none]. file: gfx/portraits/portrait_modifiers/asoiaf_character_custom_flags.txt line: 6334 (asoiaf_custom_character_colourations)

[original line 9857][dnamodifier.cpp:330] could not find template [none]. file: gfx/portraits/portrait_modifiers/asoiaf_character_custom_flags.txt line: 6340 (asoiaf_custom_character_colourations)

[original line 9858][dnamodifier.cpp:330] could not find template [none]. file: gfx/portraits/portrait_modifiers/asoiaf_character_custom_flags.txt line: 6346 (asoiaf_custom_character_colourations)

[original line 9859][dnamodifier.cpp:330] could not find template [none]. file: gfx/portraits/portrait_modifiers/asoiaf_character_custom_flags.txt line: 6352 (asoiaf_custom_character_colourations)

[original line 9860][dnamodifier.cpp:330] could not find template [none]. file: gfx/portraits/portrait_modifiers/asoiaf_character_custom_flags.txt line: 6358 (asoiaf_custom_character_colourations)

[original line 9861][dnamodifier.cpp:330] could not find template [none]. file: gfx/portraits/portrait_modifiers/asoiaf_character_custom_flags.txt line: 6492 (asoiaf_custom_character_colourations)

[original line 9862][dnamodifier.cpp:330] could not find template [none]. file: gfx/portraits/portrait_modifiers/asoiaf_character_custom_flags.txt line: 6498 (asoiaf_custom_character_colourations)

[original line 9863][dnamodifier.cpp:330] could not find template [none]. file: gfx/portraits/portrait_modifiers/asoiaf_character_custom_flags.txt line: 6504 (asoiaf_custom_character_colourations)

[original line 9864][dnamodifier.cpp:330] could not find template [none]. file: gfx/portraits/portrait_modifiers/asoiaf_character_custom_flags.txt line: 7292 (asoiaf_custom_character_colourations)

[original line 9865][dnamodifier.cpp:330] could not find template [none]. file: gfx/portraits/portrait_modifiers/asoiaf_character_custom_flags.txt line: 7298 (asoiaf_custom_character_colourations)

[original line 9866][dnamodifier.cpp:330] could not find template [none]. file: gfx/portraits/portrait_modifiers/asoiaf_character_custom_flags.txt line: 7304 (asoiaf_custom_character_colourations)

[original line 9867][dnamodifier.cpp:330] could not find template [none]. file: gfx/portraits/portrait_modifiers/asoiaf_character_custom_flags.txt line: 7726 (asoiaf_custom_character_colourations)

[original line 9868][dnamodifier.cpp:330] could not find template [none]. file: gfx/portraits/portrait_modifiers/asoiaf_character_custom_flags.txt line: 7732 (asoiaf_custom_character_colourations)

[original line 9869][dnamodifier.cpp:330] could not find template [none]. file: gfx/portraits/portrait_modifiers/asoiaf_character_custom_flags.txt line: 7738 (asoiaf_custom_character_colourations)

[original line 9870][dnamodifier.cpp:330] could not find template [none]. file: gfx/portraits/portrait_modifiers/asoiaf_character_custom_flags.txt line: 7744 (asoiaf_custom_character_colourations)

[original line 9871][dnamodifier.cpp:330] could not find template [none]. file: gfx/portraits/portrait_modifiers/asoiaf_character_custom_flags.txt line: 7750 (asoiaf_custom_character_colourations)

[original line 9872][dnamodifier.cpp:330] could not find template [none]. file: gfx/portraits/portrait_modifiers/asoiaf_character_custom_flags.txt line: 8872 (asoiaf_custom_character_colourations)

[original line 9873][dnamodifier.cpp:330] could not find template [none]. file: gfx/portraits/portrait_modifiers/asoiaf_character_custom_flags.txt line: 8878 (asoiaf_custom_character_colourations)

[original line 9874][dnamodifier.cpp:330] could not find template [none]. file: gfx/portraits/portrait_modifiers/asoiaf_character_custom_flags.txt line: 8884 (asoiaf_custom_character_colourations)

[original line 9875][dnamodifier.cpp:330] could not find template [none]. file: gfx/portraits/portrait_modifiers/asoiaf_character_custom_flags.txt line: 8890 (asoiaf_custom_character_colourations)

[original line 9876][dnamodifier.cpp:330] could not find template [none]. file: gfx/portraits/portrait_modifiers/asoiaf_character_custom_flags.txt line: 8896 (asoiaf_custom_character_colourations)

[original line 9877][dnamodifier.cpp:330] could not find template [none]. file: gfx/portraits/portrait_modifiers/asoiaf_character_custom_flags.txt line: 8951 (asoiaf_custom_character_colourations)

[original line 9878][dnamodifier.cpp:330] could not find template [none]. file: gfx/portraits/portrait_modifiers/asoiaf_character_custom_flags.txt line: 8963 (asoiaf_custom_character_colourations)

[original line 9879][dnamodifier.cpp:330] could not find template [none]. file: gfx/portraits/portrait_modifiers/asoiaf_character_custom_flags.txt line: 8969 (asoiaf_custom_character_colourations)

[original line 9880][dnamodifier.cpp:330] could not find template [none]. file: gfx/portraits/portrait_modifiers/asoiaf_character_custom_flags.txt line: 8975 (asoiaf_custom_character_colourations)

[original line 9881][dnamodifier.cpp:330] could not find template [none]. file: gfx/portraits/portrait_modifiers/asoiaf_character_custom_flags.txt line: 9459 (asoiaf_custom_character_colourations)

[original line 9882][dnamodifier.cpp:330] could not find template [none]. file: gfx/portraits/portrait_modifiers/asoiaf_character_custom_flags.txt line: 9465 (asoiaf_custom_character_colourations)

[original line 9883][dnamodifier.cpp:330] could not find template [none]. file: gfx/portraits/portrait_modifiers/asoiaf_character_custom_flags.txt line: 9471 (asoiaf_custom_character_colourations)

[original line 9884][dnamodifier.cpp:330] could not find template [none]. file: gfx/portraits/portrait_modifiers/asoiaf_character_custom_flags.txt line: 9477 (asoiaf_custom_character_colourations)

[original line 9885][dnamodifier.cpp:330] could not find template [none]. file: gfx/portraits/portrait_modifiers/asoiaf_character_custom_flags.txt line: 9483 (asoiaf_custom_character_colourations)

[original line 9886][dnamodifier.cpp:330] could not find template [none]. file: gfx/portraits/portrait_modifiers/asoiaf_character_custom_flags.txt line: 10639 (asoiaf_custom_character_colourations)

[original line 9887][dnamodifier.cpp:330] could not find template [none]. file: gfx/portraits/portrait_modifiers/asoiaf_character_custom_flags.txt line: 10645 (asoiaf_custom_character_colourations)

[original line 9888][dnamodifier.cpp:330] could not find template [none]. file: gfx/portraits/portrait_modifiers/asoiaf_character_custom_flags.txt line: 10651 (asoiaf_custom_character_colourations)

[original line 9889][dnamodifier.cpp:330] could not find template [none]. file: gfx/portraits/portrait_modifiers/asoiaf_character_custom_flags.txt line: 10657 (asoiaf_custom_character_colourations)

[original line 9890][dnamodifier.cpp:330] could not find template [none]. file: gfx/portraits/portrait_modifiers/asoiaf_character_custom_flags.txt line: 10663 (asoiaf_custom_character_colourations)

[original line 9891][dnamodifier.cpp:330] could not find template [none]. file: gfx/portraits/portrait_modifiers/asoiaf_character_custom_flags.txt line: 10767 (asoiaf_custom_character_colourations)

[original line 9892][dnamodifier.cpp:330] could not find template [none]. file: gfx/portraits/portrait_modifiers/asoiaf_character_custom_flags.txt line: 10773 (asoiaf_custom_character_colourations)

[original line 9893][dnamodifier.cpp:330] could not find template [none]. file: gfx/portraits/portrait_modifiers/asoiaf_character_custom_flags.txt line: 10785 (asoiaf_custom_character_colourations)

[original line 9894][dnamodifier.cpp:330] could not find template [none]. file: gfx/portraits/portrait_modifiers/asoiaf_character_custom_flags.txt line: 10791 (asoiaf_custom_character_colourations)

[original line 9896][dnamodifier.cpp:330] could not find template [none]. file: gfx/portraits/portrait_modifiers/asoiaf_character_custom_flags.txt line: 12215 (asoiaf_custom_character_colourations)

[original line 9897][dnamodifier.cpp:330] could not find template [none]. file: gfx/portraits/portrait_modifiers/asoiaf_character_custom_flags.txt line: 12221 (asoiaf_custom_character_colourations)

[original line 9898][dnamodifier.cpp:330] could not find template [none]. file: gfx/portraits/portrait_modifiers/asoiaf_character_custom_flags.txt line: 12227 (asoiaf_custom_character_colourations)

[original line 9899][dnamodifier.cpp:330] could not find template [none]. file: gfx/portraits/portrait_modifiers/asoiaf_character_custom_flags.txt line: 12233 (asoiaf_custom_character_colourations)

[original line 9900][dnamodifier.cpp:330] could not find template [none]. file: gfx/portraits/portrait_modifiers/asoiaf_character_custom_flags.txt line: 12239 (asoiaf_custom_character_colourations)

[original line 9901][dnamodifier.cpp:330] could not find template [none]. file: gfx/portraits/portrait_modifiers/asoiaf_character_custom_flags.txt line: 12791 (asoiaf_custom_character_colourations)

[original line 9902][dnamodifier.cpp:330] could not find template [none]. file: gfx/portraits/portrait_modifiers/asoiaf_character_custom_flags.txt line: 12797 (asoiaf_custom_character_colourations)

[original line 9903][dnamodifier.cpp:330] could not find template [none]. file: gfx/portraits/portrait_modifiers/asoiaf_character_custom_flags.txt line: 12803 (asoiaf_custom_character_colourations)

[original line 9904][dnamodifier.cpp:330] could not find template [none]. file: gfx/portraits/portrait_modifiers/asoiaf_character_custom_flags.txt line: 12809 (asoiaf_custom_character_colourations)

[original line 9905][dnamodifier.cpp:330] could not find template [none]. file: gfx/portraits/portrait_modifiers/asoiaf_character_custom_flags.txt line: 12815 (asoiaf_custom_character_colourations)

[original line 9906][dnamodifier.cpp:330] could not find template [none]. file: gfx/portraits/portrait_modifiers/asoiaf_character_custom_flags.txt line: 13014 (asoiaf_custom_character_colourations)

[original line 9907][dnamodifier.cpp:330] could not find template [none]. file: gfx/portraits/portrait_modifiers/asoiaf_character_custom_flags.txt line: 13020 (asoiaf_custom_character_colourations)

[original line 9908][dnamodifier.cpp:330] could not find template [none]. file: gfx/portraits/portrait_modifiers/asoiaf_character_custom_flags.txt line: 13026 (asoiaf_custom_character_colourations)

[original line 9909][dnamodifier.cpp:330] could not find template [none]. file: gfx/portraits/portrait_modifiers/asoiaf_character_custom_flags.txt line: 13032 (asoiaf_custom_character_colourations)

[original line 9910][dnamodifier.cpp:330] could not find template [none]. file: gfx/portraits/portrait_modifiers/asoiaf_character_custom_flags.txt line: 13038 (asoiaf_custom_character_colourations)

[original line 9911][dnamodifier.cpp:330] could not find template [none]. file: gfx/portraits/portrait_modifiers/asoiaf_character_custom_flags.txt line: 13609 (asoiaf_custom_character_colourations)

[original line 9912][dnamodifier.cpp:330] could not find template [none]. file: gfx/portraits/portrait_modifiers/asoiaf_character_custom_flags.txt line: 13615 (asoiaf_custom_character_colourations)

[original line 9913][dnamodifier.cpp:330] could not find template [none]. file: gfx/portraits/portrait_modifiers/asoiaf_character_custom_flags.txt line: 13621 (asoiaf_custom_character_colourations)

[original line 9914][dnamodifier.cpp:330] could not find template [none]. file: gfx/portraits/portrait_modifiers/asoiaf_character_custom_flags.txt line: 13627 (asoiaf_custom_character_colourations)

[original line 9915][dnamodifier.cpp:330] could not find template [none]. file: gfx/portraits/portrait_modifiers/asoiaf_character_custom_flags.txt line: 13788 (asoiaf_custom_character_colourations)

[original line 9916][dnamodifier.cpp:330] could not find template [none]. file: gfx/portraits/portrait_modifiers/asoiaf_character_custom_flags.txt line: 13794 (asoiaf_custom_character_colourations)

[original line 9917][dnamodifier.cpp:330] could not find template [none]. file: gfx/portraits/portrait_modifiers/asoiaf_character_custom_flags.txt line: 13800 (asoiaf_custom_character_colourations)

[original line 9918][dnamodifier.cpp:330] could not find template [none]. file: gfx/portraits/portrait_modifiers/asoiaf_character_custom_flags.txt line: 13806 (asoiaf_custom_character_colourations)

[original line 9919][dnamodifier.cpp:330] could not find template [none]. file: gfx/portraits/portrait_modifiers/asoiaf_character_custom_flags.txt line: 13812 (asoiaf_custom_character_colourations)

[original line 9920][dnamodifier.cpp:330] could not find template [none]. file: gfx/portraits/portrait_modifiers/asoiaf_character_custom_flags.txt line: 14180 (asoiaf_custom_character_colourations)

[original line 9921][dnamodifier.cpp:330] could not find template [none]. file: gfx/portraits/portrait_modifiers/asoiaf_character_custom_flags.txt line: 14186 (asoiaf_custom_character_colourations)

[original line 9922][dnamodifier.cpp:330] could not find template [none]. file: gfx/portraits/portrait_modifiers/asoiaf_character_custom_flags.txt line: 14192 (asoiaf_custom_character_colourations)

[original line 9923][dnamodifier.cpp:330] could not find template [none]. file: gfx/portraits/portrait_modifiers/asoiaf_character_custom_flags.txt line: 14198 (asoiaf_custom_character_colourations)

[original line 9924][dnamodifier.cpp:330] could not find template [none]. file: gfx/portraits/portrait_modifiers/asoiaf_character_custom_flags.txt line: 14204 (asoiaf_custom_character_colourations)

[original line 9925][dnamodifier.cpp:330] could not find template [none]. file: gfx/portraits/portrait_modifiers/asoiaf_character_custom_flags.txt line: 14561 (asoiaf_custom_character_colourations)

[original line 9926][dnamodifier.cpp:330] could not find template [none]. file: gfx/portraits/portrait_modifiers/asoiaf_character_custom_flags.txt line: 14567 (asoiaf_custom_character_colourations)

[original line 9927][dnamodifier.cpp:330] could not find template [none]. file: gfx/portraits/portrait_modifiers/asoiaf_character_custom_flags.txt line: 14573 (asoiaf_custom_character_colourations)

[original line 9928][dnamodifier.cpp:330] could not find template [none]. file: gfx/portraits/portrait_modifiers/asoiaf_character_custom_flags.txt line: 14579 (asoiaf_custom_character_colourations)

[original line 9929][dnamodifier.cpp:330] could not find template [none]. file: gfx/portraits/portrait_modifiers/asoiaf_character_custom_flags.txt line: 14585 (asoiaf_custom_character_colourations)

[original line 9930][dnamodifier.cpp:330] could not find template [none]. file: gfx/portraits/portrait_modifiers/asoiaf_character_custom_flags.txt line: 14640 (asoiaf_custom_character_colourations)

[original line 9931][dnamodifier.cpp:330] could not find template [none]. file: gfx/portraits/portrait_modifiers/asoiaf_character_custom_flags.txt line: 14646 (asoiaf_custom_character_colourations)

[original line 9932][dnamodifier.cpp:330] could not find template [none]. file: gfx/portraits/portrait_modifiers/asoiaf_character_custom_flags.txt line: 14652 (asoiaf_custom_character_colourations)

[original line 9933][dnamodifier.cpp:330] could not find template [none]. file: gfx/portraits/portrait_modifiers/asoiaf_character_custom_flags.txt line: 14658 (asoiaf_custom_character_colourations)

[original line 9934][dnamodifier.cpp:330] could not find template [none]. file: gfx/portraits/portrait_modifiers/asoiaf_character_custom_flags.txt line: 14664 (asoiaf_custom_character_colourations)

[original line 9936][dnamodifier.cpp:338] Need a value set. file: gfx/portraits/portrait_modifiers/asoiaf_character_custom_flags.txt line: 17853 (asoiaf_custom_character_clothes)

[original line 9938][dnamodifier.cpp:330] could not find template [asoiaf_fots_religious_clothes]. file: gfx/portraits/portrait_modifiers/asoiaf_character_custom_flags.txt line: 19159 (asoiaf_custom_character_clothes)

[original line 9939][dnamodifier.cpp:469] Failed to find accessory group for asoiaf_fots_religious_clothes, near file: gfx/portraits/portrait_modifiers/asoiaf_character_custom_flags.txt line: 19159 (asoiaf_custom_character_clothes)

[original line 9940][dnamodifier.cpp:481] Can't find accessory 'male_clothes_religious_catholic_high_1' in gene template religious_catholic_high_clothes, near file: gfx/portraits/portrait_modifiers/asoiaf_clothes.txt line: 797 (asoiaf_septon_clothes_modifiers)

[original line 9945][dnamodifier.cpp:481] Can't find accessory 'male_legwear_asoiaf_hound_legs' in gene template asoiaf_all_legwears, near file: gfx/portraits/portrait_modifiers/asoiaf_clothes_armor.txt line: 6706 (asoiaf_clothes_armor)

[original line 9946][dnamodifier.cpp:330] could not find template [dragon_horns_small]. file: gfx/portraits/portrait_modifiers/asoiaf_dragon_appearance_flags.txt line: 98 (asoiaf_dragon_appearances)

[original line 9947][dnamodifier.cpp:330] could not find template [dragon_horns_small]. file: gfx/portraits/portrait_modifiers/asoiaf_dragon_appearance_flags.txt line: 522 (asoiaf_dragon_appearances)

[original line 9948][dnamodifier.cpp:481] Can't find accessory 'male_hair_fp1_09' in gene template agot_all_hairstyles, near file: gfx/portraits/portrait_modifiers/asoiaf_hairs_custom_flags.txt line: 1911 (asoiaf_hairs_custom_appearances)

[original line 9949][dnamodifier.cpp:330] could not find template [head_top_height_neg]. file: gfx/portraits/portrait_modifiers/asoiaf_headgear_armor.txt line: 3409 (asoiaf_headgear_armor)

[original line 9950][dnamodifier.cpp:330] could not find template [head_top_height_neg]. file: gfx/portraits/portrait_modifiers/asoiaf_headgear_armor.txt line: 3548 (asoiaf_headgear_armor)

[original line 9951][dnamodifier.cpp:330] could not find template [head_top_height_neg]. file: gfx/portraits/portrait_modifiers/asoiaf_headgear_armor.txt line: 3679 (asoiaf_headgear_armor)

[original line 9952][dnamodifier.cpp:330] could not find template [head_top_height_neg]. file: gfx/portraits/portrait_modifiers/asoiaf_headgear_armor.txt line: 4026 (asoiaf_headgear_armor)

[original line 9953][dnamodifier.cpp:330] could not find template [head_top_height_neg]. file: gfx/portraits/portrait_modifiers/asoiaf_headgear_armor.txt line: 4144 (asoiaf_headgear_armor)

[original line 9964][dnamodifier.cpp:481] Can't find accessory 'male_legwear_asoiaf_kingsguard_legs_1' in gene template asoiaf_all_legwears, near file: gfx/portraits/portrait_modifiers/asoiaf_legwear_armour.txt line: 9 (asoiaf_legwear)

[original line 9965][dnamodifier.cpp:481] Can't find accessory 'male_legwear_asoiaf_kingsguard_legs_2' in gene template asoiaf_all_legwears, near file: gfx/portraits/portrait_modifiers/asoiaf_legwear_armour.txt line: 40 (asoiaf_legwear)

[original line 9966][dnamodifier.cpp:330] could not find template [high_valyrian_war_legwear]. file: gfx/portraits/portrait_modifiers/asoiaf_legwear_armour.txt line: 91 (asoiaf_legwear)

[original line 9967][dnamodifier.cpp:330] could not find template [stormlands_war_04_legwear]. file: gfx/portraits/portrait_modifiers/asoiaf_legwear_armour.txt line: 114 (asoiaf_legwear)
