[original line 10692][jomini_effect.cpp:1161] Variable 'asoiaf_Stark_8_cc' is used but is never set. Setting it in an unused scripted trigger or effect does not count

[original line 10693][jomini_effect.cpp:1161] Variable 'asoiaf_Stark_84_cc' is used but is never set. Setting it in an unused scripted trigger or effect does not count

[original line 10694][jomini_effect.cpp:1161] Variable 'asoiaf_Stark_96_cc' is used but is never set. Setting it in an unused scripted trigger or effect does not count

[original line 10697][jomini_effect.cpp:1161] Variable 'is_jon_snow' is used but is never set. Setting it in an unused scripted trigger or effect does not count

[original line 10698][jomini_effect.cpp:1161] Variable 'asoiaf_Stark_97_cc' is used but is never set. Setting it in an unused scripted trigger or effect does not count

[original line 10699][jomini_effect.cpp:1161] Variable 'kingsguard_armour' is used but is never set. Setting it in an unused scripted trigger or effect does not count

[original line 10702][jomini_effect.cpp:1161] Variable 'asoiaf_Stark_99_cc' is used but is never set. Setting it in an unused scripted trigger or effect does not count

[original line 10703][jomini_effect.cpp:1161] Variable 'asoiaf_Stark_2_cc' is used but is never set. Setting it in an unused scripted trigger or effect does not count

[original line 10705][jomini_effect.cpp:1161] Variable 'asoiaf_Stark_101_cc' is used but is never set. Setting it in an unused scripted trigger or effect does not count

[original line 10707][jomini_effect.cpp:1161] Variable 'asoiaf_Stark_1_cc' is used but is never set. Setting it in an unused scripted trigger or effect does not count

[original line 10709][jomini_effect.cpp:1161] Variable 'asoiaf_Stark_87_cc' is used but is never set. Setting it in an unused scripted trigger or effect does not count

[original line 10711][jomini_effect.cpp:1161] Variable 'asoiaf_Stark_95_cc' is used but is never set. Setting it in an unused scripted trigger or effect does not count

[original line 10712][jomini_effect.cpp:1161] Variable 'asoiaf_Stark_11_cc' is used but is never set. Setting it in an unused scripted trigger or effect does not count

[original line 10713][jomini_effect.cpp:1161] Variable 'asoiaf_Stark_9_cc' is used but is never set. Setting it in an unused scripted trigger or effect does not count

[original line 10714][jomini_effect.cpp:1161] Variable 'asoiaf_Stark_88_cc' is used but is never set. Setting it in an unused scripted trigger or effect does not count

[original line 10715][jomini_effect.cpp:1161] Variable 'asoiaf_Stark_100_cc' is used but is never set. Setting it in an unused scripted trigger or effect does not count

[original line 10717][jomini_effect.cpp:1161] Variable 'asoiaf_Stark_3_cc' is used but is never set. Setting it in an unused scripted trigger or effect does not count

[original line 10718][jomini_effect.cpp:1161] Variable 'asoiaf_Stark_5_cc' is used but is never set. Setting it in an unused scripted trigger or effect does not count

[original line 10719][jomini_effect.cpp:1161] Variable 'asoiaf_Stark_6_cc' is used but is never set. Setting it in an unused scripted trigger or effect does not count

[original line 10720][jomini_effect.cpp:1161] Variable 'asoiaf_Stark_102_cc' is used but is never set. Setting it in an unused scripted trigger or effect does not count

[original line 10722][jomini_effect.cpp:1161] Variable 'asoiaf_Stark_94_cc' is used but is never set. Setting it in an unused scripted trigger or effect does not count

[original line 10723][jomini_effect.cpp:1161] Variable 'faegon_main_character' is used but is never set. Setting it in an unused scripted trigger or effect does not count

[original line 10724][jomini_effect.cpp:1161] Variable 'asoiaf_Stark_10_cc' is used but is never set. Setting it in an unused scripted trigger or effect does not count

[original line 10725][jomini_effect.cpp:1161] Variable 'asoiaf_Stark_4_cc' is used but is never set. Setting it in an unused scripted trigger or effect does not count

[original line 10728][jomini_effect.cpp:1161] Variable 'asoiaf_Stark_98_cc' is used but is never set. Setting it in an unused scripted trigger or effect does not count

[original line 10729][jomini_effect.cpp:1161] Variable 'asoiaf_Stark_103_cc' is used but is never set. Setting it in an unused scripted trigger or effect does not count

[original line 10733][jomini_effect.cpp:1161] Variable 'asoiaf_Stark_86_cc' is used but is never set. Setting it in an unused scripted trigger or effect does not count

[original line 10734][jomini_effect.cpp:1161] Variable 'asoiaf_Stark_7_cc' is used but is never set. Setting it in an unused scripted trigger or effect does not count

[original line 10778][jomini_effect.cpp:1161] Event target 'asoiaf_targaryen_invasion_claimant' is used but is never set. Setting it in an unused scripted trigger or effect does not count

[original line 10860][jomini_effect.cpp:1161] Variable 'asoiaf_Stark_8_cc' is used but is never set. Setting it in an unused scripted trigger or effect does not count

[original line 10861][jomini_effect.cpp:1161] Variable 'asoiaf_Stark_84_cc' is used but is never set. Setting it in an unused scripted trigger or effect does not count

[original line 10862][jomini_effect.cpp:1161] Variable 'asoiaf_Stark_96_cc' is used but is never set. Setting it in an unused scripted trigger or effect does not count

[original line 10865][jomini_effect.cpp:1161] Variable 'is_jon_snow' is used but is never set. Setting it in an unused scripted trigger or effect does not count

[original line 10866][jomini_effect.cpp:1161] Variable 'asoiaf_Stark_97_cc' is used but is never set. Setting it in an unused scripted trigger or effect does not count

[original line 10867][jomini_effect.cpp:1161] Variable 'kingsguard_armour' is used but is never set. Setting it in an unused scripted trigger or effect does not count

[original line 10870][jomini_effect.cpp:1161] Variable 'asoiaf_Stark_99_cc' is used but is never set. Setting it in an unused scripted trigger or effect does not count

[original line 10871][jomini_effect.cpp:1161] Variable 'asoiaf_Stark_2_cc' is used but is never set. Setting it in an unused scripted trigger or effect does not count

[original line 10873][jomini_effect.cpp:1161] Variable 'asoiaf_Stark_101_cc' is used but is never set. Setting it in an unused scripted trigger or effect does not count

[original line 10875][jomini_effect.cpp:1161] Variable 'asoiaf_Stark_1_cc' is used but is never set. Setting it in an unused scripted trigger or effect does not count

[original line 10877][jomini_effect.cpp:1161] Variable 'asoiaf_Stark_87_cc' is used but is never set. Setting it in an unused scripted trigger or effect does not count

[original line 10879][jomini_effect.cpp:1161] Variable 'asoiaf_Stark_95_cc' is used but is never set. Setting it in an unused scripted trigger or effect does not count

[original line 10880][jomini_effect.cpp:1161] Variable 'asoiaf_Stark_11_cc' is used but is never set. Setting it in an unused scripted trigger or effect does not count

[original line 10881][jomini_effect.cpp:1161] Variable 'asoiaf_Stark_9_cc' is used but is never set. Setting it in an unused scripted trigger or effect does not count

[original line 10882][jomini_effect.cpp:1161] Variable 'asoiaf_Stark_88_cc' is used but is never set. Setting it in an unused scripted trigger or effect does not count

[original line 10883][jomini_effect.cpp:1161] Variable 'asoiaf_Stark_100_cc' is used but is never set. Setting it in an unused scripted trigger or effect does not count

[original line 10885][jomini_effect.cpp:1161] Variable 'asoiaf_Stark_3_cc' is used but is never set. Setting it in an unused scripted trigger or effect does not count

[original line 10886][jomini_effect.cpp:1161] Variable 'asoiaf_Stark_5_cc' is used but is never set. Setting it in an unused scripted trigger or effect does not count

[original line 10887][jomini_effect.cpp:1161] Variable 'asoiaf_Stark_6_cc' is used but is never set. Setting it in an unused scripted trigger or effect does not count

[original line 10888][jomini_effect.cpp:1161] Variable 'asoiaf_Stark_102_cc' is used but is never set. Setting it in an unused scripted trigger or effect does not count

[original line 10890][jomini_effect.cpp:1161] Variable 'asoiaf_Stark_94_cc' is used but is never set. Setting it in an unused scripted trigger or effect does not count

[original line 10891][jomini_effect.cpp:1161] Variable 'faegon_main_character' is used but is never set. Setting it in an unused scripted trigger or effect does not count

[original line 10892][jomini_effect.cpp:1161] Variable 'asoiaf_Stark_10_cc' is used but is never set. Setting it in an unused scripted trigger or effect does not count

[original line 10893][jomini_effect.cpp:1161] Variable 'asoiaf_Stark_4_cc' is used but is never set. Setting it in an unused scripted trigger or effect does not count

[original line 10896][jomini_effect.cpp:1161] Variable 'asoiaf_Stark_98_cc' is used but is never set. Setting it in an unused scripted trigger or effect does not count

[original line 10897][jomini_effect.cpp:1161] Variable 'asoiaf_Stark_103_cc' is used but is never set. Setting it in an unused scripted trigger or effect does not count

[original line 10901][jomini_effect.cpp:1161] Variable 'asoiaf_Stark_86_cc' is used but is never set. Setting it in an unused scripted trigger or effect does not count

[original line 10902][jomini_effect.cpp:1161] Variable 'asoiaf_Stark_7_cc' is used but is never set. Setting it in an unused scripted trigger or effect does not count

[original line 10946][jomini_effect.cpp:1161] Event target 'asoiaf_targaryen_invasion_claimant' is used but is never set. Setting it in an unused scripted trigger or effect does not count
