[06:11:08][dlc_descriptor.cpp:70] [original line 1] Invalid supported_version in file: mod/ugc_2261468688.mod line: 6
[06:12:59][pdxassetutil.cpp:1009] [original line 1192] Duplicate texture 'ethiopian_atlas_diffuse.dds' found (current path 'gfx/models/buildings/special/Karhold/ethiopian_atlas_diffuse.dds', previous path 'gfx/models/buildings/holdings/atlas/ethiopian/ethiopian_atlas_diffuse.dds')
[06:12:59][pdxassetutil.cpp:1009] [original line 1193] Duplicate texture 'ethiopian_atlas_diffuse.dds' found (current path 'gfx/models/buildings/special/Runestone/ethiopian_atlas_diffuse.dds', previous path 'gfx/models/buildings/holdings/atlas/ethiopian/ethiopian_atlas_diffuse.dds')
[06:13:04][pdxassetutil.cpp:1053] [original line 1194] Failed to find texture 'gfx/models/buildings/special/ep3_patras_castle_01_a/ep3_patras_castle_ground_diffuse.dds'
[06:13:04][virtualfilesystem.cpp:456] [original line 1195] Could not find texture due to 'VFSOpen Error: gfx/models/buildings/special/high_hermitage/gfx/models/buildings/special/ep3_patras_castle_01_a/ep3_patras_castle_ground_diffuse.dds not found'
[06:13:04][pdxassetutil.cpp:1053] [original line 1196] Failed to find texture 'gfx/models/buildings/special/ep3_patras_castle_01_a/ep3_patras_castle_ground_properties.dds'
[06:13:04][virtualfilesystem.cpp:456] [original line 1197] Could not find texture due to 'VFSOpen Error: gfx/models/buildings/special/high_hermitage/gfx/models/buildings/special/ep3_patras_castle_01_a/ep3_patras_castle_ground_properties.dds not found'
[06:13:04][pdxassetutil.cpp:1053] [original line 1198] Failed to find texture 'gfx/models/buildings/special/ep3_patras_castle_01_a/ep3_patras_castle_ground_normal.dds'
[06:13:04][virtualfilesystem.cpp:456] [original line 1199] Could not find texture due to 'VFSOpen Error: gfx/models/buildings/special/high_hermitage/gfx/models/buildings/special/ep3_patras_castle_01_a/ep3_patras_castle_ground_normal.dds not found'
[06:13:04][pdxassetutil.cpp:1053] [original line 1200] Failed to find texture 'gfx/models/buildings/special/ep3_patras_castle_01_a/ep3_patras_castle_01_a_unique.dds'
[06:13:04][virtualfilesystem.cpp:456] [original line 1201] Could not find texture due to 'VFSOpen Error: gfx/models/buildings/special/high_hermitage/gfx/models/buildings/special/ep3_patras_castle_01_a/ep3_patras_castle_01_a_unique.dds not found'
[06:13:05][pdxassetutil.cpp:1053] [original line 1202] Failed to find texture 'gfx/models/debug/no_properties.dds'
[06:13:05][virtualfilesystem.cpp:456] [original line 1203] Could not find texture due to 'VFSOpen Error: gfx/models/buildings/special/castamere/gfx/models/debug/no_properties.dds not found'
[06:13:05][pdxassetutil.cpp:1053] [original line 1204] Failed to find texture 'gfx/models/debug/no_normal.dds'
[06:13:05][virtualfilesystem.cpp:456] [original line 1205] Could not find texture due to 'VFSOpen Error: gfx/models/buildings/special/castamere/gfx/models/debug/no_normal.dds not found'
[06:13:05][pdxassetutil.cpp:1053] [original line 1206] Failed to find texture 'gfx/models/debug/no_properties.dds'
[06:13:05][virtualfilesystem.cpp:456] [original line 1207] Could not find texture due to 'VFSOpen Error: gfx/models/buildings/special/castamere/gfx/models/debug/no_properties.dds not found'
[06:13:05][pdxassetutil.cpp:1053] [original line 1208] Failed to find texture 'gfx/models/debug/no_normal.dds'
[06:13:05][virtualfilesystem.cpp:456] [original line 1209] Could not find texture due to 'VFSOpen Error: gfx/models/buildings/special/castamere/gfx/models/debug/no_normal.dds not found'
[06:13:06][pdxassetutil.cpp:1053] [original line 1210] Failed to find texture 'gfx/models/buildings/holdings/atlas/ethiopian/ethiopian_atlas_properties.dds'
[06:13:06][virtualfilesystem.cpp:456] [original line 1211] Could not find texture due to 'VFSOpen Error: gfx/models/buildings/special/Karhold/gfx/models/buildings/holdings/atlas/ethiopian/ethiopian_atlas_properties.dds not found'
[06:13:06][pdxassetutil.cpp:1053] [original line 1212] Failed to find texture 'gfx/models/buildings/holdings/atlas/ethiopian/ethiopian_atlas_normal.dds'
[06:13:06][virtualfilesystem.cpp:456] [original line 1213] Could not find texture due to 'VFSOpen Error: gfx/models/buildings/special/Karhold/gfx/models/buildings/holdings/atlas/ethiopian/ethiopian_atlas_normal.dds not found'
[06:13:07][pdxassetutil.cpp:1053] [original line 1214] Failed to find texture 'gfx/models/debug/no_properties.dds'
[06:13:07][virtualfilesystem.cpp:456] [original line 1215] Could not find texture due to 'VFSOpen Error: gfx/models/buildings/special/castamere/gfx/models/debug/no_properties.dds not found'
[06:13:07][pdxassetutil.cpp:1053] [original line 1216] Failed to find texture 'gfx/models/debug/no_normal.dds'
[06:13:07][virtualfilesystem.cpp:456] [original line 1217] Could not find texture due to 'VFSOpen Error: gfx/models/buildings/special/castamere/gfx/models/debug/no_normal.dds not found'
[06:13:07][pdxassetutil.cpp:1053] [original line 1218] Failed to find texture 'gfx/models/debug/no_properties.dds'
[06:13:07][virtualfilesystem.cpp:456] [original line 1219] Could not find texture due to 'VFSOpen Error: gfx/models/buildings/special/castamere/gfx/models/debug/no_properties.dds not found'
[06:13:07][pdxassetutil.cpp:1053] [original line 1220] Failed to find texture 'gfx/models/debug/no_normal.dds'
[06:13:07][virtualfilesystem.cpp:456] [original line 1221] Could not find texture due to 'VFSOpen Error: gfx/models/buildings/special/castamere/gfx/models/debug/no_normal.dds not found'
[06:13:09][pdxassetutil.cpp:1053] [original line 1222] Failed to find texture 'gfx/models/debug/no_properties.dds'
[06:13:09][virtualfilesystem.cpp:456] [original line 1223] Could not find texture due to 'VFSOpen Error: gfx/models/buildings/special/castamere/gfx/models/debug/no_properties.dds not found'
[06:13:09][pdxassetutil.cpp:1053] [original line 1224] Failed to find texture 'gfx/models/debug/no_normal.dds'
[06:13:09][virtualfilesystem.cpp:456] [original line 1225] Could not find texture due to 'VFSOpen Error: gfx/models/buildings/special/castamere/gfx/models/debug/no_normal.dds not found'
[06:13:09][pdxassetutil.cpp:1053] [original line 1226] Failed to find texture 'gfx/models/debug/no_properties.dds'
[06:13:09][virtualfilesystem.cpp:456] [original line 1227] Could not find texture due to 'VFSOpen Error: gfx/models/buildings/special/castamere/gfx/models/debug/no_properties.dds not found'
[06:13:09][pdxassetutil.cpp:1053] [original line 1228] Failed to find texture 'gfx/models/debug/no_normal.dds'
[06:13:09][virtualfilesystem.cpp:456] [original line 1229] Could not find texture due to 'VFSOpen Error: gfx/models/buildings/special/castamere/gfx/models/debug/no_normal.dds not found'
[06:13:09][pdxassetutil.cpp:1053] [original line 1230] Failed to find texture 'gfx/models/debug/no_properties.dds'
[06:13:09][virtualfilesystem.cpp:456] [original line 1231] Could not find texture due to 'VFSOpen Error: gfx/models/buildings/special/castamere/gfx/models/debug/no_properties.dds not found'
[06:13:09][pdxassetutil.cpp:1053] [original line 1232] Failed to find texture 'gfx/models/debug/no_normal.dds'
[06:13:09][virtualfilesystem.cpp:456] [original line 1233] Could not find texture due to 'VFSOpen Error: gfx/models/buildings/special/castamere/gfx/models/debug/no_normal.dds not found'
[06:13:43][decision_type.cpp:224] [original line 1234] show_notifications_decision has 'ai_check_interval'/'ai_check_interval_by_tier' that's negative or unset. Setting to 0 instead
[06:13:47][pdx_persistent_reader.cpp:216] [original line 1235] Error: "Unexpected token: confucian_education_xp_gain_mult, near line: 4047" in file: "common/modifiers/DI_modifiers.txt" near line: 4047
[06:13:50][jomini_eventtarget.cpp:692] [original line 1236] Failed to find a valid event target link 'house_Blackfyre' at file: common/scripted_triggers/tgc_loaded_trigger.txt line: 127 (tgc_blackfyre_equipment_trigger)
[06:13:50][portraitaccessories.cpp:159] [original line 1237] accessory group [clothes:brightboar_swordsman_armour] has an invalid accessory "male_clothes_secular_brightboar_swordsman"
[06:13:50][portraitaccessories.cpp:159] [original line 1238] accessory group [clothes:brightboar_swordsman_armour] has an invalid accessory "female_clothes_secular_brightboar_swordsman"
[06:13:50][portraitaccessories.cpp:159] [original line 1239] accessory group [clothes:brightboar_swordsman_armour] has an invalid accessory "male_clothes_secular_brightboar_swordsman"
[06:13:50][portraitaccessories.cpp:159] [original line 1240] accessory group [clothes:brightboar_swordsman_armour] has an invalid accessory "female_clothes_secular_brightboar_swordsman"
[06:13:50][portraitaccessories.cpp:159] [original line 1241] accessory group [clothes:golden_company_armor_blackfyre] has an invalid accessory "male_clothes_captainsArmor_blackfyreAlt_01"
[06:13:50][portraitaccessories.cpp:159] [original line 1242] accessory group [clothes:golden_company_armor_blackfyre] has an invalid accessory "male_clothes_captainsArmorMetal_blackfyreAlt_01"
[06:13:50][portraitaccessories.cpp:159] [original line 1243] accessory group [clothes:golden_company_armor_blackfyre] has an invalid accessory "male_clothes_ornateVest_blackfyreAlt_01"
[06:13:50][portraitaccessories.cpp:159] [original line 1244] accessory group [clothes:golden_company_armor_blackfyre] has an invalid accessory "male_clothes_standardVest_blackfyreAlt_01"
[06:13:50][portraitaccessories.cpp:159] [original line 1245] accessory group [clothes:golden_company_armor_blackfyre] has an invalid accessory "male_clothes_platedVest_blackfyreAlt_01"
[06:13:50][portraitaccessories.cpp:159] [original line 1246] accessory group [clothes:golden_company_armor_blackfyre] has an invalid accessory "male_clothes_captainsArmor_blackfyreAlt_01"
[06:13:50][portraitaccessories.cpp:159] [original line 1247] accessory group [clothes:golden_company_armor_blackfyre] has an invalid accessory "male_clothes_captainsArmorMetal_blackfyreAlt_01"
[06:13:50][portraitaccessories.cpp:159] [original line 1248] accessory group [clothes:golden_company_armor_blackfyre] has an invalid accessory "male_clothes_ornateVest_blackfyreAlt_01"
[06:13:50][portraitaccessories.cpp:159] [original line 1249] accessory group [clothes:golden_company_armor_blackfyre] has an invalid accessory "male_clothes_standardVest_blackfyreAlt_01"
[06:13:50][portraitaccessories.cpp:159] [original line 1250] accessory group [clothes:golden_company_armor_blackfyre] has an invalid accessory "male_clothes_platedVest_blackfyreAlt_01"
[06:13:50][portraitaccessories.cpp:159] [original line 1251] accessory group [headgear:tgc_helmets] has an invalid accessory "male_headgear_tgc_helm_blackfyre_01"
[06:13:50][portraitaccessories.cpp:159] [original line 1252] accessory group [headgear:tgc_helmets] has an invalid accessory "male_headgear_tgc_helm_blackfyreAlt_01"
[06:13:50][portraitaccessories.cpp:159] [original line 1253] accessory group [headgear:tgc_helmets] has an invalid accessory "male_headgear_tgc_helm_blackfyre_02"
[06:13:50][portraitaccessories.cpp:159] [original line 1254] accessory group [headgear:tgc_helmets] has an invalid accessory "male_headgear_tgc_helm_blackfyreAlt_02"
[06:13:50][portraitaccessories.cpp:159] [original line 1255] accessory group [headgear:tgc_helmets] has an invalid accessory "male_headgear_tgc_helm_blackfyre_03"
[06:13:50][portraitaccessories.cpp:159] [original line 1256] accessory group [headgear:tgc_helmets] has an invalid accessory "male_headgear_tgc_helm_blackfyreAlt_03"
[06:13:50][portraitaccessories.cpp:159] [original line 1257] accessory group [headgear:tgc_helmets] has an invalid accessory "male_headgear_tgc_helm_blackfyre_01"
[06:13:50][portraitaccessories.cpp:159] [original line 1258] accessory group [headgear:tgc_helmets] has an invalid accessory "male_headgear_tgc_helm_blackfyreAlt_01"
[06:13:50][portraitaccessories.cpp:159] [original line 1259] accessory group [headgear:tgc_helmets] has an invalid accessory "male_headgear_tgc_helm_blackfyre_02"
[06:13:50][portraitaccessories.cpp:159] [original line 1260] accessory group [headgear:tgc_helmets] has an invalid accessory "male_headgear_tgc_helm_blackfyreAlt_02"
[06:13:50][portraitaccessories.cpp:159] [original line 1261] accessory group [headgear:tgc_helmets] has an invalid accessory "male_headgear_tgc_helm_blackfyre_03"
[06:13:50][portraitaccessories.cpp:159] [original line 1262] accessory group [headgear:tgc_helmets] has an invalid accessory "male_headgear_tgc_helm_blackfyreAlt_03"
[06:13:50][portraitaccessories.cpp:159] [original line 1263] accessory group [legwear:tgc_pants_blackfyre] has an invalid accessory "male_legwear_captainsPants_blackfyreAlt_01"
[06:13:50][portraitaccessories.cpp:159] [original line 1264] accessory group [legwear:tgc_pants_blackfyre] has an invalid accessory "male_legwear_standardPants_blackfyreAlt_01"
[06:13:50][portraitaccessories.cpp:159] [original line 1265] accessory group [legwear:tgc_pants_blackfyre] has an invalid accessory "male_legwear_twoSwordsPants_blackfyreAlt_01"
[06:13:50][portraitaccessories.cpp:159] [original line 1266] accessory group [legwear:tgc_pants_blackfyre] has an invalid accessory "male_legwear_captainsPants_blackfyreAlt_01"
[06:13:50][portraitaccessories.cpp:159] [original line 1267] accessory group [legwear:tgc_pants_blackfyre] has an invalid accessory "male_legwear_standardPants_blackfyreAlt_01"
[06:13:50][portraitaccessories.cpp:159] [original line 1268] accessory group [legwear:tgc_pants_blackfyre] has an invalid accessory "male_legwear_twoSwordsPants_blackfyreAlt_01"
[06:13:50][pdx_persistent_reader.cpp:216] [original line 1269] Error: "Failed to read key reference: 1453_end_date: 1453_end_date, near line: 3
Failed to read key reference: rhomaion_name_of_byzantium: rhomaion_name_of_byzantium, near line: 3
Failed to read key reference: default_mongol_invasion: default_mongol_invasion, near line: 3
Failed to read key reference: random_ruler_placement_off: random_ruler_placement_off, near line: 3
Failed to read key reference: launch_historical: launch_historical, near line: 3
Failed to read key reference: fp1_scandi_adventurers_apocalyptic: fp1_scandi_adventurers_apocalyptic, near line: 3
Failed to read key reference: dissolution_after_caliph_death: dissolution_after_caliph_death, near line: 3
Failed to read key reference: default_seljuk_invasion: default_seljuk_invasion, near line: 3
Failed to read key reference: situation_the_great_steppe_toggle_on: situation_the_great_steppe_toggle_on, near line: 3
Failed to read key reference: struggle_iberia_toggle_on: struggle_iberia_toggle_on, near line: 3
Failed to read key reference: struggle_persia_toggle_on: struggle_persia_toggle_on, near line: 3
Failed to read key reference: historicity_ruler_of_munster_historical_toirdelbach: historicity_ruler_of_munster_historical_toirdelbach, near line: 3
Failed to read key reference: historicity_norman_conquest_default_random: historicity_norman_conquest_default_random, near line: 3
Failed to read key reference: tibet_nomad_region_on: tibet_nomad_region_on, near line: 3
Failed to read key reference: sami_nomad_region_on: sami_nomad_region_on, near line: 3
Failed to read key reference: arabia_nomad_region_on: arabia_nomad_region_on, near line: 3
Failed to read key reference: sahel_nomad_region_on: sahel_nomad_region_on, near line: 3
Failed to read key reference: horn_of_africa_nomad_region_on: horn_of_africa_nomad_region_on, near line: 3
Failed to read key reference: historicity_extra_admin_egypt_gameplay_not_administrative: historicity_extra_admin_egypt_gameplay_not_administrative, near line: 3
Failed to read key reference: historicity_extra_admin_arabia_gameplay_not_administrative: historicity_extra_admin_arabia_gameplay_not_administrative, near line: 3
Failed to read key reference: historicity_extra_admin_ghana_gameplay_not_administrative: historicity_extra_admin_ghana_gameplay_not_administrative, near line: 3
Failed to read key reference: historicity_extra_admin_kabulistan_gameplay_not_administrative: historicity_extra_admin_kabulistan_gameplay_not_administrative, near line: 3
Failed to read key reference: historicity_extra_admin_persia_gameplay_not_administrative: historicity_extra_admin_persia_gameplay_not_administrative, near line: 3
Failed to read key reference: historicity_extra_admin_maghreb_gameplay_not_administrative: historicity_extra_admin_maghreb_gameplay_not_administrative, near line: 3
Failed to read key reference: historicity_extra_admin_tamilakam_gameplay_not_administrative: historicity_extra_admin_tamilakam_gameplay_not_administrative, near line: 3
Failed to read key reference: historicity_extra_admin_carolingians_gameplay_not_administrative: historicity_extra_admin_carolingians_gameplay_not_administrative, near line: 3
Failed to read key reference: historicity_extra_admin_player_wherever_gameplay_not_administrative: historicity_extra_admin_player_wherever_gameplay_not_administrative, near line: 3
Failed to read key reference: historicity_frankokratia_fourth_crusade: historicity_frankokratia_fourth_crusade, near line: 3
Failed to read key reference: silk_road_starting_innovations_preset: silk_road_starting_innovations_preset, near line: 3
Failed to read key reference: ACR_RE_tradition_slots_plus_95: ACR_RE_tradition_slots_plus_95, near line: 3
Failed to read key reference: ACR_RE_tradition_cost_free: ACR_RE_tradition_cost_free, near line: 3
Failed to read key reference: ACR_RE_tradition_cooldown_none: ACR_RE_tradition_cooldown_none, near line: 3
Failed to read key reference: ACR_RE_truce_duration_5: ACR_RE_truce_duration_5, near line: 3
Failed to read key reference: ACR_RE_truce_scope_player_primary: ACR_RE_truce_scope_player_primary, near line: 3
Failed to read key reference: ACR_RE_council_task_speed_1_month: ACR_RE_council_task_speed_1_month, near line: 3
Failed to read key reference: HM_RE_rule_player_free_functions_enabled: HM_RE_rule_player_free_functions_enabled, near line: 3
Failed to read key reference: HM_RE_rule_change_holding_type_cost_very_cheap: HM_RE_rule_change_holding_type_cost_very_cheap, near line: 3
Failed to read key reference: HM_RE_rule_change_holding_type_cooldown_very_short: HM_RE_rule_change_holding_type_cooldown_very_short, near line: 3
Failed to read key reference: HM_RE_rule_can_replace_buildings_vassals: HM_RE_rule_can_replace_buildings_vassals, near line: 3
Failed to read key reference: HM_RE_rule_can_feudalize_holdings_vassals: HM_RE_rule_can_feudalize_holdings_vassals, near line: 3
Failed to read key reference: HM_RE_value_construct_buildings_gold_cost_cap_very_cheap: HM_RE_value_construct_buildings_gold_cost_cap_very_cheap, near line: 3
Failed to read key reference: HM_RE_rule_player_extra_slots_enabled: HM_RE_rule_player_extra_slots_enabled, near line: 3
Failed to read key reference: HM_RE_rule_player_slot_base_cost_very_cheap: HM_RE_rule_player_slot_base_cost_very_cheap, near line: 3
Failed to read key reference: HM_RE_rule_player_slot_step_cost_very_cheap: HM_RE_rule_player_slot_step_cost_very_cheap, near line: 3
Failed to read key reference: HM_RE_rule_construction_time_cost_free: HM_RE_rule_construction_time_cost_free, near line: 3
Failed to read key reference: HM_RE_build_all_button_on: HM_RE_build_all_button_on, near line: 3
Failed to read key reference: HM_RE_upgrade_all_button_on: HM_RE_upgrade_all_button_on, near line: 3
Failed to read key reference: HM_RE_make_nomad_button_on: HM_RE_make_nomad_button_on, near line: 3
Failed to read key reference: HM_RE_make_temple_citadel_button_on: HM_RE_make_temple_citadel_button_on, near line: 3
Failed to read key reference: HM_RE_player_add_slots_decision_on: HM_RE_player_add_slots_decision_on, near line: 3
Failed to read key reference: HM_RE_player_add_slots_decision_base_cost_very_cheap: HM_RE_player_add_slots_decision_base_cost_very_cheap, near line: 3
Failed to read key reference: HM_RE_player_cost_gold: HM_RE_player_cost_gold, near line: 3
Failed to read key reference: HM_RE_rule_ai_extra_slots_disabled: HM_RE_rule_ai_extra_slots_disabled, near line: 3
Failed to read key reference: HM_RE_rule_ai_slot_base_cost_very_expensive: HM_RE_rule_ai_slot_base_cost_very_expensive, near line: 3
Failed to read key reference: HM_RE_rule_ai_slot_step_cost_very_expensive: HM_RE_rule_ai_slot_step_cost_very_expensive, near line: 3" in file: "" near line: 3
[06:13:50][pdx_persistent_reader.cpp:216] [original line 1324] Error: "Failed to read key reference: 1453_end_date: 1453_end_date, near line: 8
Failed to read key reference: rhomaion_name_of_byzantium: rhomaion_name_of_byzantium, near line: 8
Failed to read key reference: default_mongol_invasion: default_mongol_invasion, near line: 8
Failed to read key reference: random_ruler_placement_off: random_ruler_placement_off, near line: 8
Failed to read key reference: launch_historical: launch_historical, near line: 8
Failed to read key reference: fp1_scandi_adventurers_apocalyptic: fp1_scandi_adventurers_apocalyptic, near line: 8
Failed to read key reference: dissolution_after_caliph_death: dissolution_after_caliph_death, near line: 8
Failed to read key reference: default_seljuk_invasion: default_seljuk_invasion, near line: 8
Failed to read key reference: situation_the_great_steppe_toggle_on: situation_the_great_steppe_toggle_on, near line: 8
Failed to read key reference: struggle_iberia_toggle_on: struggle_iberia_toggle_on, near line: 8
Failed to read key reference: struggle_persia_toggle_on: struggle_persia_toggle_on, near line: 8
Failed to read key reference: historicity_ruler_of_munster_historical_toirdelbach: historicity_ruler_of_munster_historical_toirdelbach, near line: 8
Failed to read key reference: historicity_norman_conquest_default_random: historicity_norman_conquest_default_random, near line: 8
Failed to read key reference: tibet_nomad_region_on: tibet_nomad_region_on, near line: 8
Failed to read key reference: sami_nomad_region_on: sami_nomad_region_on, near line: 8
Failed to read key reference: arabia_nomad_region_on: arabia_nomad_region_on, near line: 8
Failed to read key reference: sahel_nomad_region_on: sahel_nomad_region_on, near line: 8
Failed to read key reference: horn_of_africa_nomad_region_on: horn_of_africa_nomad_region_on, near line: 8
Failed to read key reference: historicity_extra_admin_egypt_gameplay_not_administrative: historicity_extra_admin_egypt_gameplay_not_administrative, near line: 8
Failed to read key reference: historicity_extra_admin_arabia_gameplay_not_administrative: historicity_extra_admin_arabia_gameplay_not_administrative, near line: 8
Failed to read key reference: historicity_extra_admin_ghana_gameplay_not_administrative: historicity_extra_admin_ghana_gameplay_not_administrative, near line: 8
Failed to read key reference: historicity_extra_admin_kabulistan_gameplay_not_administrative: historicity_extra_admin_kabulistan_gameplay_not_administrative, near line: 8
Failed to read key reference: historicity_extra_admin_persia_gameplay_not_administrative: historicity_extra_admin_persia_gameplay_not_administrative, near line: 8
Failed to read key reference: historicity_extra_admin_maghreb_gameplay_not_administrative: historicity_extra_admin_maghreb_gameplay_not_administrative, near line: 8
Failed to read key reference: historicity_extra_admin_tamilakam_gameplay_not_administrative: historicity_extra_admin_tamilakam_gameplay_not_administrative, near line: 8
Failed to read key reference: historicity_extra_admin_carolingians_gameplay_not_administrative: historicity_extra_admin_carolingians_gameplay_not_administrative, near line: 8
Failed to read key reference: historicity_extra_admin_player_wherever_gameplay_not_administrative: historicity_extra_admin_player_wherever_gameplay_not_administrative, near line: 8
Failed to read key reference: historicity_frankokratia_fourth_crusade: historicity_frankokratia_fourth_crusade, near line: 8
Failed to read key reference: silk_road_starting_innovations_preset: silk_road_starting_innovations_preset, near line: 8
Failed to read key reference: ACR_RE_tradition_slots_plus_95: ACR_RE_tradition_slots_plus_95, near line: 8
Failed to read key reference: ACR_RE_tradition_cost_free: ACR_RE_tradition_cost_free, near line: 8
Failed to read key reference: ACR_RE_tradition_cooldown_none: ACR_RE_tradition_cooldown_none, near line: 8
Failed to read key reference: ACR_RE_truce_duration_5: ACR_RE_truce_duration_5, near line: 8
Failed to read key reference: ACR_RE_truce_scope_player_primary: ACR_RE_truce_scope_player_primary, near line: 8
Failed to read key reference: ACR_RE_council_task_speed_1_month: ACR_RE_council_task_speed_1_month, near line: 8
Failed to read key reference: HM_RE_rule_player_free_functions_enabled: HM_RE_rule_player_free_functions_enabled, near line: 8
Failed to read key reference: HM_RE_rule_change_holding_type_cost_very_cheap: HM_RE_rule_change_holding_type_cost_very_cheap, near line: 8
Failed to read key reference: HM_RE_rule_change_holding_type_cooldown_very_short: HM_RE_rule_change_holding_type_cooldown_very_short, near line: 8
Failed to read key reference: HM_RE_rule_can_replace_buildings_vassals: HM_RE_rule_can_replace_buildings_vassals, near line: 8
Failed to read key reference: HM_RE_rule_can_feudalize_holdings_vassals: HM_RE_rule_can_feudalize_holdings_vassals, near line: 8
Failed to read key reference: HM_RE_value_construct_buildings_gold_cost_cap_very_cheap: HM_RE_value_construct_buildings_gold_cost_cap_very_cheap, near line: 8
Failed to read key reference: HM_RE_rule_player_extra_slots_enabled: HM_RE_rule_player_extra_slots_enabled, near line: 8
Failed to read key reference: HM_RE_rule_player_slot_base_cost_very_cheap: HM_RE_rule_player_slot_base_cost_very_cheap, near line: 8
Failed to read key reference: HM_RE_rule_player_slot_step_cost_very_cheap: HM_RE_rule_player_slot_step_cost_very_cheap, near line: 8
Failed to read key reference: HM_RE_rule_construction_time_cost_free: HM_RE_rule_construction_time_cost_free, near line: 8
Failed to read key reference: HM_RE_build_all_button_on: HM_RE_build_all_button_on, near line: 8
Failed to read key reference: HM_RE_upgrade_all_button_on: HM_RE_upgrade_all_button_on, near line: 8
Failed to read key reference: HM_RE_make_nomad_button_on: HM_RE_make_nomad_button_on, near line: 8
Failed to read key reference: HM_RE_make_temple_citadel_button_on: HM_RE_make_temple_citadel_button_on, near line: 8
Failed to read key reference: HM_RE_player_add_slots_decision_on: HM_RE_player_add_slots_decision_on, near line: 8
Failed to read key reference: HM_RE_player_add_slots_decision_base_cost_very_cheap: HM_RE_player_add_slots_decision_base_cost_very_cheap, near line: 8
Failed to read key reference: HM_RE_player_cost_gold: HM_RE_player_cost_gold, near line: 8
Failed to read key reference: HM_RE_rule_ai_extra_slots_disabled: HM_RE_rule_ai_extra_slots_disabled, near line: 8
Failed to read key reference: HM_RE_rule_ai_slot_base_cost_very_expensive: HM_RE_rule_ai_slot_base_cost_very_expensive, near line: 8
Failed to read key reference: HM_RE_rule_ai_slot_step_cost_very_expensive: HM_RE_rule_ai_slot_step_cost_very_expensive, near line: 8" in file: "" near line: 8
[06:13:52][title_links.cpp:214] [original line 1379] Failed to fetch a valid landed title 'e_hre' at location 'file: common/scripted_guis/DI_char_editor_present_sgui.txt line: 1589 (DI_ce_female_dominated:effect)'
[06:13:52][title_links.cpp:214] [original line 1380] Failed to fetch a valid landed title 'e_hre' at location 'file: common/character_interactions/DI_character_interaction.txt line: 4622 (DI_change_succession:on_accept)'
[06:13:52][title_links.cpp:214] [original line 1381] Failed to fetch a valid landed title 'e_hre' at location 'file: common/character_interactions/DI_character_interaction.txt line: 4624 (DI_change_succession:on_accept)'
[06:13:52][title_links.cpp:214] [original line 1382] Failed to fetch a valid landed title 'e_hre' at location 'file: common/character_interactions/DI_character_interaction.txt line: 4637 (DI_change_succession:on_accept)'
[06:13:52][title_links.cpp:214] [original line 1383] Failed to fetch a valid landed title 'e_hre' at location 'file: common/character_interactions/DI_character_interaction.txt line: 4639 (DI_change_succession:on_accept)'
[06:13:52][jomini_eventtarget.h:291] [original line 1384] Failed to find 'varangian' from database for link 'trait' at file: common/scripted_effects/DI_char_spawner_effects.txt line: 1232 (DI_akolouthos_traits_effect)
[06:13:52][jomini_script_system.cpp:303] [original line 1385] Script system error!
  Error: add_innovation effect [ target: Not found in database class CCultureInnovationTypeDatabase ]
  Script location: file: common/character_interactions/DI_character_interaction.txt line: 4616 (DI_change_succession:on_accept)
[06:13:52][jomini_effect.cpp:139] [original line 1389] PostValidate of effect 'add_innovation' returned false at file: common/character_interactions/DI_character_interaction.txt line: 4616 (DI_change_succession:on_accept)
[06:13:52][jomini_script_system.cpp:303] [original line 1390] Script system error!
  Error: add_innovation effect [ target: Not found in database class CCultureInnovationTypeDatabase ]
  Script location: file: common/character_interactions/DI_character_interaction.txt line: 4631 (DI_change_succession:on_accept)
[06:13:52][jomini_effect.cpp:139] [original line 1394] PostValidate of effect 'add_innovation' returned false at file: common/character_interactions/DI_character_interaction.txt line: 4631 (DI_change_succession:on_accept)
[06:13:52][jomini_script_system.cpp:303] [original line 1395] Script system error!
  Error: has_game_rule trigger [ Invalid database object 'show_armor_enabled' ]
  Script location: file: gfx/portraits/portrait_modifiers/01_cloaks_base.txt line: 1333 (cloaks:weight)
[06:13:52][jomini_trigger.cpp:243] [original line 1399] PostValidate of trigger 'has_game_rule' returned false at file: gfx/portraits/portrait_modifiers/01_cloaks_base.txt line: 1333 (cloaks:weight)
[06:13:52][jomini_script_system.cpp:303] [original line 1400] Script system error!
  Error: has_game_rule trigger [ Invalid database object 'show_armor_enabled' ]
  Script location: file: gfx/portraits/portrait_modifiers/01_cloaks_base.txt line: 1338 (cloaks:weight)
[06:13:52][jomini_trigger.cpp:243] [original line 1404] PostValidate of trigger 'has_game_rule' returned false at file: gfx/portraits/portrait_modifiers/01_cloaks_base.txt line: 1338 (cloaks:weight)
[06:13:52][jomini_script_system.cpp:303] [original line 1405] Script system error!
  Error: has_game_rule trigger [ Invalid database object 'show_armor_enabled' ]
  Script location: file: gfx/portraits/portrait_modifiers/01_cloaks_base.txt line: 1642 (cloaks:weight)
[06:13:52][jomini_trigger.cpp:243] [original line 1409] PostValidate of trigger 'has_game_rule' returned false at file: gfx/portraits/portrait_modifiers/01_cloaks_base.txt line: 1642 (cloaks:weight)
[06:13:52][jomini_script_system.cpp:303] [original line 1410] Script system error!
  Error: has_game_rule trigger [ Invalid database object 'show_armor_enabled' ]
  Script location: file: gfx/portraits/portrait_modifiers/01_cloaks_base.txt line: 1684 (cloaks:weight)
[06:13:52][jomini_trigger.cpp:243] [original line 1414] PostValidate of trigger 'has_game_rule' returned false at file: gfx/portraits/portrait_modifiers/01_cloaks_base.txt line: 1684 (cloaks:weight)
[06:13:52][jomini_script_system.cpp:303] [original line 1415] Script system error!
  Error: has_game_rule trigger [ Invalid database object 'show_armor_enabled' ]
  Script location: file: gfx/portraits/portrait_modifiers/01_legwear_base.txt line: 871 (legwear:weight)
[06:13:52][jomini_trigger.cpp:243] [original line 1419] PostValidate of trigger 'has_game_rule' returned false at file: gfx/portraits/portrait_modifiers/01_legwear_base.txt line: 871 (legwear:weight)
[06:13:52][jomini_script_system.cpp:303] [original line 1420] Script system error!
  Error: has_game_rule trigger [ Invalid database object 'show_armor_enabled' ]
  Script location: file: gfx/portraits/portrait_modifiers/01_legwear_base.txt line: 898 (legwear:weight)
[06:13:52][jomini_trigger.cpp:243] [original line 1424] PostValidate of trigger 'has_game_rule' returned false at file: gfx/portraits/portrait_modifiers/01_legwear_base.txt line: 898 (legwear:weight)
[06:13:52][jomini_script_system.cpp:303] [original line 1425] Script system error!
  Error: has_game_rule trigger [ Invalid database object 'show_armor_enabled' ]
  Script location: file: gfx/portraits/portrait_modifiers/01_legwear_base.txt line: 937 (legwear:weight)
[06:13:52][jomini_trigger.cpp:243] [original line 1429] PostValidate of trigger 'has_game_rule' returned false at file: gfx/portraits/portrait_modifiers/01_legwear_base.txt line: 937 (legwear:weight)
[06:13:52][jomini_script_system.cpp:303] [original line 1430] Script system error!
  Error: has_game_rule trigger [ Invalid database object 'show_armor_enabled' ]
  Script location: file: gfx/portraits/portrait_modifiers/05_clothes_situational.txt line: 616 (clothes_situational:weight)
[06:13:52][jomini_trigger.cpp:243] [original line 1434] PostValidate of trigger 'has_game_rule' returned false at file: gfx/portraits/portrait_modifiers/05_clothes_situational.txt line: 616 (clothes_situational:weight)
[06:13:52][jomini_script_system.cpp:303] [original line 1435] Script system error!
  Error: has_game_rule trigger [ Invalid database object 'show_armor_enabled' ]
  Script location: file: gfx/portraits/portrait_modifiers/05_clothes_situational.txt line: 1062 (clothes_situational:weight)
[06:13:52][jomini_trigger.cpp:243] [original line 1439] PostValidate of trigger 'has_game_rule' returned false at file: gfx/portraits/portrait_modifiers/05_clothes_situational.txt line: 1062 (clothes_situational:weight)
[06:13:52][jomini_script_system.cpp:303] [original line 1440] Script system error!
  Error: has_game_rule trigger [ Invalid database object 'show_armor_enabled' ]
  Script location: file: gfx/portraits/portrait_modifiers/05_clothes_situational.txt line: 1109 (clothes_situational:weight)
[06:13:52][jomini_trigger.cpp:243] [original line 1444] PostValidate of trigger 'has_game_rule' returned false at file: gfx/portraits/portrait_modifiers/05_clothes_situational.txt line: 1109 (clothes_situational:weight)
[06:13:52][jomini_script_system.cpp:303] [original line 1445] Script system error!
  Error: has_game_rule trigger [ Invalid database object 'show_armor_enabled' ]
  Script location: file: gfx/portraits/portrait_modifiers/05_clothes_situational.txt line: 1158 (clothes_situational:weight)
[06:13:52][jomini_trigger.cpp:243] [original line 1449] PostValidate of trigger 'has_game_rule' returned false at file: gfx/portraits/portrait_modifiers/05_clothes_situational.txt line: 1158 (clothes_situational:weight)
[06:13:52][jomini_script_system.cpp:303] [original line 1450] Script system error!
  Error: has_game_rule trigger [ Invalid database object 'show_armor_enabled' ]
  Script location: file: gfx/portraits/portrait_modifiers/05_clothes_situational.txt line: 1202 (clothes_situational:weight)
[06:13:52][jomini_trigger.cpp:243] [original line 1454] PostValidate of trigger 'has_game_rule' returned false at file: gfx/portraits/portrait_modifiers/05_clothes_situational.txt line: 1202 (clothes_situational:weight)
[06:13:52][jomini_script_system.cpp:303] [original line 1455] Script system error!
  Error: has_game_rule trigger [ Invalid database object 'show_armor_enabled' ]
  Script location: file: gfx/portraits/portrait_modifiers/05_clothes_situational.txt line: 1248 (clothes_situational:weight)
[06:13:52][jomini_trigger.cpp:243] [original line 1459] PostValidate of trigger 'has_game_rule' returned false at file: gfx/portraits/portrait_modifiers/05_clothes_situational.txt line: 1248 (clothes_situational:weight)
[06:13:52][jomini_script_system.cpp:303] [original line 1460] Script system error!
  Error: has_game_rule trigger [ Invalid database object 'show_armor_enabled' ]
  Script location: file: gfx/portraits/portrait_modifiers/05_clothes_situational.txt line: 1292 (clothes_situational:weight)
[06:13:52][jomini_trigger.cpp:243] [original line 1464] PostValidate of trigger 'has_game_rule' returned false at file: gfx/portraits/portrait_modifiers/05_clothes_situational.txt line: 1292 (clothes_situational:weight)
[06:13:52][jomini_script_system.cpp:303] [original line 1465] Script system error!
  Error: has_game_rule trigger [ Invalid database object 'show_armor_enabled' ]
  Script location: file: gfx/portraits/portrait_modifiers/05_clothes_situational.txt line: 1338 (clothes_situational:weight)
[06:13:52][jomini_trigger.cpp:243] [original line 1469] PostValidate of trigger 'has_game_rule' returned false at file: gfx/portraits/portrait_modifiers/05_clothes_situational.txt line: 1338 (clothes_situational:weight)
[06:13:52][jomini_script_system.cpp:303] [original line 1470] Script system error!
  Error: has_game_rule trigger [ Invalid database object 'show_armor_enabled' ]
  Script location: file: gfx/portraits/portrait_modifiers/05_clothes_situational.txt line: 1382 (clothes_situational:weight)
[06:13:52][jomini_trigger.cpp:243] [original line 1474] PostValidate of trigger 'has_game_rule' returned false at file: gfx/portraits/portrait_modifiers/05_clothes_situational.txt line: 1382 (clothes_situational:weight)
[06:13:52][jomini_script_system.cpp:303] [original line 1475] Script system error!
  Error: has_game_rule trigger [ Invalid database object 'show_armor_enabled' ]
  Script location: file: gfx/portraits/portrait_modifiers/05_clothes_situational.txt line: 1428 (clothes_situational:weight)
[06:13:52][jomini_trigger.cpp:243] [original line 1479] PostValidate of trigger 'has_game_rule' returned false at file: gfx/portraits/portrait_modifiers/05_clothes_situational.txt line: 1428 (clothes_situational:weight)
[06:13:52][jomini_script_system.cpp:303] [original line 1480] Script system error!
  Error: has_game_rule trigger [ Invalid database object 'show_armor_enabled' ]
  Script location: file: gfx/portraits/portrait_modifiers/05_clothes_situational.txt line: 1472 (clothes_situational:weight)
[06:13:52][jomini_trigger.cpp:243] [original line 1484] PostValidate of trigger 'has_game_rule' returned false at file: gfx/portraits/portrait_modifiers/05_clothes_situational.txt line: 1472 (clothes_situational:weight)
[06:13:52][jomini_script_system.cpp:303] [original line 1485] Script system error!
  Error: has_game_rule trigger [ Invalid database object 'show_armor_enabled' ]
  Script location: file: gfx/portraits/portrait_modifiers/05_clothes_situational.txt line: 1518 (clothes_situational:weight)
[06:13:52][jomini_trigger.cpp:243] [original line 1489] PostValidate of trigger 'has_game_rule' returned false at file: gfx/portraits/portrait_modifiers/05_clothes_situational.txt line: 1518 (clothes_situational:weight)
[06:13:52][jomini_script_system.cpp:303] [original line 1490] Script system error!
  Error: has_game_rule trigger [ Invalid database object 'show_armor_enabled' ]
  Script location: file: gfx/portraits/portrait_modifiers/05_clothes_situational.txt line: 1562 (clothes_situational:weight)
[06:13:52][jomini_trigger.cpp:243] [original line 1494] PostValidate of trigger 'has_game_rule' returned false at file: gfx/portraits/portrait_modifiers/05_clothes_situational.txt line: 1562 (clothes_situational:weight)
[06:13:52][jomini_script_system.cpp:303] [original line 1495] Script system error!
  Error: has_game_rule trigger [ Invalid database object 'show_armor_enabled' ]
  Script location: file: gfx/portraits/portrait_modifiers/05_headgear_situational.txt line: 338 (headgear_situational:weight)
[06:13:52][jomini_trigger.cpp:243] [original line 1499] PostValidate of trigger 'has_game_rule' returned false at file: gfx/portraits/portrait_modifiers/05_headgear_situational.txt line: 338 (headgear_situational:weight)
[06:13:52][jomini_script_system.cpp:303] [original line 1500] Script system error!
  Error: has_game_rule trigger [ Invalid database object 'show_armor_enabled' ]
  Script location: file: gfx/portraits/portrait_modifiers/05_headgear_situational.txt line: 395 (headgear_situational:weight)
[06:13:52][jomini_trigger.cpp:243] [original line 1504] PostValidate of trigger 'has_game_rule' returned false at file: gfx/portraits/portrait_modifiers/05_headgear_situational.txt line: 395 (headgear_situational:weight)
[06:13:52][jomini_script_system.cpp:303] [original line 1505] Script system error!
  Error: has_game_rule trigger [ Invalid database object 'show_armor_enabled' ]
  Script location: file: gfx/portraits/portrait_modifiers/05_headgear_situational.txt line: 3127 (headgear_situational:weight)
[06:13:52][jomini_trigger.cpp:243] [original line 1509] PostValidate of trigger 'has_game_rule' returned false at file: gfx/portraits/portrait_modifiers/05_headgear_situational.txt line: 3127 (headgear_situational:weight)
[06:13:52][jomini_script_system.cpp:303] [original line 1510] Script system error!
  Error: has_game_rule trigger [ Invalid database object 'show_armor_enabled' ]
  Script location: file: gfx/portraits/portrait_modifiers/05_headgear_situational.txt line: 3174 (headgear_situational:weight)
[06:13:52][jomini_trigger.cpp:243] [original line 1514] PostValidate of trigger 'has_game_rule' returned false at file: gfx/portraits/portrait_modifiers/05_headgear_situational.txt line: 3174 (headgear_situational:weight)
[06:13:52][jomini_script_system.cpp:303] [original line 1515] Script system error!
  Error: has_game_rule trigger [ Invalid database object 'show_armor_enabled' ]
  Script location: file: gfx/portraits/portrait_modifiers/05_headgear_situational.txt line: 3222 (headgear_situational:weight)
[06:13:52][jomini_trigger.cpp:243] [original line 1519] PostValidate of trigger 'has_game_rule' returned false at file: gfx/portraits/portrait_modifiers/05_headgear_situational.txt line: 3222 (headgear_situational:weight)
[06:13:52][jomini_script_system.cpp:303] [original line 1520] Script system error!
  Error: has_game_rule trigger [ Invalid database object 'show_armor_enabled' ]
  Script location: file: gfx/portraits/portrait_modifiers/05_headgear_situational.txt line: 3266 (headgear_situational:weight)
[06:13:52][jomini_trigger.cpp:243] [original line 1524] PostValidate of trigger 'has_game_rule' returned false at file: gfx/portraits/portrait_modifiers/05_headgear_situational.txt line: 3266 (headgear_situational:weight)
[06:13:52][jomini_script_system.cpp:303] [original line 1525] Script system error!
  Error: has_game_rule trigger [ Invalid database object 'show_armor_enabled' ]
  Script location: file: gfx/portraits/portrait_modifiers/05_headgear_situational.txt line: 3310 (headgear_situational:weight)
[06:13:52][jomini_trigger.cpp:243] [original line 1529] PostValidate of trigger 'has_game_rule' returned false at file: gfx/portraits/portrait_modifiers/05_headgear_situational.txt line: 3310 (headgear_situational:weight)
[06:13:52][jomini_script_system.cpp:303] [original line 1530] Script system error!
  Error: has_game_rule trigger [ Invalid database object 'show_armor_enabled' ]
  Script location: file: gfx/portraits/portrait_modifiers/05_headgear_situational.txt line: 3355 (headgear_situational:weight)
[06:13:52][jomini_trigger.cpp:243] [original line 1534] PostValidate of trigger 'has_game_rule' returned false at file: gfx/portraits/portrait_modifiers/05_headgear_situational.txt line: 3355 (headgear_situational:weight)
[06:13:52][jomini_script_system.cpp:303] [original line 1535] Script system error!
  Error: is_struggle_type trigger [ Invalid database object 'persian_struggle' ]
  Script location: file: common/character_interactions/DI_character_interaction.txt line: 1415 (DI_arrange_marriage_interaction:is_shown)
[06:13:52][jomini_trigger.cpp:243] [original line 1539] PostValidate of trigger 'is_struggle_type' returned false at file: common/character_interactions/DI_character_interaction.txt line: 1415 (DI_arrange_marriage_interaction:is_shown)
[06:13:52][jomini_script_system.cpp:303] [original line 1540] Script system error!
  Error: has_struggle_phase_parameter trigger [ Bool phase parameter 'can_trade_piety_for_marriage_acceptance' does not exist ]
  Script location: file: common/character_interactions/DI_character_interaction.txt line: 1416 (DI_arrange_marriage_interaction:is_shown)
[06:13:52][jomini_trigger.cpp:243] [original line 1544] PostValidate of trigger 'has_struggle_phase_parameter' returned false at file: common/character_interactions/DI_character_interaction.txt line: 1416 (DI_arrange_marriage_interaction:is_shown)
[06:13:52][jomini_script_system.cpp:303] [original line 1545] Script system error!
  Error: is_struggle_type trigger [ Invalid database object 'persian_struggle' ]
  Script location: file: common/character_interactions/DI_character_interaction.txt line: 1424 (DI_arrange_marriage_interaction:is_valid)
[06:13:52][jomini_trigger.cpp:243] [original line 1549] PostValidate of trigger 'is_struggle_type' returned false at file: common/character_interactions/DI_character_interaction.txt line: 1424 (DI_arrange_marriage_interaction:is_valid)
[06:13:52][jomini_script_system.cpp:303] [original line 1550] Script system error!
  Error: is_struggle_type trigger [ Invalid database object 'persian_struggle' ]
  Script location: file: common/character_interactions/DI_character_interaction.txt line: 1430 (DI_arrange_marriage_interaction:is_valid)
[06:13:52][jomini_trigger.cpp:243] [original line 1554] PostValidate of trigger 'is_struggle_type' returned false at file: common/character_interactions/DI_character_interaction.txt line: 1430 (DI_arrange_marriage_interaction:is_valid)
[06:13:52][jomini_script_system.cpp:303] [original line 1555] Script system error!
  Error: is_in_family trigger [ Invalid database object 'rf_abrahamic' ]
  Script location: file: common/scripted_effects/DI_char_spawner_effects.txt line: 1464 (DI_char_spawner_resolve_origin_effect)
[06:13:52][jomini_trigger.cpp:243] [original line 1559] PostValidate of trigger 'is_in_family' returned false at file: common/scripted_effects/DI_char_spawner_effects.txt line: 1464 (DI_char_spawner_resolve_origin_effect)
[06:13:52][jomini_script_system.cpp:303] [original line 1560] Script system error!
  Error: is_in_family trigger [ Invalid database object 'rf_abrahamic' ]
  Script location: file: common/scripted_effects/DI_char_spawner_effects.txt line: 1466 (DI_char_spawner_resolve_origin_effect)
[06:13:52][jomini_trigger.cpp:243] [original line 1564] PostValidate of trigger 'is_in_family' returned false at file: common/scripted_effects/DI_char_spawner_effects.txt line: 1466 (DI_char_spawner_resolve_origin_effect)
[06:13:52][jomini_script_system.cpp:303] [original line 1565] Script system error!
  Error: is_in_family trigger [ Invalid database object 'rf_eastern' ]
  Script location: file: common/scripted_effects/DI_char_spawner_effects.txt line: 1470 (DI_char_spawner_resolve_origin_effect)
[06:13:52][jomini_trigger.cpp:243] [original line 1569] PostValidate of trigger 'is_in_family' returned false at file: common/scripted_effects/DI_char_spawner_effects.txt line: 1470 (DI_char_spawner_resolve_origin_effect)
[06:13:52][jomini_script_system.cpp:303] [original line 1570] Script system error!
  Error: is_in_family trigger [ Invalid database object 'rf_eastern' ]
  Script location: file: common/scripted_effects/DI_char_spawner_effects.txt line: 1472 (DI_char_spawner_resolve_origin_effect)
[06:13:52][jomini_trigger.cpp:243] [original line 1574] PostValidate of trigger 'is_in_family' returned false at file: common/scripted_effects/DI_char_spawner_effects.txt line: 1472 (DI_char_spawner_resolve_origin_effect)
[06:13:52][jomini_script_system.cpp:303] [original line 1575] Script system error!
  Error: is_in_family trigger [ Invalid database object 'rf_sinitic' ]
  Script location: file: common/scripted_effects/DI_char_spawner_effects.txt line: 1476 (DI_char_spawner_resolve_origin_effect)
[06:13:52][jomini_trigger.cpp:243] [original line 1579] PostValidate of trigger 'is_in_family' returned false at file: common/scripted_effects/DI_char_spawner_effects.txt line: 1476 (DI_char_spawner_resolve_origin_effect)
[06:13:52][jomini_script_system.cpp:303] [original line 1580] Script system error!
  Error: is_in_family trigger [ Invalid database object 'rf_sinitic' ]
  Script location: file: common/scripted_effects/DI_char_spawner_effects.txt line: 1478 (DI_char_spawner_resolve_origin_effect)
[06:13:52][jomini_trigger.cpp:243] [original line 1584] PostValidate of trigger 'is_in_family' returned false at file: common/scripted_effects/DI_char_spawner_effects.txt line: 1478 (DI_char_spawner_resolve_origin_effect)
[06:13:52][jomini_script_system.cpp:303] [original line 1585] Script system error!
  Error: is_in_family trigger [ Invalid database object 'rf_pagan' ]
  Script location: file: common/scripted_effects/DI_char_spawner_effects.txt line: 1482 (DI_char_spawner_resolve_origin_effect)
[06:13:52][jomini_trigger.cpp:243] [original line 1589] PostValidate of trigger 'is_in_family' returned false at file: common/scripted_effects/DI_char_spawner_effects.txt line: 1482 (DI_char_spawner_resolve_origin_effect)
[06:13:52][jomini_script_system.cpp:303] [original line 1590] Script system error!
  Error: is_in_family trigger [ Invalid database object 'rf_pagan' ]
  Script location: file: common/scripted_effects/DI_char_spawner_effects.txt line: 1484 (DI_char_spawner_resolve_origin_effect)
[06:13:52][jomini_trigger.cpp:243] [original line 1594] PostValidate of trigger 'is_in_family' returned false at file: common/scripted_effects/DI_char_spawner_effects.txt line: 1484 (DI_char_spawner_resolve_origin_effect)
[06:13:52][jomini_script_system.cpp:303] [original line 1595] Script system error!
  Error: has_game_rule trigger [ Invalid database object 'tgc_enabled_enabled' ]
  Script location: file: common/scripted_triggers/tgc_loaded_trigger.txt line: 11 (tgc_standard_equipment_trigger)
[06:13:52][jomini_trigger.cpp:243] [original line 1599] PostValidate of trigger 'has_game_rule' returned false at file: common/scripted_triggers/tgc_loaded_trigger.txt line: 11 (tgc_standard_equipment_trigger)
[06:13:52][jomini_script_system.cpp:303] [original line 1600] Script system error!
  Error: has_game_rule trigger [ Invalid database object 'tgc_enabled_enabled' ]
  Script location: file: common/scripted_triggers/tgc_loaded_trigger.txt line: 59 (tgc_captain_equipment_trigger)
[06:13:52][jomini_trigger.cpp:243] [original line 1604] PostValidate of trigger 'has_game_rule' returned false at file: common/scripted_triggers/tgc_loaded_trigger.txt line: 59 (tgc_captain_equipment_trigger)
[06:13:52][jomini_script_system.cpp:303] [original line 1605] Script system error!
  Error: has_game_rule trigger [ Invalid database object 'tgc_enabled_enabled' ]
  Script location: file: common/scripted_triggers/tgc_loaded_trigger.txt line: 94 (tgc_blackfyre_or_targ_equipment_trigger)
[06:13:52][jomini_trigger.cpp:243] [original line 1609] PostValidate of trigger 'has_game_rule' returned false at file: common/scripted_triggers/tgc_loaded_trigger.txt line: 94 (tgc_blackfyre_or_targ_equipment_trigger)
[06:13:52][jomini_script_system.cpp:303] [original line 1610] Script system error!
  Error: has_game_rule trigger [ Invalid database object 'tgc_blackfyre_enabled' ]
  Script location: file: common/scripted_triggers/tgc_loaded_trigger.txt line: 104 (tgc_blackfyre_equipment_trigger)
[06:13:52][jomini_trigger.cpp:243] [original line 1614] PostValidate of trigger 'has_game_rule' returned false at file: common/scripted_triggers/tgc_loaded_trigger.txt line: 104 (tgc_blackfyre_equipment_trigger)
[06:13:52][jomini_script_system.cpp:303] [original line 1615] Script system error!
  Error: has_game_rule trigger [ Invalid database object 'tgc_faegon_enabled' ]
  Script location: file: common/scripted_triggers/tgc_loaded_trigger.txt line: 120 (tgc_blackfyre_equipment_trigger)
[06:13:52][jomini_trigger.cpp:243] [original line 1619] PostValidate of trigger 'has_game_rule' returned false at file: common/scripted_triggers/tgc_loaded_trigger.txt line: 120 (tgc_blackfyre_equipment_trigger)
[06:13:52][jomini_script_system.cpp:303] [original line 1620] Script system error!
  Error: has_game_rule trigger [ Invalid database object 'tgc_faegon_enabled' ]
  Script location: file: common/scripted_triggers/tgc_loaded_trigger.txt line: 140 (tgc_targaryen_equipment_trigger)
[06:13:52][jomini_trigger.cpp:243] [original line 1624] PostValidate of trigger 'has_game_rule' returned false at file: common/scripted_triggers/tgc_loaded_trigger.txt line: 140 (tgc_targaryen_equipment_trigger)
[06:13:52][jomini_script_system.cpp:303] [original line 1625] Script system error!
  Error: has_game_rule trigger [ Invalid database object 'tgc_enabled_enabled' ]
  Script location: file: common/scripted_triggers/tgc_loaded_trigger.txt line: 163 (tgc_blackfyre_house_equipment_trigger)
[06:13:52][jomini_trigger.cpp:243] [original line 1629] PostValidate of trigger 'has_game_rule' returned false at file: common/scripted_triggers/tgc_loaded_trigger.txt line: 163 (tgc_blackfyre_house_equipment_trigger)
[06:13:52][jomini_script_system.cpp:303] [original line 1630] Script system error!
  Error: has_game_rule trigger [ Invalid database object 'tgc_blackfyre_enabled' ]
  Script location: file: common/scripted_triggers/tgc_loaded_trigger.txt line: 164 (tgc_blackfyre_house_equipment_trigger)
[06:13:52][jomini_trigger.cpp:243] [original line 1634] PostValidate of trigger 'has_game_rule' returned false at file: common/scripted_triggers/tgc_loaded_trigger.txt line: 164 (tgc_blackfyre_house_equipment_trigger)
[06:13:52][jomini_effect.cpp:1161] [original line 1635] Flag 'unknown_holding' is used but is never set. Setting it in an unused scripted trigger or effect does not count
[06:13:52][jomini_effect.cpp:1161] [original line 1636] Flag 'monastery_holding' is used but is never set. Setting it in an unused scripted trigger or effect does not count
[06:13:52][jomini_effect.cpp:1161] [original line 1637] Flag 'ruin_holding' is used but is never set. Setting it in an unused scripted trigger or effect does not count
[06:13:52][jomini_effect.cpp:1161] [original line 1638] Flag 'settlement_holding' is used but is never set. Setting it in an unused scripted trigger or effect does not count
[06:13:52][jomini_effect.cpp:1161] [original line 1639] Flag 'wilderness_holding' is used but is never set. Setting it in an unused scripted trigger or effect does not count
[06:13:52][jomini_effect.cpp:1161] [original line 1640] Flag 'pirate_den_holding' is used but is never set. Setting it in an unused scripted trigger or effect does not count
[06:13:52][jomini_effect.cpp:1145] [original line 1641] Flag 'all_found' is set but is never used. Note that use in localization doesn't count due to technical limitations. Use in unused scripted triggers and effects also does not count
[06:13:52][jomini_effect.cpp:1145] [original line 1642] Flag 'DI_subtype_throne' is set but is never used. Note that use in localization doesn't count due to technical limitations. Use in unused scripted triggers and effects also does not count
[06:13:52][jomini_effect.cpp:1145] [original line 1643] Flag 'global' is set but is never used. Note that use in localization doesn't count due to technical limitations. Use in unused scripted triggers and effects also does not count
[06:13:52][jomini_effect.cpp:1161] [original line 1644] Variable 'brightboar_enabled' is used but is never set. Setting it in an unused scripted trigger or effect does not count
[06:13:52][jomini_effect.cpp:1161] [original line 1645] Variable 'tgc_enabled' is used but is never set. Setting it in an unused scripted trigger or effect does not count
[06:13:52][jomini_effect.cpp:1161] [original line 1646] Variable 'swordman_armor_artifact' is used but is never set. Setting it in an unused scripted trigger or effect does not count
[06:13:52][jomini_effect.cpp:1161] [original line 1647] Variable 'captains_sword' is used but is never set. Setting it in an unused scripted trigger or effect does not count
[06:13:52][jomini_effect.cpp:1161] [original line 1648] Variable 'kingsguard_choice' is used but is never set. Setting it in an unused scripted trigger or effect does not count
[06:13:52][jomini_effect.cpp:1161] [original line 1649] Variable 'app_enabled' is used but is never set. Setting it in an unused scripted trigger or effect does not count
[06:13:52][jomini_effect.cpp:1161] [original line 1650] Variable 'Aotk_enabled' is used but is never set. Setting it in an unused scripted trigger or effect does not count
[06:13:52][jomini_effect.cpp:1145] [original line 1651] Variable 'DI_artifact_category_display' is set but is never used. Note that use in localization doesn't count due to technical limitations. Use in unused scripted triggers and effects also does not count
[06:13:52][jomini_effect.cpp:1145] [original line 1652] Variable 'COWAGOT_is_loaded' is set but is never used. Note that use in localization doesn't count due to technical limitations. Use in unused scripted triggers and effects also does not count
[06:13:52][jomini_effect.cpp:1145] [original line 1653] Variable 'DI_artifact_quality_display' is set but is never used. Note that use in localization doesn't count due to technical limitations. Use in unused scripted triggers and effects also does not count
[06:13:52][jomini_effect.cpp:1145] [original line 1654] Variable 'DI_artifact_subtype_display' is set but is never used. Note that use in localization doesn't count due to technical limitations. Use in unused scripted triggers and effects also does not count
[06:13:52][static_modifier.cpp:200] [original line 1655] Modifier 'lucerys_gun_modifier' was not used by the script or code but exists in the database, this is a waste
[06:13:52][static_modifier.cpp:200] [original line 1656] Modifier 'asoiaf_stark_throne_modifier' was not used by the script or code but exists in the database, this is a waste
[06:13:58][jomini_eventmanager.cpp:372] [original line 1657] Event buy_valyrian_mask.0001 is orphaned
[06:13:58][jomini_eventmanager.cpp:372] [original line 1658] Event asoiaf_young_griff_landing_events.2 is orphaned
[06:13:58][pdx_assert.cpp:619] [original line 1659] Assertion failed: Achievements not loaded correctly
[06:14:00][jomini_effect.cpp:1161] [original line 1660] Flag 'unknown_holding' is used but is never set. Setting it in an unused scripted trigger or effect does not count
[06:14:00][jomini_effect.cpp:1161] [original line 1661] Flag 'monastery_holding' is used but is never set. Setting it in an unused scripted trigger or effect does not count
[06:14:00][jomini_effect.cpp:1161] [original line 1662] Flag 'ruin_holding' is used but is never set. Setting it in an unused scripted trigger or effect does not count
[06:14:00][jomini_effect.cpp:1161] [original line 1663] Flag 'settlement_holding' is used but is never set. Setting it in an unused scripted trigger or effect does not count
[06:14:00][jomini_effect.cpp:1161] [original line 1664] Flag 'wilderness_holding' is used but is never set. Setting it in an unused scripted trigger or effect does not count
[06:14:00][jomini_effect.cpp:1161] [original line 1665] Flag 'pirate_den_holding' is used but is never set. Setting it in an unused scripted trigger or effect does not count
[06:14:00][jomini_effect.cpp:1145] [original line 1666] Flag 'all_found' is set but is never used. Note that use in localization doesn't count due to technical limitations. Use in unused scripted triggers and effects also does not count
[06:14:00][jomini_effect.cpp:1145] [original line 1667] Flag 'DI_subtype_throne' is set but is never used. Note that use in localization doesn't count due to technical limitations. Use in unused scripted triggers and effects also does not count
[06:14:00][jomini_effect.cpp:1145] [original line 1668] Flag 'global' is set but is never used. Note that use in localization doesn't count due to technical limitations. Use in unused scripted triggers and effects also does not count
[06:14:00][jomini_effect.cpp:1161] [original line 1669] Variable 'brightboar_enabled' is used but is never set. Setting it in an unused scripted trigger or effect does not count
[06:14:00][jomini_effect.cpp:1161] [original line 1670] Variable 'tgc_enabled' is used but is never set. Setting it in an unused scripted trigger or effect does not count
[06:14:00][jomini_effect.cpp:1161] [original line 1671] Variable 'swordman_armor_artifact' is used but is never set. Setting it in an unused scripted trigger or effect does not count
[06:14:00][jomini_effect.cpp:1161] [original line 1672] Variable 'captains_sword' is used but is never set. Setting it in an unused scripted trigger or effect does not count
[06:14:00][jomini_effect.cpp:1161] [original line 1673] Variable 'kingsguard_choice' is used but is never set. Setting it in an unused scripted trigger or effect does not count
[06:14:00][jomini_effect.cpp:1161] [original line 1674] Variable 'app_enabled' is used but is never set. Setting it in an unused scripted trigger or effect does not count
[06:14:00][jomini_effect.cpp:1161] [original line 1675] Variable 'Aotk_enabled' is used but is never set. Setting it in an unused scripted trigger or effect does not count
[06:14:00][jomini_effect.cpp:1145] [original line 1676] Variable 'DI_artifact_category_display' is set but is never used. Note that use in localization doesn't count due to technical limitations. Use in unused scripted triggers and effects also does not count
[06:14:00][jomini_effect.cpp:1145] [original line 1677] Variable 'COWAGOT_is_loaded' is set but is never used. Note that use in localization doesn't count due to technical limitations. Use in unused scripted triggers and effects also does not count
[06:14:00][jomini_effect.cpp:1145] [original line 1678] Variable 'DI_artifact_quality_display' is set but is never used. Note that use in localization doesn't count due to technical limitations. Use in unused scripted triggers and effects also does not count
[06:14:00][jomini_effect.cpp:1145] [original line 1679] Variable 'DI_artifact_subtype_display' is set but is never used. Note that use in localization doesn't count due to technical limitations. Use in unused scripted triggers and effects also does not count